
Merging program properties

Removed property 0xc0000000 to merge obj/aarch64_kernel.o (0x7) and obj/aarch64_start.o (not found)
Removed property 0xc0000000 to merge obj/aarch64_kernel.o (not found) and obj/aarch64_uart_pl011.o (0x7)
Removed property 0xc0000000 to merge obj/aarch64_kernel.o (not found) and obj/aarch64_arch.o (0x7)
Removed property 0xc0000000 to merge obj/aarch64_kernel.o (not found) and obj/aarch64_fdt.o (0x7)

Discarded input sections

 .text          0x0000000000000000        0x0 obj/aarch64_start.o
 .data          0x0000000000000000        0x0 obj/aarch64_start.o
 .bss           0x0000000000000000        0x0 obj/aarch64_start.o
 .text          0x0000000000000000        0x0 obj/aarch64_kernel.o
 .data          0x0000000000000000        0x0 obj/aarch64_kernel.o
 .bss           0x0000000000000000        0x0 obj/aarch64_kernel.o
 .note.gnu.property
                0x0000000000000000       0x20 obj/aarch64_kernel.o
 .eh_frame      0x0000000000000000       0x60 obj/aarch64_kernel.o
 .text          0x0000000000000000        0x0 obj/aarch64_uart_pl011.o
 .data          0x0000000000000000        0x0 obj/aarch64_uart_pl011.o
 .bss           0x0000000000000000        0x0 obj/aarch64_uart_pl011.o
 .note.gnu.property
                0x0000000000000000       0x20 obj/aarch64_uart_pl011.o
 .eh_frame      0x0000000000000000       0x60 obj/aarch64_uart_pl011.o
 .text          0x0000000000000000        0x0 obj/aarch64_arch.o
 .data          0x0000000000000000        0x0 obj/aarch64_arch.o
 .bss           0x0000000000000000        0x0 obj/aarch64_arch.o
 .text.arch_disable_interrupts
                0x0000000000000000        0xc obj/aarch64_arch.o
 .text.arch_enable_interrupts
                0x0000000000000000        0xc obj/aarch64_arch.o
 .text.arch_irq_save
                0x0000000000000000       0x10 obj/aarch64_arch.o
 .text.arch_irq_restore
                0x0000000000000000        0xc obj/aarch64_arch.o
 .text.arch_halt
                0x0000000000000000        0xc obj/aarch64_arch.o
 .text.arch_relax
                0x0000000000000000        0xc obj/aarch64_arch.o
 .text.arch_halt_forever
                0x0000000000000000       0x10 obj/aarch64_arch.o
 .comment       0x0000000000000000       0x35 obj/aarch64_arch.o
 .note.GNU-stack
                0x0000000000000000        0x0 obj/aarch64_arch.o
 .note.gnu.property
                0x0000000000000000       0x20 obj/aarch64_arch.o
 .eh_frame      0x0000000000000000       0xa0 obj/aarch64_arch.o
 .text          0x0000000000000000        0x0 obj/aarch64_fdt.o
 .data          0x0000000000000000        0x0 obj/aarch64_fdt.o
 .bss           0x0000000000000000        0x0 obj/aarch64_fdt.o
 .note.gnu.property
                0x0000000000000000       0x20 obj/aarch64_fdt.o
 .eh_frame      0x0000000000000000       0x60 obj/aarch64_fdt.o

Memory Configuration

Name             Origin             Length             Attributes
*default*        0x0000000000000000 0xffffffffffffffff

Linker script and memory map

                0x0000000000080000                . = 0x80000
                0x0000000000080000                __kernel_start = .

.text           0x0000000000080000      0x564
 *(.text._start)
 .text._start   0x0000000000080000       0x40 obj/aarch64_start.o
                0x0000000000080000                _start
 *(.text .text.*)
 .text.uart_write_hex64
                0x0000000000080040       0x60 obj/aarch64_kernel.o
 .text.kernel_main
                0x00000000000800a0       0xac obj/aarch64_kernel.o
                0x00000000000800a0                kernel_main
 .text.uart_pl011_init_115200
                0x000000000008014c       0x44 obj/aarch64_uart_pl011.o
                0x000000000008014c                uart_pl011_init_115200
 .text.uart_pl011_putc
                0x0000000000080190       0x28 obj/aarch64_uart_pl011.o
                0x0000000000080190                uart_pl011_putc
 .text.uart_pl011_write
                0x00000000000801b8       0x58 obj/aarch64_uart_pl011.o
                0x00000000000801b8                uart_pl011_write
 .text.streq    0x0000000000080210       0x3c obj/aarch64_fdt.o
 .text.fdt_parse_memory
                0x000000000008024c      0x318 obj/aarch64_fdt.o
                0x000000000008024c                fdt_parse_memory

.iplt           0x0000000000080564        0x0
 .iplt          0x0000000000080564        0x0 obj/aarch64_start.o

.rodata         0x0000000000080570       0x9d
 *(.rodata .rodata.*)
 .rodata.uart_write_hex64.str1.1
                0x0000000000080570       0x9d obj/aarch64_kernel.o
                                         0x14 (size before relaxing)
 .rodata.kernel_main.str1.1
                0x000000000008060d        0x0 obj/aarch64_kernel.o
                                         0x59 (size before relaxing)
 .rodata.fdt_parse_memory.str1.1
                0x000000000008060d        0x0 obj/aarch64_fdt.o
                                         0x32 (size before relaxing)

.rela.dyn       0x0000000000080610        0x0
 .rela.iplt     0x0000000000080610        0x0 obj/aarch64_start.o
 .rela.text._start
                0x0000000000080610        0x0 obj/aarch64_start.o

.data
 *(.data .data.*)

.igot.plt       0x0000000000080610        0x0
 .igot.plt      0x0000000000080610        0x0 obj/aarch64_start.o

.bss            0x0000000000080610        0x0
                0x0000000000080610                __bss_start = .
 *(.bss .bss.*)
 *(COMMON)
                0x0000000000080610                __bss_end = .
                0x0000000000080610                . = ALIGN (0x10)
                0x0000000000080610                __stack_bottom = .
                0x0000000000090610                . = (. + 0x10000)
                0x0000000000090610                __stack_top = .
                0x0000000000090610                __kernel_end = .
LOAD obj/aarch64_start.o
LOAD obj/aarch64_kernel.o
LOAD obj/aarch64_uart_pl011.o
LOAD obj/aarch64_arch.o
LOAD obj/aarch64_fdt.o
OUTPUT(tmp_aarch64/boot/kernel8.elf elf64-littleaarch64)
LOAD linker stubs

.comment        0x0000000000000000       0x34
 .comment       0x0000000000000000       0x34 obj/aarch64_kernel.o
                                         0x35 (size before relaxing)
 .comment       0x0000000000000034        0x0 obj/aarch64_uart_pl011.o
                                         0x35 (size before relaxing)
 .comment       0x0000000000000034        0x0 obj/aarch64_fdt.o
                                         0x35 (size before relaxing)

.note.GNU-stack
                0x0000000000000000        0x0
 .note.GNU-stack
                0x0000000000000000        0x0 obj/aarch64_kernel.o
 .note.GNU-stack
                0x0000000000000000        0x0 obj/aarch64_uart_pl011.o
 .note.GNU-stack
                0x0000000000000000        0x0 obj/aarch64_fdt.o
