
Merging program properties

Removed property 0xc0000000 to merge obj/aarch64_kernel_full.o (0x7) and obj/aarch64_start.o (not found)
Removed property 0xc0000000 to merge obj/aarch64_kernel_full.o (not found) and obj/aarch64_shell_meminfo.o (0x7)
Removed property 0xc0000000 to merge obj/aarch64_kernel_full.o (not found) and obj/aarch64_shell.o (0x7)
Removed property 0xc0000000 to merge obj/aarch64_kernel_full.o (not found) and obj/aarch64_history.o (0x7)
Removed property 0xc0000000 to merge obj/aarch64_kernel_full.o (not found) and obj/aarch64_putchar.o (0x7)
Removed property 0xc0000000 to merge obj/aarch64_kernel_full.o (not found) and obj/aarch64_cmd_registry_portable.o (0x7)
Removed property 0xc0000000 to merge obj/aarch64_kernel_full.o (not found) and obj/aarch64_shell_commands.o (0x7)
Removed property 0xc0000000 to merge obj/aarch64_kernel_full.o (not found) and obj/aarch64_fs_commands.o (0x7)
Removed property 0xc0000000 to merge obj/aarch64_kernel_full.o (not found) and obj/aarch64_fs_io_helpers.o (0x7)
Removed property 0xc0000000 to merge obj/aarch64_kernel_full.o (not found) and obj/aarch64_uart_pl011.o (0x7)
Removed property 0xc0000000 to merge obj/aarch64_kernel_full.o (not found) and obj/aarch64_virtio_input.o (0x7)
Removed property 0xc0000000 to merge obj/aarch64_kernel_full.o (not found) and obj/aarch64_virtio_blk.o (0x7)
Removed property 0xc0000000 to merge obj/aarch64_kernel_full.o (not found) and obj/aarch64_ata_virtio.o (0x7)
Removed property 0xc0000000 to merge obj/aarch64_kernel_full.o (not found) and obj/aarch64_arch.o (0x7)
Removed property 0xc0000000 to merge obj/aarch64_kernel_full.o (not found) and obj/aarch64_fdt.o (0x7)
Removed property 0xc0000000 to merge obj/aarch64_kernel_full.o (not found) and obj/aarch64_gicv2.o (0x7)
Removed property 0xc0000000 to merge obj/aarch64_kernel_full.o (not found) and obj/aarch64_timer.o (0x7)
Removed property 0xc0000000 to merge obj/aarch64_kernel_full.o (not found) and obj/aarch64_irq.o (0x7)
Removed property 0xc0000000 to merge obj/aarch64_kernel_full.o (not found) and obj/aarch64_timer_tick.o (0x7)
Removed property 0xc0000000 to merge obj/aarch64_kernel_full.o (not found) and obj/aarch64_exception.o (0x7)
Removed property 0xc0000000 to merge obj/aarch64_kernel_full.o (not found) and obj/aarch64_psci.o (0x7)
Removed property 0xc0000000 to merge obj/aarch64_kernel_full.o (not found) and obj/aarch64_smp.o (0x7)
Removed property 0xc0000000 to merge obj/aarch64_kernel_full.o (not found) and obj/aarch64_fb_simple.o (0x7)
Removed property 0xc0000000 to merge obj/aarch64_kernel_full.o (not found) and obj/aarch64_gfx.o (0x7)
Removed property 0xc0000000 to merge obj/aarch64_kernel_full.o (not found) and obj/aarch64_gfx_backend_fb_simple.o (0x7)
Removed property 0xc0000000 to merge obj/aarch64_kernel_full.o (not found) and obj/aarch64_printf.o (0x7)
Removed property 0xc0000000 to merge obj/aarch64_kernel_full.o (not found) and obj/aarch64_string.o (0x7)
Removed property 0xc0000000 to merge obj/aarch64_kernel_full.o (not found) and obj/aarch64_shell_log.o (0x7)
Removed property 0xc0000000 to merge obj/aarch64_kernel_full.o (not found) and obj/aarch64_heap.o (0x7)
Removed property 0xc0000000 to merge obj/aarch64_kernel_full.o (not found) and obj/aarch64_pipeline.o (0x7)
Removed property 0xc0000000 to merge obj/aarch64_kernel_full.o (not found) and obj/aarch64_vga_redirect.o (0x7)
Removed property 0xc0000000 to merge obj/aarch64_kernel_full.o (not found) and obj/aarch64_fs_stubs.o (0x7)
Removed property 0xc0000000 to merge obj/aarch64_kernel_full.o (not found) and obj/aarch64_alias.o (0x7)
Removed property 0xc0000000 to merge obj/aarch64_kernel_full.o (not found) and obj/aarch64_math.o (0x7)
Removed property 0xc0000000 to merge obj/aarch64_kernel_full.o (not found) and obj/aarch64_fat32.o (0x7)
Removed property 0xc0000000 to merge obj/aarch64_kernel_full.o (not found) and obj/aarch64_eynfs.o (0x7)
Removed property 0xc0000000 to merge obj/aarch64_kernel_full.o (not found) and obj/aarch64_vfs.o (0x7)
Removed property 0xc0000000 to merge obj/aarch64_kernel_full.o (not found) and obj/aarch64_hal_console.o (0x7)
Removed property 0xc0000000 to merge obj/aarch64_kernel_full.o (not found) and obj/aarch64_hal_keyboard.o (0x7)
Removed property 0xc0000000 to merge obj/aarch64_kernel_full.o (not found) and obj/aarch64_gfx_cmd.o (0x7)
Removed property 0xc0000000 to merge obj/aarch64_kernel_full.o (not found) and obj/aarch64_shell_state.o (0x7)
Removed property 0xc0000000 to merge obj/aarch64_kernel_full.o (not found) and obj/aarch64_util_globals.o (0x7)

Discarded input sections

 .text          0x0000000000000000        0x0 obj/aarch64_start.o
 .data          0x0000000000000000        0x0 obj/aarch64_start.o
 .bss           0x0000000000000000        0x0 obj/aarch64_start.o
 .text          0x0000000000000000        0x0 obj/aarch64_kernel_full.o
 .data          0x0000000000000000        0x0 obj/aarch64_kernel_full.o
[...]
Memory Configuration

Name             Origin             Length             Attributes
*default*        0x0000000000000000 0xffffffffffffffff

Linker script and memory map

                0x0000000040080000                . = 0x40080000
                0x0000000040080000                __kernel_start = .

.text           0x0000000040080000     0xf4c8
 *(.text._start)
 .text._start   0x0000000040080000       0x90 obj/aarch64_start.o
                0x0000000040080000                _start
                0x0000000040080050                aarch64_secondary_start
 *(.text .text.*)
 .text.fb_write_hex64
                0x0000000040080090       0x60 obj/aarch64_kernel_full.o
 .text.kernel_main
                0x00000000400800f0      0x3cc obj/aarch64_kernel_full.o
                0x00000000400800f0                kernel_main
 .text.aarch64_shell_set_meminfo
                0x00000000400804bc       0x18 obj/aarch64_shell_meminfo.o
                0x00000000400804bc                aarch64_shell_set_meminfo
 .text.ls_cmd   0x00000000400804d4        0x8 obj/aarch64_shell.o
                0x00000000400804d4                ls_cmd
 .text.clear_cmd
                0x00000000400804dc        0x8 obj/aarch64_shell.o
                0x00000000400804dc                clear_cmd
 .text.echo_cmd
                0x00000000400804e4        0x8 obj/aarch64_shell.o
                0x00000000400804e4                echo_cmd
 .text.ver_cmd  0x00000000400804ec        0x8 obj/aarch64_shell.o
                0x00000000400804ec                ver_cmd
 .text.calc_cmd
                0x00000000400804f4        0x8 obj/aarch64_shell.o
                0x00000000400804f4                calc_cmd
 .text.find_command
                0x00000000400804fc      0x29c obj/aarch64_shell.o
                0x00000000400804fc                find_command
 .text.handler_exit
                0x0000000040080798       0x2c obj/aarch64_shell.o
                0x0000000040080798                handler_exit
 .text.handle_shell_command
                0x00000000400807c4      0x188 obj/aarch64_shell.o
                0x00000000400807c4                handle_shell_command
 .text.launch_shell
                0x000000004008094c      0x154 obj/aarch64_shell.o
                0x000000004008094c                launch_shell
 .text.line_move_left
                0x0000000040080aa0       0x44 obj/aarch64_history.o
 .text.line_set.constprop.0
                0x0000000040080ae4       0xac obj/aarch64_history.o
 .text.add_to_history
                0x0000000040080b90       0xd0 obj/aarch64_history.o
                0x0000000040080b90                add_to_history
 .text.clear_history
                0x0000000040080c60       0x2c obj/aarch64_history.o
                0x0000000040080c60                clear_history
 .text.show_history
                0x0000000040080c8c       0x98 obj/aarch64_history.o
                0x0000000040080c8c                show_history
 .text.readStr_with_history
                0x0000000040080d24      0x3a0 obj/aarch64_history.o
                0x0000000040080d24                readStr_with_history
 .text.putchar  0x00000000400810c4       0x14 obj/aarch64_putchar.o
                0x00000000400810c4                putchar
 .text.random_cmd
                0x00000000400810d8      0x374 obj/aarch64_shell_commands.o
                0x00000000400810d8                random_cmd
 .text.history_cmd
                0x000000004008144c      0x124 obj/aarch64_shell_commands.o
                0x000000004008144c                history_cmd
 .text.sort_cmd
                0x0000000040081570      0x268 obj/aarch64_shell_commands.o
                0x0000000040081570                sort_cmd
 .text.search_recursive
                0x00000000400817d8      0x254 obj/aarch64_shell_commands.o
                0x00000000400817d8                search_recursive
 .text.search_cmd
                0x0000000040081a2c      0x68c obj/aarch64_shell_commands.o
                0x0000000040081a2c                search_cmd
 .text.echo     0x00000000400820b8       0x70 obj/aarch64_shell_commands.o
                0x00000000400820b8                echo
 .text.ver      0x0000000040082128       0x2c obj/aarch64_shell_commands.o
                0x0000000040082128                ver
 .text.help_cmd
                0x0000000040082154       0x7c obj/aarch64_shell_commands.o
                0x0000000040082154                help_cmd
 .text.calc     0x00000000400821d0      0x14c obj/aarch64_shell_commands.o
                0x00000000400821d0                calc
 .text.log_cmd  0x000000004008231c      0x118 obj/aarch64_shell_commands.o
                0x000000004008231c                log_cmd
 .text.hexdump_cmd
                0x0000000040082434      0x220 obj/aarch64_shell_commands.o
                0x0000000040082434                hexdump_cmd
 .text.ls_any_cb
                0x0000000040082654       0x10 obj/aarch64_fs_commands.o
 .text.vfs_ls_collect_cb
                0x0000000040082664       0xbc obj/aarch64_fs_commands.o
 .text.ls_print_spaces
                0x0000000040082720       0x40 obj/aarch64_fs_commands.o
 .text.resolve_path
                0x0000000040082760      0x1f8 obj/aarch64_fs_commands.o
                0x0000000040082760                resolve_path
 .text.cd       0x0000000040082958      0x158 obj/aarch64_fs_commands.o
                0x0000000040082958                cd
 .text.ls       0x0000000040082ab0      0x684 obj/aarch64_fs_commands.o
                0x0000000040082ab0                ls
 .text.read_cmd
                0x0000000040083134      0x194 obj/aarch64_fs_commands.o
                0x0000000040083134                read_cmd
 .text.cat_cmd  0x00000000400832c8      0x194 obj/aarch64_fs_commands.o
                0x00000000400832c8                cat_cmd
 .text.del      0x000000004008345c      0x170 obj/aarch64_fs_commands.o
                0x000000004008345c                del
 .text.write_output_to_file
                0x00000000400835cc       0x80 obj/aarch64_fs_io_helpers.o
                0x00000000400835cc                write_output_to_file
 .text.append_output_to_file
                0x000000004008364c      0x128 obj/aarch64_fs_io_helpers.o
                0x000000004008364c                append_output_to_file
 .text.uart_tx_lock
                0x0000000040083774       0x28 obj/aarch64_uart_pl011.o
 .text.uart_pl011_putc_unlocked
                0x000000004008379c       0x28 obj/aarch64_uart_pl011.o
 .text.uart_pl011_init_115200
                0x00000000400837c4       0x44 obj/aarch64_uart_pl011.o
                0x00000000400837c4                uart_pl011_init_115200
 .text.uart_pl011_putc
                0x0000000040083808       0x3c obj/aarch64_uart_pl011.o
                0x0000000040083808                uart_pl011_putc
 .text.uart_pl011_write
                0x0000000040083844       0x64 obj/aarch64_uart_pl011.o
                0x0000000040083844                uart_pl011_write
 .text.uart_pl011_write_hex64
                0x00000000400838a8       0x6c obj/aarch64_uart_pl011.o
                0x00000000400838a8                uart_pl011_write_hex64
 .text.uart_pl011_getc_nonblock
                0x0000000040083914       0x3c obj/aarch64_uart_pl011.o
                0x0000000040083914                uart_pl011_getc_nonblock
 .text.map_keycode
                0x0000000040083950      0x420 obj/aarch64_virtio_input.o
 .text.virtio_mods_to_hal
                0x0000000040083d70       0x54 obj/aarch64_virtio_input.o
 .text.aarch64_dcache_clean_invalidate_poc_range
                0x0000000040083dc4       0x44 obj/aarch64_virtio_input.o
 .text.aarch64_dcache_clean_poc_range.part.0
                0x0000000040083e08       0x44 obj/aarch64_virtio_input.o
 .text.aarch64_dcache_clean_poc_range
                0x0000000040083e4c        0xc obj/aarch64_virtio_input.o
 .text.virtio_input_base
                0x0000000040083e58       0x10 obj/aarch64_virtio_input.o
                0x0000000040083e58                virtio_input_base
 .text.virtio_input_getkey_nonblock
                0x0000000040083e68      0x3a0 obj/aarch64_virtio_input.o
                0x0000000040083e68                virtio_input_getkey_nonblock
 .text.virtio_input_init
                0x0000000040084208      0x3dc obj/aarch64_virtio_input.o
                0x0000000040084208                virtio_input_init
 .text.aarch64_dcache_clean_invalidate_poc_range.part.0
                0x00000000400845e4       0x44 obj/aarch64_virtio_blk.o
 .text.aarch64_dcache_clean_invalidate_poc_range
                0x0000000040084628        0xc obj/aarch64_virtio_blk.o
 .text.aarch64_dcache_clean_poc_range.part.0
                0x0000000040084634       0x44 obj/aarch64_virtio_blk.o
 .text.virtio_blk_submit
                0x0000000040084678      0x1e4 obj/aarch64_virtio_blk.o
 .text.virtio_blk_init
                0x000000004008485c      0x28c obj/aarch64_virtio_blk.o
                0x000000004008485c                virtio_blk_init
 .text.virtio_blk_read_sector
                0x0000000040084ae8       0x14 obj/aarch64_virtio_blk.o
                0x0000000040084ae8                virtio_blk_read_sector
 .text.virtio_blk_write_sector
                0x0000000040084afc       0x14 obj/aarch64_virtio_blk.o
                0x0000000040084afc                virtio_blk_write_sector
 .text.ensure_ready
                0x0000000040084b10       0x28 obj/aarch64_ata_virtio.o
 .text.ata_init_drives
                0x0000000040084b38       0x8c obj/aarch64_ata_virtio.o
                0x0000000040084b38                ata_init_drives
 .text.ata_read_sector
                0x0000000040084bc4       0x54 obj/aarch64_ata_virtio.o
                0x0000000040084bc4                ata_read_sector
 .text.ata_write_sector
                0x0000000040084c18       0x54 obj/aarch64_ata_virtio.o
                0x0000000040084c18                ata_write_sector
 .text.ata_physical_to_logical
                0x0000000040084c6c        0x8 obj/aarch64_ata_virtio.o
                0x0000000040084c6c                ata_physical_to_logical
 .text.arch_disable_interrupts
                0x0000000040084c74        0xc obj/aarch64_arch.o
                0x0000000040084c74                arch_disable_interrupts
 .text.arch_enable_interrupts
                0x0000000040084c80        0xc obj/aarch64_arch.o
                0x0000000040084c80                arch_enable_interrupts
 .text.streq    0x0000000040084c8c       0x3c obj/aarch64_fdt.o
 .text.mem_has_exact_str
                0x0000000040084cc8       0x98 obj/aarch64_fdt.o
 .text.read_cells_as_u64
                0x0000000040084d60       0x38 obj/aarch64_fdt.o
 .text.fdt_parse_memory
                0x0000000040084d98      0x2c0 obj/aarch64_fdt.o
                0x0000000040084d98                fdt_parse_memory
 .text.fdt_parse_gicv2
                0x0000000040085058      0x31c obj/aarch64_fdt.o
                0x0000000040085058                fdt_parse_gicv2
 .text.fdt_parse_armv8_timer_virtual_irq
                0x0000000040085374      0x25c obj/aarch64_fdt.o
                0x0000000040085374                fdt_parse_armv8_timer_virtual_irq
 .text.fdt_parse_cpus_mpidr
                0x00000000400855d0      0x3d0 obj/aarch64_fdt.o
                0x00000000400855d0                fdt_parse_cpus_mpidr
 .text.fdt_parse_psci_method
                0x00000000400859a0      0x294 obj/aarch64_fdt.o
                0x00000000400859a0                fdt_parse_psci_method
 .text.fdt_parse_simple_framebuffer
                0x0000000040085c34      0x3fc obj/aarch64_fdt.o
                0x0000000040085c34                fdt_parse_simple_framebuffer
 .text.fdt_parse_virtio_mmio
                0x0000000040086030      0x2fc obj/aarch64_fdt.o
                0x0000000040086030                fdt_parse_virtio_mmio
 .text.fdt_parse_qemu_fw_cfg_mmio
                0x000000004008632c      0x304 obj/aarch64_fdt.o
                0x000000004008632c                fdt_parse_qemu_fw_cfg_mmio
 .text          0x0000000040086630       0x60 obj/aarch64_vectors.o
 *fill*         0x0000000040086690      0x170 
 .text.vectors  0x0000000040086800      0x800 obj/aarch64_vectors.o
                0x0000000040086800                aarch64_vectors
 .text.gicv2_dist_init
                0x0000000040087000       0x18 obj/aarch64_gicv2.o
                0x0000000040087000                gicv2_dist_init
 .text.gicv2_cpu_init
                0x0000000040087018       0x20 obj/aarch64_gicv2.o
                0x0000000040087018                gicv2_cpu_init
 .text.gicv2_enable_irq
                0x0000000040087038       0x28 obj/aarch64_gicv2.o
                0x0000000040087038                gicv2_enable_irq
 .text.gicv2_ack_irq
                0x0000000040087060       0x10 obj/aarch64_gicv2.o
                0x0000000040087060                gicv2_ack_irq
 .text.gicv2_eoi_irq
                0x0000000040087070       0x10 obj/aarch64_gicv2.o
                0x0000000040087070                gicv2_eoi_irq
 .text.aarch64_timer_init_tick_hz
                0x0000000040087080       0x40 obj/aarch64_timer.o
                0x0000000040087080                aarch64_timer_init_tick_hz
 .text.aarch64_timer_rearm
                0x00000000400870c0       0x38 obj/aarch64_timer.o
                0x00000000400870c0                aarch64_timer_rearm
 .text.aarch64_irq_cpu_init
                0x00000000400870f8       0x44 obj/aarch64_irq.o
                0x00000000400870f8                aarch64_irq_cpu_init
 .text.aarch64_irq_init
                0x000000004008713c       0x38 obj/aarch64_irq.o
                0x000000004008713c                aarch64_irq_init
 .text.aarch64_irq_dispatch
                0x0000000040087174       0xa4 obj/aarch64_irq.o
                0x0000000040087174                aarch64_irq_dispatch
 .text.aarch64_timer_on_tick
                0x0000000040087218        0x8 obj/aarch64_timer_tick.o
                0x0000000040087218                aarch64_timer_on_tick
 .text.aarch64_sync_dispatch
                0x0000000040087220       0xc4 obj/aarch64_exception.o
                0x0000000040087220                aarch64_sync_dispatch
 .text.smc_call
                0x00000000400872e4       0x1c obj/aarch64_psci.o
 .text.psci_set_conduit
                0x0000000040087300       0x18 obj/aarch64_psci.o
                0x0000000040087300                psci_set_conduit
 .text.psci_cpu_on
                0x0000000040087318       0x30 obj/aarch64_psci.o
                0x0000000040087318                psci_cpu_on
 .text.append_str
                0x0000000040087348       0x20 obj/aarch64_smp.o
 .text.append_hex64
                0x0000000040087368       0x50 obj/aarch64_smp.o
 .text.aarch64_cpu_id
                0x00000000400873b8       0x10 obj/aarch64_smp.o
                0x00000000400873b8                aarch64_cpu_id
 .text.aarch64_smp_boot
                0x00000000400873c8      0x194 obj/aarch64_smp.o
                0x00000000400873c8                aarch64_smp_boot
 .text.aarch64_secondary_entry
                0x000000004008755c       0x78 obj/aarch64_smp.o
                0x000000004008755c                aarch64_secondary_entry
 .text.bswap32  0x00000000400875d4        0x8 obj/aarch64_fb_simple.o
 .text.fw_cfg_read_u32_be
                0x00000000400875dc       0x2c obj/aarch64_fb_simple.o
 .text.fb_color
                0x0000000040087608       0x34 obj/aarch64_fb_simple.o
 .text.fb_put_pixel
                0x000000004008763c       0x50 obj/aarch64_fb_simple.o
 .text.fb_fill_rect
                0x000000004008768c       0x7c obj/aarch64_fb_simple.o
 .text.aarch64_dcache_clean_poc_range.part.0
                0x0000000040087708       0x44 obj/aarch64_fb_simple.o
 .text.fb_flush_rect
                0x000000004008774c       0xc8 obj/aarch64_fb_simple.o
 .text.fb_draw_glyph
                0x0000000040087814       0x8c obj/aarch64_fb_simple.o
 .text.fb_clear_screen
                0x00000000400878a0       0x70 obj/aarch64_fb_simple.o
 .text.fb_newline
                0x0000000040087910       0x34 obj/aarch64_fb_simple.o
 .text.fb_simple_init
                0x0000000040087944      0x448 obj/aarch64_fb_simple.o
                0x0000000040087944                fb_simple_init
 .text.fb_simple_ready
                0x0000000040087d8c       0x18 obj/aarch64_fb_simple.o
                0x0000000040087d8c                fb_simple_ready
 .text.fb_simple_clear
                0x0000000040087da4       0x18 obj/aarch64_fb_simple.o
                0x0000000040087da4                fb_simple_clear
 .text.fb_simple_set_rgb
                0x0000000040087dbc       0x38 obj/aarch64_fb_simple.o
                0x0000000040087dbc                fb_simple_set_rgb
 .text.fb_simple_set_bg_rgb
                0x0000000040087df4       0x38 obj/aarch64_fb_simple.o
                0x0000000040087df4                fb_simple_set_bg_rgb
 .text.fb_simple_clear_rgb
                0x0000000040087e2c       0x7c obj/aarch64_fb_simple.o
                0x0000000040087e2c                fb_simple_clear_rgb
 .text.fb_simple_draw_pixel
                0x0000000040087ea8       0x84 obj/aarch64_fb_simple.o
                0x0000000040087ea8                fb_simple_draw_pixel
 .text.fb_simple_fill_rect
                0x0000000040087f2c       0xc0 obj/aarch64_fb_simple.o
                0x0000000040087f2c                fb_simple_fill_rect
 .text.fb_simple_flush
                0x0000000040087fec       0x30 obj/aarch64_fb_simple.o
                0x0000000040087fec                fb_simple_flush
 .text.fb_simple_putc
                0x000000004008801c      0x108 obj/aarch64_fb_simple.o
                0x000000004008801c                fb_simple_putc
 .text.fb_simple_write
                0x0000000040088124       0x44 obj/aarch64_fb_simple.o
                0x0000000040088124                fb_simple_write
 .text.fb_simple_get_info
                0x0000000040088168       0x7c obj/aarch64_fb_simple.o
                0x0000000040088168                fb_simple_get_info
 .text.fb_simple_last_error
                0x00000000400881e4       0x10 obj/aarch64_fb_simple.o
                0x00000000400881e4                fb_simple_last_error
 .text.gfx_init_default
                0x00000000400881f4       0x20 obj/aarch64_gfx.o
                0x00000000400881f4                gfx_init_default
 .text.gfx_b    0x0000000040088214       0x34 obj/aarch64_gfx.o
 .text.gfx_ready
                0x0000000040088248       0x3c obj/aarch64_gfx.o
                0x0000000040088248                gfx_ready
 .text.gfx_putc
                0x0000000040088284       0x40 obj/aarch64_gfx.o
                0x0000000040088284                gfx_putc
 .text.gfx_write
                0x00000000400882c4       0x7c obj/aarch64_gfx.o
                0x00000000400882c4                gfx_write
 .text.gfx_set_rgb
                0x0000000040088340       0x50 obj/aarch64_gfx.o
                0x0000000040088340                gfx_set_rgb
 .text.gfx_set_bg_rgb
                0x0000000040088390       0x50 obj/aarch64_gfx.o
                0x0000000040088390                gfx_set_bg_rgb
 .text.gfx_clear
                0x00000000400883e0       0x38 obj/aarch64_gfx.o
                0x00000000400883e0                gfx_clear
 .text.gfx_clear_rgb
                0x0000000040088418       0x50 obj/aarch64_gfx.o
                0x0000000040088418                gfx_clear_rgb
 .text.gfx_fill_rect
                0x0000000040088468       0x50 obj/aarch64_gfx.o
                0x0000000040088468                gfx_fill_rect
 .text.gfx_flush
                0x00000000400884b8       0x38 obj/aarch64_gfx.o
                0x00000000400884b8                gfx_flush
 .text.gfx_screen_width
                0x00000000400884f0       0x3c obj/aarch64_gfx.o
                0x00000000400884f0                gfx_screen_width
 .text.gfx_screen_height
                0x000000004008852c       0x3c obj/aarch64_gfx.o
                0x000000004008852c                gfx_screen_height
 .text.fb_screen_h_impl
                0x0000000040088568       0x44 obj/aarch64_gfx_backend_fb_simple.o
 .text.fb_screen_w_impl
                0x00000000400885ac       0x44 obj/aarch64_gfx_backend_fb_simple.o
 .text.fb_flush_impl
                0x00000000400885f0        0x8 obj/aarch64_gfx_backend_fb_simple.o
 .text.fb_draw_pixel_impl
                0x00000000400885f8       0x14 obj/aarch64_gfx_backend_fb_simple.o
 .text.fb_clear_rgb_impl
                0x000000004008860c        0x8 obj/aarch64_gfx_backend_fb_simple.o
 .text.fb_clear_impl
                0x0000000040088614        0x8 obj/aarch64_gfx_backend_fb_simple.o
 .text.fb_set_bg_rgb_impl
                0x000000004008861c        0x8 obj/aarch64_gfx_backend_fb_simple.o
 .text.fb_set_rgb_impl
                0x0000000040088624        0x8 obj/aarch64_gfx_backend_fb_simple.o
 .text.fb_write_impl
                0x000000004008862c        0x8 obj/aarch64_gfx_backend_fb_simple.o
 .text.fb_putc_impl
                0x0000000040088634        0x8 obj/aarch64_gfx_backend_fb_simple.o
 .text.fb_ready_impl
                0x000000004008863c        0x8 obj/aarch64_gfx_backend_fb_simple.o
 .text.fb_fill_rect_impl
                0x0000000040088644       0x20 obj/aarch64_gfx_backend_fb_simple.o
 .text.out_pad  0x0000000040088664       0x34 obj/aarch64_printf.o
 .text.out_u64_dec
                0x0000000040088698       0x68 obj/aarch64_printf.o
 .text.out_u64_hex
                0x0000000040088700       0x98 obj/aarch64_printf.o
 .text.vsnprintf
                0x0000000040088798      0x428 obj/aarch64_printf.o
                0x0000000040088798                vsnprintf
 .text.snprintf
                0x0000000040088bc0       0x6c obj/aarch64_printf.o
                0x0000000040088bc0                snprintf
 .text.printf   0x0000000040088c2c      0x108 obj/aarch64_printf.o
                0x0000000040088c2c                printf
 .text.memcpy   0x0000000040088d34       0x30 obj/aarch64_string.o
                0x0000000040088d34                memcpy
 .text.memset   0x0000000040088d64       0x28 obj/aarch64_string.o
                0x0000000040088d64                memset
 .text.memmove  0x0000000040088d8c       0x58 obj/aarch64_string.o
                0x0000000040088d8c                memmove
 .text.strlen   0x0000000040088de4       0x24 obj/aarch64_string.o
                0x0000000040088de4                strlen
 .text.strlength
                0x0000000040088e08       0x3c obj/aarch64_string.o
                0x0000000040088e08                strlength
 .text.strcpy   0x0000000040088e44       0x28 obj/aarch64_string.o
                0x0000000040088e44                strcpy
 .text.strncpy  0x0000000040088e6c       0x48 obj/aarch64_string.o
                0x0000000040088e6c                strncpy
 .text.strcat   0x0000000040088eb4       0x3c obj/aarch64_string.o
                0x0000000040088eb4                strcat
 .text.strncat  0x0000000040088ef0       0x4c obj/aarch64_string.o
                0x0000000040088ef0                strncat
 .text.strcmp   0x0000000040088f3c       0x3c obj/aarch64_string.o
                0x0000000040088f3c                strcmp
 .text.strncmp  0x0000000040088f78       0x48 obj/aarch64_string.o
                0x0000000040088f78                strncmp
 .text.strchr   0x0000000040088fc0       0x30 obj/aarch64_string.o
                0x0000000040088fc0                strchr
 .text.strrchr  0x0000000040088ff0       0x34 obj/aarch64_string.o
                0x0000000040088ff0                strrchr
 .text.strstr   0x0000000040089024       0x80 obj/aarch64_string.o
                0x0000000040089024                strstr
 .text.strtok_r
                0x00000000400890a4       0xb4 obj/aarch64_string.o
                0x00000000400890a4                strtok_r
 .text.atoi     0x0000000040089158       0x90 obj/aarch64_string.o
                0x0000000040089158                atoi
 .text.cmdEql   0x00000000400891e8       0x3c obj/aarch64_string.o
                0x00000000400891e8                cmdEql
 .text.strEql   0x0000000040089224        0x8 obj/aarch64_string.o
                0x0000000040089224                strEql
 .text.safe_strcpy
                0x000000004008922c       0x44 obj/aarch64_string.o
                0x000000004008922c                safe_strcpy
 .text.shell_log_enable
                0x0000000040089270       0x14 obj/aarch64_shell_log.o
                0x0000000040089270                shell_log_enable
 .text.shell_log_disable
                0x0000000040089284       0x10 obj/aarch64_shell_log.o
                0x0000000040089284                shell_log_disable
 .text.heap_init_default
                0x0000000040089294       0x48 obj/aarch64_heap.o
 .text.aarch64_heap_init
                0x00000000400892dc       0x80 obj/aarch64_heap.o
                0x00000000400892dc                aarch64_heap_init
 .text.malloc   0x000000004008935c      0x140 obj/aarch64_heap.o
                0x000000004008935c                malloc
 .text.free     0x000000004008949c       0x84 obj/aarch64_heap.o
                0x000000004008949c                free
 .text.init_pipeline_system
                0x0000000040089520       0x60 obj/aarch64_pipeline.o
                0x0000000040089520                init_pipeline_system
 .text.is_pipeline_command
                0x0000000040089580       0x48 obj/aarch64_pipeline.o
                0x0000000040089580                is_pipeline_command
 .text.count_pipeline_commands
                0x00000000400895c8       0x38 obj/aarch64_pipeline.o
                0x00000000400895c8                count_pipeline_commands
 .text.is_whitespace
                0x0000000040089600       0x24 obj/aarch64_pipeline.o
                0x0000000040089600                is_whitespace
 .text.trim_whitespace
                0x0000000040089624       0x6c obj/aarch64_pipeline.o
                0x0000000040089624                trim_whitespace
 .text.simple_strtok
                0x0000000040089690       0xdc obj/aarch64_pipeline.o
                0x0000000040089690                simple_strtok
 .text.split_command
                0x000000004008976c      0x134 obj/aarch64_pipeline.o
                0x000000004008976c                split_command
 .text.free_args
                0x00000000400898a0       0x60 obj/aarch64_pipeline.o
                0x00000000400898a0                free_args
 .text.parse_redirections
                0x0000000040089900      0x32c obj/aarch64_pipeline.o
                0x0000000040089900                parse_redirections
 .text.parse_command
                0x0000000040089c2c      0x1fc obj/aarch64_pipeline.o
                0x0000000040089c2c                parse_command
 .text.parse_pipeline
                0x0000000040089e28       0xe8 obj/aarch64_pipeline.o
                0x0000000040089e28                parse_pipeline
 .text.free_command
                0x0000000040089f10       0x7c obj/aarch64_pipeline.o
                0x0000000040089f10                free_command
 .text.free_pipeline
                0x0000000040089f8c       0x4c obj/aarch64_pipeline.o
                0x0000000040089f8c                free_pipeline
 .text.read_file_for_input_redirection
                0x0000000040089fd8       0xd4 obj/aarch64_pipeline.o
                0x0000000040089fd8                read_file_for_input_redirection
 .text.execute_simple_command.part.0
                0x000000004008a0ac      0x298 obj/aarch64_pipeline.o
 .text.execute_simple_command
                0x000000004008a344       0x1c obj/aarch64_pipeline.o
                0x000000004008a344                execute_simple_command
 .text.execute_complex_pipeline
                0x000000004008a360      0x220 obj/aarch64_pipeline.o
                0x000000004008a360                execute_complex_pipeline
 .text.add_background_process
                0x000000004008a580       0x98 obj/aarch64_pipeline.o
                0x000000004008a580                add_background_process
 .text.execute_background_command
                0x000000004008a618      0x114 obj/aarch64_pipeline.o
                0x000000004008a618                execute_background_command
 .text.execute_command
                0x000000004008a72c       0x20 obj/aarch64_pipeline.o
                0x000000004008a72c                execute_command
 .text.execute_pipeline
                0x000000004008a74c      0x340 obj/aarch64_pipeline.o
                0x000000004008a74c                execute_pipeline
 .text.start_shell_redirect
                0x000000004008aa8c       0x24 obj/aarch64_vga_redirect.o
                0x000000004008aa8c                start_shell_redirect
 .text.stop_shell_redirect
                0x000000004008aab0       0x10 obj/aarch64_vga_redirect.o
                0x000000004008aab0                stop_shell_redirect
 .text.vga_text_cell_w
                0x000000004008aac0        0xc obj/aarch64_vga_redirect.o
                0x000000004008aac0                vga_text_cell_w
 .text.vga_text_cell_h
                0x000000004008aacc        0xc obj/aarch64_vga_redirect.o
                0x000000004008aacc                vga_text_cell_h
 .text.shell_register_redirect_icon
                0x000000004008aad8        0x8 obj/aarch64_vga_redirect.o
                0x000000004008aad8                shell_register_redirect_icon
 .text.alias_name_valid
                0x000000004008aae0       0x64 obj/aarch64_alias.o
 .text.trim_left
                0x000000004008ab44       0x28 obj/aarch64_alias.o
 .text.contains_meta_chars
                0x000000004008ab6c       0x40 obj/aarch64_alias.o
 .text.alias_find_mut
                0x000000004008abac       0x78 obj/aarch64_alias.o
 .text.trim_right
                0x000000004008ac24       0x68 obj/aarch64_alias.o
 .text.alias_load_if_needed
                0x000000004008ac8c      0x1f8 obj/aarch64_alias.o
 .text.shell_alias_expand_line
                0x000000004008ae84      0x320 obj/aarch64_alias.o
                0x000000004008ae84                shell_alias_expand_line
 .text.math_get_current_equation
                0x000000004008b1a4      0x2fc obj/aarch64_math.o
                0x000000004008b1a4                math_get_current_equation
 .text.rand_next
                0x000000004008b4a0       0x28 obj/aarch64_math.o
                0x000000004008b4a0                rand_next
 .text.rand_range
                0x000000004008b4c8       0x48 obj/aarch64_math.o
                0x000000004008b4c8                rand_range
 .text.partition_strings
                0x000000004008b510       0xac obj/aarch64_math.o
                0x000000004008b510                partition_strings
 .text.quicksort_strings
                0x000000004008b5bc       0x64 obj/aarch64_math.o
                0x000000004008b5bc                quicksort_strings
 .text.build_bad_char_table
                0x000000004008b620       0x40 obj/aarch64_math.o
                0x000000004008b620                build_bad_char_table
 .text.build_good_suffix_table
                0x000000004008b660       0xe0 obj/aarch64_math.o
                0x000000004008b660                build_good_suffix_table
 .text.boyer_moore_search
                0x000000004008b740      0x110 obj/aarch64_math.o
                0x000000004008b740                boyer_moore_search
 .text.to_fat32_83
                0x000000004008b850       0xdc obj/aarch64_fat32.o
                0x000000004008b850                to_fat32_83
 .text.fat32_read_bpb_sector
                0x000000004008b92c       0x5c obj/aarch64_fat32.o
                0x000000004008b92c                fat32_read_bpb_sector
 .text.fat32_next_cluster_sector
                0x000000004008b988       0x7c obj/aarch64_fat32.o
                0x000000004008b988                fat32_next_cluster_sector
 .text.fat32_get_partition_lba_start
                0x000000004008ba04       0xc4 obj/aarch64_fat32.o
                0x000000004008ba04                fat32_get_partition_lba_start
 .text.fat32_find_entry_sector
                0x000000004008bac8      0x1b4 obj/aarch64_fat32.o
                0x000000004008bac8                fat32_find_entry_sector
 .text.eynfs_cache_invalidate_block
                0x000000004008bc7c       0x38 obj/aarch64_eynfs.o
 .text.eynfs_load_u32
                0x000000004008bcb4       0x2c obj/aarch64_eynfs.o
 .text.eynfs_store_u32
                0x000000004008bce0       0x28 obj/aarch64_eynfs.o
 .text.eynfs_write_dir_block
                0x000000004008bd08       0x88 obj/aarch64_eynfs.o
 .text.eynfs_cache_flush
                0x000000004008bd90       0x6c obj/aarch64_eynfs.o
 .text.eynfs_dir_cache_invalidate
                0x000000004008bdfc       0x68 obj/aarch64_eynfs.o
 .text.eynfs_cache_write_block
                0x000000004008be64       0x98 obj/aarch64_eynfs.o
 .text.eynfs_alloc_block_optimized
                0x000000004008befc      0x180 obj/aarch64_eynfs.o
 .text.eynfs_bitmap_set_used
                0x000000004008c07c       0xdc obj/aarch64_eynfs.o
 .text.eynfs_cache_get_block
                0x000000004008c158      0x1a4 obj/aarch64_eynfs.o
                0x000000004008c158                eynfs_cache_get_block
 .text.eynfs_read_superblock
                0x000000004008c2fc       0xc0 obj/aarch64_eynfs.o
                0x000000004008c2fc                eynfs_read_superblock
 .text.eynfs_read_dir_table
                0x000000004008c3bc       0xe4 obj/aarch64_eynfs.o
                0x000000004008c3bc                eynfs_read_dir_table
 .text.eynfs_count_dir_entries
                0x000000004008c4a0       0xa4 obj/aarch64_eynfs.o
                0x000000004008c4a0                eynfs_count_dir_entries
 .text.eynfs_alloc_block
                0x000000004008c544       0x68 obj/aarch64_eynfs.o
                0x000000004008c544                eynfs_alloc_block
 .text.eynfs_write_dir_table
                0x000000004008c5ac      0x218 obj/aarch64_eynfs.o
                0x000000004008c5ac                eynfs_write_dir_table
 .text.eynfs_free_block
                0x000000004008c7c4       0x54 obj/aarch64_eynfs.o
                0x000000004008c7c4                eynfs_free_block
 .text.eynfs_find_in_dir
                0x000000004008c818      0x1c8 obj/aarch64_eynfs.o
                0x000000004008c818                eynfs_find_in_dir
 .text.eynfs_traverse_path
                0x000000004008c9e0      0x174 obj/aarch64_eynfs.o
                0x000000004008c9e0                eynfs_traverse_path
 .text.eynfs_create_entry
                0x000000004008cb54      0x304 obj/aarch64_eynfs.o
                0x000000004008cb54                eynfs_create_entry
 .text.eynfs_read_file
                0x000000004008ce58      0x184 obj/aarch64_eynfs.o
                0x000000004008ce58                eynfs_read_file
 .text.eynfs_write_file
                0x000000004008cfdc      0x2e8 obj/aarch64_eynfs.o
                0x000000004008cfdc                eynfs_write_file
 .text.eynfs_cache_clear
                0x000000004008d2c4       0x88 obj/aarch64_eynfs.o
                0x000000004008d2c4                eynfs_cache_clear
 .text.eynfs_delete_entry
                0x000000004008d34c      0x164 obj/aarch64_eynfs.o
                0x000000004008d34c                eynfs_delete_entry
 .text.fat32_path_to_entry
                0x000000004008d4b0      0x15c obj/aarch64_vfs.o
 .text.fat32_read_fat_entry
                0x000000004008d60c       0x88 obj/aarch64_vfs.o
 .text.fat32_write_fat_entry_all
                0x000000004008d694       0xf8 obj/aarch64_vfs.o
 .text.vfs_split_path.constprop.0
                0x000000004008d78c       0xf8 obj/aarch64_vfs.o
 .text.fat32_free_chain_sector_all.isra.0
                0x000000004008d884       0x9c obj/aarch64_vfs.o
 .text.fat32_allocate_chain_sector_all.constprop.0
                0x000000004008d920      0x154 obj/aarch64_vfs.o
 .text.vfs_get_file_size
                0x000000004008da74      0x10c obj/aarch64_vfs.o
                0x000000004008da74                vfs_get_file_size
 .text.vfs_read_file
                0x000000004008db80      0x228 obj/aarch64_vfs.o
                0x000000004008db80                vfs_read_file
 .text.vfs_read_file_at
                0x000000004008dda8      0x2c8 obj/aarch64_vfs.o
                0x000000004008dda8                vfs_read_file_at
 .text.vfs_stat
                0x000000004008e070      0x134 obj/aarch64_vfs.o
                0x000000004008e070                vfs_stat
 .text.vfs_listdir
                0x000000004008e1a4      0x408 obj/aarch64_vfs.o
                0x000000004008e1a4                vfs_listdir
 .text.vfs_write_file
                0x000000004008e5ac      0x638 obj/aarch64_vfs.o
                0x000000004008e5ac                vfs_write_file
 .text.vfs_unlink
                0x000000004008ebe4      0x3b4 obj/aarch64_vfs.o
                0x000000004008ebe4                vfs_unlink
 .text.hal_console_putc
                0x000000004008ef98       0x90 obj/aarch64_hal_console.o
                0x000000004008ef98                hal_console_putc
 .text.hal_console_write
                0x000000004008f028       0x44 obj/aarch64_hal_console.o
                0x000000004008f028                hal_console_write
 .text.hal_kbd_read_key_nonblock
                0x000000004008f06c      0x314 obj/aarch64_hal_keyboard.o
                0x000000004008f06c                hal_kbd_read_key_nonblock
 .text.cmd_gfxdemo
                0x000000004008f380      0x148 obj/aarch64_gfx_cmd.o
                0x000000004008f380                cmd_gfxdemo

.iplt           0x000000004008f4c8        0x0
 .iplt          0x000000004008f4c8        0x0 obj/aarch64_start.o

.rodata         0x000000004008f4d0     0x2098
 *(.rodata .rodata.*)
 .rodata.fb_write_hex64.str1.1
                0x000000004008f4d0     0x1451 obj/aarch64_kernel_full.o
                                         0x14 (size before relaxing)
 .rodata.kernel_main.str1.1
                0x0000000040090921        0x0 obj/aarch64_kernel_full.o
                                        0x14a (size before relaxing)
 .rodata.handler_exit.str1.1
                0x0000000040090921        0x0 obj/aarch64_shell.o
                                          0xc (size before relaxing)
 .rodata.handle_shell_command.str1.1
                0x0000000040090921        0x0 obj/aarch64_shell.o
                                         0x60 (size before relaxing)
 .rodata.launch_shell.str1.1
                0x0000000040090921        0x0 obj/aarch64_shell.o
                                         0x36 (size before relaxing)
 .rodata.line_move_left.str1.1
                0x0000000040090921        0x0 obj/aarch64_history.o
                                          0x2 (size before relaxing)
 .rodata.line_set.constprop.0.str1.1
                0x0000000040090921        0x0 obj/aarch64_history.o
                                          0x5 (size before relaxing)
 .rodata.show_history.str1.1
                0x0000000040090921        0x0 obj/aarch64_history.o
                                         0x2b (size before relaxing)
 .rodata.readStr_with_history.str1.1
                0x0000000040090921        0x0 obj/aarch64_history.o
                                          0xb (size before relaxing)
 .rodata.putchar.str1.1
                0x0000000040090921        0x0 obj/aarch64_putchar.o
                                          0x3 (size before relaxing)
 .rodata.str1.1
                0x0000000040090921        0x0 obj/aarch64_cmd_registry_portable.o
                                        0x2d0 (size before relaxing)
 .rodata.random_cmd.str1.1
                0x0000000040090921        0x0 obj/aarch64_shell_commands.o
                                        0x119 (size before relaxing)
 .rodata.history_cmd.str1.1
                0x0000000040090921        0x0 obj/aarch64_shell_commands.o
                                         0x90 (size before relaxing)
 .rodata.sort_cmd.str1.1
                0x0000000040090921        0x0 obj/aarch64_shell_commands.o
                                         0x9a (size before relaxing)
 .rodata.search_recursive.str1.1
                0x0000000040090921        0x0 obj/aarch64_shell_commands.o
                                         0x34 (size before relaxing)
 .rodata.search_cmd.str1.1
                0x0000000040090921        0x0 obj/aarch64_shell_commands.o
                                        0x361 (size before relaxing)
 .rodata.echo.str1.1
                0x0000000040090921        0x0 obj/aarch64_shell_commands.o
                                          0x4 (size before relaxing)
 .rodata.ver.str1.1
                0x0000000040090921        0x0 obj/aarch64_shell_commands.o
                                         0x20 (size before relaxing)
 .rodata.help_cmd.str1.1
                0x0000000040090921        0x0 obj/aarch64_shell_commands.o
                                         0x16 (size before relaxing)
 .rodata.calc.str1.1
                0x0000000040090921        0x0 obj/aarch64_shell_commands.o
                                         0x54 (size before relaxing)
 .rodata.log_cmd.str1.1
                0x0000000040090921        0x0 obj/aarch64_shell_commands.o
                                         0x43 (size before relaxing)
 .rodata.hexdump_cmd.str1.1
                0x0000000040090921        0x0 obj/aarch64_shell_commands.o
                                         0xc8 (size before relaxing)
 .rodata.resolve_path.str1.1
                0x0000000040090921        0x0 obj/aarch64_fs_commands.o
                                          0x7 (size before relaxing)
 .rodata.cd.str1.1
                0x0000000040090921        0x0 obj/aarch64_fs_commands.o
                                         0x34 (size before relaxing)
 .rodata.ls.str1.1
                0x0000000040090921        0x0 obj/aarch64_fs_commands.o
                                         0xc3 (size before relaxing)
 .rodata.read_cmd.str1.1
                0x0000000040090921        0x0 obj/aarch64_fs_commands.o
                                         0x3a (size before relaxing)
 .rodata.cat_cmd.str1.1
                0x0000000040090921        0x0 obj/aarch64_fs_commands.o
                                         0x19 (size before relaxing)
 .rodata.del.str1.1
                0x0000000040090921        0x0 obj/aarch64_fs_commands.o
                                         0xa4 (size before relaxing)
 .rodata.write_output_to_file.str1.1
                0x0000000040090921        0x0 obj/aarch64_fs_io_helpers.o
                                          0x1 (size before relaxing)
 .rodata.uart_pl011_write_hex64.str1.1
                0x0000000040090921        0x0 obj/aarch64_uart_pl011.o
                                         0x11 (size before relaxing)
 *fill*         0x0000000040090921        0x3 
 .rodata.map_keycode
                0x0000000040090924       0xdc obj/aarch64_virtio_input.o
 .rodata.virtio_input_getkey_nonblock
                0x0000000040090a00        0xa obj/aarch64_virtio_input.o
 .rodata.virtio_input_init.str1.1
                0x0000000040090a0a        0x0 obj/aarch64_virtio_input.o
                                         0xb4 (size before relaxing)
 .rodata.ata_init_drives.str1.1
                0x0000000040090a0a        0x0 obj/aarch64_ata_virtio.o
                                          0xb (size before relaxing)
 .rodata.fdt_parse_memory.str1.1
                0x0000000040090a0a        0x0 obj/aarch64_fdt.o
                                         0x32 (size before relaxing)
 .rodata.fdt_parse_gicv2.str1.1
                0x0000000040090a0a        0x0 obj/aarch64_fdt.o
                                         0x57 (size before relaxing)
 .rodata.fdt_parse_armv8_timer_virtual_irq.str1.1
                0x0000000040090a0a        0x0 obj/aarch64_fdt.o
                                         0x2f (size before relaxing)
 .rodata.fdt_parse_cpus_mpidr.str1.1
                0x0000000040090a0a        0x0 obj/aarch64_fdt.o
                                         0x13 (size before relaxing)
 .rodata.fdt_parse_psci_method.str1.1
                0x0000000040090a0a        0x0 obj/aarch64_fdt.o
                                         0x21 (size before relaxing)
 .rodata.fdt_parse_simple_framebuffer.str1.1
                0x0000000040090a0a        0x0 obj/aarch64_fdt.o
                                         0x2e (size before relaxing)
 .rodata.fdt_parse_virtio_mmio.str1.1
                0x0000000040090a0a        0x0 obj/aarch64_fdt.o
                                          0xc (size before relaxing)
 .rodata.fdt_parse_qemu_fw_cfg_mmio.str1.1
                0x0000000040090a0a        0x0 obj/aarch64_fdt.o
                                         0x11 (size before relaxing)
 .rodata.aarch64_sync_dispatch.str1.1
                0x0000000040090a0a        0x0 obj/aarch64_exception.o
                                         0x4d (size before relaxing)
 .rodata.append_hex64.str1.1
                0x0000000040090a0a        0x0 obj/aarch64_smp.o
                                         0x11 (size before relaxing)
 .rodata.aarch64_smp_boot.str1.1
                0x0000000040090a0a        0x0 obj/aarch64_smp.o
                                         0xa4 (size before relaxing)
 .rodata.aarch64_secondary_entry.str1.1
                0x0000000040090a0a        0x0 obj/aarch64_smp.o
                                          0xe (size before relaxing)
 .rodata.fb_simple_init.str1.1
                0x0000000040090a0a        0x0 obj/aarch64_fb_simple.o
                                          0xa (size before relaxing)
 .rodata.g_font8x8
                0x0000000040090a0a      0x809 obj/aarch64_fb_simple.o
 .rodata.str1.1
                0x0000000040091213        0x0 obj/aarch64_gfx_backend_fb_simple.o
                                          0xa (size before relaxing)
 *fill*         0x0000000040091213        0x5 
 .rodata.g_gfx_backend_fb_simple
                0x0000000040091218       0x68 obj/aarch64_gfx_backend_fb_simple.o
                0x0000000040091218                g_gfx_backend_fb_simple
 .rodata.out_u64_hex.str1.1
                0x0000000040091280        0x0 obj/aarch64_printf.o
                                         0x22 (size before relaxing)
 .rodata.vsnprintf.str1.1
                0x0000000040091280        0x0 obj/aarch64_printf.o
                                          0x7 (size before relaxing)
 .rodata.split_command.str1.1
                0x0000000040091280        0x0 obj/aarch64_pipeline.o
                                          0x5 (size before relaxing)
 .rodata.parse_redirections.str1.1
                0x0000000040091280        0x0 obj/aarch64_pipeline.o
                                          0xc (size before relaxing)
 .rodata.parse_command.str1.1
                0x0000000040091280        0x0 obj/aarch64_pipeline.o
                                          0x2 (size before relaxing)
 .rodata.parse_pipeline.str1.1
                0x0000000040091280        0x0 obj/aarch64_pipeline.o
                                          0x2 (size before relaxing)
 .rodata.read_file_for_input_redirection.str1.1
                0x0000000040091280        0x0 obj/aarch64_pipeline.o
                                         0x6a (size before relaxing)
 .rodata.execute_simple_command.part.0.str1.1
                0x0000000040091280        0x0 obj/aarch64_pipeline.o
                                         0x73 (size before relaxing)
 .rodata.execute_complex_pipeline.str1.1
                0x0000000040091280        0x0 obj/aarch64_pipeline.o
                                         0x11 (size before relaxing)
 .rodata.execute_background_command.str1.1
                0x0000000040091280        0x0 obj/aarch64_pipeline.o
                                         0x4b (size before relaxing)
 .rodata.alias_load_if_needed.str1.1
                0x0000000040091280        0x0 obj/aarch64_alias.o
                                         0x14 (size before relaxing)
 .rodata.eynfs_cache_get_block.str1.1
                0x0000000040091280        0x0 obj/aarch64_eynfs.o
                                         0x2f (size before relaxing)
 .rodata.eynfs_count_dir_entries.str1.1
                0x0000000040091280        0x0 obj/aarch64_eynfs.o
                                         0x43 (size before relaxing)
 .rodata.eynfs_traverse_path.str1.1
                0x0000000040091280        0x0 obj/aarch64_eynfs.o
                                          0x2 (size before relaxing)
 .rodata.eynfs_write_file.str1.1
                0x0000000040091280        0x0 obj/aarch64_eynfs.o
                                        0x12f (size before relaxing)
 .rodata.vfs_split_path.constprop.0.str1.1
                0x0000000040091280        0x0 obj/aarch64_vfs.o
                                          0x2 (size before relaxing)
 .rodata.vfs_listdir.str1.1
                0x0000000040091280        0x0 obj/aarch64_vfs.o
                                          0x2 (size before relaxing)
 .rodata.hal_kbd_read_key_nonblock
                0x0000000040091280       0x18 obj/aarch64_hal_keyboard.o
 .rodata.cmd_gfxdemo.str1.1
                0x0000000040091298        0x0 obj/aarch64_gfx_cmd.o
                                         0x92 (size before relaxing)
                0x0000000040091298                . = ALIGN (0x8)
                0x0000000040091298                __start_shellcmds = .
 *(.shellcmds)
 .shellcmds     0x0000000040091298      0x2d0 obj/aarch64_cmd_registry_portable.o
                0x0000000040091298                shell_cmd_info_gfxdemo
                0x00000000400912c0                shell_cmd_info_del
                0x00000000400912e8                shell_cmd_info_cat
                0x0000000040091310                shell_cmd_info_read
                0x0000000040091338                shell_cmd_info_cd
                0x0000000040091360                shell_cmd_info_ls
                0x0000000040091388                shell_cmd_info_log
                0x00000000400913b0                shell_cmd_info_hexdump
                0x00000000400913d8                shell_cmd_info_search
                0x0000000040091400                shell_cmd_info_history
                0x0000000040091428                shell_cmd_info_exit
                0x0000000040091450                shell_cmd_info_clear
                0x0000000040091478                shell_cmd_info_sort
                0x00000000400914a0                shell_cmd_info_random
                0x00000000400914c8                shell_cmd_info_calc
                0x00000000400914f0                shell_cmd_info_ver
                0x0000000040091518                shell_cmd_info_echo
                0x0000000040091540                shell_cmd_info_help
                0x0000000040091568                __stop_shellcmds = .

.rela.dyn       0x0000000040091568        0x0
 .rela.iplt     0x0000000040091568        0x0 obj/aarch64_start.o
 .rela.text._start
                0x0000000040091568        0x0 obj/aarch64_start.o
 .rela.text.find_command
                0x0000000040091568        0x0 obj/aarch64_start.o
 .rela.text.help_cmd
                0x0000000040091568        0x0 obj/aarch64_start.o
 .rela.text.heap_init_default
                0x0000000040091568        0x0 obj/aarch64_start.o
 .rela.text.aarch64_heap_init
                0x0000000040091568        0x0 obj/aarch64_start.o

.data           0x0000000040091570   0x10008c
 *(.data .data.*)
 .data.g_fb_bpp
                0x0000000040091570        0x4 obj/aarch64_fb_simple.o
 .data.g_fb_fmt
                0x0000000040091574        0x4 obj/aarch64_fb_simple.o
 .data.rand_state
                0x0000000040091578        0x4 obj/aarch64_math.o
 .data.shell_current_path
                0x000000004009157c       0x80 obj/aarch64_shell_state.o
                0x000000004009157c                shell_current_path
 .data          0x00000000400915fc   0x100000 obj/aarch64_virt_dtb.o
                0x00000000400915fc                _binary_virt_dtb_start
                0x00000000401915fc                _binary_virt_dtb_end

.igot.plt       0x0000000040191600        0x0
 .igot.plt      0x0000000040191600        0x0 obj/aarch64_start.o

.bss            0x0000000040192000    0x1beb0
                0x0000000040192000                __bss_start = .
 *(.bss .bss.*)
 .bss.g_ram_size
                0x0000000040192000        0x8 obj/aarch64_shell_meminfo.o
 .bss.g_ram_base
                0x0000000040192008        0x8 obj/aarch64_shell_meminfo.o
 .bss.command_execution_errors
                0x0000000040192010        0x4 obj/aarch64_shell.o
 .bss.g_command_hash_disabled
                0x0000000040192014        0x4 obj/aarch64_shell.o
 .bss.g_command_hash_initialized
                0x0000000040192018        0x4 obj/aarch64_shell.o
 *fill*         0x000000004019201c        0x4 
 .bss.g_command_hash_table
                0x0000000040192020     0x1000 obj/aarch64_shell.o
 .bss.buffstr.0
                0x0000000040193020       0xc8 obj/aarch64_history.o
 .bss.g_command_history
                0x00000000401930e8     0x2718 obj/aarch64_history.o
                0x00000000401930e8                g_command_history
 .bss.col.0     0x0000000040195800     0x2290 obj/aarch64_fs_commands.o
 .bss.tmp.0     0x0000000040197a90     0x1400 obj/aarch64_fs_io_helpers.o
 .bss.g_uart_tx_lock
                0x0000000040198e90        0x4 obj/aarch64_uart_pl011.o
 *fill*         0x0000000040198e94      0x16c 
 .bss.g_legacy_ring_q0
                0x0000000040199000     0x2000 obj/aarch64_virtio_input.o
 .bss.g_events  0x000000004019b000       0x80 obj/aarch64_virtio_input.o
 *fill*         0x000000004019b080      0xf80 
 .bss.g_used    0x000000004019c000       0x90 obj/aarch64_virtio_input.o
 *fill*         0x000000004019c090      0xf70 
 .bss.g_avail   0x000000004019d000       0x30 obj/aarch64_virtio_input.o
 *fill*         0x000000004019d030      0xfd0 
 .bss.g_desc    0x000000004019e000      0x100 obj/aarch64_virtio_input.o
 .bss.g_used_p  0x000000004019e100        0x8 obj/aarch64_virtio_input.o
 .bss.g_avail_p
                0x000000004019e108        0x8 obj/aarch64_virtio_input.o
 .bss.g_caps    0x000000004019e110        0x4 obj/aarch64_virtio_input.o
 .bss.g_super   0x000000004019e114        0x4 obj/aarch64_virtio_input.o
 .bss.g_alt     0x000000004019e118        0x4 obj/aarch64_virtio_input.o
 .bss.g_ctrl    0x000000004019e11c        0x4 obj/aarch64_virtio_input.o
 .bss.g_shift   0x000000004019e120        0x4 obj/aarch64_virtio_input.o
 .bss.g_avail_idx
                0x000000004019e124        0x2 obj/aarch64_virtio_input.o
 .bss.g_last_used_idx
                0x000000004019e126        0x2 obj/aarch64_virtio_input.o
 .bss.g_ready   0x000000004019e128        0x4 obj/aarch64_virtio_input.o
 *fill*         0x000000004019e12c        0x4 
 .bss.g_input_base
                0x000000004019e130        0x8 obj/aarch64_virtio_input.o
 *fill*         0x000000004019e138        0x8 
 .bss.g_bounce  0x000000004019e140      0x200 obj/aarch64_virtio_blk.o
 .bss.g_req_status
                0x000000004019e340        0x1 obj/aarch64_virtio_blk.o
 *fill*         0x000000004019e341       0x3f 
 .bss.g_req_hdr
                0x000000004019e380       0x10 obj/aarch64_virtio_blk.o
 *fill*         0x000000004019e390      0xc70 
 .bss.g_legacy_ring_q0
                0x000000004019f000     0x2000 obj/aarch64_virtio_blk.o
 .bss.g_used    0x00000000401a1000       0x50 obj/aarch64_virtio_blk.o
 *fill*         0x00000000401a1050      0xfb0 
 .bss.g_avail   0x00000000401a2000       0x20 obj/aarch64_virtio_blk.o
 *fill*         0x00000000401a2020      0xfe0 
 .bss.g_desc    0x00000000401a3000       0x80 obj/aarch64_virtio_blk.o
 .bss.g_last_used_idx
                0x00000000401a3080        0x2 obj/aarch64_virtio_blk.o
 .bss.g_avail_idx
                0x00000000401a3082        0x2 obj/aarch64_virtio_blk.o
 *fill*         0x00000000401a3084        0x4 
 .bss.g_used_p  0x00000000401a3088        0x8 obj/aarch64_virtio_blk.o
 .bss.g_avail_p
                0x00000000401a3090        0x8 obj/aarch64_virtio_blk.o
 .bss.g_desc_p  0x00000000401a3098        0x8 obj/aarch64_virtio_blk.o
 .bss.g_ready   0x00000000401a30a0        0x4 obj/aarch64_virtio_blk.o
 *fill*         0x00000000401a30a4        0x4 
 .bss.g_blk_base
                0x00000000401a30a8        0x8 obj/aarch64_virtio_blk.o
 .bss.g_present
                0x00000000401a30b0        0x4 obj/aarch64_ata_virtio.o
 .bss.g_inited  0x00000000401a30b4        0x4 obj/aarch64_ata_virtio.o
 .bss.g_drive0  0x00000000401a30b8       0x34 obj/aarch64_ata_virtio.o
 .bss.g_cntv_interval
                0x00000000401a30ec        0x4 obj/aarch64_timer.o
 .bss.g_timer_irq_id
                0x00000000401a30f0        0x4 obj/aarch64_irq.o
 *fill*         0x00000000401a30f4        0x4 
 .bss.g_gic     0x00000000401a30f8       0x10 obj/aarch64_irq.o
 .bss.g_aarch64_ticks
                0x00000000401a3108        0x4 obj/aarch64_irq.o
                0x00000000401a3108                g_aarch64_ticks
 .bss.g_psci_use_hvc
                0x00000000401a310c        0x4 obj/aarch64_psci.o
 .bss.aarch64_cpu_ticks
                0x00000000401a3110       0x10 obj/aarch64_smp.o
                0x00000000401a3110                aarch64_cpu_ticks
 .bss.aarch64_cpu_online
                0x00000000401a3120       0x10 obj/aarch64_smp.o
                0x00000000401a3120                aarch64_cpu_online
 .bss.aarch64_cpu_stacks
                0x00000000401a3130     0x4000 obj/aarch64_smp.o
                0x00000000401a3130                aarch64_cpu_stacks
 .bss.g_fb_last_error
                0x00000000401a7130        0x4 obj/aarch64_fb_simple.o
 .bss.g_bg_color
                0x00000000401a7134        0x4 obj/aarch64_fb_simple.o
 .bss.g_fg_color
                0x00000000401a7138        0x4 obj/aarch64_fb_simple.o
 .bss.g_cursor_y
                0x00000000401a713c        0x4 obj/aarch64_fb_simple.o
 .bss.g_cursor_x
                0x00000000401a7140        0x4 obj/aarch64_fb_simple.o
 *fill*         0x00000000401a7144        0x4 
 .bss.g_fb_format
                0x00000000401a7148       0x20 obj/aarch64_fb_simple.o
 .bss.g_fb_stride
                0x00000000401a7168        0x4 obj/aarch64_fb_simple.o
 .bss.g_fb_height
                0x00000000401a716c        0x4 obj/aarch64_fb_simple.o
 .bss.g_fb_width
                0x00000000401a7170        0x4 obj/aarch64_fb_simple.o
 *fill*         0x00000000401a7174        0x4 
 .bss.g_fb_base
                0x00000000401a7178        0x8 obj/aarch64_fb_simple.o
 .bss.g_backend
                0x00000000401a7180        0x8 obj/aarch64_gfx.o
 .bss.shell_log_active
                0x00000000401a7188        0x4 obj/aarch64_shell_log.o
                0x00000000401a7188                shell_log_active
 .bss.g_heap_ready
                0x00000000401a718c        0x4 obj/aarch64_heap.o
 .bss.g_heap_first
                0x00000000401a7190        0x8 obj/aarch64_heap.o
 .bss.current_pos.0
                0x00000000401a7198        0x8 obj/aarch64_pipeline.o
 .bss.last_str.1
                0x00000000401a71a0        0x8 obj/aarch64_pipeline.o
 .bss.g_pipeline_input_data
                0x00000000401a71a8        0x8 obj/aarch64_pipeline.o
                0x00000000401a71a8                g_pipeline_input_data
 .bss.g_background_processes
                0x00000000401a71b0      0x180 obj/aarch64_pipeline.o
                0x00000000401a71b0                g_background_processes
 .bss.g_file_descriptors
                0x00000000401a7330     0x1800 obj/aarch64_pipeline.o
                0x00000000401a7330                g_file_descriptors
 .bss.shell_redirect_buf
                0x00000000401a8b30      0x400 obj/aarch64_vga_redirect.o
                0x00000000401a8b30                shell_redirect_buf
 .bss.shell_redirect_pos
                0x00000000401a8f30        0x4 obj/aarch64_vga_redirect.o
                0x00000000401a8f30                shell_redirect_pos
 .bss.shell_redirect_active
                0x00000000401a8f34        0x4 obj/aarch64_vga_redirect.o
                0x00000000401a8f34                shell_redirect_active
 .bss.buf.1     0x00000000401a8f38     0x1000 obj/aarch64_alias.o
 .bss.g_alias_loaded
                0x00000000401a9f38        0x4 obj/aarch64_alias.o
 .bss.g_alias_count
                0x00000000401a9f3c        0x4 obj/aarch64_alias.o
 .bss.g_aliases
                0x00000000401a9f40     0x1d00 obj/aarch64_alias.o
 .bss.caches_initialized.0
                0x00000000401abc40        0x4 obj/aarch64_eynfs.o
 .bss.g_eynfs_read_fail_printed.1
                0x00000000401abc44        0x4 obj/aarch64_eynfs.o
 .bss.dir_cache
                0x00000000401abc48       0xc0 obj/aarch64_eynfs.o
 .bss.free_block_cache_valid
                0x00000000401abd08        0x1 obj/aarch64_eynfs.o
 *fill*         0x00000000401abd09        0x3 
 .bss.free_block_cache_count
                0x00000000401abd0c        0x4 obj/aarch64_eynfs.o
 .bss.free_block_cache
                0x00000000401abd10      0x100 obj/aarch64_eynfs.o
 .bss.cache_misses
                0x00000000401abe10        0x4 obj/aarch64_eynfs.o
 .bss.cache_hits
                0x00000000401abe14        0x4 obj/aarch64_eynfs.o
 .bss.block_cache
                0x00000000401abe18     0x2080 obj/aarch64_eynfs.o
 .bss.g_uart_csi_len
                0x00000000401ade98        0x1 obj/aarch64_hal_keyboard.o
 .bss.g_uart_csi_buf
                0x00000000401ade99        0x8 obj/aarch64_hal_keyboard.o
 .bss.g_uart_esc_state
                0x00000000401adea1        0x1 obj/aarch64_hal_keyboard.o
 *fill*         0x00000000401adea2        0x2 
 .bss.g_mods    0x00000000401adea4        0x4 obj/aarch64_hal_keyboard.o
 .bss.g_current_drive
                0x00000000401adea8        0x1 obj/aarch64_shell_state.o
                0x00000000401adea8                g_current_drive
 *fill*         0x00000000401adea9        0x3 
 .bss.g_user_interrupt
                0x00000000401adeac        0x4 obj/aarch64_util_globals.o
                0x00000000401adeac                g_user_interrupt
 *(COMMON)
                0x00000000401adeb0                __bss_end = .

.ramfb          0x00000000401adeb0   0x1d4c00
 *(.ramfb)
 .ramfb         0x00000000401adeb0   0x1d4c00 obj/aarch64_fb_simple.o
                0x0000000040382ab0                . = ALIGN (0x10)
                0x0000000040382ab0                __stack_bottom = .
                0x0000000040392ab0                . = (. + 0x10000)
                0x0000000040392ab0                __stack_top = .
                0x0000000040392ab0                __kernel_end = .
LOAD obj/aarch64_start.o
LOAD obj/aarch64_kernel_full.o
LOAD obj/aarch64_shell_meminfo.o
LOAD obj/aarch64_shell.o
LOAD obj/aarch64_history.o
LOAD obj/aarch64_putchar.o
LOAD obj/aarch64_cmd_registry_portable.o
LOAD obj/aarch64_shell_commands.o
LOAD obj/aarch64_fs_commands.o
LOAD obj/aarch64_fs_io_helpers.o
LOAD obj/aarch64_uart_pl011.o
LOAD obj/aarch64_virtio_input.o
LOAD obj/aarch64_virtio_blk.o
LOAD obj/aarch64_ata_virtio.o
LOAD obj/aarch64_arch.o
LOAD obj/aarch64_fdt.o
LOAD obj/aarch64_vectors.o
LOAD obj/aarch64_gicv2.o
LOAD obj/aarch64_timer.o
LOAD obj/aarch64_irq.o
LOAD obj/aarch64_timer_tick.o
LOAD obj/aarch64_exception.o
LOAD obj/aarch64_psci.o
LOAD obj/aarch64_smp.o
LOAD obj/aarch64_fb_simple.o
LOAD obj/aarch64_gfx.o
LOAD obj/aarch64_gfx_backend_fb_simple.o
LOAD obj/aarch64_printf.o
LOAD obj/aarch64_string.o
LOAD obj/aarch64_shell_log.o
LOAD obj/aarch64_heap.o
LOAD obj/aarch64_pipeline.o
LOAD obj/aarch64_vga_redirect.o
LOAD obj/aarch64_fs_stubs.o
LOAD obj/aarch64_alias.o
LOAD obj/aarch64_math.o
LOAD obj/aarch64_fat32.o
LOAD obj/aarch64_eynfs.o
LOAD obj/aarch64_vfs.o
LOAD obj/aarch64_hal_console.o
LOAD obj/aarch64_hal_keyboard.o
LOAD obj/aarch64_gfx_cmd.o
LOAD obj/aarch64_shell_state.o
LOAD obj/aarch64_util_globals.o
LOAD obj/aarch64_virt_dtb.o
OUTPUT(tmp_aarch64_user/boot/kernel8_full.elf elf64-littleaarch64)
LOAD linker stubs

.comment        0x0000000000000000       0x34
 .comment       0x0000000000000000       0x34 obj/aarch64_kernel_full.o
                                         0x35 (size before relaxing)
 .comment       0x0000000000000034        0x0 obj/aarch64_shell_meminfo.o
                                         0x35 (size before relaxing)
 .comment       0x0000000000000034        0x0 obj/aarch64_shell.o
                                         0x35 (size before relaxing)
 .comment       0x0000000000000034        0x0 obj/aarch64_history.o
                                         0x35 (size before relaxing)
 .comment       0x0000000000000034        0x0 obj/aarch64_putchar.o
                                         0x35 (size before relaxing)
 .comment       0x0000000000000034        0x0 obj/aarch64_cmd_registry_portable.o
                                         0x35 (size before relaxing)
 .comment       0x0000000000000034        0x0 obj/aarch64_shell_commands.o
                                         0x35 (size before relaxing)
 .comment       0x0000000000000034        0x0 obj/aarch64_fs_commands.o
                                         0x35 (size before relaxing)
 .comment       0x0000000000000034        0x0 obj/aarch64_fs_io_helpers.o
                                         0x35 (size before relaxing)
 .comment       0x0000000000000034        0x0 obj/aarch64_uart_pl011.o
                                         0x35 (size before relaxing)
 .comment       0x0000000000000034        0x0 obj/aarch64_virtio_input.o
                                         0x35 (size before relaxing)
 .comment       0x0000000000000034        0x0 obj/aarch64_virtio_blk.o
                                         0x35 (size before relaxing)
 .comment       0x0000000000000034        0x0 obj/aarch64_ata_virtio.o
                                         0x35 (size before relaxing)
 .comment       0x0000000000000034        0x0 obj/aarch64_arch.o
                                         0x35 (size before relaxing)
 .comment       0x0000000000000034        0x0 obj/aarch64_fdt.o
                                         0x35 (size before relaxing)
 .comment       0x0000000000000034        0x0 obj/aarch64_gicv2.o
                                         0x35 (size before relaxing)
 .comment       0x0000000000000034        0x0 obj/aarch64_timer.o
                                         0x35 (size before relaxing)
 .comment       0x0000000000000034        0x0 obj/aarch64_irq.o
                                         0x35 (size before relaxing)
 .comment       0x0000000000000034        0x0 obj/aarch64_timer_tick.o
                                         0x35 (size before relaxing)
 .comment       0x0000000000000034        0x0 obj/aarch64_exception.o
                                         0x35 (size before relaxing)
 .comment       0x0000000000000034        0x0 obj/aarch64_psci.o
                                         0x35 (size before relaxing)
 .comment       0x0000000000000034        0x0 obj/aarch64_smp.o
                                         0x35 (size before relaxing)
 .comment       0x0000000000000034        0x0 obj/aarch64_fb_simple.o
                                         0x35 (size before relaxing)
 .comment       0x0000000000000034        0x0 obj/aarch64_gfx.o
                                         0x35 (size before relaxing)
 .comment       0x0000000000000034        0x0 obj/aarch64_gfx_backend_fb_simple.o
                                         0x35 (size before relaxing)
 .comment       0x0000000000000034        0x0 obj/aarch64_printf.o
                                         0x35 (size before relaxing)
 .comment       0x0000000000000034        0x0 obj/aarch64_string.o
                                         0x35 (size before relaxing)
 .comment       0x0000000000000034        0x0 obj/aarch64_shell_log.o
                                         0x35 (size before relaxing)
 .comment       0x0000000000000034        0x0 obj/aarch64_heap.o
                                         0x35 (size before relaxing)
 .comment       0x0000000000000034        0x0 obj/aarch64_pipeline.o
                                         0x35 (size before relaxing)
 .comment       0x0000000000000034        0x0 obj/aarch64_vga_redirect.o
                                         0x35 (size before relaxing)
 .comment       0x0000000000000034        0x0 obj/aarch64_alias.o
                                         0x35 (size before relaxing)
 .comment       0x0000000000000034        0x0 obj/aarch64_math.o
                                         0x35 (size before relaxing)
 .comment       0x0000000000000034        0x0 obj/aarch64_fat32.o
                                         0x35 (size before relaxing)
 .comment       0x0000000000000034        0x0 obj/aarch64_eynfs.o
                                         0x35 (size before relaxing)
 .comment       0x0000000000000034        0x0 obj/aarch64_vfs.o
                                         0x35 (size before relaxing)
 .comment       0x0000000000000034        0x0 obj/aarch64_hal_console.o
                                         0x35 (size before relaxing)
 .comment       0x0000000000000034        0x0 obj/aarch64_hal_keyboard.o
                                         0x35 (size before relaxing)
 .comment       0x0000000000000034        0x0 obj/aarch64_gfx_cmd.o
                                         0x35 (size before relaxing)
 .comment       0x0000000000000034        0x0 obj/aarch64_shell_state.o
                                         0x35 (size before relaxing)
 .comment       0x0000000000000034        0x0 obj/aarch64_util_globals.o
                                         0x35 (size before relaxing)

.note.GNU-stack
                0x0000000000000000        0x0
 .note.GNU-stack
                0x0000000000000000        0x0 obj/aarch64_kernel_full.o
 .note.GNU-stack
                0x0000000000000000        0x0 obj/aarch64_shell_meminfo.o
 .note.GNU-stack
                0x0000000000000000        0x0 obj/aarch64_shell.o
 .note.GNU-stack
                0x0000000000000000        0x0 obj/aarch64_history.o
 .note.GNU-stack
                0x0000000000000000        0x0 obj/aarch64_putchar.o
 .note.GNU-stack
                0x0000000000000000        0x0 obj/aarch64_cmd_registry_portable.o
 .note.GNU-stack
                0x0000000000000000        0x0 obj/aarch64_shell_commands.o
 .note.GNU-stack
                0x0000000000000000        0x0 obj/aarch64_fs_commands.o
 .note.GNU-stack
                0x0000000000000000        0x0 obj/aarch64_fs_io_helpers.o
 .note.GNU-stack
                0x0000000000000000        0x0 obj/aarch64_uart_pl011.o
 .note.GNU-stack
                0x0000000000000000        0x0 obj/aarch64_virtio_input.o
 .note.GNU-stack
                0x0000000000000000        0x0 obj/aarch64_virtio_blk.o
 .note.GNU-stack
                0x0000000000000000        0x0 obj/aarch64_ata_virtio.o
 .note.GNU-stack
                0x0000000000000000        0x0 obj/aarch64_arch.o
 .note.GNU-stack
                0x0000000000000000        0x0 obj/aarch64_fdt.o
 .note.GNU-stack
                0x0000000000000000        0x0 obj/aarch64_gicv2.o
 .note.GNU-stack
                0x0000000000000000        0x0 obj/aarch64_timer.o
 .note.GNU-stack
                0x0000000000000000        0x0 obj/aarch64_irq.o
 .note.GNU-stack
                0x0000000000000000        0x0 obj/aarch64_timer_tick.o
 .note.GNU-stack
                0x0000000000000000        0x0 obj/aarch64_exception.o
 .note.GNU-stack
                0x0000000000000000        0x0 obj/aarch64_psci.o
 .note.GNU-stack
                0x0000000000000000        0x0 obj/aarch64_smp.o
 .note.GNU-stack
                0x0000000000000000        0x0 obj/aarch64_fb_simple.o
 .note.GNU-stack
                0x0000000000000000        0x0 obj/aarch64_gfx.o
 .note.GNU-stack
                0x0000000000000000        0x0 obj/aarch64_gfx_backend_fb_simple.o
 .note.GNU-stack
                0x0000000000000000        0x0 obj/aarch64_printf.o
 .note.GNU-stack
                0x0000000000000000        0x0 obj/aarch64_string.o
 .note.GNU-stack
                0x0000000000000000        0x0 obj/aarch64_shell_log.o
 .note.GNU-stack
                0x0000000000000000        0x0 obj/aarch64_heap.o
 .note.GNU-stack
                0x0000000000000000        0x0 obj/aarch64_pipeline.o
 .note.GNU-stack
                0x0000000000000000        0x0 obj/aarch64_vga_redirect.o
 .note.GNU-stack
                0x0000000000000000        0x0 obj/aarch64_alias.o
 .note.GNU-stack
                0x0000000000000000        0x0 obj/aarch64_math.o
 .note.GNU-stack
                0x0000000000000000        0x0 obj/aarch64_fat32.o
 .note.GNU-stack
                0x0000000000000000        0x0 obj/aarch64_eynfs.o
 .note.GNU-stack
                0x0000000000000000        0x0 obj/aarch64_vfs.o
 .note.GNU-stack
                0x0000000000000000        0x0 obj/aarch64_hal_console.o
 .note.GNU-stack
                0x0000000000000000        0x0 obj/aarch64_hal_keyboard.o
 .note.GNU-stack
                0x0000000000000000        0x0 obj/aarch64_gfx_cmd.o
 .note.GNU-stack
                0x0000000000000000        0x0 obj/aarch64_shell_state.o
 .note.GNU-stack
                0x0000000000000000        0x0 obj/aarch64_util_globals.o
