
Merging program properties

Removed property 0xc0000000 to merge obj/aarch64_kernel_full.o (0x7) and obj/aarch64_start.o (not found)
Removed property 0xc0000000 to merge obj/aarch64_kernel_full.o (not found) and obj/aarch64_bringup_shell.o (0x7)
Removed property 0xc0000000 to merge obj/aarch64_kernel_full.o (not found) and obj/aarch64_uart_pl011.o (0x7)
Removed property 0xc0000000 to merge obj/aarch64_kernel_full.o (not found) and obj/aarch64_arch.o (0x7)
Removed property 0xc0000000 to merge obj/aarch64_kernel_full.o (not found) and obj/aarch64_fdt.o (0x7)
Removed property 0xc0000000 to merge obj/aarch64_kernel_full.o (not found) and obj/aarch64_gicv2.o (0x7)
Removed property 0xc0000000 to merge obj/aarch64_kernel_full.o (not found) and obj/aarch64_timer.o (0x7)
Removed property 0xc0000000 to merge obj/aarch64_kernel_full.o (not found) and obj/aarch64_irq.o (0x7)
Removed property 0xc0000000 to merge obj/aarch64_kernel_full.o (not found) and obj/aarch64_timer_tick.o (0x7)
Removed property 0xc0000000 to merge obj/aarch64_kernel_full.o (not found) and obj/aarch64_exception.o (0x7)
Removed property 0xc0000000 to merge obj/aarch64_kernel_full.o (not found) and obj/aarch64_psci.o (0x7)
Removed property 0xc0000000 to merge obj/aarch64_kernel_full.o (not found) and obj/aarch64_smp.o (0x7)
Removed property 0xc0000000 to merge obj/aarch64_kernel_full.o (not found) and obj/aarch64_fb_simple.o (0x7)
Removed property 0xc0000000 to merge obj/aarch64_kernel_full.o (not found) and obj/aarch64_printf.o (0x7)

Discarded input sections

 .text          0x0000000000000000        0x0 obj/aarch64_start.o
 .data          0x0000000000000000        0x0 obj/aarch64_start.o
 .bss           0x0000000000000000        0x0 obj/aarch64_start.o
 .text          0x0000000000000000        0x0 obj/aarch64_kernel_full.o
 .data          0x0000000000000000        0x0 obj/aarch64_kernel_full.o
 .bss           0x0000000000000000        0x0 obj/aarch64_kernel_full.o
 .note.gnu.property
                0x0000000000000000       0x20 obj/aarch64_kernel_full.o
 .eh_frame      0x0000000000000000       0x38 obj/aarch64_kernel_full.o
 .text          0x0000000000000000        0x0 obj/aarch64_bringup_shell.o
 .data          0x0000000000000000        0x0 obj/aarch64_bringup_shell.o
 .bss           0x0000000000000000        0x0 obj/aarch64_bringup_shell.o
 .note.gnu.property
                0x0000000000000000       0x20 obj/aarch64_bringup_shell.o
 .eh_frame      0x0000000000000000      0x128 obj/aarch64_bringup_shell.o
 .text          0x0000000000000000        0x0 obj/aarch64_uart_pl011.o
 .data          0x0000000000000000        0x0 obj/aarch64_uart_pl011.o
 .bss           0x0000000000000000        0x0 obj/aarch64_uart_pl011.o
 .note.gnu.property
                0x0000000000000000       0x20 obj/aarch64_uart_pl011.o
 .eh_frame      0x0000000000000000       0xd8 obj/aarch64_uart_pl011.o
 .text          0x0000000000000000        0x0 obj/aarch64_arch.o
 .data          0x0000000000000000        0x0 obj/aarch64_arch.o
 .bss           0x0000000000000000        0x0 obj/aarch64_arch.o
 .text.arch_irq_save
                0x0000000000000000       0x10 obj/aarch64_arch.o
 .text.arch_irq_restore
                0x0000000000000000        0xc obj/aarch64_arch.o
 .text.arch_halt
                0x0000000000000000        0xc obj/aarch64_arch.o
 .text.arch_relax
                0x0000000000000000        0xc obj/aarch64_arch.o
 .text.arch_halt_forever
                0x0000000000000000       0x10 obj/aarch64_arch.o
 .note.gnu.property
                0x0000000000000000       0x20 obj/aarch64_arch.o
 .eh_frame      0x0000000000000000       0xa0 obj/aarch64_arch.o
 .text          0x0000000000000000        0x0 obj/aarch64_fdt.o
 .data          0x0000000000000000        0x0 obj/aarch64_fdt.o
 .bss           0x0000000000000000        0x0 obj/aarch64_fdt.o
 .note.gnu.property
                0x0000000000000000       0x20 obj/aarch64_fdt.o
 .eh_frame      0x0000000000000000      0x230 obj/aarch64_fdt.o
 .data          0x0000000000000000        0x0 obj/aarch64_vectors.o
 .bss           0x0000000000000000        0x0 obj/aarch64_vectors.o
 .text          0x0000000000000000        0x0 obj/aarch64_gicv2.o
 .data          0x0000000000000000        0x0 obj/aarch64_gicv2.o
 .bss           0x0000000000000000        0x0 obj/aarch64_gicv2.o
 .text.gicv2_init
                0x0000000000000000       0x34 obj/aarch64_gicv2.o
 .note.gnu.property
                0x0000000000000000       0x20 obj/aarch64_gicv2.o
 .eh_frame      0x0000000000000000       0xa0 obj/aarch64_gicv2.o
 .text          0x0000000000000000        0x0 obj/aarch64_timer.o
 .data          0x0000000000000000        0x0 obj/aarch64_timer.o
 .bss           0x0000000000000000        0x0 obj/aarch64_timer.o
 .text.aarch64_timer_get_freq_hz
                0x0000000000000000        0xc obj/aarch64_timer.o
 .note.gnu.property
                0x0000000000000000       0x20 obj/aarch64_timer.o
 .eh_frame      0x0000000000000000       0x50 obj/aarch64_timer.o
 .text          0x0000000000000000        0x0 obj/aarch64_irq.o
 .data          0x0000000000000000        0x0 obj/aarch64_irq.o
 .bss           0x0000000000000000        0x0 obj/aarch64_irq.o
 .note.gnu.property
                0x0000000000000000       0x20 obj/aarch64_irq.o
 .eh_frame      0x0000000000000000       0x98 obj/aarch64_irq.o
 .text          0x0000000000000000        0x0 obj/aarch64_timer_tick.o
 .data          0x0000000000000000        0x0 obj/aarch64_timer_tick.o
 .bss           0x0000000000000000        0x0 obj/aarch64_timer_tick.o
 .note.gnu.property
                0x0000000000000000       0x20 obj/aarch64_timer_tick.o
 .eh_frame      0x0000000000000000       0x28 obj/aarch64_timer_tick.o
 .text          0x0000000000000000        0x0 obj/aarch64_exception.o
 .data          0x0000000000000000        0x0 obj/aarch64_exception.o
 .bss           0x0000000000000000        0x0 obj/aarch64_exception.o
 .note.gnu.property
                0x0000000000000000       0x20 obj/aarch64_exception.o
 .eh_frame      0x0000000000000000       0x40 obj/aarch64_exception.o
 .text          0x0000000000000000        0x0 obj/aarch64_psci.o
 .data          0x0000000000000000        0x0 obj/aarch64_psci.o
 .bss           0x0000000000000000        0x0 obj/aarch64_psci.o
 .note.gnu.property
                0x0000000000000000       0x20 obj/aarch64_psci.o
 .eh_frame      0x0000000000000000       0x40 obj/aarch64_psci.o
 .text          0x0000000000000000        0x0 obj/aarch64_smp.o
 .data          0x0000000000000000        0x0 obj/aarch64_smp.o
 .bss           0x0000000000000000        0x0 obj/aarch64_smp.o
 .note.gnu.property
                0x0000000000000000       0x20 obj/aarch64_smp.o
 .eh_frame      0x0000000000000000       0xa8 obj/aarch64_smp.o
 .text          0x0000000000000000        0x0 obj/aarch64_fb_simple.o
 .data          0x0000000000000000        0x0 obj/aarch64_fb_simple.o
 .bss           0x0000000000000000        0x0 obj/aarch64_fb_simple.o
 .text.fb_simple_clear
                0x0000000000000000       0x18 obj/aarch64_fb_simple.o
 .text.fb_simple_last_error
                0x0000000000000000       0x10 obj/aarch64_fb_simple.o
 .note.gnu.property
                0x0000000000000000       0x20 obj/aarch64_fb_simple.o
 .eh_frame      0x0000000000000000      0x178 obj/aarch64_fb_simple.o
 .text          0x0000000000000000        0x0 obj/aarch64_printf.o
 .data          0x0000000000000000        0x0 obj/aarch64_printf.o
 .bss           0x0000000000000000        0x0 obj/aarch64_printf.o
 .text.out_pad  0x0000000000000000       0x34 obj/aarch64_printf.o
 .text.out_u64_dec
                0x0000000000000000       0x68 obj/aarch64_printf.o
 .rodata.out_u64_hex.str1.1
                0x0000000000000000       0x22 obj/aarch64_printf.o
 .text.out_u64_hex
                0x0000000000000000       0x98 obj/aarch64_printf.o
 .rodata.vsnprintf.str1.1
                0x0000000000000000        0x7 obj/aarch64_printf.o
 .text.vsnprintf
                0x0000000000000000      0x420 obj/aarch64_printf.o
 .text.snprintf
                0x0000000000000000       0x6c obj/aarch64_printf.o
 .text.printf   0x0000000000000000       0xd8 obj/aarch64_printf.o
 .comment       0x0000000000000000       0x35 obj/aarch64_printf.o
 .note.GNU-stack
                0x0000000000000000        0x0 obj/aarch64_printf.o
 .note.gnu.property
                0x0000000000000000       0x20 obj/aarch64_printf.o
 .eh_frame      0x0000000000000000       0xf0 obj/aarch64_printf.o

Memory Configuration

Name             Origin             Length             Attributes
*default*        0x0000000000000000 0xffffffffffffffff

Linker script and memory map

                0x0000000040080000                . = 0x40080000
                0x0000000040080000                __kernel_start = .

.text           0x0000000040080000     0x3d44
 *(.text._start)
 .text._start   0x0000000040080000       0x90 obj/aarch64_start.o
                0x0000000040080000                _start
                0x0000000040080050                aarch64_secondary_start
 *(.text .text.*)
 .text.kernel_main
                0x0000000040080090      0x1c0 obj/aarch64_kernel_full.o
                0x0000000040080090                kernel_main
 .text.is_space
                0x0000000040080250       0x20 obj/aarch64_bringup_shell.o
 .text.skip_spaces
                0x0000000040080270       0x50 obj/aarch64_bringup_shell.o
 .text.streq    0x00000000400802c0       0x38 obj/aarch64_bringup_shell.o
 .text.console_putc
                0x00000000400802f8       0x68 obj/aarch64_bringup_shell.o
 .text.console_write.part.0
                0x0000000040080360       0x38 obj/aarch64_bringup_shell.o
 .text.write_hex64
                0x0000000040080398       0x60 obj/aarch64_bringup_shell.o
 .text.aarch64_bringup_shell_set_meminfo
                0x00000000400803f8       0x18 obj/aarch64_bringup_shell.o
                0x00000000400803f8                aarch64_bringup_shell_set_meminfo
 .text.aarch64_bringup_shell_run
                0x0000000040080410      0x364 obj/aarch64_bringup_shell.o
                0x0000000040080410                aarch64_bringup_shell_run
 .text.uart_tx_lock
                0x0000000040080774       0x28 obj/aarch64_uart_pl011.o
 .text.uart_pl011_putc_unlocked
                0x000000004008079c       0x28 obj/aarch64_uart_pl011.o
 .text.uart_pl011_init_115200
                0x00000000400807c4       0x44 obj/aarch64_uart_pl011.o
                0x00000000400807c4                uart_pl011_init_115200
 .text.uart_pl011_putc
                0x0000000040080808       0x3c obj/aarch64_uart_pl011.o
                0x0000000040080808                uart_pl011_putc
 .text.uart_pl011_write
                0x0000000040080844       0x64 obj/aarch64_uart_pl011.o
                0x0000000040080844                uart_pl011_write
 .text.uart_pl011_write_hex64
                0x00000000400808a8       0x6c obj/aarch64_uart_pl011.o
                0x00000000400808a8                uart_pl011_write_hex64
 .text.uart_pl011_getc_nonblock
                0x0000000040080914       0x3c obj/aarch64_uart_pl011.o
                0x0000000040080914                uart_pl011_getc_nonblock
 .text.arch_disable_interrupts
                0x0000000040080950        0xc obj/aarch64_arch.o
                0x0000000040080950                arch_disable_interrupts
 .text.arch_enable_interrupts
                0x000000004008095c        0xc obj/aarch64_arch.o
                0x000000004008095c                arch_enable_interrupts
 .text.streq    0x0000000040080968       0x3c obj/aarch64_fdt.o
 .text.mem_has_exact_str
                0x00000000400809a4       0x98 obj/aarch64_fdt.o
 .text.read_cells_as_u64
                0x0000000040080a3c       0x38 obj/aarch64_fdt.o
 .text.fdt_parse_memory
                0x0000000040080a74      0x2c0 obj/aarch64_fdt.o
                0x0000000040080a74                fdt_parse_memory
 .text.fdt_parse_gicv2
                0x0000000040080d34      0x31c obj/aarch64_fdt.o
                0x0000000040080d34                fdt_parse_gicv2
 .text.fdt_parse_armv8_timer_virtual_irq
                0x0000000040081050      0x25c obj/aarch64_fdt.o
                0x0000000040081050                fdt_parse_armv8_timer_virtual_irq
 .text.fdt_parse_cpus_mpidr
                0x00000000400812ac      0x3d0 obj/aarch64_fdt.o
                0x00000000400812ac                fdt_parse_cpus_mpidr
 .text.fdt_parse_psci_method
                0x000000004008167c      0x294 obj/aarch64_fdt.o
                0x000000004008167c                fdt_parse_psci_method
 .text.fdt_parse_simple_framebuffer
                0x0000000040081910      0x3fc obj/aarch64_fdt.o
                0x0000000040081910                fdt_parse_simple_framebuffer
 .text.fdt_parse_qemu_fw_cfg_mmio
                0x0000000040081d0c      0x304 obj/aarch64_fdt.o
                0x0000000040081d0c                fdt_parse_qemu_fw_cfg_mmio
 .text          0x0000000040082010       0x60 obj/aarch64_vectors.o
 *fill*         0x0000000040082070      0x790 
 .text.vectors  0x0000000040082800      0x800 obj/aarch64_vectors.o
                0x0000000040082800                aarch64_vectors
 .text.gicv2_dist_init
                0x0000000040083000       0x18 obj/aarch64_gicv2.o
                0x0000000040083000                gicv2_dist_init
 .text.gicv2_cpu_init
                0x0000000040083018       0x20 obj/aarch64_gicv2.o
                0x0000000040083018                gicv2_cpu_init
 .text.gicv2_enable_irq
                0x0000000040083038       0x28 obj/aarch64_gicv2.o
                0x0000000040083038                gicv2_enable_irq
 .text.gicv2_ack_irq
                0x0000000040083060       0x10 obj/aarch64_gicv2.o
                0x0000000040083060                gicv2_ack_irq
 .text.gicv2_eoi_irq
                0x0000000040083070       0x10 obj/aarch64_gicv2.o
                0x0000000040083070                gicv2_eoi_irq
 .text.aarch64_timer_init_tick_hz
                0x0000000040083080       0x40 obj/aarch64_timer.o
                0x0000000040083080                aarch64_timer_init_tick_hz
 .text.aarch64_timer_rearm
                0x00000000400830c0       0x38 obj/aarch64_timer.o
                0x00000000400830c0                aarch64_timer_rearm
 .text.aarch64_irq_cpu_init
                0x00000000400830f8       0x44 obj/aarch64_irq.o
                0x00000000400830f8                aarch64_irq_cpu_init
 .text.aarch64_irq_init
                0x000000004008313c       0x38 obj/aarch64_irq.o
                0x000000004008313c                aarch64_irq_init
 .text.aarch64_irq_dispatch
                0x0000000040083174       0xa4 obj/aarch64_irq.o
                0x0000000040083174                aarch64_irq_dispatch
 .text.aarch64_timer_on_tick
                0x0000000040083218        0x8 obj/aarch64_timer_tick.o
                0x0000000040083218                aarch64_timer_on_tick
 .text.aarch64_sync_dispatch
                0x0000000040083220       0xc4 obj/aarch64_exception.o
                0x0000000040083220                aarch64_sync_dispatch
 .text.psci_set_conduit
                0x00000000400832e4       0x18 obj/aarch64_psci.o
                0x00000000400832e4                psci_set_conduit
 .text.psci_cpu_on
                0x00000000400832fc       0x34 obj/aarch64_psci.o
                0x00000000400832fc                psci_cpu_on
 .text.append_str
                0x0000000040083330       0x20 obj/aarch64_smp.o
 .text.append_hex64
                0x0000000040083350       0x50 obj/aarch64_smp.o
 .text.aarch64_cpu_id
                0x00000000400833a0       0x10 obj/aarch64_smp.o
                0x00000000400833a0                aarch64_cpu_id
 .text.aarch64_smp_boot
                0x00000000400833b0      0x194 obj/aarch64_smp.o
                0x00000000400833b0                aarch64_smp_boot
 .text.aarch64_secondary_entry
                0x0000000040083544       0x78 obj/aarch64_smp.o
                0x0000000040083544                aarch64_secondary_entry
 .text.bswap32  0x00000000400835bc        0x8 obj/aarch64_fb_simple.o
 .text.fw_cfg_read_u32_be
                0x00000000400835c4       0x2c obj/aarch64_fb_simple.o
 .text.fb_put_pixel
                0x00000000400835f0       0x50 obj/aarch64_fb_simple.o
 .text.aarch64_dcache_clean_poc_range.part.0
                0x0000000040083640       0x44 obj/aarch64_fb_simple.o
 .text.fb_clear_screen
                0x0000000040083684       0x94 obj/aarch64_fb_simple.o
 .text.fb_newline
                0x0000000040083718       0x34 obj/aarch64_fb_simple.o
 .text.fb_simple_init
                0x000000004008374c      0x3cc obj/aarch64_fb_simple.o
                0x000000004008374c                fb_simple_init
 .text.fb_simple_ready
                0x0000000040083b18       0x18 obj/aarch64_fb_simple.o
                0x0000000040083b18                fb_simple_ready
 .text.fb_simple_putc
                0x0000000040083b30      0x154 obj/aarch64_fb_simple.o
                0x0000000040083b30                fb_simple_putc
 .text.fb_simple_write
                0x0000000040083c84       0x44 obj/aarch64_fb_simple.o
                0x0000000040083c84                fb_simple_write
 .text.fb_simple_get_info
                0x0000000040083cc8       0x7c obj/aarch64_fb_simple.o
                0x0000000040083cc8                fb_simple_get_info

.iplt           0x0000000040083d44        0x0
 .iplt          0x0000000040083d44        0x0 obj/aarch64_start.o

.rodata         0x0000000040083d50      0xc55
 *(.rodata .rodata.*)
 .rodata.kernel_main.str1.1
                0x0000000040083d50      0x44c obj/aarch64_kernel_full.o
                                         0x90 (size before relaxing)
 .rodata.write_hex64.str1.1
                0x000000004008419c        0x0 obj/aarch64_bringup_shell.o
                                         0x14 (size before relaxing)
 .rodata.aarch64_bringup_shell_run.str1.1
                0x000000004008419c        0x0 obj/aarch64_bringup_shell.o
                                        0x1ba (size before relaxing)
 .rodata.uart_pl011_write_hex64.str1.1
                0x000000004008419c        0x0 obj/aarch64_uart_pl011.o
                                         0x11 (size before relaxing)
 .rodata.fdt_parse_memory.str1.1
                0x000000004008419c        0x0 obj/aarch64_fdt.o
                                         0x32 (size before relaxing)
 .rodata.fdt_parse_gicv2.str1.1
                0x000000004008419c        0x0 obj/aarch64_fdt.o
                                         0x57 (size before relaxing)
 .rodata.fdt_parse_armv8_timer_virtual_irq.str1.1
                0x000000004008419c        0x0 obj/aarch64_fdt.o
                                         0x2f (size before relaxing)
 .rodata.fdt_parse_cpus_mpidr.str1.1
                0x000000004008419c        0x0 obj/aarch64_fdt.o
                                         0x13 (size before relaxing)
 .rodata.fdt_parse_psci_method.str1.1
                0x000000004008419c        0x0 obj/aarch64_fdt.o
                                         0x21 (size before relaxing)
 .rodata.fdt_parse_simple_framebuffer.str1.1
                0x000000004008419c        0x0 obj/aarch64_fdt.o
                                         0x2e (size before relaxing)
 .rodata.fdt_parse_qemu_fw_cfg_mmio.str1.1
                0x000000004008419c        0x0 obj/aarch64_fdt.o
                                         0x11 (size before relaxing)
 .rodata.aarch64_sync_dispatch.str1.1
                0x000000004008419c        0x0 obj/aarch64_exception.o
                                         0x4d (size before relaxing)
 .rodata.append_hex64.str1.1
                0x000000004008419c        0x0 obj/aarch64_smp.o
                                         0x11 (size before relaxing)
 .rodata.aarch64_smp_boot.str1.1
                0x000000004008419c        0x0 obj/aarch64_smp.o
                                         0xa4 (size before relaxing)
 .rodata.aarch64_secondary_entry.str1.1
                0x000000004008419c        0x0 obj/aarch64_smp.o
                                          0xe (size before relaxing)
 .rodata.fb_simple_init.str1.1
                0x000000004008419c        0x0 obj/aarch64_fb_simple.o
                                          0xa (size before relaxing)
 .rodata.g_font8x8
                0x000000004008419c      0x809 obj/aarch64_fb_simple.o

.rela.dyn       0x00000000400849a8        0x0
 .rela.iplt     0x00000000400849a8        0x0 obj/aarch64_start.o
 .rela.text._start
                0x00000000400849a8        0x0 obj/aarch64_start.o

.data           0x00000000400849b0   0x100004
 *(.data .data.*)
 .data.g_fb_bpp
                0x00000000400849b0        0x4 obj/aarch64_fb_simple.o
 .data          0x00000000400849b4   0x100000 obj/aarch64_virt_dtb.o
                0x00000000400849b4                _binary_virt_dtb_start
                0x00000000401849b4                _binary_virt_dtb_end

.igot.plt       0x00000000401849b8        0x0
 .igot.plt      0x00000000401849b8        0x0 obj/aarch64_start.o

.bss            0x00000000401849c0   0x1d8ca8
                0x00000000401849c0                __bss_start = .
 *(.bss .bss.*)
 .bss.g_ram_size
                0x00000000401849c0        0x8 obj/aarch64_bringup_shell.o
 .bss.g_ram_base
                0x00000000401849c8        0x8 obj/aarch64_bringup_shell.o
 .bss.g_uart_tx_lock
                0x00000000401849d0        0x4 obj/aarch64_uart_pl011.o
 .bss.g_cntv_interval
                0x00000000401849d4        0x4 obj/aarch64_timer.o
 .bss.g_timer_irq_id
                0x00000000401849d8        0x4 obj/aarch64_irq.o
 *fill*         0x00000000401849dc        0x4 
 .bss.g_gic     0x00000000401849e0       0x10 obj/aarch64_irq.o
 .bss.g_aarch64_ticks
                0x00000000401849f0        0x4 obj/aarch64_irq.o
                0x00000000401849f0                g_aarch64_ticks
 .bss.g_psci_use_hvc
                0x00000000401849f4        0x4 obj/aarch64_psci.o
 .bss.aarch64_cpu_ticks
                0x00000000401849f8       0x10 obj/aarch64_smp.o
                0x00000000401849f8                aarch64_cpu_ticks
 .bss.aarch64_cpu_online
                0x0000000040184a08       0x10 obj/aarch64_smp.o
                0x0000000040184a08                aarch64_cpu_online
 *fill*         0x0000000040184a18        0x8 
 .bss.aarch64_cpu_stacks
                0x0000000040184a20     0x4000 obj/aarch64_smp.o
                0x0000000040184a20                aarch64_cpu_stacks
 .bss.g_ramfb_pixels
                0x0000000040188a20   0x1d4c00 obj/aarch64_fb_simple.o
 .bss.g_fb_last_error
                0x000000004035d620        0x4 obj/aarch64_fb_simple.o
 .bss.g_cursor_y
                0x000000004035d624        0x4 obj/aarch64_fb_simple.o
 .bss.g_cursor_x
                0x000000004035d628        0x4 obj/aarch64_fb_simple.o
 *fill*         0x000000004035d62c        0x4 
 .bss.g_fb_format
                0x000000004035d630       0x20 obj/aarch64_fb_simple.o
 .bss.g_fb_stride
                0x000000004035d650        0x4 obj/aarch64_fb_simple.o
 .bss.g_fb_height
                0x000000004035d654        0x4 obj/aarch64_fb_simple.o
 .bss.g_fb_width
                0x000000004035d658        0x4 obj/aarch64_fb_simple.o
 *fill*         0x000000004035d65c        0x4 
 .bss.g_fb_base
                0x000000004035d660        0x8 obj/aarch64_fb_simple.o
 *(COMMON)
                0x000000004035d668                __bss_end = .
                0x000000004035d670                . = ALIGN (0x10)
                0x000000004035d670                __stack_bottom = .
                0x000000004036d670                . = (. + 0x10000)
                0x000000004036d670                __stack_top = .
                0x000000004036d670                __kernel_end = .
LOAD obj/aarch64_start.o
LOAD obj/aarch64_kernel_full.o
LOAD obj/aarch64_bringup_shell.o
LOAD obj/aarch64_uart_pl011.o
LOAD obj/aarch64_arch.o
LOAD obj/aarch64_fdt.o
LOAD obj/aarch64_vectors.o
LOAD obj/aarch64_gicv2.o
LOAD obj/aarch64_timer.o
LOAD obj/aarch64_irq.o
LOAD obj/aarch64_timer_tick.o
LOAD obj/aarch64_exception.o
LOAD obj/aarch64_psci.o
LOAD obj/aarch64_smp.o
LOAD obj/aarch64_fb_simple.o
LOAD obj/aarch64_printf.o
LOAD obj/aarch64_virt_dtb.o
OUTPUT(tmp_aarch64_user/boot/kernel8_full.elf elf64-littleaarch64)
LOAD linker stubs

.comment        0x0000000000000000       0x34
 .comment       0x0000000000000000       0x34 obj/aarch64_kernel_full.o
                                         0x35 (size before relaxing)
 .comment       0x0000000000000034        0x0 obj/aarch64_bringup_shell.o
                                         0x35 (size before relaxing)
 .comment       0x0000000000000034        0x0 obj/aarch64_uart_pl011.o
                                         0x35 (size before relaxing)
 .comment       0x0000000000000034        0x0 obj/aarch64_arch.o
                                         0x35 (size before relaxing)
 .comment       0x0000000000000034        0x0 obj/aarch64_fdt.o
                                         0x35 (size before relaxing)
 .comment       0x0000000000000034        0x0 obj/aarch64_gicv2.o
                                         0x35 (size before relaxing)
 .comment       0x0000000000000034        0x0 obj/aarch64_timer.o
                                         0x35 (size before relaxing)
 .comment       0x0000000000000034        0x0 obj/aarch64_irq.o
                                         0x35 (size before relaxing)
 .comment       0x0000000000000034        0x0 obj/aarch64_timer_tick.o
                                         0x35 (size before relaxing)
 .comment       0x0000000000000034        0x0 obj/aarch64_exception.o
                                         0x35 (size before relaxing)
 .comment       0x0000000000000034        0x0 obj/aarch64_psci.o
                                         0x35 (size before relaxing)
 .comment       0x0000000000000034        0x0 obj/aarch64_smp.o
                                         0x35 (size before relaxing)
 .comment       0x0000000000000034        0x0 obj/aarch64_fb_simple.o
                                         0x35 (size before relaxing)

.note.GNU-stack
                0x0000000000000000        0x0
 .note.GNU-stack
                0x0000000000000000        0x0 obj/aarch64_kernel_full.o
 .note.GNU-stack
                0x0000000000000000        0x0 obj/aarch64_bringup_shell.o
 .note.GNU-stack
                0x0000000000000000        0x0 obj/aarch64_uart_pl011.o
 .note.GNU-stack
                0x0000000000000000        0x0 obj/aarch64_arch.o
 .note.GNU-stack
                0x0000000000000000        0x0 obj/aarch64_fdt.o
 .note.GNU-stack
                0x0000000000000000        0x0 obj/aarch64_gicv2.o
 .note.GNU-stack
                0x0000000000000000        0x0 obj/aarch64_timer.o
 .note.GNU-stack
                0x0000000000000000        0x0 obj/aarch64_irq.o
 .note.GNU-stack
                0x0000000000000000        0x0 obj/aarch64_timer_tick.o
 .note.GNU-stack
                0x0000000000000000        0x0 obj/aarch64_exception.o
 .note.GNU-stack
                0x0000000000000000        0x0 obj/aarch64_psci.o
 .note.GNU-stack
                0x0000000000000000        0x0 obj/aarch64_smp.o
 .note.GNU-stack
                0x0000000000000000        0x0 obj/aarch64_fb_simple.o
