
Merging program properties

Removed property 0xc0000000 to merge obj/aarch64_kernel_full.o (0x7) and obj/aarch64_start.o (not found)
Removed property 0xc0000000 to merge obj/aarch64_kernel_full.o (not found) and obj/aarch64_bringup_shell.o (0x7)
Removed property 0xc0000000 to merge obj/aarch64_kernel_full.o (not found) and obj/aarch64_shell_dispatch.o (0x7)
Removed property 0xc0000000 to merge obj/aarch64_kernel_full.o (not found) and obj/aarch64_shell_cmds_min.o (0x7)
Removed property 0xc0000000 to merge obj/aarch64_kernel_full.o (not found) and obj/aarch64_uart_pl011.o (0x7)
Removed property 0xc0000000 to merge obj/aarch64_kernel_full.o (not found) and obj/aarch64_virtio_input.o (0x7)
Removed property 0xc0000000 to merge obj/aarch64_kernel_full.o (not found) and obj/aarch64_virtio_blk.o (0x7)
Removed property 0xc0000000 to merge obj/aarch64_kernel_full.o (not found) and obj/aarch64_ata_virtio.o (0x7)
Removed property 0xc0000000 to merge obj/aarch64_kernel_full.o (not found) and obj/aarch64_arch.o (0x7)
Removed property 0xc0000000 to merge obj/aarch64_kernel_full.o (not found) and obj/aarch64_fdt.o (0x7)
Removed property 0xc0000000 to merge obj/aarch64_kernel_full.o (not found) and obj/aarch64_gicv2.o (0x7)
Removed property 0xc0000000 to merge obj/aarch64_kernel_full.o (not found) and obj/aarch64_timer.o (0x7)
Removed property 0xc0000000 to merge obj/aarch64_kernel_full.o (not found) and obj/aarch64_irq.o (0x7)
Removed property 0xc0000000 to merge obj/aarch64_kernel_full.o (not found) and obj/aarch64_timer_tick.o (0x7)
Removed property 0xc0000000 to merge obj/aarch64_kernel_full.o (not found) and obj/aarch64_exception.o (0x7)
Removed property 0xc0000000 to merge obj/aarch64_kernel_full.o (not found) and obj/aarch64_psci.o (0x7)
Removed property 0xc0000000 to merge obj/aarch64_kernel_full.o (not found) and obj/aarch64_smp.o (0x7)
Removed property 0xc0000000 to merge obj/aarch64_kernel_full.o (not found) and obj/aarch64_fb_simple.o (0x7)
Removed property 0xc0000000 to merge obj/aarch64_kernel_full.o (not found) and obj/aarch64_printf.o (0x7)
Removed property 0xc0000000 to merge obj/aarch64_kernel_full.o (not found) and obj/aarch64_string.o (0x7)
Removed property 0xc0000000 to merge obj/aarch64_kernel_full.o (not found) and obj/aarch64_heap.o (0x7)
Removed property 0xc0000000 to merge obj/aarch64_kernel_full.o (not found) and obj/aarch64_pipeline.o (0x7)
Removed property 0xc0000000 to merge obj/aarch64_kernel_full.o (not found) and obj/aarch64_shell_find_command.o (0x7)
Removed property 0xc0000000 to merge obj/aarch64_kernel_full.o (not found) and obj/aarch64_vga_redirect.o (0x7)
Removed property 0xc0000000 to merge obj/aarch64_kernel_full.o (not found) and obj/aarch64_fs_stubs.o (0x7)
Removed property 0xc0000000 to merge obj/aarch64_kernel_full.o (not found) and obj/aarch64_alias_stub.o (0x7)
Removed property 0xc0000000 to merge obj/aarch64_kernel_full.o (not found) and obj/aarch64_math.o (0x7)
Removed property 0xc0000000 to merge obj/aarch64_kernel_full.o (not found) and obj/aarch64_fat32.o (0x7)
Removed property 0xc0000000 to merge obj/aarch64_kernel_full.o (not found) and obj/aarch64_eynfs.o (0x7)
Removed property 0xc0000000 to merge obj/aarch64_kernel_full.o (not found) and obj/aarch64_vfs.o (0x7)
Removed property 0xc0000000 to merge obj/aarch64_kernel_full.o (not found) and obj/aarch64_hal_console.o (0x7)
Removed property 0xc0000000 to merge obj/aarch64_kernel_full.o (not found) and obj/aarch64_hal_keyboard.o (0x7)

Discarded input sections

 .text          0x0000000000000000        0x0 obj/aarch64_start.o
 .data          0x0000000000000000        0x0 obj/aarch64_start.o
 .bss           0x0000000000000000        0x0 obj/aarch64_start.o
 .text          0x0000000000000000        0x0 obj/aarch64_kernel_full.o
 .data          0x0000000000000000        0x0 obj/aarch64_kernel_full.o
 .bss           0x0000000000000000        0x0 obj/aarch64_kernel_full.o
 .note.gnu.property
                0x0000000000000000       0x20 obj/aarch64_kernel_full.o
 .eh_frame      0x0000000000000000       0x68 obj/aarch64_kernel_full.o
 .text          0x0000000000000000        0x0 obj/aarch64_bringup_shell.o
 .data          0x0000000000000000        0x0 obj/aarch64_bringup_shell.o
 .bss           0x0000000000000000        0x0 obj/aarch64_bringup_shell.o
 .note.gnu.property
                0x0000000000000000       0x20 obj/aarch64_bringup_shell.o
 .eh_frame      0x0000000000000000       0x50 obj/aarch64_bringup_shell.o
 .text          0x0000000000000000        0x0 obj/aarch64_shell_dispatch.o
 .data          0x0000000000000000        0x0 obj/aarch64_shell_dispatch.o
 .bss           0x0000000000000000        0x0 obj/aarch64_shell_dispatch.o
 .note.gnu.property
                0x0000000000000000       0x20 obj/aarch64_shell_dispatch.o
 .eh_frame      0x0000000000000000       0x48 obj/aarch64_shell_dispatch.o
 .text          0x0000000000000000        0x0 obj/aarch64_shell_cmds_min.o
 .data          0x0000000000000000        0x0 obj/aarch64_shell_cmds_min.o
 .bss           0x0000000000000000        0x0 obj/aarch64_shell_cmds_min.o
 .note.gnu.property
                0x0000000000000000       0x20 obj/aarch64_shell_cmds_min.o
 .eh_frame      0x0000000000000000      0x350 obj/aarch64_shell_cmds_min.o
 .text          0x0000000000000000        0x0 obj/aarch64_uart_pl011.o
 .data          0x0000000000000000        0x0 obj/aarch64_uart_pl011.o
 .bss           0x0000000000000000        0x0 obj/aarch64_uart_pl011.o
 .note.gnu.property
                0x0000000000000000       0x20 obj/aarch64_uart_pl011.o
 .eh_frame      0x0000000000000000       0xd8 obj/aarch64_uart_pl011.o
 .text          0x0000000000000000        0x0 obj/aarch64_virtio_input.o
 .data          0x0000000000000000        0x0 obj/aarch64_virtio_input.o
 .bss           0x0000000000000000        0x0 obj/aarch64_virtio_input.o
 .text.virtio_input_ready
                0x0000000000000000       0x10 obj/aarch64_virtio_input.o
 .note.gnu.property
                0x0000000000000000       0x20 obj/aarch64_virtio_input.o
 .eh_frame      0x0000000000000000       0xe8 obj/aarch64_virtio_input.o
 .text          0x0000000000000000        0x0 obj/aarch64_virtio_blk.o
 .data          0x0000000000000000        0x0 obj/aarch64_virtio_blk.o
 .bss           0x0000000000000000        0x0 obj/aarch64_virtio_blk.o
 .note.gnu.property
                0x0000000000000000       0x20 obj/aarch64_virtio_blk.o
 .eh_frame      0x0000000000000000      0x100 obj/aarch64_virtio_blk.o
 .text          0x0000000000000000        0x0 obj/aarch64_ata_virtio.o
 .data          0x0000000000000000        0x0 obj/aarch64_ata_virtio.o
 .bss           0x0000000000000000        0x0 obj/aarch64_ata_virtio.o
 .text.ata_detect_drive
                0x0000000000000000       0x18 obj/aarch64_ata_virtio.o
 .text.ata_identify
                0x0000000000000000        0xc obj/aarch64_ata_virtio.o
 .text.ata_read_sector_retry
                0x0000000000000000       0x64 obj/aarch64_ata_virtio.o
 .text.ata_write_sector_retry
                0x0000000000000000       0x64 obj/aarch64_ata_virtio.o
 .text.ata_drive_present
                0x0000000000000000       0x38 obj/aarch64_ata_virtio.o
 .text.ata_get_drive_info
                0x0000000000000000       0x44 obj/aarch64_ata_virtio.o
 .text.ata_list_drives
                0x0000000000000000        0x8 obj/aarch64_ata_virtio.o
 .text.ata_identify_drive
                0x0000000000000000       0x6c obj/aarch64_ata_virtio.o
 .text.ata_logical_to_physical
                0x0000000000000000        0x8 obj/aarch64_ata_virtio.o
 .text.ata_physical_to_logical
                0x0000000000000000        0x8 obj/aarch64_ata_virtio.o
 .text.ata_get_num_logical_drives
                0x0000000000000000       0x24 obj/aarch64_ata_virtio.o
 .text.ata_logical_drive_present
                0x0000000000000000       0x38 obj/aarch64_ata_virtio.o
 .note.gnu.property
                0x0000000000000000       0x20 obj/aarch64_ata_virtio.o
 .eh_frame      0x0000000000000000      0x218 obj/aarch64_ata_virtio.o
 .text          0x0000000000000000        0x0 obj/aarch64_arch.o
 .data          0x0000000000000000        0x0 obj/aarch64_arch.o
 .bss           0x0000000000000000        0x0 obj/aarch64_arch.o
 .text.arch_irq_save
                0x0000000000000000       0x10 obj/aarch64_arch.o
 .text.arch_irq_restore
                0x0000000000000000        0xc obj/aarch64_arch.o
 .text.arch_halt
                0x0000000000000000        0xc obj/aarch64_arch.o
 .text.arch_relax
                0x0000000000000000        0xc obj/aarch64_arch.o
 .text.arch_halt_forever
                0x0000000000000000       0x10 obj/aarch64_arch.o
 .note.gnu.property
                0x0000000000000000       0x20 obj/aarch64_arch.o
 .eh_frame      0x0000000000000000       0xa0 obj/aarch64_arch.o
 .text          0x0000000000000000        0x0 obj/aarch64_fdt.o
 .data          0x0000000000000000        0x0 obj/aarch64_fdt.o
 .bss           0x0000000000000000        0x0 obj/aarch64_fdt.o
 .note.gnu.property
                0x0000000000000000       0x20 obj/aarch64_fdt.o
 .eh_frame      0x0000000000000000      0x288 obj/aarch64_fdt.o
 .data          0x0000000000000000        0x0 obj/aarch64_vectors.o
 .bss           0x0000000000000000        0x0 obj/aarch64_vectors.o
 .text          0x0000000000000000        0x0 obj/aarch64_gicv2.o
 .data          0x0000000000000000        0x0 obj/aarch64_gicv2.o
 .bss           0x0000000000000000        0x0 obj/aarch64_gicv2.o
 .text.gicv2_init
                0x0000000000000000       0x34 obj/aarch64_gicv2.o
 .note.gnu.property
                0x0000000000000000       0x20 obj/aarch64_gicv2.o
 .eh_frame      0x0000000000000000       0xa0 obj/aarch64_gicv2.o
 .text          0x0000000000000000        0x0 obj/aarch64_timer.o
 .data          0x0000000000000000        0x0 obj/aarch64_timer.o
 .bss           0x0000000000000000        0x0 obj/aarch64_timer.o
 .text.aarch64_timer_get_freq_hz
                0x0000000000000000        0xc obj/aarch64_timer.o
 .note.gnu.property
                0x0000000000000000       0x20 obj/aarch64_timer.o
 .eh_frame      0x0000000000000000       0x50 obj/aarch64_timer.o
 .text          0x0000000000000000        0x0 obj/aarch64_irq.o
 .data          0x0000000000000000        0x0 obj/aarch64_irq.o
 .bss           0x0000000000000000        0x0 obj/aarch64_irq.o
 .note.gnu.property
                0x0000000000000000       0x20 obj/aarch64_irq.o
 .eh_frame      0x0000000000000000       0x98 obj/aarch64_irq.o
 .text          0x0000000000000000        0x0 obj/aarch64_timer_tick.o
 .data          0x0000000000000000        0x0 obj/aarch64_timer_tick.o
 .bss           0x0000000000000000        0x0 obj/aarch64_timer_tick.o
 .note.gnu.property
                0x0000000000000000       0x20 obj/aarch64_timer_tick.o
 .eh_frame      0x0000000000000000       0x28 obj/aarch64_timer_tick.o
 .text          0x0000000000000000        0x0 obj/aarch64_exception.o
 .data          0x0000000000000000        0x0 obj/aarch64_exception.o
 .bss           0x0000000000000000        0x0 obj/aarch64_exception.o
 .note.gnu.property
                0x0000000000000000       0x20 obj/aarch64_exception.o
 .eh_frame      0x0000000000000000       0x40 obj/aarch64_exception.o
 .text          0x0000000000000000        0x0 obj/aarch64_psci.o
 .data          0x0000000000000000        0x0 obj/aarch64_psci.o
 .bss           0x0000000000000000        0x0 obj/aarch64_psci.o
 .note.gnu.property
                0x0000000000000000       0x20 obj/aarch64_psci.o
 .eh_frame      0x0000000000000000       0x98 obj/aarch64_psci.o
 .text          0x0000000000000000        0x0 obj/aarch64_smp.o
 .data          0x0000000000000000        0x0 obj/aarch64_smp.o
 .bss           0x0000000000000000        0x0 obj/aarch64_smp.o
 .note.gnu.property
                0x0000000000000000       0x20 obj/aarch64_smp.o
 .eh_frame      0x0000000000000000       0xa8 obj/aarch64_smp.o
 .text          0x0000000000000000        0x0 obj/aarch64_fb_simple.o
 .data          0x0000000000000000        0x0 obj/aarch64_fb_simple.o
 .bss           0x0000000000000000        0x0 obj/aarch64_fb_simple.o
 .text.fb_simple_clear
                0x0000000000000000       0x18 obj/aarch64_fb_simple.o
 .text.fb_simple_last_error
                0x0000000000000000       0x10 obj/aarch64_fb_simple.o
 .note.gnu.property
                0x0000000000000000       0x20 obj/aarch64_fb_simple.o
 .eh_frame      0x0000000000000000      0x198 obj/aarch64_fb_simple.o
 .text          0x0000000000000000        0x0 obj/aarch64_printf.o
 .data          0x0000000000000000        0x0 obj/aarch64_printf.o
 .bss           0x0000000000000000        0x0 obj/aarch64_printf.o
 .note.gnu.property
                0x0000000000000000       0x20 obj/aarch64_printf.o
 .eh_frame      0x0000000000000000       0xe8 obj/aarch64_printf.o
 .text          0x0000000000000000        0x0 obj/aarch64_string.o
 .data          0x0000000000000000        0x0 obj/aarch64_string.o
 .bss           0x0000000000000000        0x0 obj/aarch64_string.o
 .text.memmove  0x0000000000000000       0x58 obj/aarch64_string.o
 .text.memcmp   0x0000000000000000       0x44 obj/aarch64_string.o
 .text.strrchr  0x0000000000000000       0x34 obj/aarch64_string.o
 .text.strspn   0x0000000000000000       0x48 obj/aarch64_string.o
 .text.strpbrk  0x0000000000000000       0x40 obj/aarch64_string.o
 .text.atoi     0x0000000000000000       0x90 obj/aarch64_string.o
 .note.gnu.property
                0x0000000000000000       0x20 obj/aarch64_string.o
 .eh_frame      0x0000000000000000      0x1d8 obj/aarch64_string.o
 .text          0x0000000000000000        0x0 obj/aarch64_heap.o
 .data          0x0000000000000000        0x0 obj/aarch64_heap.o
 .bss           0x0000000000000000        0x0 obj/aarch64_heap.o
 .text.calloc   0x0000000000000000       0x64 obj/aarch64_heap.o
 .text.realloc  0x0000000000000000       0xa0 obj/aarch64_heap.o
 .note.gnu.property
                0x0000000000000000       0x20 obj/aarch64_heap.o
 .eh_frame      0x0000000000000000       0xd0 obj/aarch64_heap.o
 .text          0x0000000000000000        0x0 obj/aarch64_pipeline.o
 .data          0x0000000000000000        0x0 obj/aarch64_pipeline.o
 .bss           0x0000000000000000        0x0 obj/aarch64_pipeline.o
 .text.allocate_file_descriptor
                0x0000000000000000       0x4c obj/aarch64_pipeline.o
 .text.get_file_descriptor
                0x0000000000000000       0x20 obj/aarch64_pipeline.o
 .text.close_fd
                0x0000000000000000       0x70 obj/aarch64_pipeline.o
 .text.cleanup_pipeline_system
                0x0000000000000000       0x88 obj/aarch64_pipeline.o
 .text.remove_background_process
                0x0000000000000000       0x84 obj/aarch64_pipeline.o
 .text.get_background_process
                0x0000000000000000       0x4c obj/aarch64_pipeline.o
 .rodata.list_background_processes.str1.1
                0x0000000000000000       0x47 obj/aarch64_pipeline.o
 .text.list_background_processes
                0x0000000000000000       0x98 obj/aarch64_pipeline.o
 .rodata.wait_for_background_process.str1.1
                0x0000000000000000       0x20 obj/aarch64_pipeline.o
 .text.wait_for_background_process
                0x0000000000000000       0x54 obj/aarch64_pipeline.o
 .text.wait_for_all_background_processes
                0x0000000000000000       0x48 obj/aarch64_pipeline.o
 .data.g_next_bg_pid
                0x0000000000000000        0x4 obj/aarch64_pipeline.o
 .data.g_next_fd
                0x0000000000000000        0x4 obj/aarch64_pipeline.o
 .note.gnu.property
                0x0000000000000000       0x20 obj/aarch64_pipeline.o
 .eh_frame      0x0000000000000000      0x580 obj/aarch64_pipeline.o
 .text          0x0000000000000000        0x0 obj/aarch64_shell_find_command.o
 .data          0x0000000000000000        0x0 obj/aarch64_shell_find_command.o
 .bss           0x0000000000000000        0x0 obj/aarch64_shell_find_command.o
 .note.gnu.property
                0x0000000000000000       0x20 obj/aarch64_shell_find_command.o
 .eh_frame      0x0000000000000000       0x48 obj/aarch64_shell_find_command.o
 .text          0x0000000000000000        0x0 obj/aarch64_vga_redirect.o
 .data          0x0000000000000000        0x0 obj/aarch64_vga_redirect.o
 .bss           0x0000000000000000        0x0 obj/aarch64_vga_redirect.o
 .note.gnu.property
                0x0000000000000000       0x20 obj/aarch64_vga_redirect.o
 .eh_frame      0x0000000000000000       0x40 obj/aarch64_vga_redirect.o
 .text          0x0000000000000000        0x0 obj/aarch64_fs_stubs.o
 .data          0x0000000000000000        0x0 obj/aarch64_fs_stubs.o
 .bss           0x0000000000000000        0x0 obj/aarch64_fs_stubs.o
 .text.resolve_path
                0x0000000000000000       0x48 obj/aarch64_fs_stubs.o
 .text.poll_keyboard_for_ctrl_c
                0x0000000000000000        0x8 obj/aarch64_fs_stubs.o
 .data.shell_current_path
                0x0000000000000000       0x80 obj/aarch64_fs_stubs.o
 .note.gnu.property
                0x0000000000000000       0x20 obj/aarch64_fs_stubs.o
 .eh_frame      0x0000000000000000       0xa0 obj/aarch64_fs_stubs.o
 .text          0x0000000000000000        0x0 obj/aarch64_alias_stub.o
 .data          0x0000000000000000        0x0 obj/aarch64_alias_stub.o
 .bss           0x0000000000000000        0x0 obj/aarch64_alias_stub.o
 .note.gnu.property
                0x0000000000000000       0x20 obj/aarch64_alias_stub.o
 .eh_frame      0x0000000000000000       0x28 obj/aarch64_alias_stub.o
 .text          0x0000000000000000        0x0 obj/aarch64_math.o
 .data          0x0000000000000000        0x0 obj/aarch64_math.o
 .bss           0x0000000000000000        0x0 obj/aarch64_math.o
 .text.math_add
                0x0000000000000000        0xc obj/aarch64_math.o
 .text.math_remove
                0x0000000000000000        0xc obj/aarch64_math.o
 .text.math_epi
                0x0000000000000000       0x14 obj/aarch64_math.o
 .text.math_dia
                0x0000000000000000       0x1c obj/aarch64_math.o
 .text.rand_seed
                0x0000000000000000       0x10 obj/aarch64_math.o
 .text.swap_strings
                0x0000000000000000       0x18 obj/aarch64_math.o
 .text.build_bad_char_table
                0x0000000000000000       0x40 obj/aarch64_math.o
 .text.build_good_suffix_table
                0x0000000000000000       0xe0 obj/aarch64_math.o
 .text.boyer_moore_search
                0x0000000000000000      0x110 obj/aarch64_math.o
 .note.gnu.property
                0x0000000000000000       0x20 obj/aarch64_math.o
 .eh_frame      0x0000000000000000      0x1c8 obj/aarch64_math.o
 .text          0x0000000000000000        0x0 obj/aarch64_fat32.o
 .data          0x0000000000000000        0x0 obj/aarch64_fat32.o
 .bss           0x0000000000000000        0x0 obj/aarch64_fat32.o
 .text.fat32_read_bpb
                0x0000000000000000       0x48 obj/aarch64_fat32.o
 .text.fat32_next_cluster
                0x0000000000000000       0x20 obj/aarch64_fat32.o
 .rodata.fat32_list_root.str1.1
                0x0000000000000000       0x12 obj/aarch64_fat32.o
 .text.fat32_list_root
                0x0000000000000000      0x164 obj/aarch64_fat32.o
 .text.fat32_read_file
                0x0000000000000000      0x14c obj/aarch64_fat32.o
 .text.fat32_list_dir
                0x0000000000000000      0x16c obj/aarch64_fat32.o
 .text.fat32_find_entry
                0x0000000000000000      0x19c obj/aarch64_fat32.o
 .text.fat32_write_file
                0x0000000000000000      0x250 obj/aarch64_fat32.o
 .text.fat32_list_root_sector
                0x0000000000000000      0x1a8 obj/aarch64_fat32.o
 .text.fat32_read_file_sector
                0x0000000000000000      0x24c obj/aarch64_fat32.o
 .text.fat32_write_file_sector
                0x0000000000000000      0x358 obj/aarch64_fat32.o
 .rodata.fat32_format_partition.str1.1
                0x0000000000000000       0x58 obj/aarch64_fat32.o
 .text.fat32_format_partition
                0x0000000000000000      0x3bc obj/aarch64_fat32.o
 .note.gnu.property
                0x0000000000000000       0x20 obj/aarch64_fat32.o
 .eh_frame      0x0000000000000000      0x460 obj/aarch64_fat32.o
 .text          0x0000000000000000        0x0 obj/aarch64_eynfs.o
 .data          0x0000000000000000        0x0 obj/aarch64_eynfs.o
 .bss           0x0000000000000000        0x0 obj/aarch64_eynfs.o
 .text.eynfs_cache_invalidate_block
                0x0000000000000000       0x38 obj/aarch64_eynfs.o
 .text.eynfs_cache_flush
                0x0000000000000000       0x6c obj/aarch64_eynfs.o
 .text.eynfs_dir_cache_invalidate
                0x0000000000000000       0x68 obj/aarch64_eynfs.o
 .text.eynfs_cache_write_block
                0x0000000000000000       0x98 obj/aarch64_eynfs.o
 .text.eynfs_alloc_block_optimized
                0x0000000000000000      0x180 obj/aarch64_eynfs.o
 .text.eynfs_bitmap_set_used
                0x0000000000000000       0xdc obj/aarch64_eynfs.o
 .text.eynfs_write_superblock
                0x0000000000000000       0x74 obj/aarch64_eynfs.o
 .text.eynfs_read_dir_table
                0x0000000000000000       0xdc obj/aarch64_eynfs.o
 .rodata.eynfs_count_dir_entries.str1.1
                0x0000000000000000       0x43 obj/aarch64_eynfs.o
 .text.eynfs_count_dir_entries
                0x0000000000000000       0x9c obj/aarch64_eynfs.o
 .text.eynfs_alloc_block
                0x0000000000000000       0x68 obj/aarch64_eynfs.o
 .text.eynfs_write_dir_table
                0x0000000000000000      0x260 obj/aarch64_eynfs.o
 .text.eynfs_free_block
                0x0000000000000000       0x54 obj/aarch64_eynfs.o
 .text.eynfs_create_entry
                0x0000000000000000      0x2bc obj/aarch64_eynfs.o
 .rodata.eynfs_write_file.str1.1
                0x0000000000000000      0x12f obj/aarch64_eynfs.o
 .text.eynfs_write_file
                0x0000000000000000      0x2cc obj/aarch64_eynfs.o
 .text.eynfs_open
                0x0000000000000000      0x288 obj/aarch64_eynfs.o
 .text.eynfs_get_cache_stats
                0x0000000000000000       0x28 obj/aarch64_eynfs.o
 .text.eynfs_reset_cache_stats
                0x0000000000000000       0x18 obj/aarch64_eynfs.o
 .text.eynfs_cache_clear
                0x0000000000000000       0x88 obj/aarch64_eynfs.o
 .text.eynfs_delete_entry
                0x0000000000000000      0x15c obj/aarch64_eynfs.o
 .text.eynfs_alloc_block_fast
                0x0000000000000000        0x8 obj/aarch64_eynfs.o
 .text.eynfs_stream_begin
                0x0000000000000000      0x1d0 obj/aarch64_eynfs.o
 .text.eynfs_stream_write
                0x0000000000000000      0x1b0 obj/aarch64_eynfs.o
 .text.eynfs_stream_end
                0x0000000000000000      0x108 obj/aarch64_eynfs.o
 .bss.eynfs_files
                0x0000000000000000      0xe00 obj/aarch64_eynfs.o
 .bss.free_block_cache
                0x0000000000000000      0x100 obj/aarch64_eynfs.o
 .note.gnu.property
                0x0000000000000000       0x20 obj/aarch64_eynfs.o
 .eh_frame      0x0000000000000000      0x698 obj/aarch64_eynfs.o
 .text          0x0000000000000000        0x0 obj/aarch64_vfs.o
 .data          0x0000000000000000        0x0 obj/aarch64_vfs.o
 .bss           0x0000000000000000        0x0 obj/aarch64_vfs.o
 .text.fat32_read_fat_entry
                0x0000000000000000       0x88 obj/aarch64_vfs.o
 .text.fat32_write_fat_entry_all
                0x0000000000000000       0xf8 obj/aarch64_vfs.o
 .text.vfs_split_path.constprop.0
                0x0000000000000000       0xf8 obj/aarch64_vfs.o
 .text.fat32_free_chain_sector_all.isra.0
                0x0000000000000000       0x9c obj/aarch64_vfs.o
 .text.fat32_allocate_chain_sector_all.constprop.0
                0x0000000000000000      0x154 obj/aarch64_vfs.o
 .text.vfs_get_file_size
                0x0000000000000000      0x10c obj/aarch64_vfs.o
 .text.vfs_read_file
                0x0000000000000000      0x228 obj/aarch64_vfs.o
 .text.vfs_stat
                0x0000000000000000      0x134 obj/aarch64_vfs.o
 .text.vfs_write_file
                0x0000000000000000      0x638 obj/aarch64_vfs.o
 .text.vfs_mkdir
                0x0000000000000000      0x430 obj/aarch64_vfs.o
 .text.vfs_rmdir
                0x0000000000000000      0x440 obj/aarch64_vfs.o
 .text.vfs_unlink
                0x0000000000000000      0x3b4 obj/aarch64_vfs.o
 .note.gnu.property
                0x0000000000000000       0x20 obj/aarch64_vfs.o
 .eh_frame      0x0000000000000000      0x4f8 obj/aarch64_vfs.o
 .text          0x0000000000000000        0x0 obj/aarch64_hal_console.o
 .data          0x0000000000000000        0x0 obj/aarch64_hal_console.o
 .bss           0x0000000000000000        0x0 obj/aarch64_hal_console.o
 .text.hal_console_write_len
                0x0000000000000000       0x58 obj/aarch64_hal_console.o
 .text.hal_console_set_rgb
                0x0000000000000000        0x8 obj/aarch64_hal_console.o
 .note.gnu.property
                0x0000000000000000       0x20 obj/aarch64_hal_console.o
 .eh_frame      0x0000000000000000       0xc0 obj/aarch64_hal_console.o
 .text          0x0000000000000000        0x0 obj/aarch64_hal_keyboard.o
 .data          0x0000000000000000        0x0 obj/aarch64_hal_keyboard.o
 .bss           0x0000000000000000        0x0 obj/aarch64_hal_keyboard.o
 .text.hal_kbd_modifiers
                0x0000000000000000        0xc obj/aarch64_hal_keyboard.o
 .note.gnu.property
                0x0000000000000000       0x20 obj/aarch64_hal_keyboard.o
 .eh_frame      0x0000000000000000       0x50 obj/aarch64_hal_keyboard.o

Memory Configuration

Name             Origin             Length             Attributes
*default*        0x0000000000000000 0xffffffffffffffff

Linker script and memory map

                0x0000000040080000                . = 0x40080000
                0x0000000040080000                __kernel_start = .

.text           0x0000000040080000     0x9318
 *(.text._start)
 .text._start   0x0000000040080000       0x90 obj/aarch64_start.o
                0x0000000040080000                _start
                0x0000000040080050                aarch64_secondary_start
 *(.text .text.*)
 .text.fb_write_hex64
                0x0000000040080090       0x60 obj/aarch64_kernel_full.o
 .text.kernel_main
                0x00000000400800f0      0x278 obj/aarch64_kernel_full.o
                0x00000000400800f0                kernel_main
 .text.aarch64_bringup_shell_set_meminfo
                0x0000000040080368        0x8 obj/aarch64_bringup_shell.o
                0x0000000040080368                aarch64_bringup_shell_set_meminfo
 .text.aarch64_bringup_shell_run
                0x0000000040080370      0x168 obj/aarch64_bringup_shell.o
                0x0000000040080370                aarch64_bringup_shell_run
 .text.aarch64_shell_dispatch_line
                0x00000000400804d8      0x17c obj/aarch64_shell_dispatch.o
                0x00000000400804d8                aarch64_shell_dispatch_line
 .text.skip_cmd_name
                0x0000000040080654       0x60 obj/aarch64_shell_cmds_min.o
 .text.cmd_help
                0x00000000400806b4       0xd0 obj/aarch64_shell_cmds_min.o
 .text.cmd_ver  0x0000000040080784       0x10 obj/aarch64_shell_cmds_min.o
 .text.write_hex64
                0x0000000040080794       0x6c obj/aarch64_shell_cmds_min.o
 .text.cmd_ticks
                0x0000000040080800       0x3c obj/aarch64_shell_cmds_min.o
 .text.ls_cb    0x000000004008083c       0x54 obj/aarch64_shell_cmds_min.o
 .text.cmd_meminfo
                0x0000000040080890       0x50 obj/aarch64_shell_cmds_min.o
 .text.cmd_sort
                0x00000000400808e0      0x150 obj/aarch64_shell_cmds_min.o
 .text.cmd_fbinfo
                0x0000000040080a30       0xf0 obj/aarch64_shell_cmds_min.o
 .text.cmd_ls   0x0000000040080b20       0x74 obj/aarch64_shell_cmds_min.o
 .text.cmd_cat  0x0000000040080b94       0xfc obj/aarch64_shell_cmds_min.o
 .text.cmd_reboot
                0x0000000040080c90       0x24 obj/aarch64_shell_cmds_min.o
 .text.cmd_poweroff
                0x0000000040080cb4       0x24 obj/aarch64_shell_cmds_min.o
 .text.cmd_echo
                0x0000000040080cd8       0x48 obj/aarch64_shell_cmds_min.o
 .text.cmd_calc
                0x0000000040080d20       0x80 obj/aarch64_shell_cmds_min.o
 .text.cmd_random
                0x0000000040080da0      0x374 obj/aarch64_shell_cmds_min.o
 .text.cmd_vfsdetect
                0x0000000040081114       0x50 obj/aarch64_shell_cmds_min.o
 .text.aarch64_shell_set_meminfo
                0x0000000040081164       0x18 obj/aarch64_shell_cmds_min.o
                0x0000000040081164                aarch64_shell_set_meminfo
 .text.uart_tx_lock
                0x000000004008117c       0x28 obj/aarch64_uart_pl011.o
 .text.uart_pl011_putc_unlocked
                0x00000000400811a4       0x28 obj/aarch64_uart_pl011.o
 .text.uart_pl011_init_115200
                0x00000000400811cc       0x44 obj/aarch64_uart_pl011.o
                0x00000000400811cc                uart_pl011_init_115200
 .text.uart_pl011_putc
                0x0000000040081210       0x3c obj/aarch64_uart_pl011.o
                0x0000000040081210                uart_pl011_putc
 .text.uart_pl011_write
                0x000000004008124c       0x64 obj/aarch64_uart_pl011.o
                0x000000004008124c                uart_pl011_write
 .text.uart_pl011_write_hex64
                0x00000000400812b0       0x6c obj/aarch64_uart_pl011.o
                0x00000000400812b0                uart_pl011_write_hex64
 .text.uart_pl011_getc_nonblock
                0x000000004008131c       0x3c obj/aarch64_uart_pl011.o
                0x000000004008131c                uart_pl011_getc_nonblock
 .text.aarch64_dcache_clean_invalidate_poc_range.part.0
                0x0000000040081358       0x44 obj/aarch64_virtio_input.o
 .text.aarch64_dcache_clean_poc_range.part.0
                0x000000004008139c       0x44 obj/aarch64_virtio_input.o
 .text.aarch64_dcache_clean_poc_range
                0x00000000400813e0        0xc obj/aarch64_virtio_input.o
 .text.virtio_input_base
                0x00000000400813ec       0x10 obj/aarch64_virtio_input.o
                0x00000000400813ec                virtio_input_base
 .text.virtio_input_getc_nonblock
                0x00000000400813fc      0x560 obj/aarch64_virtio_input.o
                0x00000000400813fc                virtio_input_getc_nonblock
 .text.virtio_input_init
                0x000000004008195c      0x3bc obj/aarch64_virtio_input.o
                0x000000004008195c                virtio_input_init
 .text.aarch64_dcache_clean_invalidate_poc_range.part.0
                0x0000000040081d18       0x44 obj/aarch64_virtio_blk.o
 .text.aarch64_dcache_clean_invalidate_poc_range
                0x0000000040081d5c        0xc obj/aarch64_virtio_blk.o
 .text.aarch64_dcache_clean_poc_range.part.0
                0x0000000040081d68       0x44 obj/aarch64_virtio_blk.o
 .text.virtio_blk_submit
                0x0000000040081dac      0x1e4 obj/aarch64_virtio_blk.o
 .text.virtio_blk_init
                0x0000000040081f90      0x28c obj/aarch64_virtio_blk.o
                0x0000000040081f90                virtio_blk_init
 .text.virtio_blk_read_sector
                0x000000004008221c       0x14 obj/aarch64_virtio_blk.o
                0x000000004008221c                virtio_blk_read_sector
 .text.virtio_blk_write_sector
                0x0000000040082230       0x14 obj/aarch64_virtio_blk.o
                0x0000000040082230                virtio_blk_write_sector
 .text.ensure_ready
                0x0000000040082244       0x28 obj/aarch64_ata_virtio.o
 .text.ata_init_drives
                0x000000004008226c       0x8c obj/aarch64_ata_virtio.o
                0x000000004008226c                ata_init_drives
 .text.ata_read_sector
                0x00000000400822f8       0x54 obj/aarch64_ata_virtio.o
                0x00000000400822f8                ata_read_sector
 .text.ata_write_sector
                0x000000004008234c       0x54 obj/aarch64_ata_virtio.o
                0x000000004008234c                ata_write_sector
 .text.arch_disable_interrupts
                0x00000000400823a0        0xc obj/aarch64_arch.o
                0x00000000400823a0                arch_disable_interrupts
 .text.arch_enable_interrupts
                0x00000000400823ac        0xc obj/aarch64_arch.o
                0x00000000400823ac                arch_enable_interrupts
 .text.streq    0x00000000400823b8       0x3c obj/aarch64_fdt.o
 .text.mem_has_exact_str
                0x00000000400823f4       0x98 obj/aarch64_fdt.o
 .text.read_cells_as_u64
                0x000000004008248c       0x38 obj/aarch64_fdt.o
 .text.fdt_parse_memory
                0x00000000400824c4      0x2c0 obj/aarch64_fdt.o
                0x00000000400824c4                fdt_parse_memory
 .text.fdt_parse_gicv2
                0x0000000040082784      0x31c obj/aarch64_fdt.o
                0x0000000040082784                fdt_parse_gicv2
 .text.fdt_parse_armv8_timer_virtual_irq
                0x0000000040082aa0      0x25c obj/aarch64_fdt.o
                0x0000000040082aa0                fdt_parse_armv8_timer_virtual_irq
 .text.fdt_parse_cpus_mpidr
                0x0000000040082cfc      0x3d0 obj/aarch64_fdt.o
                0x0000000040082cfc                fdt_parse_cpus_mpidr
 .text.fdt_parse_psci_method
                0x00000000400830cc      0x294 obj/aarch64_fdt.o
                0x00000000400830cc                fdt_parse_psci_method
 .text.fdt_parse_simple_framebuffer
                0x0000000040083360      0x3fc obj/aarch64_fdt.o
                0x0000000040083360                fdt_parse_simple_framebuffer
 .text.fdt_parse_virtio_mmio
                0x000000004008375c      0x2fc obj/aarch64_fdt.o
                0x000000004008375c                fdt_parse_virtio_mmio
 .text.fdt_parse_qemu_fw_cfg_mmio
                0x0000000040083a58      0x304 obj/aarch64_fdt.o
                0x0000000040083a58                fdt_parse_qemu_fw_cfg_mmio
 .text          0x0000000040083d5c       0x60 obj/aarch64_vectors.o
 *fill*         0x0000000040083dbc      0x244 
 .text.vectors  0x0000000040084000      0x800 obj/aarch64_vectors.o
                0x0000000040084000                aarch64_vectors
 .text.gicv2_dist_init
                0x0000000040084800       0x18 obj/aarch64_gicv2.o
                0x0000000040084800                gicv2_dist_init
 .text.gicv2_cpu_init
                0x0000000040084818       0x20 obj/aarch64_gicv2.o
                0x0000000040084818                gicv2_cpu_init
 .text.gicv2_enable_irq
                0x0000000040084838       0x28 obj/aarch64_gicv2.o
                0x0000000040084838                gicv2_enable_irq
 .text.gicv2_ack_irq
                0x0000000040084860       0x10 obj/aarch64_gicv2.o
                0x0000000040084860                gicv2_ack_irq
 .text.gicv2_eoi_irq
                0x0000000040084870       0x10 obj/aarch64_gicv2.o
                0x0000000040084870                gicv2_eoi_irq
 .text.aarch64_timer_init_tick_hz
                0x0000000040084880       0x40 obj/aarch64_timer.o
                0x0000000040084880                aarch64_timer_init_tick_hz
 .text.aarch64_timer_rearm
                0x00000000400848c0       0x38 obj/aarch64_timer.o
                0x00000000400848c0                aarch64_timer_rearm
 .text.aarch64_irq_cpu_init
                0x00000000400848f8       0x44 obj/aarch64_irq.o
                0x00000000400848f8                aarch64_irq_cpu_init
 .text.aarch64_irq_init
                0x000000004008493c       0x38 obj/aarch64_irq.o
                0x000000004008493c                aarch64_irq_init
 .text.aarch64_irq_dispatch
                0x0000000040084974       0xa4 obj/aarch64_irq.o
                0x0000000040084974                aarch64_irq_dispatch
 .text.aarch64_timer_on_tick
                0x0000000040084a18        0x8 obj/aarch64_timer_tick.o
                0x0000000040084a18                aarch64_timer_on_tick
 .text.aarch64_sync_dispatch
                0x0000000040084a20       0xc4 obj/aarch64_exception.o
                0x0000000040084a20                aarch64_sync_dispatch
 .text.smc_call
                0x0000000040084ae4       0x1c obj/aarch64_psci.o
 .text.psci_set_conduit
                0x0000000040084b00       0x18 obj/aarch64_psci.o
                0x0000000040084b00                psci_set_conduit
 .text.psci_cpu_on
                0x0000000040084b18       0x30 obj/aarch64_psci.o
                0x0000000040084b18                psci_cpu_on
 .text.psci_system_off
                0x0000000040084b48       0x2c obj/aarch64_psci.o
                0x0000000040084b48                psci_system_off
 .text.psci_system_reset
                0x0000000040084b74       0x2c obj/aarch64_psci.o
                0x0000000040084b74                psci_system_reset
 .text.append_str
                0x0000000040084ba0       0x20 obj/aarch64_smp.o
 .text.append_hex64
                0x0000000040084bc0       0x50 obj/aarch64_smp.o
 .text.aarch64_cpu_id
                0x0000000040084c10       0x10 obj/aarch64_smp.o
                0x0000000040084c10                aarch64_cpu_id
 .text.aarch64_smp_boot
                0x0000000040084c20      0x194 obj/aarch64_smp.o
                0x0000000040084c20                aarch64_smp_boot
 .text.aarch64_secondary_entry
                0x0000000040084db4       0x78 obj/aarch64_smp.o
                0x0000000040084db4                aarch64_secondary_entry
 .text.bswap32  0x0000000040084e2c        0x8 obj/aarch64_fb_simple.o
 .text.fw_cfg_read_u32_be
                0x0000000040084e34       0x2c obj/aarch64_fb_simple.o
 .text.fb_put_pixel
                0x0000000040084e60       0x50 obj/aarch64_fb_simple.o
 .text.aarch64_dcache_clean_poc_range.part.0
                0x0000000040084eb0       0x44 obj/aarch64_fb_simple.o
 .text.fb_clear_screen
                0x0000000040084ef4       0x94 obj/aarch64_fb_simple.o
 .text.fb_newline
                0x0000000040084f88       0x34 obj/aarch64_fb_simple.o
 .text.fb_draw_glyph.constprop.0
                0x0000000040084fbc      0x108 obj/aarch64_fb_simple.o
 .text.fb_simple_init
                0x00000000400850c4      0x3cc obj/aarch64_fb_simple.o
                0x00000000400850c4                fb_simple_init
 .text.fb_simple_ready
                0x0000000040085490       0x18 obj/aarch64_fb_simple.o
                0x0000000040085490                fb_simple_ready
 .text.fb_simple_putc
                0x00000000400854a8       0xe8 obj/aarch64_fb_simple.o
                0x00000000400854a8                fb_simple_putc
 .text.fb_simple_write
                0x0000000040085590       0x44 obj/aarch64_fb_simple.o
                0x0000000040085590                fb_simple_write
 .text.fb_simple_get_info
                0x00000000400855d4       0x7c obj/aarch64_fb_simple.o
                0x00000000400855d4                fb_simple_get_info
 .text.out_pad  0x0000000040085650       0x34 obj/aarch64_printf.o
 .text.out_u64_dec
                0x0000000040085684       0x68 obj/aarch64_printf.o
 .text.out_u64_hex
                0x00000000400856ec       0x98 obj/aarch64_printf.o
 .text.vsnprintf
                0x0000000040085784      0x420 obj/aarch64_printf.o
                0x0000000040085784                vsnprintf
 .text.snprintf
                0x0000000040085ba4       0x6c obj/aarch64_printf.o
                0x0000000040085ba4                snprintf
 .text.printf   0x0000000040085c10      0x108 obj/aarch64_printf.o
                0x0000000040085c10                printf
 .text.memcpy   0x0000000040085d18       0x30 obj/aarch64_string.o
                0x0000000040085d18                memcpy
 .text.memset   0x0000000040085d48       0x28 obj/aarch64_string.o
                0x0000000040085d48                memset
 .text.strlen   0x0000000040085d70       0x24 obj/aarch64_string.o
                0x0000000040085d70                strlen
 .text.strlength
                0x0000000040085d94       0x3c obj/aarch64_string.o
                0x0000000040085d94                strlength
 .text.strcpy   0x0000000040085dd0       0x28 obj/aarch64_string.o
                0x0000000040085dd0                strcpy
 .text.strncpy  0x0000000040085df8       0x48 obj/aarch64_string.o
                0x0000000040085df8                strncpy
 .text.strcat   0x0000000040085e40       0x3c obj/aarch64_string.o
                0x0000000040085e40                strcat
 .text.strncat  0x0000000040085e7c       0x4c obj/aarch64_string.o
                0x0000000040085e7c                strncat
 .text.strcmp   0x0000000040085ec8       0x3c obj/aarch64_string.o
                0x0000000040085ec8                strcmp
 .text.strncmp  0x0000000040085f04       0x48 obj/aarch64_string.o
                0x0000000040085f04                strncmp
 .text.strchr   0x0000000040085f4c       0x30 obj/aarch64_string.o
                0x0000000040085f4c                strchr
 .text.strstr   0x0000000040085f7c       0x80 obj/aarch64_string.o
                0x0000000040085f7c                strstr
 .text.strtok_r
                0x0000000040085ffc       0xb4 obj/aarch64_string.o
                0x0000000040085ffc                strtok_r
 .text.heap_init_default
                0x00000000400860b0       0x48 obj/aarch64_heap.o
 .text.aarch64_heap_init
                0x00000000400860f8       0x80 obj/aarch64_heap.o
                0x00000000400860f8                aarch64_heap_init
 .text.malloc   0x0000000040086178      0x140 obj/aarch64_heap.o
                0x0000000040086178                malloc
 .text.free     0x00000000400862b8       0x84 obj/aarch64_heap.o
                0x00000000400862b8                free
 .text.init_pipeline_system
                0x000000004008633c       0x60 obj/aarch64_pipeline.o
                0x000000004008633c                init_pipeline_system
 .text.is_pipeline_command
                0x000000004008639c       0x48 obj/aarch64_pipeline.o
                0x000000004008639c                is_pipeline_command
 .text.count_pipeline_commands
                0x00000000400863e4       0x38 obj/aarch64_pipeline.o
                0x00000000400863e4                count_pipeline_commands
 .text.is_whitespace
                0x000000004008641c       0x24 obj/aarch64_pipeline.o
                0x000000004008641c                is_whitespace
 .text.trim_whitespace
                0x0000000040086440       0x6c obj/aarch64_pipeline.o
                0x0000000040086440                trim_whitespace
 .text.simple_strtok
                0x00000000400864ac       0xdc obj/aarch64_pipeline.o
                0x00000000400864ac                simple_strtok
 .text.split_command
                0x0000000040086588      0x134 obj/aarch64_pipeline.o
                0x0000000040086588                split_command
 .text.free_args
                0x00000000400866bc       0x60 obj/aarch64_pipeline.o
                0x00000000400866bc                free_args
 .text.parse_redirections
                0x000000004008671c      0x32c obj/aarch64_pipeline.o
                0x000000004008671c                parse_redirections
 .text.parse_command
                0x0000000040086a48      0x1fc obj/aarch64_pipeline.o
                0x0000000040086a48                parse_command
 .text.parse_pipeline
                0x0000000040086c44       0xe8 obj/aarch64_pipeline.o
                0x0000000040086c44                parse_pipeline
 .text.free_command
                0x0000000040086d2c       0x7c obj/aarch64_pipeline.o
                0x0000000040086d2c                free_command
 .text.free_pipeline
                0x0000000040086da8       0x4c obj/aarch64_pipeline.o
                0x0000000040086da8                free_pipeline
 .text.read_file_for_input_redirection
                0x0000000040086df4       0xb8 obj/aarch64_pipeline.o
                0x0000000040086df4                read_file_for_input_redirection
 .text.execute_simple_command.part.0
                0x0000000040086eac      0x298 obj/aarch64_pipeline.o
 .text.execute_simple_command
                0x0000000040087144       0x1c obj/aarch64_pipeline.o
                0x0000000040087144                execute_simple_command
 .text.execute_complex_pipeline
                0x0000000040087160      0x220 obj/aarch64_pipeline.o
                0x0000000040087160                execute_complex_pipeline
 .text.add_background_process
                0x0000000040087380       0x98 obj/aarch64_pipeline.o
                0x0000000040087380                add_background_process
 .text.execute_background_command
                0x0000000040087418      0x114 obj/aarch64_pipeline.o
                0x0000000040087418                execute_background_command
 .text.execute_command
                0x000000004008752c       0x20 obj/aarch64_pipeline.o
                0x000000004008752c                execute_command
 .text.execute_pipeline
                0x000000004008754c      0x340 obj/aarch64_pipeline.o
                0x000000004008754c                execute_pipeline
 .text.find_command
                0x000000004008788c       0x84 obj/aarch64_shell_find_command.o
                0x000000004008788c                find_command
 .text.start_shell_redirect
                0x0000000040087910       0x24 obj/aarch64_vga_redirect.o
                0x0000000040087910                start_shell_redirect
 .text.stop_shell_redirect
                0x0000000040087934       0x10 obj/aarch64_vga_redirect.o
                0x0000000040087934                stop_shell_redirect
 .text.write_output_to_file
                0x0000000040087944        0xc obj/aarch64_fs_stubs.o
                0x0000000040087944                write_output_to_file
 .text.append_output_to_file
                0x0000000040087950        0xc obj/aarch64_fs_stubs.o
                0x0000000040087950                append_output_to_file
 .text.open     0x000000004008795c        0xc obj/aarch64_fs_stubs.o
                0x000000004008795c                open
 .text.read     0x0000000040087968        0xc obj/aarch64_fs_stubs.o
                0x0000000040087968                read
 .text.close    0x0000000040087974        0xc obj/aarch64_fs_stubs.o
                0x0000000040087974                close
 .text.shell_alias_expand_line
                0x0000000040087980        0xc obj/aarch64_alias_stub.o
                0x0000000040087980                shell_alias_expand_line
 .text.math_get_current_equation
                0x000000004008798c      0x2fc obj/aarch64_math.o
                0x000000004008798c                math_get_current_equation
 .text.rand_next
                0x0000000040087c88       0x28 obj/aarch64_math.o
                0x0000000040087c88                rand_next
 .text.rand_range
                0x0000000040087cb0       0x48 obj/aarch64_math.o
                0x0000000040087cb0                rand_range
 .text.partition_strings
                0x0000000040087cf8       0xac obj/aarch64_math.o
                0x0000000040087cf8                partition_strings
 .text.quicksort_strings
                0x0000000040087da4       0x64 obj/aarch64_math.o
                0x0000000040087da4                quicksort_strings
 .text.to_fat32_83
                0x0000000040087e08       0xdc obj/aarch64_fat32.o
                0x0000000040087e08                to_fat32_83
 .text.fat32_read_bpb_sector
                0x0000000040087ee4       0x5c obj/aarch64_fat32.o
                0x0000000040087ee4                fat32_read_bpb_sector
 .text.fat32_next_cluster_sector
                0x0000000040087f40       0x7c obj/aarch64_fat32.o
                0x0000000040087f40                fat32_next_cluster_sector
 .text.fat32_get_partition_lba_start
                0x0000000040087fbc       0xc4 obj/aarch64_fat32.o
                0x0000000040087fbc                fat32_get_partition_lba_start
 .text.fat32_find_entry_sector
                0x0000000040088080      0x1b4 obj/aarch64_fat32.o
                0x0000000040088080                fat32_find_entry_sector
 .text.eynfs_cache_get_block
                0x0000000040088234      0x1a4 obj/aarch64_eynfs.o
                0x0000000040088234                eynfs_cache_get_block
 .text.eynfs_read_superblock
                0x00000000400883d8       0xc0 obj/aarch64_eynfs.o
                0x00000000400883d8                eynfs_read_superblock
 .text.eynfs_find_in_dir
                0x0000000040088498      0x1c4 obj/aarch64_eynfs.o
                0x0000000040088498                eynfs_find_in_dir
 .text.eynfs_traverse_path
                0x000000004008865c      0x180 obj/aarch64_eynfs.o
                0x000000004008865c                eynfs_traverse_path
 .text.eynfs_read_file
                0x00000000400887dc      0x16c obj/aarch64_eynfs.o
                0x00000000400887dc                eynfs_read_file
 .text.fat32_path_to_entry
                0x0000000040088948      0x15c obj/aarch64_vfs.o
 .text.vfs_detect
                0x0000000040088aa4       0x90 obj/aarch64_vfs.o
                0x0000000040088aa4                vfs_detect
 .text.vfs_read_file_at
                0x0000000040088b34      0x2c8 obj/aarch64_vfs.o
                0x0000000040088b34                vfs_read_file_at
 .text.vfs_listdir
                0x0000000040088dfc      0x408 obj/aarch64_vfs.o
                0x0000000040088dfc                vfs_listdir
 .text.hal_console_putc
                0x0000000040089204       0x90 obj/aarch64_hal_console.o
                0x0000000040089204                hal_console_putc
 .text.hal_console_write
                0x0000000040089294       0x44 obj/aarch64_hal_console.o
                0x0000000040089294                hal_console_write
 .text.hal_kbd_getc_nonblock
                0x00000000400892d8       0x40 obj/aarch64_hal_keyboard.o
                0x00000000400892d8                hal_kbd_getc_nonblock

.iplt           0x0000000040089318        0x0
 .iplt          0x0000000040089318        0x0 obj/aarch64_start.o

.rodata         0x0000000040089320     0x1600
 *(.rodata .rodata.*)
 .rodata.fb_write_hex64.str1.1
                0x0000000040089320      0xae1 obj/aarch64_kernel_full.o
                                         0x14 (size before relaxing)
 .rodata.kernel_main.str1.1
                0x0000000040089e01        0x0 obj/aarch64_kernel_full.o
                                         0xcc (size before relaxing)
 .rodata.aarch64_bringup_shell_run.str1.1
                0x0000000040089e01        0x0 obj/aarch64_bringup_shell.o
                                         0x44 (size before relaxing)
 .rodata.cmd_help.str1.1
                0x0000000040089e01        0x0 obj/aarch64_shell_cmds_min.o
                                         0x29 (size before relaxing)
 .rodata.cmd_ver.str1.1
                0x0000000040089e01        0x0 obj/aarch64_shell_cmds_min.o
                                         0x22 (size before relaxing)
 .rodata.write_hex64.str1.1
                0x0000000040089e01        0x0 obj/aarch64_shell_cmds_min.o
                                         0x17 (size before relaxing)
 .rodata.cmd_ticks.str1.1
                0x0000000040089e01        0x0 obj/aarch64_shell_cmds_min.o
                                          0x7 (size before relaxing)
 .rodata.ls_cb.str1.1
                0x0000000040089e01        0x0 obj/aarch64_shell_cmds_min.o
                                          0xe (size before relaxing)
 .rodata.cmd_meminfo.str1.1
                0x0000000040089e01        0x0 obj/aarch64_shell_cmds_min.o
                                         0x11 (size before relaxing)
 .rodata.cmd_sort.str1.1
                0x0000000040089e01        0x0 obj/aarch64_shell_cmds_min.o
                                         0x55 (size before relaxing)
 .rodata.cmd_fbinfo.str1.1
                0x0000000040089e01        0x0 obj/aarch64_shell_cmds_min.o
                                         0x53 (size before relaxing)
 .rodata.cmd_ls.str1.1
                0x0000000040089e01        0x0 obj/aarch64_shell_cmds_min.o
                                         0x20 (size before relaxing)
 .rodata.cmd_cat.str1.1
                0x0000000040089e01        0x0 obj/aarch64_shell_cmds_min.o
                                         0x4a (size before relaxing)
 .rodata.cmd_reboot.str1.1
                0x0000000040089e01        0x0 obj/aarch64_shell_cmds_min.o
                                         0x22 (size before relaxing)
 .rodata.cmd_poweroff.str1.1
                0x0000000040089e01        0x0 obj/aarch64_shell_cmds_min.o
                                         0x23 (size before relaxing)
 .rodata.cmd_echo.str1.1
                0x0000000040089e01        0x0 obj/aarch64_shell_cmds_min.o
                                          0x4 (size before relaxing)
 .rodata.cmd_calc.str1.1
                0x0000000040089e01        0x0 obj/aarch64_shell_cmds_min.o
                                         0x3e (size before relaxing)
 .rodata.cmd_random.str1.1
                0x0000000040089e01        0x0 obj/aarch64_shell_cmds_min.o
                                        0x115 (size before relaxing)
 .rodata.cmd_vfsdetect.str1.1
                0x0000000040089e01        0x0 obj/aarch64_shell_cmds_min.o
                                         0x23 (size before relaxing)
 .rodata.str1.1
                0x0000000040089e01        0x0 obj/aarch64_shell_cmds_min.o
                                        0x238 (size before relaxing)
 .rodata.uart_pl011_write_hex64.str1.1
                0x0000000040089e01        0x0 obj/aarch64_uart_pl011.o
                                         0x11 (size before relaxing)
 *fill*         0x0000000040089e01        0x3 
 .rodata.virtio_input_getc_nonblock
                0x0000000040089e04       0xdc obj/aarch64_virtio_input.o
 .rodata.virtio_input_init.str1.1
                0x0000000040089ee0        0x0 obj/aarch64_virtio_input.o
                                         0xb4 (size before relaxing)
 .rodata.ata_init_drives.str1.1
                0x0000000040089ee0        0x0 obj/aarch64_ata_virtio.o
                                          0xb (size before relaxing)
 .rodata.fdt_parse_memory.str1.1
                0x0000000040089ee0        0x0 obj/aarch64_fdt.o
                                         0x32 (size before relaxing)
 .rodata.fdt_parse_gicv2.str1.1
                0x0000000040089ee0        0x0 obj/aarch64_fdt.o
                                         0x57 (size before relaxing)
 .rodata.fdt_parse_armv8_timer_virtual_irq.str1.1
                0x0000000040089ee0        0x0 obj/aarch64_fdt.o
                                         0x2f (size before relaxing)
 .rodata.fdt_parse_cpus_mpidr.str1.1
                0x0000000040089ee0        0x0 obj/aarch64_fdt.o
                                         0x13 (size before relaxing)
 .rodata.fdt_parse_psci_method.str1.1
                0x0000000040089ee0        0x0 obj/aarch64_fdt.o
                                         0x21 (size before relaxing)
 .rodata.fdt_parse_simple_framebuffer.str1.1
                0x0000000040089ee0        0x0 obj/aarch64_fdt.o
                                         0x2e (size before relaxing)
 .rodata.fdt_parse_virtio_mmio.str1.1
                0x0000000040089ee0        0x0 obj/aarch64_fdt.o
                                          0xc (size before relaxing)
 .rodata.fdt_parse_qemu_fw_cfg_mmio.str1.1
                0x0000000040089ee0        0x0 obj/aarch64_fdt.o
                                         0x11 (size before relaxing)
 .rodata.aarch64_sync_dispatch.str1.1
                0x0000000040089ee0        0x0 obj/aarch64_exception.o
                                         0x4d (size before relaxing)
 .rodata.append_hex64.str1.1
                0x0000000040089ee0        0x0 obj/aarch64_smp.o
                                         0x11 (size before relaxing)
 .rodata.aarch64_smp_boot.str1.1
                0x0000000040089ee0        0x0 obj/aarch64_smp.o
                                         0xa4 (size before relaxing)
 .rodata.aarch64_secondary_entry.str1.1
                0x0000000040089ee0        0x0 obj/aarch64_smp.o
                                          0xe (size before relaxing)
 .rodata.fb_simple_init.str1.1
                0x0000000040089ee0        0x0 obj/aarch64_fb_simple.o
                                          0xa (size before relaxing)
 .rodata.g_font8x8
                0x0000000040089ee0      0x809 obj/aarch64_fb_simple.o
 .rodata.out_u64_hex.str1.1
                0x000000004008a6e9        0x0 obj/aarch64_printf.o
                                         0x22 (size before relaxing)
 .rodata.vsnprintf.str1.1
                0x000000004008a6e9        0x0 obj/aarch64_printf.o
                                          0x7 (size before relaxing)
 .rodata.split_command.str1.1
                0x000000004008a6e9        0x0 obj/aarch64_pipeline.o
                                          0x5 (size before relaxing)
 .rodata.parse_redirections.str1.1
                0x000000004008a6e9        0x0 obj/aarch64_pipeline.o
                                          0xc (size before relaxing)
 .rodata.parse_command.str1.1
                0x000000004008a6e9        0x0 obj/aarch64_pipeline.o
                                          0x2 (size before relaxing)
 .rodata.parse_pipeline.str1.1
                0x000000004008a6e9        0x0 obj/aarch64_pipeline.o
                                          0x2 (size before relaxing)
 .rodata.read_file_for_input_redirection.str1.1
                0x000000004008a6e9        0x0 obj/aarch64_pipeline.o
                                         0x6a (size before relaxing)
 .rodata.execute_simple_command.part.0.str1.1
                0x000000004008a6e9        0x0 obj/aarch64_pipeline.o
                                         0x73 (size before relaxing)
 .rodata.execute_complex_pipeline.str1.1
                0x000000004008a6e9        0x0 obj/aarch64_pipeline.o
                                         0x11 (size before relaxing)
 .rodata.execute_background_command.str1.1
                0x000000004008a6e9        0x0 obj/aarch64_pipeline.o
                                         0x4b (size before relaxing)
 .rodata.eynfs_cache_get_block.str1.1
                0x000000004008a6e9        0x0 obj/aarch64_eynfs.o
                                         0x2f (size before relaxing)
 .rodata.eynfs_traverse_path.str1.1
                0x000000004008a6e9        0x0 obj/aarch64_eynfs.o
                                          0x2 (size before relaxing)
 .rodata.vfs_split_path.constprop.0.str1.1
                0x000000004008a6e9        0x0 obj/aarch64_vfs.o
                                          0x2 (size before relaxing)
 .rodata.vfs_listdir.str1.1
                0x000000004008a6e9        0x0 obj/aarch64_vfs.o
                                          0x2 (size before relaxing)
                0x000000004008a6f0                . = ALIGN (0x8)
 *fill*         0x000000004008a6e9        0x7 
                0x000000004008a6f0                __start_shellcmds = .
 *(.shellcmds)
 .shellcmds     0x000000004008a6f0      0x230 obj/aarch64_shell_cmds_min.o
                0x000000004008a6f0                shell_cmd_info_poweroff
                0x000000004008a718                shell_cmd_info_reboot
                0x000000004008a740                shell_cmd_info_meminfo
                0x000000004008a768                shell_cmd_info_cat
                0x000000004008a790                shell_cmd_info_ls
                0x000000004008a7b8                shell_cmd_info_vfsdetect
                0x000000004008a7e0                shell_cmd_info_fbinfo
                0x000000004008a808                shell_cmd_info_ticks
                0x000000004008a830                shell_cmd_info_sort
                0x000000004008a858                shell_cmd_info_random
                0x000000004008a880                shell_cmd_info_calc
                0x000000004008a8a8                shell_cmd_info_ver
                0x000000004008a8d0                shell_cmd_info_echo
                0x000000004008a8f8                shell_cmd_info_help
                0x000000004008a920                __stop_shellcmds = .

.rela.dyn       0x000000004008a920        0x0
 .rela.iplt     0x000000004008a920        0x0 obj/aarch64_start.o
 .rela.text._start
                0x000000004008a920        0x0 obj/aarch64_start.o
 .rela.text.aarch64_shell_dispatch_line
                0x000000004008a920        0x0 obj/aarch64_start.o
 .rela.text.cmd_help
                0x000000004008a920        0x0 obj/aarch64_start.o
 .rela.text.heap_init_default
                0x000000004008a920        0x0 obj/aarch64_start.o
 .rela.text.aarch64_heap_init
                0x000000004008a920        0x0 obj/aarch64_start.o
 .rela.text.find_command
                0x000000004008a920        0x0 obj/aarch64_start.o

.data           0x000000004008a920   0x100008
 *(.data .data.*)
 .data.g_fb_bpp
                0x000000004008a920        0x4 obj/aarch64_fb_simple.o
 .data.rand_state
                0x000000004008a924        0x4 obj/aarch64_math.o
 .data          0x000000004008a928   0x100000 obj/aarch64_virt_dtb.o
                0x000000004008a928                _binary_virt_dtb_start
                0x000000004018a928                _binary_virt_dtb_end

.igot.plt       0x000000004018a928        0x0
 .igot.plt      0x000000004018a928        0x0 obj/aarch64_start.o

.bss            0x000000004018b000   0x1e7c80
                0x000000004018b000                __bss_start = .
 *(.bss .bss.*)
 .bss.pipeline_inited.0
                0x000000004018b000        0x4 obj/aarch64_shell_dispatch.o
 *fill*         0x000000004018b004        0x4 
 .bss.g_ram_size
                0x000000004018b008        0x8 obj/aarch64_shell_cmds_min.o
 .bss.g_ram_base
                0x000000004018b010        0x8 obj/aarch64_shell_cmds_min.o
 .bss.g_uart_tx_lock
                0x000000004018b018        0x4 obj/aarch64_uart_pl011.o
 *fill*         0x000000004018b01c      0xfe4 
 .bss.g_legacy_ring_q0
                0x000000004018c000     0x2000 obj/aarch64_virtio_input.o
 .bss.g_events  0x000000004018e000       0x80 obj/aarch64_virtio_input.o
 *fill*         0x000000004018e080      0xf80 
 .bss.g_used    0x000000004018f000       0x90 obj/aarch64_virtio_input.o
 *fill*         0x000000004018f090      0xf70 
 .bss.g_avail   0x0000000040190000       0x30 obj/aarch64_virtio_input.o
 *fill*         0x0000000040190030      0xfd0 
 .bss.g_desc    0x0000000040191000      0x100 obj/aarch64_virtio_input.o
 .bss.g_used_p  0x0000000040191100        0x8 obj/aarch64_virtio_input.o
 .bss.g_avail_p
                0x0000000040191108        0x8 obj/aarch64_virtio_input.o
 .bss.g_shift   0x0000000040191110        0x4 obj/aarch64_virtio_input.o
 .bss.g_avail_idx
                0x0000000040191114        0x2 obj/aarch64_virtio_input.o
 .bss.g_last_used_idx
                0x0000000040191116        0x2 obj/aarch64_virtio_input.o
 .bss.g_ready   0x0000000040191118        0x4 obj/aarch64_virtio_input.o
 *fill*         0x000000004019111c        0x4 
 .bss.g_input_base
                0x0000000040191120        0x8 obj/aarch64_virtio_input.o
 *fill*         0x0000000040191128       0x18 
 .bss.g_bounce  0x0000000040191140      0x200 obj/aarch64_virtio_blk.o
 .bss.g_req_status
                0x0000000040191340        0x1 obj/aarch64_virtio_blk.o
 *fill*         0x0000000040191341       0x3f 
 .bss.g_req_hdr
                0x0000000040191380       0x10 obj/aarch64_virtio_blk.o
 *fill*         0x0000000040191390      0xc70 
 .bss.g_legacy_ring_q0
                0x0000000040192000     0x2000 obj/aarch64_virtio_blk.o
 .bss.g_used    0x0000000040194000       0x50 obj/aarch64_virtio_blk.o
 *fill*         0x0000000040194050      0xfb0 
 .bss.g_avail   0x0000000040195000       0x20 obj/aarch64_virtio_blk.o
 *fill*         0x0000000040195020      0xfe0 
 .bss.g_desc    0x0000000040196000       0x80 obj/aarch64_virtio_blk.o
 .bss.g_last_used_idx
                0x0000000040196080        0x2 obj/aarch64_virtio_blk.o
 .bss.g_avail_idx
                0x0000000040196082        0x2 obj/aarch64_virtio_blk.o
 *fill*         0x0000000040196084        0x4 
 .bss.g_used_p  0x0000000040196088        0x8 obj/aarch64_virtio_blk.o
 .bss.g_avail_p
                0x0000000040196090        0x8 obj/aarch64_virtio_blk.o
 .bss.g_desc_p  0x0000000040196098        0x8 obj/aarch64_virtio_blk.o
 .bss.g_ready   0x00000000401960a0        0x4 obj/aarch64_virtio_blk.o
 *fill*         0x00000000401960a4        0x4 
 .bss.g_blk_base
                0x00000000401960a8        0x8 obj/aarch64_virtio_blk.o
 .bss.g_present
                0x00000000401960b0        0x4 obj/aarch64_ata_virtio.o
 .bss.g_inited  0x00000000401960b4        0x4 obj/aarch64_ata_virtio.o
 .bss.g_drive0  0x00000000401960b8       0x34 obj/aarch64_ata_virtio.o
 .bss.g_cntv_interval
                0x00000000401960ec        0x4 obj/aarch64_timer.o
 .bss.g_timer_irq_id
                0x00000000401960f0        0x4 obj/aarch64_irq.o
 *fill*         0x00000000401960f4        0x4 
 .bss.g_gic     0x00000000401960f8       0x10 obj/aarch64_irq.o
 .bss.g_aarch64_ticks
                0x0000000040196108        0x4 obj/aarch64_irq.o
                0x0000000040196108                g_aarch64_ticks
 .bss.g_psci_use_hvc
                0x000000004019610c        0x4 obj/aarch64_psci.o
 .bss.aarch64_cpu_ticks
                0x0000000040196110       0x10 obj/aarch64_smp.o
                0x0000000040196110                aarch64_cpu_ticks
 .bss.aarch64_cpu_online
                0x0000000040196120       0x10 obj/aarch64_smp.o
                0x0000000040196120                aarch64_cpu_online
 .bss.aarch64_cpu_stacks
                0x0000000040196130     0x4000 obj/aarch64_smp.o
                0x0000000040196130                aarch64_cpu_stacks
 .bss.g_ramfb_pixels
                0x000000004019a130   0x1d4c00 obj/aarch64_fb_simple.o
 .bss.g_fb_last_error
                0x000000004036ed30        0x4 obj/aarch64_fb_simple.o
 .bss.g_cursor_y
                0x000000004036ed34        0x4 obj/aarch64_fb_simple.o
 .bss.g_cursor_x
                0x000000004036ed38        0x4 obj/aarch64_fb_simple.o
 *fill*         0x000000004036ed3c        0x4 
 .bss.g_fb_format
                0x000000004036ed40       0x20 obj/aarch64_fb_simple.o
 .bss.g_fb_stride
                0x000000004036ed60        0x4 obj/aarch64_fb_simple.o
 .bss.g_fb_height
                0x000000004036ed64        0x4 obj/aarch64_fb_simple.o
 .bss.g_fb_width
                0x000000004036ed68        0x4 obj/aarch64_fb_simple.o
 *fill*         0x000000004036ed6c        0x4 
 .bss.g_fb_base
                0x000000004036ed70        0x8 obj/aarch64_fb_simple.o
 .bss.g_heap_ready
                0x000000004036ed78        0x4 obj/aarch64_heap.o
 *fill*         0x000000004036ed7c        0x4 
 .bss.g_heap_first
                0x000000004036ed80        0x8 obj/aarch64_heap.o
 .bss.current_pos.0
                0x000000004036ed88        0x8 obj/aarch64_pipeline.o
 .bss.last_str.1
                0x000000004036ed90        0x8 obj/aarch64_pipeline.o
 .bss.g_pipeline_input_data
                0x000000004036ed98        0x8 obj/aarch64_pipeline.o
                0x000000004036ed98                g_pipeline_input_data
 .bss.g_background_processes
                0x000000004036eda0      0x180 obj/aarch64_pipeline.o
                0x000000004036eda0                g_background_processes
 .bss.g_file_descriptors
                0x000000004036ef20     0x1800 obj/aarch64_pipeline.o
                0x000000004036ef20                g_file_descriptors
 .bss.shell_redirect_buf
                0x0000000040370720      0x400 obj/aarch64_vga_redirect.o
                0x0000000040370720                shell_redirect_buf
 .bss.shell_redirect_pos
                0x0000000040370b20        0x4 obj/aarch64_vga_redirect.o
                0x0000000040370b20                shell_redirect_pos
 .bss.shell_redirect_active
                0x0000000040370b24        0x4 obj/aarch64_vga_redirect.o
                0x0000000040370b24                shell_redirect_active
 .bss.caches_initialized.0
                0x0000000040370b28        0x4 obj/aarch64_eynfs.o
 .bss.g_eynfs_read_fail_printed.1
                0x0000000040370b2c        0x4 obj/aarch64_eynfs.o
 .bss.dir_cache
                0x0000000040370b30       0xc0 obj/aarch64_eynfs.o
 .bss.free_block_cache_valid
                0x0000000040370bf0        0x1 obj/aarch64_eynfs.o
 *fill*         0x0000000040370bf1        0x3 
 .bss.free_block_cache_count
                0x0000000040370bf4        0x4 obj/aarch64_eynfs.o
 .bss.cache_misses
                0x0000000040370bf8        0x4 obj/aarch64_eynfs.o
 .bss.cache_hits
                0x0000000040370bfc        0x4 obj/aarch64_eynfs.o
 .bss.block_cache
                0x0000000040370c00     0x2080 obj/aarch64_eynfs.o
 *(COMMON)
                0x0000000040372c80                __bss_end = .
                0x0000000040372c80                . = ALIGN (0x10)
                0x0000000040372c80                __stack_bottom = .
                0x0000000040382c80                . = (. + 0x10000)
                0x0000000040382c80                __stack_top = .
                0x0000000040382c80                __kernel_end = .
LOAD obj/aarch64_start.o
LOAD obj/aarch64_kernel_full.o
LOAD obj/aarch64_bringup_shell.o
LOAD obj/aarch64_shell_dispatch.o
LOAD obj/aarch64_shell_cmds_min.o
LOAD obj/aarch64_uart_pl011.o
LOAD obj/aarch64_virtio_input.o
LOAD obj/aarch64_virtio_blk.o
LOAD obj/aarch64_ata_virtio.o
LOAD obj/aarch64_arch.o
LOAD obj/aarch64_fdt.o
LOAD obj/aarch64_vectors.o
LOAD obj/aarch64_gicv2.o
LOAD obj/aarch64_timer.o
LOAD obj/aarch64_irq.o
LOAD obj/aarch64_timer_tick.o
LOAD obj/aarch64_exception.o
LOAD obj/aarch64_psci.o
LOAD obj/aarch64_smp.o
LOAD obj/aarch64_fb_simple.o
LOAD obj/aarch64_printf.o
LOAD obj/aarch64_string.o
LOAD obj/aarch64_heap.o
LOAD obj/aarch64_pipeline.o
LOAD obj/aarch64_shell_find_command.o
LOAD obj/aarch64_vga_redirect.o
LOAD obj/aarch64_fs_stubs.o
LOAD obj/aarch64_alias_stub.o
LOAD obj/aarch64_math.o
LOAD obj/aarch64_fat32.o
LOAD obj/aarch64_eynfs.o
LOAD obj/aarch64_vfs.o
LOAD obj/aarch64_hal_console.o
LOAD obj/aarch64_hal_keyboard.o
LOAD obj/aarch64_virt_dtb.o
OUTPUT(tmp_aarch64_user/boot/kernel8_full.elf elf64-littleaarch64)
LOAD linker stubs

.comment        0x0000000000000000       0x34
 .comment       0x0000000000000000       0x34 obj/aarch64_kernel_full.o
                                         0x35 (size before relaxing)
 .comment       0x0000000000000034        0x0 obj/aarch64_bringup_shell.o
                                         0x35 (size before relaxing)
 .comment       0x0000000000000034        0x0 obj/aarch64_shell_dispatch.o
                                         0x35 (size before relaxing)
 .comment       0x0000000000000034        0x0 obj/aarch64_shell_cmds_min.o
                                         0x35 (size before relaxing)
 .comment       0x0000000000000034        0x0 obj/aarch64_uart_pl011.o
                                         0x35 (size before relaxing)
 .comment       0x0000000000000034        0x0 obj/aarch64_virtio_input.o
                                         0x35 (size before relaxing)
 .comment       0x0000000000000034        0x0 obj/aarch64_virtio_blk.o
                                         0x35 (size before relaxing)
 .comment       0x0000000000000034        0x0 obj/aarch64_ata_virtio.o
                                         0x35 (size before relaxing)
 .comment       0x0000000000000034        0x0 obj/aarch64_arch.o
                                         0x35 (size before relaxing)
 .comment       0x0000000000000034        0x0 obj/aarch64_fdt.o
                                         0x35 (size before relaxing)
 .comment       0x0000000000000034        0x0 obj/aarch64_gicv2.o
                                         0x35 (size before relaxing)
 .comment       0x0000000000000034        0x0 obj/aarch64_timer.o
                                         0x35 (size before relaxing)
 .comment       0x0000000000000034        0x0 obj/aarch64_irq.o
                                         0x35 (size before relaxing)
 .comment       0x0000000000000034        0x0 obj/aarch64_timer_tick.o
                                         0x35 (size before relaxing)
 .comment       0x0000000000000034        0x0 obj/aarch64_exception.o
                                         0x35 (size before relaxing)
 .comment       0x0000000000000034        0x0 obj/aarch64_psci.o
                                         0x35 (size before relaxing)
 .comment       0x0000000000000034        0x0 obj/aarch64_smp.o
                                         0x35 (size before relaxing)
 .comment       0x0000000000000034        0x0 obj/aarch64_fb_simple.o
                                         0x35 (size before relaxing)
 .comment       0x0000000000000034        0x0 obj/aarch64_printf.o
                                         0x35 (size before relaxing)
 .comment       0x0000000000000034        0x0 obj/aarch64_string.o
                                         0x35 (size before relaxing)
 .comment       0x0000000000000034        0x0 obj/aarch64_heap.o
                                         0x35 (size before relaxing)
 .comment       0x0000000000000034        0x0 obj/aarch64_pipeline.o
                                         0x35 (size before relaxing)
 .comment       0x0000000000000034        0x0 obj/aarch64_shell_find_command.o
                                         0x35 (size before relaxing)
 .comment       0x0000000000000034        0x0 obj/aarch64_vga_redirect.o
                                         0x35 (size before relaxing)
 .comment       0x0000000000000034        0x0 obj/aarch64_fs_stubs.o
                                         0x35 (size before relaxing)
 .comment       0x0000000000000034        0x0 obj/aarch64_alias_stub.o
                                         0x35 (size before relaxing)
 .comment       0x0000000000000034        0x0 obj/aarch64_math.o
                                         0x35 (size before relaxing)
 .comment       0x0000000000000034        0x0 obj/aarch64_fat32.o
                                         0x35 (size before relaxing)
 .comment       0x0000000000000034        0x0 obj/aarch64_eynfs.o
                                         0x35 (size before relaxing)
 .comment       0x0000000000000034        0x0 obj/aarch64_vfs.o
                                         0x35 (size before relaxing)
 .comment       0x0000000000000034        0x0 obj/aarch64_hal_console.o
                                         0x35 (size before relaxing)
 .comment       0x0000000000000034        0x0 obj/aarch64_hal_keyboard.o
                                         0x35 (size before relaxing)

.note.GNU-stack
                0x0000000000000000        0x0
 .note.GNU-stack
                0x0000000000000000        0x0 obj/aarch64_kernel_full.o
 .note.GNU-stack
                0x0000000000000000        0x0 obj/aarch64_bringup_shell.o
 .note.GNU-stack
                0x0000000000000000        0x0 obj/aarch64_shell_dispatch.o
 .note.GNU-stack
                0x0000000000000000        0x0 obj/aarch64_shell_cmds_min.o
 .note.GNU-stack
                0x0000000000000000        0x0 obj/aarch64_uart_pl011.o
 .note.GNU-stack
                0x0000000000000000        0x0 obj/aarch64_virtio_input.o
 .note.GNU-stack
                0x0000000000000000        0x0 obj/aarch64_virtio_blk.o
 .note.GNU-stack
                0x0000000000000000        0x0 obj/aarch64_ata_virtio.o
 .note.GNU-stack
                0x0000000000000000        0x0 obj/aarch64_arch.o
 .note.GNU-stack
                0x0000000000000000        0x0 obj/aarch64_fdt.o
 .note.GNU-stack
                0x0000000000000000        0x0 obj/aarch64_gicv2.o
 .note.GNU-stack
                0x0000000000000000        0x0 obj/aarch64_timer.o
 .note.GNU-stack
                0x0000000000000000        0x0 obj/aarch64_irq.o
 .note.GNU-stack
                0x0000000000000000        0x0 obj/aarch64_timer_tick.o
 .note.GNU-stack
                0x0000000000000000        0x0 obj/aarch64_exception.o
 .note.GNU-stack
                0x0000000000000000        0x0 obj/aarch64_psci.o
 .note.GNU-stack
                0x0000000000000000        0x0 obj/aarch64_smp.o
 .note.GNU-stack
                0x0000000000000000        0x0 obj/aarch64_fb_simple.o
 .note.GNU-stack
                0x0000000000000000        0x0 obj/aarch64_printf.o
 .note.GNU-stack
                0x0000000000000000        0x0 obj/aarch64_string.o
 .note.GNU-stack
                0x0000000000000000        0x0 obj/aarch64_heap.o
 .note.GNU-stack
                0x0000000000000000        0x0 obj/aarch64_pipeline.o
 .note.GNU-stack
                0x0000000000000000        0x0 obj/aarch64_shell_find_command.o
 .note.GNU-stack
                0x0000000000000000        0x0 obj/aarch64_vga_redirect.o
 .note.GNU-stack
                0x0000000000000000        0x0 obj/aarch64_fs_stubs.o
 .note.GNU-stack
                0x0000000000000000        0x0 obj/aarch64_alias_stub.o
 .note.GNU-stack
                0x0000000000000000        0x0 obj/aarch64_math.o
 .note.GNU-stack
                0x0000000000000000        0x0 obj/aarch64_fat32.o
 .note.GNU-stack
                0x0000000000000000        0x0 obj/aarch64_eynfs.o
 .note.GNU-stack
                0x0000000000000000        0x0 obj/aarch64_vfs.o
 .note.GNU-stack
                0x0000000000000000        0x0 obj/aarch64_hal_console.o
 .note.GNU-stack
                0x0000000000000000        0x0 obj/aarch64_hal_keyboard.o
