
Merging program properties


Discarded input sections

 .text          0x0000000000000000        0x0 obj/aarch64_start.o
 .data          0x0000000000000000        0x0 obj/aarch64_start.o
 .bss           0x0000000000000000        0x0 obj/aarch64_start.o
 .text          0x0000000000000000        0x0 obj/aarch64_kernel_full.o
 .data          0x0000000000000000        0x0 obj/aarch64_kernel_full.o
 .bss           0x0000000000000000        0x0 obj/aarch64_kernel_full.o
 .eh_frame      0x0000000000000000       0x60 obj/aarch64_kernel_full.o
 .text          0x0000000000000000        0x0 obj/aarch64_shell_meminfo.o
 .data          0x0000000000000000        0x0 obj/aarch64_shell_meminfo.o
 .bss           0x0000000000000000        0x0 obj/aarch64_shell_meminfo.o
 .text.aarch64_shell_get_ram_base
                0x0000000000000000        0xc obj/aarch64_shell_meminfo.o
 .text.aarch64_shell_get_ram_size
                0x0000000000000000        0xc obj/aarch64_shell_meminfo.o
 .eh_frame      0x0000000000000000       0x50 obj/aarch64_shell_meminfo.o
 .text          0x0000000000000000        0x0 obj/aarch64_shell.o
 .data          0x0000000000000000        0x0 obj/aarch64_shell.o
 .bss           0x0000000000000000        0x0 obj/aarch64_shell.o
 .text.__stack_chk_fail_local
                0x0000000000000000        0x4 obj/aarch64_shell.o
 .text.get_current_physical_drive
                0x0000000000000000        0xc obj/aarch64_shell.o
 .text.ls_cmd   0x0000000000000000        0x4 obj/aarch64_shell.o
 .text.run_cmd  0x0000000000000000        0x4 obj/aarch64_shell.o
 .text.catram_cmd
                0x0000000000000000        0x4 obj/aarch64_shell.o
 .text.lsram_cmd
                0x0000000000000000        0x4 obj/aarch64_shell.o
 .rodata.handler_assemble.str1.1
                0x0000000000000000       0x9a obj/aarch64_shell.o
 .text.handler_assemble
                0x0000000000000000      0x1c8 obj/aarch64_shell.o
 .text.get_command_execution_errors
                0x0000000000000000        0xc obj/aarch64_shell.o
 .text.get_last_failed_command
                0x0000000000000000       0x3c obj/aarch64_shell.o
 .rodata.load_cmd.str1.1
                0x0000000000000000       0x4a obj/aarch64_shell.o
 .text.load_cmd
                0x0000000000000000       0x3c obj/aarch64_shell.o
 .rodata.unload_cmd.str1.1
                0x0000000000000000       0x53 obj/aarch64_shell.o
 .text.unload_cmd
                0x0000000000000000       0x3c obj/aarch64_shell.o
 .rodata.status_cmd.str1.1
                0x0000000000000000       0xb6 obj/aarch64_shell.o
 .text.status_cmd
                0x0000000000000000       0xa8 obj/aarch64_shell.o
 .rodata.handler_cmd.str1.1
                0x0000000000000000       0x20 obj/aarch64_shell.o
 .text.handler_cmd
                0x0000000000000000       0x2c obj/aarch64_shell.o
 .bss.snapshot.0
                0x0000000000000000       0x40 obj/aarch64_shell.o
 .bss.last_failed_command
                0x0000000000000000       0x40 obj/aarch64_shell.o
 .bss.last_command_error
                0x0000000000000000        0x4 obj/aarch64_shell.o
 .eh_frame      0x0000000000000000      0x2b0 obj/aarch64_shell.o
 .text          0x0000000000000000        0x0 obj/aarch64_history.o
 .data          0x0000000000000000        0x0 obj/aarch64_history.o
 .bss           0x0000000000000000        0x0 obj/aarch64_history.o
 .text.clear_history
                0x0000000000000000       0x28 obj/aarch64_history.o
 .rodata.show_history.str1.1
                0x0000000000000000       0x2b obj/aarch64_history.o
 .text.show_history
                0x0000000000000000       0x8c obj/aarch64_history.o
 .eh_frame      0x0000000000000000      0x128 obj/aarch64_history.o
 .text          0x0000000000000000        0x0 obj/aarch64_putchar.o
 .data          0x0000000000000000        0x0 obj/aarch64_putchar.o
 .bss           0x0000000000000000        0x0 obj/aarch64_putchar.o
 .rodata.putchar.str1.1
                0x0000000000000000        0x3 obj/aarch64_putchar.o
 .text.putchar  0x0000000000000000       0x10 obj/aarch64_putchar.o
 .comment       0x0000000000000000       0x23 obj/aarch64_putchar.o
 .note.GNU-stack
                0x0000000000000000        0x0 obj/aarch64_putchar.o
 .eh_frame      0x0000000000000000       0x28 obj/aarch64_putchar.o
 .text          0x0000000000000000        0x0 obj/aarch64_shell_commands.o
 .data          0x0000000000000000        0x0 obj/aarch64_shell_commands.o
 .bss           0x0000000000000000        0x0 obj/aarch64_shell_commands.o
 .text.parse_ipv4
                0x0000000000000000       0x88 obj/aarch64_shell_commands.o
 .text.skip_spaces
                0x0000000000000000       0x1c obj/aarch64_shell_commands.o
 .text.token_eq
                0x0000000000000000       0x38 obj/aarch64_shell_commands.o
 .text.next_token
                0x0000000000000000       0x30 obj/aarch64_shell_commands.o
 .text.hex_digit_val
                0x0000000000000000       0x44 obj/aarch64_shell_commands.o
[...]
Memory Configuration

Name             Origin             Length             Attributes
*default*        0x0000000000000000 0xffffffffffffffff

Linker script and memory map

                0x0000000040080000                . = 0x40080000
                0x0000000040080000                __kernel_start = .

.text           0x0000000040080000    0x1d3f0
 *(.text._start)
 .text._start   0x0000000040080000       0x90 obj/aarch64_start.o
                0x0000000040080000                _start
                0x0000000040080050                aarch64_secondary_start
 *(.text .text.*)
 .text.fb_write_hex64
                0x0000000040080090       0x58 obj/aarch64_kernel_full.o
 .text.kernel_main
                0x00000000400800e8      0x3cc obj/aarch64_kernel_full.o
                0x00000000400800e8                kernel_main
 .text.aarch64_shell_set_meminfo
                0x00000000400804b4       0x14 obj/aarch64_shell_meminfo.o
                0x00000000400804b4                aarch64_shell_set_meminfo
 .text.get_current_logical_drive
                0x00000000400804c8        0xc obj/aarch64_shell.o
                0x00000000400804c8                get_current_logical_drive
 .text.spam_cmd
                0x00000000400804d4        0x4 obj/aarch64_shell.o
                0x00000000400804d4                spam_cmd
 .text.clear_cmd
                0x00000000400804d8        0x4 obj/aarch64_shell.o
                0x00000000400804d8                clear_cmd
 .text.echo_cmd
                0x00000000400804dc        0x4 obj/aarch64_shell.o
                0x00000000400804dc                echo_cmd
 .text.ver_cmd  0x00000000400804e0        0x4 obj/aarch64_shell.o
                0x00000000400804e0                ver_cmd
 .text.calc_cmd
                0x00000000400804e4        0x4 obj/aarch64_shell.o
                0x00000000400804e4                calc_cmd
 .text.lsata_cmd
                0x00000000400804e8        0x4 obj/aarch64_shell.o
                0x00000000400804e8                lsata_cmd
 .text.find_command
                0x00000000400804ec      0x308 obj/aarch64_shell.o
                0x00000000400804ec                find_command
 .text.handler_exit
                0x00000000400807f4       0x28 obj/aarch64_shell.o
                0x00000000400807f4                handler_exit
 .text.handle_shell_command
                0x000000004008081c      0x180 obj/aarch64_shell.o
                0x000000004008081c                handle_shell_command
 .text.launch_shell
                0x000000004008099c      0x19c obj/aarch64_shell.o
                0x000000004008099c                launch_shell
 .text.line_move_left
                0x0000000040080b38       0x3c obj/aarch64_history.o
 .text.line_set.constprop.0
                0x0000000040080b74       0xa4 obj/aarch64_history.o
 .text.add_to_history
                0x0000000040080c18       0xc4 obj/aarch64_history.o
                0x0000000040080c18                add_to_history
 .text.readStr_with_history
                0x0000000040080cdc      0x398 obj/aarch64_history.o
                0x0000000040080cdc                readStr_with_history
 .text.sort_cmd
                0x0000000040081074      0x25c obj/aarch64_shell_commands.o
                0x0000000040081074                sort_cmd
 .text.help_cmd
                0x00000000400812d0       0x98 obj/aarch64_shell_commands.o
                0x00000000400812d0                help_cmd
 .text.draw_cmd_handler
                0x0000000040081368      0x1bc obj/aarch64_shell_commands.o
                0x0000000040081368                draw_cmd_handler
 .text.drive_cmd
                0x0000000040081524      0x118 obj/aarch64_shell_commands.o
                0x0000000040081524                drive_cmd
 .text.log_cmd  0x000000004008163c      0x110 obj/aarch64_shell_commands.o
                0x000000004008163c                log_cmd
 .text.validate_cmd
                0x000000004008174c      0x304 obj/aarch64_shell_commands.o
                0x000000004008174c                validate_cmd
 .text.init_cmd
                0x0000000040081a50       0x70 obj/aarch64_shell_commands.o
                0x0000000040081a50                init_cmd
 .text.random_cmd
                0x0000000040081ac0      0x358 obj/aarch64_shell_commands.o
                0x0000000040081ac0                random_cmd
 .text.search_recursive
                0x0000000040081e18      0x24c obj/aarch64_shell_commands.o
                0x0000000040081e18                search_recursive
 .text.search_cmd
                0x0000000040082064      0x680 obj/aarch64_shell_commands.o
                0x0000000040082064                search_cmd
 .text.echo     0x00000000400826e4       0x6c obj/aarch64_shell_commands.o
                0x00000000400826e4                echo
 .text.joke_spam
                0x0000000040082750       0x54 obj/aarch64_shell_commands.o
                0x0000000040082750                joke_spam
 .text.ver      0x00000000400827a4       0x24 obj/aarch64_shell_commands.o
                0x00000000400827a4                ver
 .text.calc     0x00000000400827c8      0x13c obj/aarch64_shell_commands.o
                0x00000000400827c8                calc
 .text.lsata    0x0000000040082904      0x280 obj/aarch64_shell_commands.o
                0x0000000040082904                lsata
 .text.resolve_path
                0x0000000040082b84      0x1f0 obj/aarch64_fs_commands.o
                0x0000000040082b84                resolve_path
 .text.write_output_to_file
                0x0000000040082d74       0x74 obj/aarch64_fs_io_helpers.o
                0x0000000040082d74                write_output_to_file
 .text.append_output_to_file
                0x0000000040082de8      0x11c obj/aarch64_fs_io_helpers.o
                0x0000000040082de8                append_output_to_file
 .text.uart_tx_lock
                0x0000000040082f04       0x28 obj/aarch64_uart_pl011.o
 .text.uart_pl011_putc_unlocked
                0x0000000040082f2c       0x28 obj/aarch64_uart_pl011.o
 .text.uart_pl011_init_115200
                0x0000000040082f54       0x40 obj/aarch64_uart_pl011.o
                0x0000000040082f54                uart_pl011_init_115200
 .text.uart_pl011_putc
                0x0000000040082f94       0x34 obj/aarch64_uart_pl011.o
                0x0000000040082f94                uart_pl011_putc
 .text.uart_pl011_write
                0x0000000040082fc8       0x58 obj/aarch64_uart_pl011.o
                0x0000000040082fc8                uart_pl011_write
 .text.uart_pl011_write_hex64
                0x0000000040083020       0x64 obj/aarch64_uart_pl011.o
                0x0000000040083020                uart_pl011_write_hex64
 .text.uart_pl011_getc_nonblock
                0x0000000040083084       0x38 obj/aarch64_uart_pl011.o
                0x0000000040083084                uart_pl011_getc_nonblock
 .text.map_keycode
                0x00000000400830bc      0x34c obj/aarch64_virtio_input.o
 .text.virtio_mods_to_hal
                0x0000000040083408       0x54 obj/aarch64_virtio_input.o
 .text.aarch64_dcache_clean_invalidate_poc_range
                0x000000004008345c       0x44 obj/aarch64_virtio_input.o
 .text.aarch64_dcache_clean_poc_range.part.0
                0x00000000400834a0       0x44 obj/aarch64_virtio_input.o
 .text.aarch64_dcache_clean_poc_range
                0x00000000400834e4        0xc obj/aarch64_virtio_input.o
 .text.virtio_input_base
                0x00000000400834f0        0xc obj/aarch64_virtio_input.o
                0x00000000400834f0                virtio_input_base
 .text.virtio_input_getkey_nonblock
                0x00000000400834fc      0x36c obj/aarch64_virtio_input.o
                0x00000000400834fc                virtio_input_getkey_nonblock
 .text.virtio_input_init
                0x0000000040083868      0x3d4 obj/aarch64_virtio_input.o
                0x0000000040083868                virtio_input_init
 .text.aarch64_dcache_clean_invalidate_poc_range.part.0
                0x0000000040083c3c       0x44 obj/aarch64_virtio_blk.o
 .text.aarch64_dcache_clean_invalidate_poc_range
                0x0000000040083c80        0xc obj/aarch64_virtio_blk.o
 .text.aarch64_dcache_clean_poc_range.part.0
                0x0000000040083c8c       0x44 obj/aarch64_virtio_blk.o
 .text.virtio_blk_submit
                0x0000000040083cd0      0x1dc obj/aarch64_virtio_blk.o
 .text.virtio_blk_init
                0x0000000040083eac      0x284 obj/aarch64_virtio_blk.o
                0x0000000040083eac                virtio_blk_init
 .text.virtio_blk_read_sector
                0x0000000040084130       0x10 obj/aarch64_virtio_blk.o
                0x0000000040084130                virtio_blk_read_sector
 .text.virtio_blk_write_sector
                0x0000000040084140       0x10 obj/aarch64_virtio_blk.o
                0x0000000040084140                virtio_blk_write_sector
 .text.ensure_ready
                0x0000000040084150       0x28 obj/aarch64_ata_virtio.o
 .text.ata_init_drives
                0x0000000040084178       0x88 obj/aarch64_ata_virtio.o
                0x0000000040084178                ata_init_drives
 .text.ata_identify
                0x0000000040084200        0x8 obj/aarch64_ata_virtio.o
                0x0000000040084200                ata_identify
 .text.ata_read_sector
                0x0000000040084208       0x44 obj/aarch64_ata_virtio.o
                0x0000000040084208                ata_read_sector
 .text.ata_write_sector
                0x000000004008424c       0x44 obj/aarch64_ata_virtio.o
                0x000000004008424c                ata_write_sector
 .text.ata_logical_to_physical
                0x0000000040084290        0x4 obj/aarch64_ata_virtio.o
                0x0000000040084290                ata_logical_to_physical
 .text.ata_physical_to_logical
                0x0000000040084294        0x4 obj/aarch64_ata_virtio.o
                0x0000000040084294                ata_physical_to_logical
 .text.ata_get_num_logical_drives
                0x0000000040084298       0x1c obj/aarch64_ata_virtio.o
                0x0000000040084298                ata_get_num_logical_drives
 .text.arch_disable_interrupts
                0x00000000400842b4        0x8 obj/aarch64_arch.o
                0x00000000400842b4                arch_disable_interrupts
 .text.arch_enable_interrupts
                0x00000000400842bc        0x8 obj/aarch64_arch.o
                0x00000000400842bc                arch_enable_interrupts
 .text.arch_halt
                0x00000000400842c4        0x8 obj/aarch64_arch.o
                0x00000000400842c4                arch_halt
 .text.streq    0x00000000400842cc       0x3c obj/aarch64_fdt.o
 .text.mem_has_exact_str
                0x0000000040084308       0x98 obj/aarch64_fdt.o
 .text.read_cells_as_u64
                0x00000000400843a0       0x38 obj/aarch64_fdt.o
 .text.fdt_parse_memory
                0x00000000400843d8      0x2b4 obj/aarch64_fdt.o
                0x00000000400843d8                fdt_parse_memory
 .text.fdt_parse_gicv2
                0x000000004008468c      0x310 obj/aarch64_fdt.o
                0x000000004008468c                fdt_parse_gicv2
 .text.fdt_parse_armv8_timer_virtual_irq
                0x000000004008499c      0x250 obj/aarch64_fdt.o
                0x000000004008499c                fdt_parse_armv8_timer_virtual_irq
 .text.fdt_parse_cpus_mpidr
                0x0000000040084bec      0x3c4 obj/aarch64_fdt.o
                0x0000000040084bec                fdt_parse_cpus_mpidr
 .text.fdt_parse_psci_method
                0x0000000040084fb0      0x288 obj/aarch64_fdt.o
                0x0000000040084fb0                fdt_parse_psci_method
 .text.fdt_parse_simple_framebuffer
                0x0000000040085238      0x3f0 obj/aarch64_fdt.o
                0x0000000040085238                fdt_parse_simple_framebuffer
 .text.fdt_parse_virtio_mmio
                0x0000000040085628      0x2f0 obj/aarch64_fdt.o
                0x0000000040085628                fdt_parse_virtio_mmio
 .text.fdt_parse_qemu_fw_cfg_mmio
                0x0000000040085918      0x2f8 obj/aarch64_fdt.o
                0x0000000040085918                fdt_parse_qemu_fw_cfg_mmio
 .text          0x0000000040085c10       0x60 obj/aarch64_vectors.o
 *fill*         0x0000000040085c70      0x390 
 .text.vectors  0x0000000040086000      0x800 obj/aarch64_vectors.o
                0x0000000040086000                aarch64_vectors
 .text.gicv2_dist_init
                0x0000000040086800       0x14 obj/aarch64_gicv2.o
                0x0000000040086800                gicv2_dist_init
 .text.gicv2_cpu_init
                0x0000000040086814       0x1c obj/aarch64_gicv2.o
                0x0000000040086814                gicv2_cpu_init
 .text.gicv2_enable_irq
                0x0000000040086830       0x24 obj/aarch64_gicv2.o
                0x0000000040086830                gicv2_enable_irq
 .text.gicv2_ack_irq
                0x0000000040086854        0xc obj/aarch64_gicv2.o
                0x0000000040086854                gicv2_ack_irq
 .text.gicv2_eoi_irq
                0x0000000040086860        0xc obj/aarch64_gicv2.o
                0x0000000040086860                gicv2_eoi_irq
 .text.aarch64_timer_init_tick_hz
                0x000000004008686c       0x44 obj/aarch64_timer.o
                0x000000004008686c                aarch64_timer_init_tick_hz
 .text.aarch64_timer_get_tick_hz
                0x00000000400868b0       0x18 obj/aarch64_timer.o
                0x00000000400868b0                aarch64_timer_get_tick_hz
 .text.aarch64_timer_rearm
                0x00000000400868c8       0x34 obj/aarch64_timer.o
                0x00000000400868c8                aarch64_timer_rearm
 .text.aarch64_irq_cpu_init
                0x00000000400868fc       0x38 obj/aarch64_irq.o
                0x00000000400868fc                aarch64_irq_cpu_init
 .text.aarch64_irq_init
                0x0000000040086934       0x64 obj/aarch64_irq.o
                0x0000000040086934                aarch64_irq_init
 .text.aarch64_irq_dispatch
                0x0000000040086998       0xe0 obj/aarch64_irq.o
                0x0000000040086998                aarch64_irq_dispatch
 .text.aarch64_timer_on_tick
                0x0000000040086a78        0x4 obj/aarch64_timer_tick.o
                0x0000000040086a78                aarch64_timer_on_tick
 .text.aarch64_sync_dispatch
                0x0000000040086a7c       0xc0 obj/aarch64_exception.o
                0x0000000040086a7c                aarch64_sync_dispatch
 .text.smc_call
                0x0000000040086b3c       0x1c obj/aarch64_psci.o
 .text.psci_set_conduit
                0x0000000040086b58       0x14 obj/aarch64_psci.o
                0x0000000040086b58                psci_set_conduit
 .text.psci_cpu_on
                0x0000000040086b6c       0x28 obj/aarch64_psci.o
                0x0000000040086b6c                psci_cpu_on
 .text.append_str
                0x0000000040086b94       0x20 obj/aarch64_smp.o
 .text.append_hex64
                0x0000000040086bb4       0x50 obj/aarch64_smp.o
 .text.aarch64_cpu_id
                0x0000000040086c04        0xc obj/aarch64_smp.o
                0x0000000040086c04                aarch64_cpu_id
 .text.aarch64_smp_boot
                0x0000000040086c10      0x18c obj/aarch64_smp.o
                0x0000000040086c10                aarch64_smp_boot
 .text.aarch64_secondary_entry
                0x0000000040086d9c       0x74 obj/aarch64_smp.o
                0x0000000040086d9c                aarch64_secondary_entry
 .text.bswap32  0x0000000040086e10        0x8 obj/aarch64_fb_simple.o
 .text.fw_cfg_read_u32_be
                0x0000000040086e18       0x2c obj/aarch64_fb_simple.o
 .text.fb_color
                0x0000000040086e44       0x34 obj/aarch64_fb_simple.o
 .text.fb_put_pixel
                0x0000000040086e78       0x50 obj/aarch64_fb_simple.o
 .text.fb_fill_rect
                0x0000000040086ec8       0x74 obj/aarch64_fb_simple.o
 .text.aarch64_dcache_clean_poc_range.part.0
                0x0000000040086f3c       0x44 obj/aarch64_fb_simple.o
 .text.fb_flush_rect
                0x0000000040086f80       0xc0 obj/aarch64_fb_simple.o
 .text.fb_draw_glyph
                0x0000000040087040       0x84 obj/aarch64_fb_simple.o
 .text.fb_clear_screen
                0x00000000400870c4       0x68 obj/aarch64_fb_simple.o
 .text.fb_newline
                0x000000004008712c       0x34 obj/aarch64_fb_simple.o
 .text.fb_simple_draw_glyph8x16_doubled
                0x0000000040087160       0xa0 obj/aarch64_fb_simple.o
                0x0000000040087160                fb_simple_draw_glyph8x16_doubled
 .text.fb_simple_init
                0x0000000040087200      0x440 obj/aarch64_fb_simple.o
                0x0000000040087200                fb_simple_init
 .text.fb_simple_ready
                0x0000000040087640       0x14 obj/aarch64_fb_simple.o
                0x0000000040087640                fb_simple_ready
 .text.fb_simple_clear
                0x0000000040087654       0x14 obj/aarch64_fb_simple.o
                0x0000000040087654                fb_simple_clear
 .text.fb_simple_set_rgb
                0x0000000040087668       0x2c obj/aarch64_fb_simple.o
                0x0000000040087668                fb_simple_set_rgb
 .text.fb_simple_set_bg_rgb
                0x0000000040087694       0x2c obj/aarch64_fb_simple.o
                0x0000000040087694                fb_simple_set_bg_rgb
 .text.fb_simple_clear_rgb
                0x00000000400876c0       0x70 obj/aarch64_fb_simple.o
                0x00000000400876c0                fb_simple_clear_rgb
 .text.fb_simple_draw_pixel
                0x0000000040087730       0x78 obj/aarch64_fb_simple.o
                0x0000000040087730                fb_simple_draw_pixel
 .text.fb_simple_fill_rect
                0x00000000400877a8       0xb4 obj/aarch64_fb_simple.o
                0x00000000400877a8                fb_simple_fill_rect
 .text.fb_simple_flush
                0x000000004008785c       0x2c obj/aarch64_fb_simple.o
                0x000000004008785c                fb_simple_flush
 .text.fb_simple_putc
                0x0000000040087888       0xfc obj/aarch64_fb_simple.o
                0x0000000040087888                fb_simple_putc
 .text.fb_simple_write
                0x0000000040087984       0x38 obj/aarch64_fb_simple.o
                0x0000000040087984                fb_simple_write
 .text.fb_simple_get_info
                0x00000000400879bc       0x78 obj/aarch64_fb_simple.o
                0x00000000400879bc                fb_simple_get_info
 .text.fb_simple_last_error
                0x0000000040087a34        0xc obj/aarch64_fb_simple.o
                0x0000000040087a34                fb_simple_last_error
 .text.gfx_init_default
                0x0000000040087a40       0x1c obj/aarch64_gfx.o
                0x0000000040087a40                gfx_init_default
 .text.gfx_b    0x0000000040087a5c       0x2c obj/aarch64_gfx.o
 .text.gfx_ready
                0x0000000040087a88       0x30 obj/aarch64_gfx.o
                0x0000000040087a88                gfx_ready
 .text.gfx_putc
                0x0000000040087ab8       0x34 obj/aarch64_gfx.o
                0x0000000040087ab8                gfx_putc
 .text.gfx_write
                0x0000000040087aec       0x6c obj/aarch64_gfx.o
                0x0000000040087aec                gfx_write
 .text.gfx_set_rgb
                0x0000000040087b58       0x44 obj/aarch64_gfx.o
                0x0000000040087b58                gfx_set_rgb
 .text.gfx_set_bg_rgb
                0x0000000040087b9c       0x44 obj/aarch64_gfx.o
                0x0000000040087b9c                gfx_set_bg_rgb
 .text.gfx_clear
                0x0000000040087be0       0x2c obj/aarch64_gfx.o
                0x0000000040087be0                gfx_clear
 .text.gfx_clear_rgb
                0x0000000040087c0c       0x44 obj/aarch64_gfx.o
                0x0000000040087c0c                gfx_clear_rgb
 .text.gfx_fill_rect
                0x0000000040087c50       0x44 obj/aarch64_gfx.o
                0x0000000040087c50                gfx_fill_rect
 .text.gfx_flush
                0x0000000040087c94       0x2c obj/aarch64_gfx.o
                0x0000000040087c94                gfx_flush
 .text.gfx_screen_width
                0x0000000040087cc0       0x30 obj/aarch64_gfx.o
                0x0000000040087cc0                gfx_screen_width
 .text.gfx_screen_height
                0x0000000040087cf0       0x30 obj/aarch64_gfx.o
                0x0000000040087cf0                gfx_screen_height
 .text.fb_screen_h_impl
                0x0000000040087d20       0x3c obj/aarch64_gfx_backend_fb_simple.o
 .text.fb_screen_w_impl
                0x0000000040087d5c       0x3c obj/aarch64_gfx_backend_fb_simple.o
 .text.fb_flush_impl
                0x0000000040087d98        0x4 obj/aarch64_gfx_backend_fb_simple.o
 .text.fb_draw_pixel_impl
                0x0000000040087d9c       0x10 obj/aarch64_gfx_backend_fb_simple.o
 .text.fb_clear_rgb_impl
                0x0000000040087dac        0x4 obj/aarch64_gfx_backend_fb_simple.o
 .text.fb_clear_impl
                0x0000000040087db0        0x4 obj/aarch64_gfx_backend_fb_simple.o
 .text.fb_set_bg_rgb_impl
                0x0000000040087db4        0x4 obj/aarch64_gfx_backend_fb_simple.o
 .text.fb_set_rgb_impl
                0x0000000040087db8        0x4 obj/aarch64_gfx_backend_fb_simple.o
 .text.fb_write_impl
                0x0000000040087dbc        0x4 obj/aarch64_gfx_backend_fb_simple.o
 .text.fb_putc_impl
                0x0000000040087dc0        0x4 obj/aarch64_gfx_backend_fb_simple.o
 .text.fb_ready_impl
                0x0000000040087dc4        0x4 obj/aarch64_gfx_backend_fb_simple.o
 .text.fb_fill_rect_impl
                0x0000000040087dc8       0x1c obj/aarch64_gfx_backend_fb_simple.o
 .text.out_pad  0x0000000040087de4       0x34 obj/aarch64_printf.o
 .text.out_u64_dec
                0x0000000040087e18       0x60 obj/aarch64_printf.o
 .text.out_u64_hex
                0x0000000040087e78       0x90 obj/aarch64_printf.o
 .text.vsnprintf
                0x0000000040087f08      0x41c obj/aarch64_printf.o
                0x0000000040087f08                vsnprintf
 .text.snprintf
                0x0000000040088324       0x64 obj/aarch64_printf.o
                0x0000000040088324                snprintf
 .text.printf   0x0000000040088388      0x15c obj/aarch64_printf.o
                0x0000000040088388                printf
 .text.memcpy   0x00000000400884e4       0x2c obj/aarch64_string.o
                0x00000000400884e4                memcpy
 .text.memset   0x0000000040088510       0x24 obj/aarch64_string.o
                0x0000000040088510                memset
 .text.memmove  0x0000000040088534       0x54 obj/aarch64_string.o
                0x0000000040088534                memmove
 .text.strlen   0x0000000040088588       0x20 obj/aarch64_string.o
                0x0000000040088588                strlen
 .text.strlength
                0x00000000400885a8       0x30 obj/aarch64_string.o
                0x00000000400885a8                strlength
 .text.strcpy   0x00000000400885d8       0x24 obj/aarch64_string.o
                0x00000000400885d8                strcpy
 .text.strncpy  0x00000000400885fc       0x44 obj/aarch64_string.o
                0x00000000400885fc                strncpy
 .text.strcat   0x0000000040088640       0x38 obj/aarch64_string.o
                0x0000000040088640                strcat
 .text.strncat  0x0000000040088678       0x48 obj/aarch64_string.o
                0x0000000040088678                strncat
 .text.strcmp   0x00000000400886c0       0x38 obj/aarch64_string.o
                0x00000000400886c0                strcmp
 .text.strncmp  0x00000000400886f8       0x44 obj/aarch64_string.o
                0x00000000400886f8                strncmp
 .text.strchr   0x000000004008873c       0x2c obj/aarch64_string.o
                0x000000004008873c                strchr
 .text.strrchr  0x0000000040088768       0x30 obj/aarch64_string.o
                0x0000000040088768                strrchr
 .text.strstr   0x0000000040088798       0x74 obj/aarch64_string.o
                0x0000000040088798                strstr
 .text.strtok_r
                0x000000004008880c       0xa8 obj/aarch64_string.o
                0x000000004008880c                strtok_r
 .text.atoi     0x00000000400888b4       0x8c obj/aarch64_string.o
                0x00000000400888b4                atoi
 .text.str_to_int
                0x0000000040088940       0x10 obj/aarch64_string.o
                0x0000000040088940                str_to_int
 .text.cmdEql   0x0000000040088950       0x30 obj/aarch64_string.o
                0x0000000040088950                cmdEql
 .text.strEql   0x0000000040088980        0x4 obj/aarch64_string.o
                0x0000000040088980                strEql
 .text.validate_file_path
                0x0000000040088984       0x98 obj/aarch64_string.o
                0x0000000040088984                validate_file_path
 .text.get_input_validation_errors
                0x0000000040088a1c        0x8 obj/aarch64_string.o
                0x0000000040088a1c                get_input_validation_errors
 .text.safe_strcpy
                0x0000000040088a24       0x40 obj/aarch64_string.o
                0x0000000040088a24                safe_strcpy
 .text.shell_log_warn
                0x0000000040088a64       0x44 obj/aarch64_shell_log.o
 .text.shell_log_enable
                0x0000000040088aa8       0x18 obj/aarch64_shell_log.o
                0x0000000040088aa8                shell_log_enable
 .text.shell_log_disable
                0x0000000040088ac0        0xc obj/aarch64_shell_log.o
                0x0000000040088ac0                shell_log_disable
 .text.init_dynamic_log_buffer
                0x0000000040088acc       0x64 obj/aarch64_shell_log.o
                0x0000000040088acc                init_dynamic_log_buffer
 .text.shell_log_flush
                0x0000000040088b30      0x1cc obj/aarch64_shell_log.o
                0x0000000040088b30                shell_log_flush
 .text.shell_log_append
                0x0000000040088cfc      0x1c0 obj/aarch64_shell_log.o
                0x0000000040088cfc                shell_log_append
 .text.heap_init_default
                0x0000000040088ebc       0x48 obj/aarch64_heap.o
 .text.aarch64_heap_init
                0x0000000040088f04       0x7c obj/aarch64_heap.o
                0x0000000040088f04                aarch64_heap_init
 .text.malloc   0x0000000040088f80      0x134 obj/aarch64_heap.o
                0x0000000040088f80                malloc
 .text.free     0x00000000400890b4       0x80 obj/aarch64_heap.o
                0x00000000400890b4                free
 .text.init_pipeline_system
                0x0000000040089134       0x5c obj/aarch64_pipeline.o
                0x0000000040089134                init_pipeline_system
 .text.is_pipeline_command
                0x0000000040089190       0x44 obj/aarch64_pipeline.o
                0x0000000040089190                is_pipeline_command
 .text.count_pipeline_commands
                0x00000000400891d4       0x34 obj/aarch64_pipeline.o
                0x00000000400891d4                count_pipeline_commands
 .text.is_whitespace
                0x0000000040089208       0x20 obj/aarch64_pipeline.o
                0x0000000040089208                is_whitespace
 .text.trim_whitespace
                0x0000000040089228       0x64 obj/aarch64_pipeline.o
                0x0000000040089228                trim_whitespace
 .text.simple_strtok
                0x000000004008928c       0xd4 obj/aarch64_pipeline.o
                0x000000004008928c                simple_strtok
 .text.split_command
                0x0000000040089360      0x12c obj/aarch64_pipeline.o
                0x0000000040089360                split_command
 .text.free_args
                0x000000004008948c       0x54 obj/aarch64_pipeline.o
                0x000000004008948c                free_args
 .text.parse_redirections
                0x00000000400894e0      0x320 obj/aarch64_pipeline.o
                0x00000000400894e0                parse_redirections
 .text.parse_command
                0x0000000040089800      0x1f4 obj/aarch64_pipeline.o
                0x0000000040089800                parse_command
 .text.parse_pipeline
                0x00000000400899f4       0xe0 obj/aarch64_pipeline.o
                0x00000000400899f4                parse_pipeline
 .text.free_command
                0x0000000040089ad4       0x70 obj/aarch64_pipeline.o
                0x0000000040089ad4                free_command
 .text.free_pipeline
                0x0000000040089b44       0x40 obj/aarch64_pipeline.o
                0x0000000040089b44                free_pipeline
 .text.read_file_for_input_redirection
                0x0000000040089b84       0xc8 obj/aarch64_pipeline.o
                0x0000000040089b84                read_file_for_input_redirection
 .text.execute_simple_command.part.0
                0x0000000040089c4c      0x290 obj/aarch64_pipeline.o
 .text.execute_simple_command
                0x0000000040089edc       0x18 obj/aarch64_pipeline.o
                0x0000000040089edc                execute_simple_command
 .text.execute_complex_pipeline
                0x0000000040089ef4      0x214 obj/aarch64_pipeline.o
                0x0000000040089ef4                execute_complex_pipeline
 .text.add_background_process
                0x000000004008a108       0x90 obj/aarch64_pipeline.o
                0x000000004008a108                add_background_process
 .text.execute_background_command
                0x000000004008a198      0x108 obj/aarch64_pipeline.o
                0x000000004008a198                execute_background_command
 .text.execute_command
                0x000000004008a2a0       0x1c obj/aarch64_pipeline.o
                0x000000004008a2a0                execute_command
 .text.execute_pipeline
                0x000000004008a2bc      0x32c obj/aarch64_pipeline.o
                0x000000004008a2bc                execute_pipeline
 .text.shell_command_is_available
                0x000000004008a5e8       0x28 obj/aarch64_shell_caps.o
                0x000000004008a5e8                shell_command_is_available
 .text.shell_unavailable_cmd
                0x000000004008a610       0xb8 obj/aarch64_shell_caps.o
                0x000000004008a610                shell_unavailable_cmd
 .text.serial_write
                0x000000004008a6c8       0x40 obj/aarch64_compat_stubs.o
                0x000000004008a6c8                serial_write
 .text.get_heap_size
                0x000000004008a708        0x8 obj/aarch64_compat_stubs.o
                0x000000004008a708                get_heap_size
 .text.get_heap_used
                0x000000004008a710        0x8 obj/aarch64_compat_stubs.o
                0x000000004008a710                get_heap_used
 .text.get_total_ram
                0x000000004008a718        0x8 obj/aarch64_compat_stubs.o
                0x000000004008a718                get_total_ram
 .text.sched_get_idle_hlt_count
                0x000000004008a720        0x8 obj/aarch64_compat_stubs.o
                0x000000004008a720                sched_get_idle_hlt_count
 .text.fb_flush_full
                0x000000004008a728       0x20 obj/aarch64_vga.o
 .text.fb_query.constprop.0
                0x000000004008a748       0x70 obj/aarch64_vga.o
 .text.vga_text_cell_w
                0x000000004008a7b8        0x8 obj/aarch64_vga.o
                0x000000004008a7b8                vga_text_cell_w
 .text.vga_text_cell_h
                0x000000004008a7c0        0x8 obj/aarch64_vga.o
                0x000000004008a7c0                vga_text_cell_h
 .text.vga_system_font_set
                0x000000004008a7c8        0x8 obj/aarch64_vga.o
                0x000000004008a7c8                vga_system_font_set
 .text.drawPixel
                0x000000004008a7d0      0x108 obj/aarch64_vga.o
                0x000000004008a7d0                drawPixel
 .text.vga_drawPixel_fb
                0x000000004008a8d8        0x4 obj/aarch64_vga.o
                0x000000004008a8d8                vga_drawPixel_fb
 .text.vga_drawPixel_bb
                0x000000004008a8dc        0x4 obj/aarch64_vga.o
                0x000000004008a8dc                vga_drawPixel_bb
 .text.vga_blendPixel_bb
                0x000000004008a8e0       0x10 obj/aarch64_vga.o
                0x000000004008a8e0                vga_blendPixel_bb
 .text.drawRect
                0x000000004008a8f0       0x8c obj/aarch64_vga.o
                0x000000004008a8f0                drawRect
 .text.vga_fillRect_fb
                0x000000004008a97c        0x4 obj/aarch64_vga.o
                0x000000004008a97c                vga_fillRect_fb
 .text.drawCharAt_font
                0x000000004008a980       0x54 obj/aarch64_vga.o
                0x000000004008a980                drawCharAt_font
 .text.drawCharAt
                0x000000004008a9d4       0x20 obj/aarch64_vga.o
                0x000000004008a9d4                drawCharAt
 .text.drawTextAt
                0x000000004008a9f4       0x78 obj/aarch64_vga.o
                0x000000004008a9f4                drawTextAt
 .text.start_shell_redirect
                0x000000004008aa6c       0x28 obj/aarch64_vga.o
                0x000000004008aa6c                start_shell_redirect
 .text.stop_shell_redirect
                0x000000004008aa94       0x40 obj/aarch64_vga.o
                0x000000004008aa94                stop_shell_redirect
 .text.vga_init_double_buffer
                0x000000004008aad4        0x4 obj/aarch64_vga.o
                0x000000004008aad4                vga_init_double_buffer
 .text.vga_mark_dirty_rect
                0x000000004008aad8        0x4 obj/aarch64_vga.o
                0x000000004008aad8                vga_mark_dirty_rect
 .text.vga_begin_frame
                0x000000004008aadc        0x4 obj/aarch64_vga.o
                0x000000004008aadc                vga_begin_frame
 .text.vga_set_swap_exclude
                0x000000004008aae0        0x4 obj/aarch64_vga.o
                0x000000004008aae0                vga_set_swap_exclude
 .text.vga_clear_swap_exclude
                0x000000004008aae4        0x4 obj/aarch64_vga.o
                0x000000004008aae4                vga_clear_swap_exclude
 .text.vga_blit_backbuffer_region_to_fb
                0x000000004008aae8        0x4 obj/aarch64_vga.o
                0x000000004008aae8                vga_blit_backbuffer_region_to_fb
 .text.vga_swap_buffers
                0x000000004008aaec        0x4 obj/aarch64_vga.o
                0x000000004008aaec                vga_swap_buffers
 .text.vga_blit_rgb565_bb
                0x000000004008aaf0       0xcc obj/aarch64_vga.o
                0x000000004008aaf0                vga_blit_rgb565_bb
 .text.vga_blit_rgb565_scaled_bb
                0x000000004008abbc      0x108 obj/aarch64_vga.o
                0x000000004008abbc                vga_blit_rgb565_scaled_bb
 .text.vga_darkenRect_bb
                0x000000004008acc4        0x4 obj/aarch64_vga.o
                0x000000004008acc4                vga_darkenRect_bb
 .text.vga_get_fb_bpp_bytes
                0x000000004008acc8        0x8 obj/aarch64_vga.o
                0x000000004008acc8                vga_get_fb_bpp_bytes
 .text.vga_capture_fb_region
                0x000000004008acd0      0x138 obj/aarch64_vga.o
                0x000000004008acd0                vga_capture_fb_region
 .text.vga_wait_vblank
                0x000000004008ae08        0x4 obj/aarch64_vga.o
                0x000000004008ae08                vga_wait_vblank
 .text.vga_set_vsync_enabled
                0x000000004008ae0c       0x14 obj/aarch64_vga.o
                0x000000004008ae0c                vga_set_vsync_enabled
 .text.vga_get_vsync_enabled
                0x000000004008ae20        0xc obj/aarch64_vga.o
                0x000000004008ae20                vga_get_vsync_enabled
 .text.vga_set_dirty_strategy
                0x000000004008ae2c        0xc obj/aarch64_vga.o
                0x000000004008ae2c                vga_set_dirty_strategy
 .text.aarch64_multiboot_compat_init_from_fb
                0x000000004008ae38      0x104 obj/aarch64_multiboot_compat.o
                0x000000004008ae38                aarch64_multiboot_compat_init_from_fb
 .text.clamp_pos
                0x000000004008af3c       0x6c obj/aarch64_mouse.o
 .text.mouse_init
                0x000000004008afa8       0xb4 obj/aarch64_mouse.o
                0x000000004008afa8                mouse_init
 .text.mouse_read_event
                0x000000004008b05c       0x64 obj/aarch64_mouse.o
                0x000000004008b05c                mouse_read_event
 .text.mouse_get_position
                0x000000004008b0c0       0x28 obj/aarch64_mouse.o
                0x000000004008b0c0                mouse_get_position
 .text.mouse_set_bounds
                0x000000004008b0e8       0x24 obj/aarch64_mouse.o
                0x000000004008b0e8                mouse_set_bounds
 .text.mouse_poll
                0x000000004008b10c        0x8 obj/aarch64_mouse.o
                0x000000004008b10c                mouse_poll
 .text.watchdog_kick
                0x000000004008b114        0x4 obj/aarch64_watchdog_stub.o
                0x000000004008b114                watchdog_kick
 .text.tui_refresh
                0x000000004008b118        0x4 obj/aarch64_tui.o
                0x000000004008b118                tui_refresh
 .text.tui_read_key
                0x000000004008b11c       0x2c obj/aarch64_tui.o
                0x000000004008b11c                tui_read_key
 .text.vterm_clear_line_icons
                0x000000004008b148       0x58 obj/aarch64_terminals.o
 .text.vterm_render_input
                0x000000004008b1a0      0x154 obj/aarch64_terminals.o
 .text.vterm_init_all
                0x000000004008b2f4      0x144 obj/aarch64_terminals.o
                0x000000004008b2f4                vterm_init_all
 .text.vterm_set_scroll
                0x000000004008b438       0x64 obj/aarch64_terminals.o
                0x000000004008b438                vterm_set_scroll
 .text.vterm_get_scroll
                0x000000004008b49c       0x34 obj/aarch64_terminals.o
                0x000000004008b49c                vterm_get_scroll
 .text.vterm_write_char
                0x000000004008b4d0      0x32c obj/aarch64_terminals.o
                0x000000004008b4d0                vterm_write_char
 .text.vterm_print_prompt
                0x000000004008b7fc      0x1a4 obj/aarch64_terminals.o
                0x000000004008b7fc                vterm_print_prompt
 .text.vterm_get_line
                0x000000004008b9a0       0x68 obj/aarch64_terminals.o
                0x000000004008b9a0                vterm_get_line
 .text.vterm_get_line_icon_count
                0x000000004008ba08       0x60 obj/aarch64_terminals.o
                0x000000004008ba08                vterm_get_line_icon_count
 .text.vterm_get_line_icon_key_n
                0x000000004008ba68       0xd8 obj/aarch64_terminals.o
                0x000000004008ba68                vterm_get_line_icon_key_n
 .text.vterm_clear
                0x000000004008bb40       0xe8 obj/aarch64_terminals.o
                0x000000004008bb40                vterm_clear
 .text.vterm_handle_key
                0x000000004008bc28      0xbd0 obj/aarch64_terminals.o
                0x000000004008bc28                vterm_handle_key
 .text.vterm_get_version
                0x000000004008c7f8       0x34 obj/aarch64_terminals.o
                0x000000004008c7f8                vterm_get_version
 .text.vterm_set_active
                0x000000004008c82c       0x2c obj/aarch64_terminals.o
                0x000000004008c82c                vterm_set_active
 .text.vterm_get_cursor_row
                0x000000004008c858       0x34 obj/aarch64_terminals.o
                0x000000004008c858                vterm_get_cursor_row
 .text.vterm_get_char_color_abs
                0x000000004008c88c      0x100 obj/aarch64_terminals.o
                0x000000004008c88c                vterm_get_char_color_abs
 .text.vterm_get_cursor_col
                0x000000004008c98c       0x34 obj/aarch64_terminals.o
                0x000000004008c98c                vterm_get_cursor_col
 .text.vterm_is_selected
                0x000000004008c9c0       0x88 obj/aarch64_terminals.o
                0x000000004008c9c0                vterm_is_selected
 .text.rects_intersect
                0x000000004008ca48       0x4c obj/aarch64_tiling_manager.o
 .text.point_in_rect
                0x000000004008ca94       0x34 obj/aarch64_tiling_manager.o
 .text.wm_hit_test
                0x000000004008cac8       0xa4 obj/aarch64_tiling_manager.o
 .text.tile_index_at
                0x000000004008cb6c       0xd0 obj/aarch64_tiling_manager.o
 .text.layout_tiles
                0x000000004008cc3c      0x130 obj/aarch64_tiling_manager.o
 .text.status_bar_height_px
                0x000000004008cd6c       0x24 obj/aarch64_tiling_manager.o
 .text.wm_draw_icon_into_button
                0x000000004008cd90      0x36c obj/aarch64_tiling_manager.o
 .text.load_icon_for_ext_mode
                0x000000004008d0fc      0x288 obj/aarch64_tiling_manager.o
 .text.status_overlay_visible
                0x000000004008d384       0x30 obj/aarch64_tiling_manager.o
 .text.cursor_img_loaded_for_kind
                0x000000004008d3b4       0x34 obj/aarch64_tiling_manager.o
 .text.cursor_img_for_kind
                0x000000004008d3e8       0x64 obj/aarch64_tiling_manager.o
 .text.apply_darken
                0x000000004008d44c       0x44 obj/aarch64_tiling_manager.o
 .text.tile_split_hit_test_mode
                0x000000004008d490       0xa4 obj/aarch64_tiling_manager.o
 .text.get_title_height
                0x000000004008d534       0x58 obj/aarch64_tiling_manager.o
 .text.handle_bg_modal_key
                0x000000004008d58c      0x1f4 obj/aarch64_tiling_manager.o
 .text.draw_decorations.part.0
                0x000000004008d780      0x4a0 obj/aarch64_tiling_manager.o
 .text.tile_close.part.0
                0x000000004008dc20      0x1d8 obj/aarch64_tiling_manager.o
 .text.load_cursor_variant_try_paths.constprop.0
                0x000000004008ddf8      0x148 obj/aarch64_tiling_manager.o
 .text.load_close_icon_try_paths.constprop.0
                0x000000004008df40      0x15c obj/aarch64_tiling_manager.o
 .text.load_min_icon_try_paths.constprop.0
                0x000000004008e09c      0x15c obj/aarch64_tiling_manager.o
 .text.load_max_icon_try_paths.constprop.0
                0x000000004008e1f8      0x15c obj/aarch64_tiling_manager.o
 .text.load_close_icon_unf_try_paths.constprop.0
                0x000000004008e354      0x15c obj/aarch64_tiling_manager.o
 .text.load_min_icon_unf_try_paths.constprop.0
                0x000000004008e4b0      0x15c obj/aarch64_tiling_manager.o
 .text.load_max_icon_unf_try_paths.constprop.0
                0x000000004008e60c      0x15c obj/aarch64_tiling_manager.o
 .text.maybe_update_icon_mode.constprop.0
                0x000000004008e768      0x1a0 obj/aarch64_tiling_manager.o
 .text.cursor_get_dims.constprop.0
                0x000000004008e908       0x70 obj/aarch64_tiling_manager.o
 .text.draw_status_overlay_text.constprop.0
                0x000000004008e978      0x3a8 obj/aarch64_tiling_manager.o
 .text.draw_tile_status_overlay
                0x000000004008ed20       0xe8 obj/aarch64_tiling_manager.o
 .text.win_title_height.isra.0
                0x000000004008ee08       0x24 obj/aarch64_tiling_manager.o
 .text.wm_get_close_rect
                0x000000004008ee2c       0xd0 obj/aarch64_tiling_manager.o
 .text.wm_get_max_rect
                0x000000004008eefc       0xd4 obj/aarch64_tiling_manager.o
 .text.wm_resize_hit_test_edges
                0x000000004008efd0      0x1a8 obj/aarch64_tiling_manager.o
 .text.wm_draw_decor
                0x000000004008f178      0x660 obj/aarch64_tiling_manager.o
 .text.draw_static_tile.part.0
                0x000000004008f7d8       0x74 obj/aarch64_tiling_manager.o
 .text.draw_tile_content.part.0
                0x000000004008f84c      0xef4 obj/aarch64_tiling_manager.o
 .text.wm_theme_get
                0x0000000040090740       0x20 obj/aarch64_tiling_manager.o
                0x0000000040090740                wm_theme_get
 .text.wm_theme_set
                0x0000000040090760       0x2c obj/aarch64_tiling_manager.o
                0x0000000040090760                wm_theme_set
 .text.wm_theme_reset_defaults
                0x000000004009078c       0x34 obj/aarch64_tiling_manager.o
                0x000000004009078c                wm_theme_reset_defaults
 .text.wm_create_window
                0x00000000400907c0      0x14c obj/aarch64_tiling_manager.o
                0x00000000400907c0                wm_create_window
 .text.wm_register_gui_client2
                0x000000004009090c       0x3c obj/aarch64_tiling_manager.o
                0x000000004009090c                wm_register_gui_client2
 .text.wm_set_title_status
                0x0000000040090948       0x48 obj/aarch64_tiling_manager.o
                0x0000000040090948                wm_set_title_status
 .text.wm_invalidate_window
                0x0000000040090990       0x34 obj/aarch64_tiling_manager.o
                0x0000000040090990                wm_invalidate_window
 .text.wm_set_continuous_redraw
                0x00000000400909c4       0x44 obj/aarch64_tiling_manager.o
                0x00000000400909c4                wm_set_continuous_redraw
 .text.wm_close_window
                0x0000000040090a08       0xbc obj/aarch64_tiling_manager.o
                0x0000000040090a08                wm_close_window
 .text.tile_set_title_status
                0x0000000040090ac4       0x4c obj/aarch64_tiling_manager.o
                0x0000000040090ac4                tile_set_title_status
 .text.tile_close
                0x0000000040090b10       0x88 obj/aarch64_tiling_manager.o
                0x0000000040090b10                tile_close
 .text.tile_get_focused
                0x0000000040090b98        0xc obj/aarch64_tiling_manager.o
                0x0000000040090b98                tile_get_focused
 .text.tile_register_gui_client2
                0x0000000040090ba4       0x88 obj/aarch64_tiling_manager.o
                0x0000000040090ba4                tile_register_gui_client2
 .text.tile_create_gui_tile
                0x0000000040090c2c       0xa8 obj/aarch64_tiling_manager.o
                0x0000000040090c2c                tile_create_gui_tile
 .text.tile_unregister_gui_client
                0x0000000040090cd4       0xc4 obj/aarch64_tiling_manager.o
                0x0000000040090cd4                tile_unregister_gui_client
 .text.tile_invalidate_gui
                0x0000000040090d98       0x3c obj/aarch64_tiling_manager.o
                0x0000000040090d98                tile_invalidate_gui
 .text.tile_set_gui_continuous_redraw
                0x0000000040090dd4       0x58 obj/aarch64_tiling_manager.o
                0x0000000040090dd4                tile_set_gui_continuous_redraw
 .text.start_tiling_manager
                0x0000000040090e2c     0x31a8 obj/aarch64_tiling_manager.o
                0x0000000040090e2c                start_tiling_manager
 .text.ui_prefs_get_font_path
                0x0000000040093fd4        0xc obj/aarch64_ui_prefs.o
                0x0000000040093fd4                ui_prefs_get_font_path
 .text.ui_prefs_set_font_path
                0x0000000040093fe0       0x44 obj/aarch64_ui_prefs.o
                0x0000000040093fe0                ui_prefs_set_font_path
 .text.ui_prefs_get_status_bar_mode
                0x0000000040094024       0x14 obj/aarch64_ui_prefs.o
                0x0000000040094024                ui_prefs_get_status_bar_mode
 .text.ui_prefs_set_status_bar_mode
                0x0000000040094038       0x14 obj/aarch64_ui_prefs.o
                0x0000000040094038                ui_prefs_set_status_bar_mode
 .text.ui_prefs_save
                0x000000004009404c      0x13c obj/aarch64_ui_prefs.o
                0x000000004009404c                ui_prefs_save
 .text.tiling_cmd
                0x0000000040094188        0x4 obj/aarch64_tiling_cmd.o
                0x0000000040094188                tiling_cmd
 .text.theme_gui_mouse
                0x000000004009418c        0x4 obj/aarch64_theme_cmd.o
 .text.font_list_cb
                0x0000000040094190       0xdc obj/aarch64_theme_cmd.o
 .text.theme_gui_draw
                0x000000004009426c      0x42c obj/aarch64_theme_cmd.o
 .text.theme_gui_apply_font.constprop.0
                0x0000000040094698       0xd8 obj/aarch64_theme_cmd.o
 .text.theme_cmd
                0x0000000040094770      0x178 obj/aarch64_theme_cmd.o
 .text.theme_gui_adjust_selected.constprop.0
                0x00000000400948e8      0x134 obj/aarch64_theme_cmd.o
 .text.theme_gui_key
                0x0000000040094a1c      0x2d4 obj/aarch64_theme_cmd.o
 .text.draw_put_pixel
                0x0000000040094cf0       0xd8 obj/aarch64_draw_gui.o
 .text.draw_gui_mouse
                0x0000000040094dc8      0x480 obj/aarch64_draw_gui.o
 .text.draw_gui_key
                0x0000000040095248      0x2f0 obj/aarch64_draw_gui.o
 .text.draw_gui_draw
                0x0000000040095538      0x68c obj/aarch64_draw_gui.o
 .text.draw_cmd
                0x0000000040095bc4      0x220 obj/aarch64_draw_gui.o
                0x0000000040095bc4                draw_cmd
 .text.reiv_prefetch_reset
                0x0000000040095de4       0x2c obj/aarch64_image_viewer_gui.o
 .text.viewer_gui_mouse
                0x0000000040095e10      0x204 obj/aarch64_image_viewer_gui.o
 .text.reiv_eynfs_read_exact
                0x0000000040096014       0xb4 obj/aarch64_image_viewer_gui.o
 .text.reiv_prefetch_start
                0x00000000400960c8      0x170 obj/aarch64_image_viewer_gui.o
 .text.viewer_free_resources
                0x0000000040096238       0xc8 obj/aarch64_image_viewer_gui.o
 .text.viewer_gui_key
                0x0000000040096300      0x204 obj/aarch64_image_viewer_gui.o
 .text.reiv_decode_packbits.constprop.0
                0x0000000040096504      0x160 obj/aarch64_image_viewer_gui.o
 .text.load_reiv_stream
                0x0000000040096664      0x47c obj/aarch64_image_viewer_gui.o
 .text.view_cmd
                0x0000000040096ae0      0x374 obj/aarch64_image_viewer_gui.o
                0x0000000040096ae0                view_cmd
 .text.reiv_prefetch_step
                0x0000000040096e54      0x2c0 obj/aarch64_image_viewer_gui.o
 .text.viewer_gui_draw
                0x0000000040097114      0x934 obj/aarch64_image_viewer_gui.o
 .text.vieww_cmd
                0x0000000040097a48      0x3a4 obj/aarch64_image_viewer_gui.o
                0x0000000040097a48                vieww_cmd
 .text.stats_sample_disk
                0x0000000040097dec      0x110 obj/aarch64_stats_gui.o
 .text.stats_gui_key
                0x0000000040097efc       0x20 obj/aarch64_stats_gui.o
 .text.stats_sample_memory
                0x0000000040097f1c       0x6c obj/aarch64_stats_gui.o
 .text.stats_cmd
                0x0000000040097f88       0xa0 obj/aarch64_stats_gui.o
 .text.draw_pie.constprop.0
                0x0000000040098028      0x178 obj/aarch64_stats_gui.o
 .text.format_size_smart.constprop.0
                0x00000000400981a0       0x64 obj/aarch64_stats_gui.o
 .text.stats_gui_mouse
                0x0000000040098204       0x9c obj/aarch64_stats_gui.o
 .text.format_pct_str.constprop.0
                0x00000000400982a0       0x2c obj/aarch64_stats_gui.o
 .text.format_pct_plain_str.constprop.0
                0x00000000400982cc       0x2c obj/aarch64_stats_gui.o
 .text.stats_gui_draw
                0x00000000400982f8      0x584 obj/aarch64_stats_gui.o
 .text.test_mouse
                0x000000004009887c        0x4 obj/aarch64_window_test.o
 .text.win_test_cmd
                0x0000000040098880       0x88 obj/aarch64_window_test.o
                0x0000000040098880                win_test_cmd
 .text.test_draw
                0x0000000040098908       0xac obj/aarch64_window_test.o
 .text.test_key
                0x00000000400989b4       0x48 obj/aarch64_window_test.o
 .text.rei_read_header
                0x00000000400989fc       0x40 obj/aarch64_rei.o
                0x00000000400989fc                rei_read_header
 .text.rei_validate_header
                0x0000000040098a3c       0x6c obj/aarch64_rei.o
                0x0000000040098a3c                rei_validate_header
 .text.rei_calculate_data_size
                0x0000000040098aa8       0x24 obj/aarch64_rei.o
                0x0000000040098aa8                rei_calculate_data_size
 .text.rei_parse_image
                0x0000000040098acc      0x1d0 obj/aarch64_rei.o
                0x0000000040098acc                rei_parse_image
 .text.rei_free_image
                0x0000000040098c9c       0x34 obj/aarch64_rei.o
                0x0000000040098c9c                rei_free_image
 .text.rei_get_pixel_offset
                0x0000000040098cd0       0x40 obj/aarch64_rei.o
                0x0000000040098cd0                rei_get_pixel_offset
 .text.rei_set_pixel_color
                0x0000000040098d10       0x94 obj/aarch64_rei.o
                0x0000000040098d10                rei_set_pixel_color
 .text.reiv_read_header
                0x0000000040098da4       0x40 obj/aarch64_reiv.o
                0x0000000040098da4                reiv_read_header
 .text.reiv_validate_header
                0x0000000040098de4       0x88 obj/aarch64_reiv.o
                0x0000000040098de4                reiv_validate_header
 .text.reiv_frame_size_bytes
                0x0000000040098e6c       0x2c obj/aarch64_reiv.o
                0x0000000040098e6c                reiv_frame_size_bytes
 .text.reiv_frame_offset_bytes
                0x0000000040098e98       0x3c obj/aarch64_reiv.o
                0x0000000040098e98                reiv_frame_offset_bytes
 .text.reiv_index_size_bytes
                0x0000000040098ed4       0x30 obj/aarch64_reiv.o
                0x0000000040098ed4                reiv_index_size_bytes
 .text.reiv_data_offset_bytes
                0x0000000040098f04       0x4c obj/aarch64_reiv.o
                0x0000000040098f04                reiv_data_offset_bytes
 .text.alias_name_valid
                0x0000000040098f50       0x64 obj/aarch64_alias.o
 .text.trim_left
                0x0000000040098fb4       0x28 obj/aarch64_alias.o
 .text.contains_meta_chars
                0x0000000040098fdc       0x40 obj/aarch64_alias.o
 .text.alias_find_mut
                0x000000004009901c       0x70 obj/aarch64_alias.o
 .text.trim_right
                0x000000004009908c       0x60 obj/aarch64_alias.o
 .text.alias_load_if_needed
                0x00000000400990ec      0x1f0 obj/aarch64_alias.o
 .text.shell_alias_expand_line
                0x00000000400992dc      0x318 obj/aarch64_alias.o
                0x00000000400992dc                shell_alias_expand_line
 .text.math_get_current_equation
                0x00000000400995f4      0x2f0 obj/aarch64_math.o
                0x00000000400995f4                math_get_current_equation
 .text.rand_next
                0x00000000400998e4       0x24 obj/aarch64_math.o
                0x00000000400998e4                rand_next
 .text.rand_range
                0x0000000040099908       0x3c obj/aarch64_math.o
                0x0000000040099908                rand_range
 .text.partition_strings
                0x0000000040099944       0xa4 obj/aarch64_math.o
                0x0000000040099944                partition_strings
 .text.quicksort_strings
                0x00000000400999e8       0x5c obj/aarch64_math.o
                0x00000000400999e8                quicksort_strings
 .text.build_bad_char_table
                0x0000000040099a44       0x3c obj/aarch64_math.o
                0x0000000040099a44                build_bad_char_table
 .text.build_good_suffix_table
                0x0000000040099a80       0xdc obj/aarch64_math.o
                0x0000000040099a80                build_good_suffix_table
 .text.boyer_moore_search
                0x0000000040099b5c      0x108 obj/aarch64_math.o
                0x0000000040099b5c                boyer_moore_search
 .text.to_fat32_83
                0x0000000040099c64       0xd8 obj/aarch64_fat32.o
                0x0000000040099c64                to_fat32_83
 .text.fat32_read_bpb_sector
                0x0000000040099d3c       0x54 obj/aarch64_fat32.o
                0x0000000040099d3c                fat32_read_bpb_sector
 .text.fat32_next_cluster_sector
                0x0000000040099d90       0x74 obj/aarch64_fat32.o
                0x0000000040099d90                fat32_next_cluster_sector
 .text.fat32_get_partition_lba_start
                0x0000000040099e04       0xbc obj/aarch64_fat32.o
                0x0000000040099e04                fat32_get_partition_lba_start
 .text.fat32_find_entry_sector
                0x0000000040099ec0      0x1a8 obj/aarch64_fat32.o
                0x0000000040099ec0                fat32_find_entry_sector
 .text.eynfs_cache_invalidate_block
                0x000000004009a068       0x38 obj/aarch64_eynfs.o
 .text.eynfs_load_u32
                0x000000004009a0a0       0x24 obj/aarch64_eynfs.o
 .text.eynfs_store_u32
                0x000000004009a0c4       0x20 obj/aarch64_eynfs.o
 .text.eynfs_write_dir_block
                0x000000004009a0e4       0x80 obj/aarch64_eynfs.o
 .text.eynfs_cache_flush
                0x000000004009a164       0x64 obj/aarch64_eynfs.o
 .text.eynfs_dir_cache_invalidate
                0x000000004009a1c8       0x60 obj/aarch64_eynfs.o
 .text.eynfs_cache_write_block
                0x000000004009a228       0x8c obj/aarch64_eynfs.o
 .text.eynfs_alloc_block_optimized
                0x000000004009a2b4      0x178 obj/aarch64_eynfs.o
 .text.eynfs_bitmap_set_used
                0x000000004009a42c       0xd4 obj/aarch64_eynfs.o
 .text.eynfs_cache_get_block
                0x000000004009a500      0x19c obj/aarch64_eynfs.o
                0x000000004009a500                eynfs_cache_get_block
 .text.eynfs_read_superblock
                0x000000004009a69c       0xb8 obj/aarch64_eynfs.o
                0x000000004009a69c                eynfs_read_superblock
 .text.eynfs_read_dir_table
                0x000000004009a754       0xe0 obj/aarch64_eynfs.o
                0x000000004009a754                eynfs_read_dir_table
 .text.eynfs_count_dir_entries
                0x000000004009a834       0x9c obj/aarch64_eynfs.o
                0x000000004009a834                eynfs_count_dir_entries
 .text.eynfs_alloc_block
                0x000000004009a8d0       0x60 obj/aarch64_eynfs.o
                0x000000004009a8d0                eynfs_alloc_block
 .text.eynfs_write_dir_table
                0x000000004009a930      0x210 obj/aarch64_eynfs.o
                0x000000004009a930                eynfs_write_dir_table
 .text.eynfs_free_block
                0x000000004009ab40       0x48 obj/aarch64_eynfs.o
                0x000000004009ab40                eynfs_free_block
 .text.eynfs_find_in_dir
                0x000000004009ab88      0x1c0 obj/aarch64_eynfs.o
                0x000000004009ab88                eynfs_find_in_dir
 .text.eynfs_traverse_path
                0x000000004009ad48      0x168 obj/aarch64_eynfs.o
                0x000000004009ad48                eynfs_traverse_path
 .text.eynfs_create_entry
                0x000000004009aeb0      0x2fc obj/aarch64_eynfs.o
                0x000000004009aeb0                eynfs_create_entry
 .text.eynfs_read_file
                0x000000004009b1ac      0x178 obj/aarch64_eynfs.o
                0x000000004009b1ac                eynfs_read_file
 .text.eynfs_write_file
                0x000000004009b324      0x2dc obj/aarch64_eynfs.o
                0x000000004009b324                eynfs_write_file
 .text.fat32_path_to_entry
                0x000000004009b600      0x154 obj/aarch64_vfs.o
 .text.fat32_read_fat_entry
                0x000000004009b754       0x80 obj/aarch64_vfs.o
 .text.fat32_write_fat_entry_all
                0x000000004009b7d4       0xf0 obj/aarch64_vfs.o
 .text.vfs_split_path.constprop.0
                0x000000004009b8c4       0xec obj/aarch64_vfs.o
 .text.fat32_free_chain_sector_all.isra.0
                0x000000004009b9b0       0x94 obj/aarch64_vfs.o
 .text.fat32_allocate_chain_sector_all.constprop.0
                0x000000004009ba44      0x14c obj/aarch64_vfs.o
 .text.vfs_get_file_size
                0x000000004009bb90      0x100 obj/aarch64_vfs.o
                0x000000004009bb90                vfs_get_file_size
 .text.vfs_read_file
                0x000000004009bc90      0x21c obj/aarch64_vfs.o
                0x000000004009bc90                vfs_read_file
 .text.vfs_stat
                0x000000004009beac      0x12c obj/aarch64_vfs.o
                0x000000004009beac                vfs_stat
 .text.vfs_listdir
                0x000000004009bfd8      0x400 obj/aarch64_vfs.o
                0x000000004009bfd8                vfs_listdir
 .text.vfs_write_file
                0x000000004009c3d8      0x62c obj/aarch64_vfs.o
                0x000000004009c3d8                vfs_write_file
 .text.vfs_mkdir
                0x000000004009ca04      0x42c obj/aarch64_vfs.o
                0x000000004009ca04                vfs_mkdir
 .text.hal_console_putc
                0x000000004009ce30       0x84 obj/aarch64_hal_console.o
                0x000000004009ce30                hal_console_putc
 .text.hal_console_write
                0x000000004009ceb4       0x38 obj/aarch64_hal_console.o
                0x000000004009ceb4                hal_console_write
 .text.hal_console_write_len
                0x000000004009ceec       0x4c obj/aarch64_hal_console.o
                0x000000004009ceec                hal_console_write_len
 .text.hal_kbd_read_key_nonblock
                0x000000004009cf38      0x2e8 obj/aarch64_hal_keyboard.o
                0x000000004009cf38                hal_kbd_read_key_nonblock
 .text.hal_kbd_modifiers
                0x000000004009d220        0xc obj/aarch64_hal_keyboard.o
                0x000000004009d220                hal_kbd_modifiers
 .text.cmd_gfxdemo
                0x000000004009d22c      0x13c obj/aarch64_gfx_cmd.o
                0x000000004009d22c                cmd_gfxdemo
 .text.hal_time_ticks
                0x000000004009d368       0x10 obj/aarch64_hal_time.o
                0x000000004009d368                hal_time_ticks
 .text.hal_time_tick_hz
                0x000000004009d378        0x4 obj/aarch64_hal_time.o
                0x000000004009d378                hal_time_tick_hz
 .text.hal_sleep_us
                0x000000004009d37c       0x74 obj/aarch64_hal_time.o
                0x000000004009d37c                hal_sleep_us

.iplt           0x000000004009d3f0        0x0
 .iplt          0x000000004009d3f0        0x0 obj/aarch64_start.o

.rodata         0x000000004009d3f0     0x5128
 *(.rodata .rodata.*)
 .rodata.fb_write_hex64.str1.1
                0x000000004009d3f0     0x3c68 obj/aarch64_kernel_full.o
                                         0x14 (size before relaxing)
 .rodata.kernel_main.str1.1
                0x00000000400a1058        0x0 obj/aarch64_kernel_full.o
                                        0x14a (size before relaxing)
 .rodata.handler_exit.str1.1
                0x00000000400a1058        0x0 obj/aarch64_shell.o
                                          0xc (size before relaxing)
 .rodata.handle_shell_command.str1.1
                0x00000000400a1058        0x0 obj/aarch64_shell.o
                                         0x60 (size before relaxing)
 .rodata.launch_shell.str1.1
                0x00000000400a1058        0x0 obj/aarch64_shell.o
                                         0x3f (size before relaxing)
 .rodata.line_move_left.str1.1
                0x00000000400a1058        0x0 obj/aarch64_history.o
                                          0x2 (size before relaxing)
 .rodata.line_set.constprop.0.str1.1
                0x00000000400a1058        0x0 obj/aarch64_history.o
                                          0x5 (size before relaxing)
 .rodata.readStr_with_history.str1.1
                0x00000000400a1058        0x0 obj/aarch64_history.o
                                          0xb (size before relaxing)
 .rodata.sort_cmd.str1.1
                0x00000000400a1058        0x0 obj/aarch64_shell_commands.o
                                         0x9a (size before relaxing)
 .rodata.help_cmd.str1.1
                0x00000000400a1058        0x0 obj/aarch64_shell_commands.o
                                         0x2a (size before relaxing)
 .rodata.draw_cmd_handler.str1.1
                0x00000000400a1058        0x0 obj/aarch64_shell_commands.o
                                         0xb9 (size before relaxing)
 .rodata.drive_cmd.str1.1
                0x00000000400a1058        0x0 obj/aarch64_shell_commands.o
                                         0x64 (size before relaxing)
 .rodata.log_cmd.str1.1
                0x00000000400a1058        0x0 obj/aarch64_shell_commands.o
                                         0x43 (size before relaxing)
 .rodata.validate_cmd.str1.1
                0x00000000400a1058        0x0 obj/aarch64_shell_commands.o
                                        0x31d (size before relaxing)
 .rodata.init_cmd.str1.1
                0x00000000400a1058        0x0 obj/aarch64_shell_commands.o
                                         0x8e (size before relaxing)
 .rodata.random_cmd.str1.1
                0x00000000400a1058        0x0 obj/aarch64_shell_commands.o
                                        0x119 (size before relaxing)
 .rodata.history_cmd.str1.1
                0x00000000400a1058        0x0 obj/aarch64_shell_commands.o
                                         0x90 (size before relaxing)
 .rodata.search_recursive.str1.1
                0x00000000400a1058        0x0 obj/aarch64_shell_commands.o
                                         0x34 (size before relaxing)
 .rodata.search_cmd.str1.1
                0x00000000400a1058        0x0 obj/aarch64_shell_commands.o
                                        0x361 (size before relaxing)
 .rodata.echo.str1.1
                0x00000000400a1058        0x0 obj/aarch64_shell_commands.o
                                          0x4 (size before relaxing)
 .rodata.joke_spam.str1.1
                0x00000000400a1058        0x0 obj/aarch64_shell_commands.o
                                          0xb (size before relaxing)
 .rodata.ver.str1.1
                0x00000000400a1058        0x0 obj/aarch64_shell_commands.o
                                         0x20 (size before relaxing)
 .rodata.e1000_cmd.str1.1
                0x00000000400a1058        0x0 obj/aarch64_shell_commands.o
                                        0xb9b (size before relaxing)
 .rodata.calc.str1.1
                0x00000000400a1058        0x0 obj/aarch64_shell_commands.o
                                         0x54 (size before relaxing)
 .rodata.lsata.str1.1
                0x00000000400a1058        0x0 obj/aarch64_shell_commands.o
                                        0x1a0 (size before relaxing)
 .rodata.str1.1
                0x00000000400a1058        0x0 obj/aarch64_shell_commands.o
                                        0xe85 (size before relaxing)
 .rodata.resolve_path.str1.1
                0x00000000400a1058        0x0 obj/aarch64_fs_commands.o
                                          0x7 (size before relaxing)
 .rodata.write_output_to_file.str1.1
                0x00000000400a1058        0x0 obj/aarch64_fs_io_helpers.o
                                          0x1 (size before relaxing)
 .rodata.uart_pl011_write_hex64.str1.1
                0x00000000400a1058        0x0 obj/aarch64_uart_pl011.o
                                         0x11 (size before relaxing)
 .rodata.map_keycode
                0x00000000400a1058       0xdc obj/aarch64_virtio_input.o
 .rodata.virtio_input_getkey_nonblock
                0x00000000400a1134        0xa obj/aarch64_virtio_input.o
 .rodata.virtio_input_init.str1.1
                0x00000000400a113e        0x0 obj/aarch64_virtio_input.o
                                         0xb4 (size before relaxing)
 .rodata.ata_init_drives.str1.1
                0x00000000400a113e        0x0 obj/aarch64_ata_virtio.o
                                          0xb (size before relaxing)
 .rodata.fdt_parse_memory.str1.1
                0x00000000400a113e        0x0 obj/aarch64_fdt.o
                                         0x32 (size before relaxing)
 .rodata.fdt_parse_gicv2.str1.1
                0x00000000400a113e        0x0 obj/aarch64_fdt.o
                                         0x57 (size before relaxing)
 .rodata.fdt_parse_armv8_timer_virtual_irq.str1.1
                0x00000000400a113e        0x0 obj/aarch64_fdt.o
                                         0x2f (size before relaxing)
 .rodata.fdt_parse_cpus_mpidr.str1.1
                0x00000000400a113e        0x0 obj/aarch64_fdt.o
                                         0x13 (size before relaxing)
 .rodata.fdt_parse_psci_method.str1.1
                0x00000000400a113e        0x0 obj/aarch64_fdt.o
                                         0x21 (size before relaxing)
 .rodata.fdt_parse_simple_framebuffer.str1.1
                0x00000000400a113e        0x0 obj/aarch64_fdt.o
                                         0x2e (size before relaxing)
 .rodata.fdt_parse_virtio_mmio.str1.1
                0x00000000400a113e        0x0 obj/aarch64_fdt.o
                                          0xc (size before relaxing)
 .rodata.fdt_parse_qemu_fw_cfg_mmio.str1.1
                0x00000000400a113e        0x0 obj/aarch64_fdt.o
                                         0x11 (size before relaxing)
 .rodata.aarch64_sync_dispatch.str1.1
                0x00000000400a113e        0x0 obj/aarch64_exception.o
                                         0x4d (size before relaxing)
 .rodata.append_hex64.str1.1
                0x00000000400a113e        0x0 obj/aarch64_smp.o
                                         0x11 (size before relaxing)
 .rodata.aarch64_smp_boot.str1.1
                0x00000000400a113e        0x0 obj/aarch64_smp.o
                                         0xa4 (size before relaxing)
 .rodata.aarch64_secondary_entry.str1.1
                0x00000000400a113e        0x0 obj/aarch64_smp.o
                                          0xe (size before relaxing)
 .rodata.fb_simple_init.str1.1
                0x00000000400a113e        0x0 obj/aarch64_fb_simple.o
                                          0xa (size before relaxing)
 .rodata.g_font8x8
                0x00000000400a113e      0x809 obj/aarch64_fb_simple.o
 .rodata.str1.1
                0x00000000400a1947        0x0 obj/aarch64_gfx_backend_fb_simple.o
                                          0xa (size before relaxing)
 *fill*         0x00000000400a1947        0x1 
 .rodata.g_gfx_backend_fb_simple
                0x00000000400a1948       0x68 obj/aarch64_gfx_backend_fb_simple.o
                0x00000000400a1948                g_gfx_backend_fb_simple
 .rodata.out_u64_hex.str1.1
                0x00000000400a19b0        0x0 obj/aarch64_printf.o
                                         0x22 (size before relaxing)
 .rodata.vsnprintf.str1.1
                0x00000000400a19b0        0x0 obj/aarch64_printf.o
                                          0x7 (size before relaxing)
 .rodata.validate_file_path.str1.1
                0x00000000400a19b0        0x0 obj/aarch64_string.o
                                          0x8 (size before relaxing)
 .rodata.shell_log_warn.str1.1
                0x00000000400a19b0        0x0 obj/aarch64_shell_log.o
                                          0xf (size before relaxing)
 .rodata.shell_log_flush.str1.1
                0x00000000400a19b0        0x0 obj/aarch64_shell_log.o
                                         0x69 (size before relaxing)
 .rodata.split_command.str1.1
                0x00000000400a19b0        0x0 obj/aarch64_pipeline.o
                                          0x5 (size before relaxing)
 .rodata.parse_redirections.str1.1
                0x00000000400a19b0        0x0 obj/aarch64_pipeline.o
                                          0xc (size before relaxing)
 .rodata.parse_command.str1.1
                0x00000000400a19b0        0x0 obj/aarch64_pipeline.o
                                          0x2 (size before relaxing)
 .rodata.parse_pipeline.str1.1
                0x00000000400a19b0        0x0 obj/aarch64_pipeline.o
                                          0x2 (size before relaxing)
 .rodata.read_file_for_input_redirection.str1.1
                0x00000000400a19b0        0x0 obj/aarch64_pipeline.o
                                         0x6a (size before relaxing)
 .rodata.execute_simple_command.part.0.str1.1
                0x00000000400a19b0        0x0 obj/aarch64_pipeline.o
                                         0x73 (size before relaxing)
 .rodata.execute_complex_pipeline.str1.1
                0x00000000400a19b0        0x0 obj/aarch64_pipeline.o
                                         0x11 (size before relaxing)
 .rodata.execute_background_command.str1.1
                0x00000000400a19b0        0x0 obj/aarch64_pipeline.o
                                         0x4b (size before relaxing)
 .rodata.shell_unavailable_cmd.str1.1
                0x00000000400a19b0        0x0 obj/aarch64_shell_caps.o
                                         0x5c (size before relaxing)
 .rodata.drawPixel.str1.1
                0x00000000400a19b0        0x0 obj/aarch64_vga.o
                                          0xa (size before relaxing)
 .rodata.aarch64_multiboot_compat_init_from_fb.str1.1
                0x00000000400a19b0        0x0 obj/aarch64_multiboot_compat.o
                                          0xa (size before relaxing)
 .rodata.vterm_get_cwd.str1.1
                0x00000000400a19b0        0x0 obj/aarch64_terminals.o
                                          0x2 (size before relaxing)
 .rodata.vterm_print_prompt.str1.1
                0x00000000400a19b0        0x0 obj/aarch64_terminals.o
                                          0x8 (size before relaxing)
 .rodata.vterm_get_line.str1.1
                0x00000000400a19b0        0x0 obj/aarch64_terminals.o
                                          0x1 (size before relaxing)
 .rodata.vterm_handle_key.str1.1
                0x00000000400a19b0        0x0 obj/aarch64_terminals.o
                                          0x6 (size before relaxing)
 .rodata.load_icon_for_ext_mode.str1.1
                0x00000000400a19b0        0x0 obj/aarch64_tiling_manager.o
                                         0x17 (size before relaxing)
 .rodata.tile_close.part.0.str1.1
                0x00000000400a19b0        0x0 obj/aarch64_tiling_manager.o
                                          0x1 (size before relaxing)
 .rodata.load_cursor_variant_try_paths.constprop.0.str1.1
                0x00000000400a19b0        0x0 obj/aarch64_tiling_manager.o
                                          0x5 (size before relaxing)
 .rodata.maybe_update_icon_mode.constprop.0.str1.1
                0x00000000400a19b0        0x0 obj/aarch64_tiling_manager.o
                                          0xc (size before relaxing)
 .rodata.draw_tile_status_overlay.str1.1
                0x00000000400a19b0        0x0 obj/aarch64_tiling_manager.o
                                         0x46 (size before relaxing)
 .rodata.draw_tile_content.part.0.str1.1
                0x00000000400a19b0        0x0 obj/aarch64_tiling_manager.o
                                          0xa (size before relaxing)
 .rodata.tile_unregister_gui_client.str1.1
                0x00000000400a19b0        0x0 obj/aarch64_tiling_manager.o
                                          0xd (size before relaxing)
 .rodata.tile_pump_input_once.str1.1
                0x00000000400a19b0        0x0 obj/aarch64_tiling_manager.o
                                         0x1b (size before relaxing)
 .rodata.start_tiling_manager.str1.1
                0x00000000400a19b0        0x0 obj/aarch64_tiling_manager.o
                                        0x11c (size before relaxing)
 .rodata.str1.1
                0x00000000400a19b0        0x0 obj/aarch64_tiling_manager.o
                                        0x59a (size before relaxing)
 .rodata.opts_all.2
                0x00000000400a19b0       0x18 obj/aarch64_tiling_manager.o
 *fill*         0x00000000400a19c8        0x8 
 .rodata.paths.3
                0x00000000400a19d0       0x18 obj/aarch64_tiling_manager.o
 *fill*         0x00000000400a19e8        0x8 
 .rodata.paths.4
                0x00000000400a19f0       0x20 obj/aarch64_tiling_manager.o
 .rodata.patterns8.15
                0x00000000400a1a10       0x28 obj/aarch64_tiling_manager.o
 *fill*         0x00000000400a1a38        0x8 
 .rodata.patterns16.16
                0x00000000400a1a40       0x28 obj/aarch64_tiling_manager.o
 *fill*         0x00000000400a1a68        0x8 
 .rodata.paths8.17
                0x00000000400a1a70       0x38 obj/aarch64_tiling_manager.o
 *fill*         0x00000000400a1aa8        0x8 
 .rodata.paths16.18
                0x00000000400a1ab0       0x28 obj/aarch64_tiling_manager.o
 *fill*         0x00000000400a1ad8        0x8 
 .rodata.paths8.19
                0x00000000400a1ae0       0x38 obj/aarch64_tiling_manager.o
 *fill*         0x00000000400a1b18        0x8 
 .rodata.paths16.20
                0x00000000400a1b20       0x28 obj/aarch64_tiling_manager.o
 *fill*         0x00000000400a1b48        0x8 
 .rodata.paths8.21
                0x00000000400a1b50       0x28 obj/aarch64_tiling_manager.o
 *fill*         0x00000000400a1b78        0x8 
 .rodata.paths16.22
                0x00000000400a1b80       0x18 obj/aarch64_tiling_manager.o
 *fill*         0x00000000400a1b98        0x8 
 .rodata.paths8.23
                0x00000000400a1ba0       0x38 obj/aarch64_tiling_manager.o
 *fill*         0x00000000400a1bd8        0x8 
 .rodata.paths16.24
                0x00000000400a1be0       0x28 obj/aarch64_tiling_manager.o
 *fill*         0x00000000400a1c08        0x8 
 .rodata.paths8.25
                0x00000000400a1c10       0x38 obj/aarch64_tiling_manager.o
 *fill*         0x00000000400a1c48        0x8 
 .rodata.paths16.26
                0x00000000400a1c50       0x28 obj/aarch64_tiling_manager.o
 *fill*         0x00000000400a1c78        0x8 
 .rodata.paths8.27
                0x00000000400a1c80       0x28 obj/aarch64_tiling_manager.o
 *fill*         0x00000000400a1ca8        0x8 
 .rodata.paths16.28
                0x00000000400a1cb0       0x18 obj/aarch64_tiling_manager.o
 .rodata.ui_prefs_load_apply.str1.1
                0x00000000400a1cc8        0x0 obj/aarch64_ui_prefs.o
                                         0x5d (size before relaxing)
 .rodata.ui_prefs_save.str1.1
                0x00000000400a1cc8        0x0 obj/aarch64_ui_prefs.o
                                         0x91 (size before relaxing)
 .rodata.str1.1
                0x00000000400a1cc8        0x0 obj/aarch64_tiling_cmd.o
                                         0x2c (size before relaxing)
 .rodata.font_list_cb.str1.1
                0x00000000400a1cc8        0x0 obj/aarch64_theme_cmd.o
                                          0xa (size before relaxing)
 .rodata.theme_gui_draw.str1.1
                0x00000000400a1cc8        0x0 obj/aarch64_theme_cmd.o
                                         0x80 (size before relaxing)
 .rodata.theme_gui_apply_font.constprop.0.str1.1
                0x00000000400a1cc8        0x0 obj/aarch64_theme_cmd.o
                                         0x83 (size before relaxing)
 .rodata.theme_cmd.str1.1
                0x00000000400a1cc8        0x0 obj/aarch64_theme_cmd.o
                                          0x7 (size before relaxing)
 .rodata.theme_gui_key.str1.1
                0x00000000400a1cc8        0x0 obj/aarch64_theme_cmd.o
                                         0x1b (size before relaxing)
 .rodata.str1.1
                0x00000000400a1cc8        0x0 obj/aarch64_theme_cmd.o
                                         0x49 (size before relaxing)
 .rodata        0x00000000400a1cc8       0x40 obj/aarch64_theme_cmd.o
 .rodata.draw_gui_mouse.str1.1
                0x00000000400a1d08        0x0 obj/aarch64_draw_gui.o
                                         0x19 (size before relaxing)
 .rodata.draw_gui_draw.str1.1
                0x00000000400a1d08        0x0 obj/aarch64_draw_gui.o
                                         0x49 (size before relaxing)
 .rodata.draw_cmd.str1.1
                0x00000000400a1d08        0x0 obj/aarch64_draw_gui.o
                                         0x21 (size before relaxing)
 .rodata.str1.1
                0x00000000400a1d08        0x0 obj/aarch64_draw_gui.o
                                         0x50 (size before relaxing)
 .rodata        0x00000000400a1d08       0x18 obj/aarch64_draw_gui.o
 .rodata.reiv_eynfs_read_exact.str1.1
                0x00000000400a1d20        0x0 obj/aarch64_image_viewer_gui.o
                                          0x8 (size before relaxing)
 .rodata.viewer_gui_key.str1.1
                0x00000000400a1d20        0x0 obj/aarch64_image_viewer_gui.o
                                         0x22 (size before relaxing)
 .rodata.reiv_decode_packbits.constprop.0.str1.1
                0x00000000400a1d20        0x0 obj/aarch64_image_viewer_gui.o
                                          0xc (size before relaxing)
 .rodata.load_reiv_stream.str1.1
                0x00000000400a1d20        0x0 obj/aarch64_image_viewer_gui.o
                                         0xed (size before relaxing)
 .rodata.view_cmd.str1.1
                0x00000000400a1d20        0x0 obj/aarch64_image_viewer_gui.o
                                         0x97 (size before relaxing)
 .rodata.viewer_gui_draw.str1.1
                0x00000000400a1d20        0x0 obj/aarch64_image_viewer_gui.o
                                         0xbf (size before relaxing)
 .rodata.vieww_cmd.str1.1
                0x00000000400a1d20        0x0 obj/aarch64_image_viewer_gui.o
                                         0x1b (size before relaxing)
 .rodata.str1.1
                0x00000000400a1d20        0x0 obj/aarch64_image_viewer_gui.o
                                         0xa2 (size before relaxing)
 .rodata.stats_cmd.str1.1
                0x00000000400a1d20        0x0 obj/aarch64_stats_gui.o
                                         0x13 (size before relaxing)
 .rodata.format_size_smart.constprop.0.str1.1
                0x00000000400a1d20        0x0 obj/aarch64_stats_gui.o
                                         0x12 (size before relaxing)
 .rodata.format_pct_str.constprop.0.str1.1
                0x00000000400a1d20        0x0 obj/aarch64_stats_gui.o
                                          0x5 (size before relaxing)
 .rodata.format_pct_plain_str.constprop.0.str1.1
                0x00000000400a1d20        0x0 obj/aarch64_stats_gui.o
                                          0x3 (size before relaxing)
 .rodata.stats_gui_draw.str1.1
                0x00000000400a1d20        0x0 obj/aarch64_stats_gui.o
                                         0x58 (size before relaxing)
 .rodata.str1.1
                0x00000000400a1d20        0x0 obj/aarch64_stats_gui.o
                                         0x54 (size before relaxing)
 .rodata.win_test_cmd.str1.1
                0x00000000400a1d20        0x0 obj/aarch64_window_test.o
                                          0xc (size before relaxing)
 .rodata.str1.1
                0x00000000400a1d20        0x0 obj/aarch64_window_test.o
                                         0x47 (size before relaxing)
 .rodata.alias_load_if_needed.str1.1
                0x00000000400a1d20        0x0 obj/aarch64_alias.o
                                         0x14 (size before relaxing)
 .rodata.eynfs_cache_get_block.str1.1
                0x00000000400a1d20        0x0 obj/aarch64_eynfs.o
                                         0x2f (size before relaxing)
 .rodata.eynfs_count_dir_entries.str1.1
                0x00000000400a1d20        0x0 obj/aarch64_eynfs.o
                                         0x43 (size before relaxing)
 .rodata.eynfs_traverse_path.str1.1
                0x00000000400a1d20        0x0 obj/aarch64_eynfs.o
                                          0x2 (size before relaxing)
 .rodata.eynfs_write_file.str1.1
                0x00000000400a1d20        0x0 obj/aarch64_eynfs.o
                                        0x12f (size before relaxing)
 .rodata.vfs_split_path.constprop.0.str1.1
                0x00000000400a1d20        0x0 obj/aarch64_vfs.o
                                          0x2 (size before relaxing)
 .rodata.vfs_listdir.str1.1
                0x00000000400a1d20        0x0 obj/aarch64_vfs.o
                                          0x2 (size before relaxing)
 .rodata.hal_kbd_read_key_nonblock
                0x00000000400a1d20       0x18 obj/aarch64_hal_keyboard.o
 .rodata.cmd_gfxdemo.str1.1
                0x00000000400a1d38        0x0 obj/aarch64_gfx_cmd.o
                                         0x92 (size before relaxing)
 .rodata.str1.1
                0x00000000400a1d38        0x0 obj/aarch64_gfx_cmd.o
                                         0x28 (size before relaxing)
                0x00000000400a1d38                . = ALIGN (0x8)
                0x00000000400a1d38                __start_shellcmds = .
 *(.shellcmds)
 .shellcmds     0x00000000400a1d38      0x660 obj/aarch64_shell_commands.o
                0x00000000400a1d38                shell_cmd_info_userrun_cmd_info
                0x00000000400a1d68                shell_cmd_info_ring3_cmd_info
                0x00000000400a1d98                shell_cmd_info_pf_cmd_info
                0x00000000400a1dc8                shell_cmd_info_pagingguards_cmd_info
                0x00000000400a1df8                shell_cmd_info_serialtest_cmd_info
                0x00000000400a1e28                shell_cmd_info_assertfail_cmd_info
                0x00000000400a1e58                shell_cmd_info_panic_cmd_info
                0x00000000400a1e88                shell_cmd_info_netcfg_cmd_info
                0x00000000400a1eb8                shell_cmd_info_netstat_cmd_info
                0x00000000400a1ee8                shell_cmd_info_ping_cmd_info
                0x00000000400a1f18                shell_cmd_info_e1000_cmd_info
                0x00000000400a1f48                shell_cmd_info_e1000probe_cmd_info
                0x00000000400a1f78                shell_cmd_info_pciscan_cmd_info
                0x00000000400a1fa8                shell_cmd_info_init
                0x00000000400a1fd8                shell_cmd_info_portable
                0x00000000400a2008                shell_cmd_info_validate
                0x00000000400a2038                shell_cmd_info_error
                0x00000000400a2068                shell_cmd_info_search
                0x00000000400a2098                shell_cmd_info_sort
                0x00000000400a20c8                shell_cmd_info_random
                0x00000000400a20f8                shell_cmd_info_lsram
                0x00000000400a2128                shell_cmd_info_catram
                0x00000000400a2158                shell_cmd_info_clear
                0x00000000400a2188                shell_cmd_info_exit
                0x00000000400a21b8                shell_cmd_info_lsata
                0x00000000400a21e8                shell_cmd_info_log
                0x00000000400a2218                shell_cmd_info_memory
                0x00000000400a2248                shell_cmd_info_drive
                0x00000000400a2278                shell_cmd_info_rect
                0x00000000400a22a8                shell_cmd_info_spam
                0x00000000400a22d8                shell_cmd_info_calc
                0x00000000400a2308                shell_cmd_info_ver
                0x00000000400a2338                shell_cmd_info_echo
                0x00000000400a2368                shell_cmd_info_help
 .shellcmds     0x00000000400a2398       0x30 obj/aarch64_tiling_cmd.o
                0x00000000400a2398                shell_cmd_info_tiling_cmd_info
 .shellcmds     0x00000000400a23c8       0x30 obj/aarch64_theme_cmd.o
                0x00000000400a23c8                shell_cmd_info_theme_cmd_info
 .shellcmds     0x00000000400a23f8       0x30 obj/aarch64_draw_gui.o
                0x00000000400a23f8                shell_cmd_info_draw_cmd_info
 .shellcmds     0x00000000400a2428       0x60 obj/aarch64_image_viewer_gui.o
                0x00000000400a2428                shell_cmd_info_vieww_cmd_info
                0x00000000400a2458                shell_cmd_info_view_cmd_info
 .shellcmds     0x00000000400a2488       0x30 obj/aarch64_stats_gui.o
                0x00000000400a2488                shell_cmd_info_stats_cmd_info
 .shellcmds     0x00000000400a24b8       0x30 obj/aarch64_window_test.o
                0x00000000400a24b8                shell_cmd_info_win_test_cmd_info
 .shellcmds     0x00000000400a24e8       0x30 obj/aarch64_gfx_cmd.o
                0x00000000400a24e8                shell_cmd_info_gfxdemo
                0x00000000400a2518                __stop_shellcmds = .

.rela.dyn       0x00000000400a2518        0x0
 .rela.iplt     0x00000000400a2518        0x0 obj/aarch64_start.o
 .rela.text._start
                0x00000000400a2518        0x0 obj/aarch64_start.o
 .rela.text.find_command
                0x00000000400a2518        0x0 obj/aarch64_start.o
 .rela.text.help_cmd
                0x00000000400a2518        0x0 obj/aarch64_start.o
 .rela.text.heap_init_default
                0x00000000400a2518        0x0 obj/aarch64_start.o
 .rela.text.aarch64_heap_init
                0x00000000400a2518        0x0 obj/aarch64_start.o

.data           0x00000000400a2520   0x100180
 *(.data .data.*)
 .data.g_fb_bpp
                0x00000000400a2520        0x4 obj/aarch64_fb_simple.o
 .data.g_fb_fmt
                0x00000000400a2524        0x4 obj/aarch64_fb_simple.o
 .data.shell_redirect_color_b
                0x00000000400a2528        0x4 obj/aarch64_vga.o
                0x00000000400a2528                shell_redirect_color_b
 .data.shell_redirect_color_g
                0x00000000400a252c        0x4 obj/aarch64_vga.o
                0x00000000400a252c                shell_redirect_color_g
 .data.shell_redirect_color_r
                0x00000000400a2530        0x4 obj/aarch64_vga.o
                0x00000000400a2530                shell_redirect_color_r
 .data.g_vsync_enabled
                0x00000000400a2534        0x4 obj/aarch64_vga.o
 .data.last_overlay_state.9
                0x00000000400a2538        0x4 obj/aarch64_tiling_manager.o
 *fill*         0x00000000400a253c        0x4 
 .data.g_bg_modal
                0x00000000400a2540       0x18 obj/aarch64_tiling_manager.o
 .data.drag_win
                0x00000000400a2558        0x4 obj/aarch64_tiling_manager.o
 .data.g_last_icon_mode_16
                0x00000000400a255c        0x4 obj/aarch64_tiling_manager.o
 .data.g_win_focused
                0x00000000400a2560        0x4 obj/aarch64_tiling_manager.o
 .data.g_wm_theme
                0x00000000400a2564        0xc obj/aarch64_tiling_manager.o
 .data.g_tile_split_inited_for_count
                0x00000000400a2570        0x4 obj/aarch64_tiling_manager.o
 .data.resize_win
                0x00000000400a2574        0x4 obj/aarch64_tiling_manager.o
 .data.prev_drag_y
                0x00000000400a2578        0x4 obj/aarch64_tiling_manager.o
 .data.prev_drag_x
                0x00000000400a257c        0x4 obj/aarch64_tiling_manager.o
 .data.cursor_h
                0x00000000400a2580        0x4 obj/aarch64_tiling_manager.o
 .data.cursor_w
                0x00000000400a2584        0x4 obj/aarch64_tiling_manager.o
 .data.cursor_prev_y
                0x00000000400a2588        0x4 obj/aarch64_tiling_manager.o
 .data.cursor_prev_x
                0x00000000400a258c        0x4 obj/aarch64_tiling_manager.o
 .data.prev_outline_y
                0x00000000400a2590        0x4 obj/aarch64_tiling_manager.o
 .data.prev_outline_x
                0x00000000400a2594        0x4 obj/aarch64_tiling_manager.o
 .data.screen_h
                0x00000000400a2598        0x4 obj/aarch64_tiling_manager.o
 .data.screen_w
                0x00000000400a259c        0x4 obj/aarch64_tiling_manager.o
 .data.fullscreen_tile
                0x00000000400a25a0        0x4 obj/aarch64_tiling_manager.o
 .data.g_force_full_redraw
                0x00000000400a25a4        0x4 obj/aarch64_tiling_manager.o
 .data.g_ui_font_path
                0x00000000400a25a8       0x60 obj/aarch64_ui_prefs.o
 .data.g_draw_tile
                0x00000000400a2608        0x4 obj/aarch64_draw_gui.o
 .data.status.0
                0x00000000400a260c        0xe obj/aarch64_window_test.o
 *fill*         0x00000000400a261a        0x2 
 .data.rand_state
                0x00000000400a261c        0x4 obj/aarch64_math.o
 .data.shell_current_path
                0x00000000400a2620       0x80 obj/aarch64_shell_state.o
                0x00000000400a2620                shell_current_path
 .data          0x00000000400a26a0   0x100000 obj/aarch64_virt_dtb.o
                0x00000000400a26a0                _binary_virt_dtb_start
                0x00000000401a26a0                _binary_virt_dtb_end

.igot.plt       0x00000000401a26a0        0x0
 .igot.plt      0x00000000401a26a0        0x0 obj/aarch64_start.o

.bss            0x00000000401a3000    0xba690
                0x00000000401a3000                __bss_start = .
 *(.bss .bss.*)
 .bss.g_ram_size
                0x00000000401a3000        0x8 obj/aarch64_shell_meminfo.o
 .bss.g_ram_base
                0x00000000401a3008        0x8 obj/aarch64_shell_meminfo.o
 .bss.command_execution_errors
                0x00000000401a3010        0x4 obj/aarch64_shell.o
 .bss.g_command_hash_disabled
                0x00000000401a3014        0x4 obj/aarch64_shell.o
 .bss.g_command_hash_initialized
                0x00000000401a3018        0x4 obj/aarch64_shell.o
 *fill*         0x00000000401a301c        0x4 
 .bss.g_command_hash_table
                0x00000000401a3020     0x1000 obj/aarch64_shell.o
 .bss.buffstr.0
                0x00000000401a4020       0xc8 obj/aarch64_history.o
 .bss.g_command_history