
Merging program properties


Discarded input sections

 .text          0x0000000000000000        0x0 obj/aarch64_start.o
 .data          0x0000000000000000        0x0 obj/aarch64_start.o
 .bss           0x0000000000000000        0x0 obj/aarch64_start.o
 .text          0x0000000000000000        0x0 obj/aarch64_kernel_full.o
 .data          0x0000000000000000        0x0 obj/aarch64_kernel_full.o
 .bss           0x0000000000000000        0x0 obj/aarch64_kernel_full.o
 .eh_frame      0x0000000000000000       0x60 obj/aarch64_kernel_full.o
 .text          0x0000000000000000        0x0 obj/aarch64_shell_meminfo.o
 .data          0x0000000000000000        0x0 obj/aarch64_shell_meminfo.o
 .bss           0x0000000000000000        0x0 obj/aarch64_shell_meminfo.o
 .text.aarch64_shell_get_ram_base
                0x0000000000000000        0xc obj/aarch64_shell_meminfo.o
 .text.aarch64_shell_get_ram_size
                0x0000000000000000        0xc obj/aarch64_shell_meminfo.o
 .eh_frame      0x0000000000000000       0x50 obj/aarch64_shell_meminfo.o
 .text          0x0000000000000000        0x0 obj/aarch64_shell.o
 .data          0x0000000000000000        0x0 obj/aarch64_shell.o
 .bss           0x0000000000000000        0x0 obj/aarch64_shell.o
 .text.__stack_chk_fail_local
                0x0000000000000000        0x4 obj/aarch64_shell.o
 .text.get_current_physical_drive
                0x0000000000000000        0xc obj/aarch64_shell.o
 .text.run_cmd  0x0000000000000000        0x4 obj/aarch64_shell.o
 .text.catram_cmd
                0x0000000000000000        0x4 obj/aarch64_shell.o
 .text.lsram_cmd
                0x0000000000000000        0x4 obj/aarch64_shell.o
 .rodata.handler_assemble.str1.1
                0x0000000000000000       0x9a obj/aarch64_shell.o
 .text.handler_assemble
                0x0000000000000000      0x1c8 obj/aarch64_shell.o
 .text.get_command_execution_errors
                0x0000000000000000        0xc obj/aarch64_shell.o
 .text.get_last_failed_command
                0x0000000000000000       0x3c obj/aarch64_shell.o
 .rodata.load_cmd.str1.1
                0x0000000000000000       0x4a obj/aarch64_shell.o
 .text.load_cmd
                0x0000000000000000       0x3c obj/aarch64_shell.o
 .rodata.unload_cmd.str1.1
                0x0000000000000000       0x53 obj/aarch64_shell.o
 .text.unload_cmd
                0x0000000000000000       0x3c obj/aarch64_shell.o
 .rodata.status_cmd.str1.1
                0x0000000000000000       0xb6 obj/aarch64_shell.o
 .text.status_cmd
                0x0000000000000000       0xa8 obj/aarch64_shell.o
 .rodata.handler_cmd.str1.1
                0x0000000000000000       0x20 obj/aarch64_shell.o
 .text.handler_cmd
                0x0000000000000000       0x2c obj/aarch64_shell.o
 .bss.snapshot.0
                0x0000000000000000       0x40 obj/aarch64_shell.o
 .bss.last_failed_command
                0x0000000000000000       0x40 obj/aarch64_shell.o
 .bss.last_command_error
                0x0000000000000000        0x4 obj/aarch64_shell.o
 .eh_frame      0x0000000000000000      0x2b0 obj/aarch64_shell.o
 .text          0x0000000000000000        0x0 obj/aarch64_history.o
 .data          0x0000000000000000        0x0 obj/aarch64_history.o
 .bss           0x0000000000000000        0x0 obj/aarch64_history.o
 .text.clear_history
                0x0000000000000000       0x28 obj/aarch64_history.o
 .rodata.show_history.str1.1
                0x0000000000000000       0x2b obj/aarch64_history.o
 .text.show_history
                0x0000000000000000       0x8c obj/aarch64_history.o
 .eh_frame      0x0000000000000000      0x128 obj/aarch64_history.o
 .text          0x0000000000000000        0x0 obj/aarch64_putchar.o
 .data          0x0000000000000000        0x0 obj/aarch64_putchar.o
 .bss           0x0000000000000000        0x0 obj/aarch64_putchar.o
 .eh_frame      0x0000000000000000       0x28 obj/aarch64_putchar.o
 .text          0x0000000000000000        0x0 obj/aarch64_shell_commands.o
 .data          0x0000000000000000        0x0 obj/aarch64_shell_commands.o
 .bss           0x0000000000000000        0x0 obj/aarch64_shell_commands.o
 .text.parse_ipv4
                0x0000000000000000       0x88 obj/aarch64_shell_commands.o
 .text.skip_spaces
                0x0000000000000000       0x1c obj/aarch64_shell_commands.o
 .text.token_eq
                0x0000000000000000       0x38 obj/aarch64_shell_commands.o
 .text.next_token
                0x0000000000000000       0x30 obj/aarch64_shell_commands.o
 .text.hex_digit_val
                0x0000000000000000       0x44 obj/aarch64_shell_commands.o
 .rodata.pciscan_cb.str1.1
                0x0000000000000000       0x54 obj/aarch64_shell_commands.o
 .text.pciscan_cb
                0x0000000000000000      0x100 obj/aarch64_shell_commands.o
 .text.extract_value_after.constprop.0
                0x0000000000000000       0x68 obj/aarch64_shell_commands.o
 .rodata.setbg_cmd.str1.1
[...]
Memory Configuration

Name             Origin             Length             Attributes
*default*        0x0000000000000000 0xffffffffffffffff

Linker script and memory map

                0x0000000040080000                . = 0x40080000
                0x0000000040080000                __kernel_start = .

.text           0x0000000040080000    0x20100
 *(.text._start)
 .text._start   0x0000000040080000       0x90 obj/aarch64_start.o
                0x0000000040080000                _start
                0x0000000040080050                aarch64_secondary_start
 *(.text .text.*)
 .text.fb_write_hex64
                0x0000000040080090       0x58 obj/aarch64_kernel_full.o
 .text.kernel_main
                0x00000000400800e8      0x3cc obj/aarch64_kernel_full.o
                0x00000000400800e8                kernel_main
 .text.aarch64_shell_set_meminfo
                0x00000000400804b4       0x14 obj/aarch64_shell_meminfo.o
                0x00000000400804b4                aarch64_shell_set_meminfo
 .text.get_current_logical_drive
                0x00000000400804c8        0xc obj/aarch64_shell.o
                0x00000000400804c8                get_current_logical_drive
 .text.spam_cmd
                0x00000000400804d4        0x4 obj/aarch64_shell.o
                0x00000000400804d4                spam_cmd
 .text.ls_cmd   0x00000000400804d8        0x4 obj/aarch64_shell.o
                0x00000000400804d8                ls_cmd
 .text.clear_cmd
                0x00000000400804dc        0x4 obj/aarch64_shell.o
                0x00000000400804dc                clear_cmd
 .text.echo_cmd
                0x00000000400804e0        0x4 obj/aarch64_shell.o
                0x00000000400804e0                echo_cmd
 .text.ver_cmd  0x00000000400804e4        0x4 obj/aarch64_shell.o
                0x00000000400804e4                ver_cmd
 .text.calc_cmd
                0x00000000400804e8        0x4 obj/aarch64_shell.o
                0x00000000400804e8                calc_cmd
 .text.lsata_cmd
                0x00000000400804ec        0x4 obj/aarch64_shell.o
                0x00000000400804ec                lsata_cmd
 .text.find_command
                0x00000000400804f0      0x308 obj/aarch64_shell.o
                0x00000000400804f0                find_command
 .text.handler_exit
                0x00000000400807f8       0x28 obj/aarch64_shell.o
                0x00000000400807f8                handler_exit
 .text.handle_shell_command
                0x0000000040080820      0x180 obj/aarch64_shell.o
                0x0000000040080820                handle_shell_command
 .text.launch_shell
                0x00000000400809a0      0x19c obj/aarch64_shell.o
                0x00000000400809a0                launch_shell
 .text.line_move_left
                0x0000000040080b3c       0x3c obj/aarch64_history.o
 .text.line_set.constprop.0
                0x0000000040080b78       0xa4 obj/aarch64_history.o
 .text.add_to_history
                0x0000000040080c1c       0xc4 obj/aarch64_history.o
                0x0000000040080c1c                add_to_history
 .text.readStr_with_history
                0x0000000040080ce0      0x398 obj/aarch64_history.o
                0x0000000040080ce0                readStr_with_history
 .text.putchar  0x0000000040081078       0x10 obj/aarch64_putchar.o
                0x0000000040081078                putchar
 .text.sort_cmd
                0x0000000040081088      0x25c obj/aarch64_shell_commands.o
                0x0000000040081088                sort_cmd
 .text.help_cmd
                0x00000000400812e4       0x98 obj/aarch64_shell_commands.o
                0x00000000400812e4                help_cmd
 .text.draw_cmd_handler
                0x000000004008137c      0x1bc obj/aarch64_shell_commands.o
                0x000000004008137c                draw_cmd_handler
 .text.drive_cmd
                0x0000000040081538      0x118 obj/aarch64_shell_commands.o
                0x0000000040081538                drive_cmd
 .text.log_cmd  0x0000000040081650      0x110 obj/aarch64_shell_commands.o
                0x0000000040081650                log_cmd
 .text.validate_cmd
                0x0000000040081760      0x304 obj/aarch64_shell_commands.o
                0x0000000040081760                validate_cmd
 .text.init_cmd
                0x0000000040081a64       0x70 obj/aarch64_shell_commands.o
                0x0000000040081a64                init_cmd
 .text.random_cmd
                0x0000000040081ad4      0x358 obj/aarch64_shell_commands.o
                0x0000000040081ad4                random_cmd
 .text.search_recursive
                0x0000000040081e2c      0x24c obj/aarch64_shell_commands.o
                0x0000000040081e2c                search_recursive
 .text.search_cmd
                0x0000000040082078      0x680 obj/aarch64_shell_commands.o
                0x0000000040082078                search_cmd
 .text.echo     0x00000000400826f8       0x6c obj/aarch64_shell_commands.o
                0x00000000400826f8                echo
 .text.joke_spam
                0x0000000040082764       0x54 obj/aarch64_shell_commands.o
                0x0000000040082764                joke_spam
 .text.ver      0x00000000400827b8       0x24 obj/aarch64_shell_commands.o
                0x00000000400827b8                ver
 .text.calc     0x00000000400827dc      0x13c obj/aarch64_shell_commands.o
                0x00000000400827dc                calc
 .text.lsata    0x0000000040082918      0x280 obj/aarch64_shell_commands.o
                0x0000000040082918                lsata
 .text.size     0x0000000040082b98      0x378 obj/aarch64_shell_commands.o
                0x0000000040082b98                size
 .text.ls_any_cb
                0x0000000040082f10        0xc obj/aarch64_fs_commands.o
 .text.vfs_ls_collect_cb
                0x0000000040082f1c       0xb0 obj/aarch64_fs_commands.o
 .text.ls_print_spaces
                0x0000000040082fcc       0x38 obj/aarch64_fs_commands.o
 .text.resolve_path
                0x0000000040083004      0x1f0 obj/aarch64_fs_commands.o
                0x0000000040083004                resolve_path
 .text.cd       0x00000000400831f4      0x14c obj/aarch64_fs_commands.o
                0x00000000400831f4                cd
 .text.read_cmd
                0x0000000040083340      0x188 obj/aarch64_fs_commands.o
                0x0000000040083340                read_cmd
 .text.cat_cmd  0x00000000400834c8      0x188 obj/aarch64_fs_commands.o
                0x00000000400834c8                cat_cmd
 .text.del      0x0000000040083650      0x164 obj/aarch64_fs_commands.o
                0x0000000040083650                del
 .text.fatfix_cmd
                0x00000000400837b4      0x4a0 obj/aarch64_fs_commands.o
                0x00000000400837b4                fatfix_cmd
 .text.makedir  0x0000000040083c54      0x128 obj/aarch64_fs_commands.o
                0x0000000040083c54                makedir
 .text.deldir   0x0000000040083d7c      0x128 obj/aarch64_fs_commands.o
                0x0000000040083d7c                deldir
 .text.copy_cmd
                0x0000000040083ea4      0x41c obj/aarch64_fs_commands.o
                0x0000000040083ea4                copy_cmd
 .text.move_cmd
                0x00000000400842c0      0x410 obj/aarch64_fs_commands.o
                0x00000000400842c0                move_cmd
 .text.ls       0x00000000400846d0      0x684 obj/aarch64_fs_commands.o
                0x00000000400846d0                ls
 .text.check_filesystem_integrity
                0x0000000040084d54      0x120 obj/aarch64_fs_commands.o
                0x0000000040084d54                check_filesystem_integrity
 .text.fscheck  0x0000000040084e74       0x74 obj/aarch64_fs_commands.o
                0x0000000040084e74                fscheck
 .text.write_output_to_file
                0x0000000040084ee8       0x74 obj/aarch64_fs_io_helpers.o
                0x0000000040084ee8                write_output_to_file
 .text.append_output_to_file
                0x0000000040084f5c      0x11c obj/aarch64_fs_io_helpers.o
                0x0000000040084f5c                append_output_to_file
 .text.uart_tx_lock
                0x0000000040085078       0x28 obj/aarch64_uart_pl011.o
 .text.uart_pl011_putc_unlocked
                0x00000000400850a0       0x28 obj/aarch64_uart_pl011.o
 .text.uart_pl011_init_115200
                0x00000000400850c8       0x40 obj/aarch64_uart_pl011.o
                0x00000000400850c8                uart_pl011_init_115200
 .text.uart_pl011_putc
                0x0000000040085108       0x34 obj/aarch64_uart_pl011.o
                0x0000000040085108                uart_pl011_putc
 .text.uart_pl011_write
                0x000000004008513c       0x58 obj/aarch64_uart_pl011.o
                0x000000004008513c                uart_pl011_write
 .text.uart_pl011_write_hex64
                0x0000000040085194       0x64 obj/aarch64_uart_pl011.o
                0x0000000040085194                uart_pl011_write_hex64
 .text.uart_pl011_getc_nonblock
                0x00000000400851f8       0x38 obj/aarch64_uart_pl011.o
                0x00000000400851f8                uart_pl011_getc_nonblock
 .text.map_keycode
                0x0000000040085230      0x34c obj/aarch64_virtio_input.o
 .text.virtio_mods_to_hal
                0x000000004008557c       0x54 obj/aarch64_virtio_input.o
 .text.aarch64_dcache_clean_invalidate_poc_range
                0x00000000400855d0       0x44 obj/aarch64_virtio_input.o
 .text.aarch64_dcache_clean_poc_range.part.0
                0x0000000040085614       0x44 obj/aarch64_virtio_input.o
 .text.aarch64_dcache_clean_poc_range
                0x0000000040085658        0xc obj/aarch64_virtio_input.o
 .text.virtio_input_base
                0x0000000040085664        0xc obj/aarch64_virtio_input.o
                0x0000000040085664                virtio_input_base
 .text.virtio_input_getkey_nonblock
                0x0000000040085670      0x36c obj/aarch64_virtio_input.o
                0x0000000040085670                virtio_input_getkey_nonblock
 .text.virtio_input_init
                0x00000000400859dc      0x3d4 obj/aarch64_virtio_input.o
                0x00000000400859dc                virtio_input_init
 .text.aarch64_dcache_clean_invalidate_poc_range.part.0
                0x0000000040085db0       0x44 obj/aarch64_virtio_blk.o
 .text.aarch64_dcache_clean_invalidate_poc_range
                0x0000000040085df4        0xc obj/aarch64_virtio_blk.o
 .text.aarch64_dcache_clean_poc_range.part.0
                0x0000000040085e00       0x44 obj/aarch64_virtio_blk.o
 .text.virtio_blk_submit
                0x0000000040085e44      0x1dc obj/aarch64_virtio_blk.o
 .text.virtio_blk_init
                0x0000000040086020      0x284 obj/aarch64_virtio_blk.o
                0x0000000040086020                virtio_blk_init
 .text.virtio_blk_read_sector
                0x00000000400862a4       0x10 obj/aarch64_virtio_blk.o
                0x00000000400862a4                virtio_blk_read_sector
 .text.virtio_blk_write_sector
                0x00000000400862b4       0x10 obj/aarch64_virtio_blk.o
                0x00000000400862b4                virtio_blk_write_sector
 .text.ensure_ready
                0x00000000400862c4       0x28 obj/aarch64_ata_virtio.o
 .text.ata_init_drives
                0x00000000400862ec       0x88 obj/aarch64_ata_virtio.o
                0x00000000400862ec                ata_init_drives
 .text.ata_identify
                0x0000000040086374        0x8 obj/aarch64_ata_virtio.o
                0x0000000040086374                ata_identify
 .text.ata_read_sector
                0x000000004008637c       0x44 obj/aarch64_ata_virtio.o
                0x000000004008637c                ata_read_sector
 .text.ata_write_sector
                0x00000000400863c0       0x44 obj/aarch64_ata_virtio.o
                0x00000000400863c0                ata_write_sector
 .text.ata_logical_to_physical
                0x0000000040086404        0x4 obj/aarch64_ata_virtio.o
                0x0000000040086404                ata_logical_to_physical
 .text.ata_physical_to_logical
                0x0000000040086408        0x4 obj/aarch64_ata_virtio.o
                0x0000000040086408                ata_physical_to_logical
 .text.ata_get_num_logical_drives
                0x000000004008640c       0x1c obj/aarch64_ata_virtio.o
                0x000000004008640c                ata_get_num_logical_drives
 .text.arch_disable_interrupts
                0x0000000040086428        0x8 obj/aarch64_arch.o
                0x0000000040086428                arch_disable_interrupts
 .text.arch_enable_interrupts
                0x0000000040086430        0x8 obj/aarch64_arch.o
                0x0000000040086430                arch_enable_interrupts
 .text.arch_halt
                0x0000000040086438        0x8 obj/aarch64_arch.o
                0x0000000040086438                arch_halt
 .text.streq    0x0000000040086440       0x3c obj/aarch64_fdt.o
 .text.mem_has_exact_str
                0x000000004008647c       0x98 obj/aarch64_fdt.o
 .text.read_cells_as_u64
                0x0000000040086514       0x38 obj/aarch64_fdt.o
 .text.fdt_parse_memory
                0x000000004008654c      0x2b4 obj/aarch64_fdt.o
                0x000000004008654c                fdt_parse_memory
 .text.fdt_parse_gicv2
                0x0000000040086800      0x310 obj/aarch64_fdt.o
                0x0000000040086800                fdt_parse_gicv2
 .text.fdt_parse_armv8_timer_virtual_irq
                0x0000000040086b10      0x250 obj/aarch64_fdt.o
                0x0000000040086b10                fdt_parse_armv8_timer_virtual_irq
 .text.fdt_parse_cpus_mpidr
                0x0000000040086d60      0x3c4 obj/aarch64_fdt.o
                0x0000000040086d60                fdt_parse_cpus_mpidr
 .text.fdt_parse_psci_method
                0x0000000040087124      0x288 obj/aarch64_fdt.o
                0x0000000040087124                fdt_parse_psci_method
 .text.fdt_parse_simple_framebuffer
                0x00000000400873ac      0x3f0 obj/aarch64_fdt.o
                0x00000000400873ac                fdt_parse_simple_framebuffer
 .text.fdt_parse_virtio_mmio
                0x000000004008779c      0x2f0 obj/aarch64_fdt.o
                0x000000004008779c                fdt_parse_virtio_mmio
 .text.fdt_parse_qemu_fw_cfg_mmio
                0x0000000040087a8c      0x2f8 obj/aarch64_fdt.o
                0x0000000040087a8c                fdt_parse_qemu_fw_cfg_mmio
 .text          0x0000000040087d84       0x60 obj/aarch64_vectors.o
 *fill*         0x0000000040087de4      0x21c 
 .text.vectors  0x0000000040088000      0x800 obj/aarch64_vectors.o
                0x0000000040088000                aarch64_vectors
 .text.gicv2_dist_init
                0x0000000040088800       0x14 obj/aarch64_gicv2.o
                0x0000000040088800                gicv2_dist_init
 .text.gicv2_cpu_init
                0x0000000040088814       0x1c obj/aarch64_gicv2.o
                0x0000000040088814                gicv2_cpu_init
 .text.gicv2_enable_irq
                0x0000000040088830       0x24 obj/aarch64_gicv2.o
                0x0000000040088830                gicv2_enable_irq
 .text.gicv2_ack_irq
                0x0000000040088854        0xc obj/aarch64_gicv2.o
                0x0000000040088854                gicv2_ack_irq
 .text.gicv2_eoi_irq
                0x0000000040088860        0xc obj/aarch64_gicv2.o
                0x0000000040088860                gicv2_eoi_irq
 .text.aarch64_timer_init_tick_hz
                0x000000004008886c       0x44 obj/aarch64_timer.o
                0x000000004008886c                aarch64_timer_init_tick_hz
 .text.aarch64_timer_get_tick_hz
                0x00000000400888b0       0x18 obj/aarch64_timer.o
                0x00000000400888b0                aarch64_timer_get_tick_hz
 .text.aarch64_timer_rearm
                0x00000000400888c8       0x34 obj/aarch64_timer.o
                0x00000000400888c8                aarch64_timer_rearm
 .text.aarch64_irq_cpu_init
                0x00000000400888fc       0x38 obj/aarch64_irq.o
                0x00000000400888fc                aarch64_irq_cpu_init
 .text.aarch64_irq_init
                0x0000000040088934       0x64 obj/aarch64_irq.o
                0x0000000040088934                aarch64_irq_init
 .text.aarch64_irq_dispatch
                0x0000000040088998       0xe0 obj/aarch64_irq.o
                0x0000000040088998                aarch64_irq_dispatch
 .text.aarch64_timer_on_tick
                0x0000000040088a78        0x4 obj/aarch64_timer_tick.o
                0x0000000040088a78                aarch64_timer_on_tick
 .text.aarch64_sync_dispatch
                0x0000000040088a7c       0xc0 obj/aarch64_exception.o
                0x0000000040088a7c                aarch64_sync_dispatch
 .text.smc_call
                0x0000000040088b3c       0x1c obj/aarch64_psci.o
 .text.psci_set_conduit
                0x0000000040088b58       0x14 obj/aarch64_psci.o
                0x0000000040088b58                psci_set_conduit
 .text.psci_cpu_on
                0x0000000040088b6c       0x28 obj/aarch64_psci.o
                0x0000000040088b6c                psci_cpu_on
 .text.append_str
                0x0000000040088b94       0x20 obj/aarch64_smp.o
 .text.append_hex64
                0x0000000040088bb4       0x50 obj/aarch64_smp.o
 .text.aarch64_cpu_id
                0x0000000040088c04        0xc obj/aarch64_smp.o
                0x0000000040088c04                aarch64_cpu_id
 .text.aarch64_smp_boot
                0x0000000040088c10      0x18c obj/aarch64_smp.o
                0x0000000040088c10                aarch64_smp_boot
 .text.aarch64_secondary_entry
                0x0000000040088d9c       0x74 obj/aarch64_smp.o
                0x0000000040088d9c                aarch64_secondary_entry
 .text.bswap32  0x0000000040088e10        0x8 obj/aarch64_fb_simple.o
 .text.fw_cfg_read_u32_be
                0x0000000040088e18       0x2c obj/aarch64_fb_simple.o
 .text.fb_color
                0x0000000040088e44       0x34 obj/aarch64_fb_simple.o
 .text.fb_put_pixel
                0x0000000040088e78       0x50 obj/aarch64_fb_simple.o
 .text.fb_fill_rect
                0x0000000040088ec8       0x74 obj/aarch64_fb_simple.o
 .text.aarch64_dcache_clean_poc_range.part.0
                0x0000000040088f3c       0x44 obj/aarch64_fb_simple.o
 .text.fb_flush_rect
                0x0000000040088f80       0xc0 obj/aarch64_fb_simple.o
 .text.fb_draw_glyph
                0x0000000040089040       0x84 obj/aarch64_fb_simple.o
 .text.fb_clear_screen
                0x00000000400890c4       0x68 obj/aarch64_fb_simple.o
 .text.fb_newline
                0x000000004008912c       0x34 obj/aarch64_fb_simple.o
 .text.fb_simple_draw_glyph8x16_doubled
                0x0000000040089160       0xa0 obj/aarch64_fb_simple.o
                0x0000000040089160                fb_simple_draw_glyph8x16_doubled
 .text.fb_simple_init
                0x0000000040089200      0x440 obj/aarch64_fb_simple.o
                0x0000000040089200                fb_simple_init
 .text.fb_simple_ready
                0x0000000040089640       0x14 obj/aarch64_fb_simple.o
                0x0000000040089640                fb_simple_ready
 .text.fb_simple_clear
                0x0000000040089654       0x14 obj/aarch64_fb_simple.o
                0x0000000040089654                fb_simple_clear
 .text.fb_simple_set_rgb
                0x0000000040089668       0x2c obj/aarch64_fb_simple.o
                0x0000000040089668                fb_simple_set_rgb
 .text.fb_simple_set_bg_rgb
                0x0000000040089694       0x2c obj/aarch64_fb_simple.o
                0x0000000040089694                fb_simple_set_bg_rgb
 .text.fb_simple_clear_rgb
                0x00000000400896c0       0x70 obj/aarch64_fb_simple.o
                0x00000000400896c0                fb_simple_clear_rgb
 .text.fb_simple_draw_pixel
                0x0000000040089730       0x78 obj/aarch64_fb_simple.o
                0x0000000040089730                fb_simple_draw_pixel
 .text.fb_simple_fill_rect
                0x00000000400897a8       0xb4 obj/aarch64_fb_simple.o
                0x00000000400897a8                fb_simple_fill_rect
 .text.fb_simple_flush
                0x000000004008985c       0x2c obj/aarch64_fb_simple.o
                0x000000004008985c                fb_simple_flush
 .text.fb_simple_putc
                0x0000000040089888       0xfc obj/aarch64_fb_simple.o
                0x0000000040089888                fb_simple_putc
 .text.fb_simple_write
                0x0000000040089984       0x38 obj/aarch64_fb_simple.o
                0x0000000040089984                fb_simple_write
 .text.fb_simple_get_info
                0x00000000400899bc       0x78 obj/aarch64_fb_simple.o
                0x00000000400899bc                fb_simple_get_info
 .text.fb_simple_last_error
                0x0000000040089a34        0xc obj/aarch64_fb_simple.o
                0x0000000040089a34                fb_simple_last_error
 .text.gfx_init_default
                0x0000000040089a40       0x1c obj/aarch64_gfx.o
                0x0000000040089a40                gfx_init_default
 .text.gfx_b    0x0000000040089a5c       0x2c obj/aarch64_gfx.o
 .text.gfx_ready
                0x0000000040089a88       0x30 obj/aarch64_gfx.o
                0x0000000040089a88                gfx_ready
 .text.gfx_putc
                0x0000000040089ab8       0x34 obj/aarch64_gfx.o
                0x0000000040089ab8                gfx_putc
 .text.gfx_write
                0x0000000040089aec       0x6c obj/aarch64_gfx.o
                0x0000000040089aec                gfx_write
 .text.gfx_set_rgb
                0x0000000040089b58       0x44 obj/aarch64_gfx.o
                0x0000000040089b58                gfx_set_rgb
 .text.gfx_set_bg_rgb
                0x0000000040089b9c       0x44 obj/aarch64_gfx.o
                0x0000000040089b9c                gfx_set_bg_rgb
 .text.gfx_clear
                0x0000000040089be0       0x2c obj/aarch64_gfx.o
                0x0000000040089be0                gfx_clear
 .text.gfx_clear_rgb
                0x0000000040089c0c       0x44 obj/aarch64_gfx.o
                0x0000000040089c0c                gfx_clear_rgb
 .text.gfx_fill_rect
                0x0000000040089c50       0x44 obj/aarch64_gfx.o
                0x0000000040089c50                gfx_fill_rect
 .text.gfx_flush
                0x0000000040089c94       0x2c obj/aarch64_gfx.o
                0x0000000040089c94                gfx_flush
 .text.gfx_screen_width
                0x0000000040089cc0       0x30 obj/aarch64_gfx.o
                0x0000000040089cc0                gfx_screen_width
 .text.gfx_screen_height
                0x0000000040089cf0       0x30 obj/aarch64_gfx.o
                0x0000000040089cf0                gfx_screen_height
 .text.fb_screen_h_impl
                0x0000000040089d20       0x3c obj/aarch64_gfx_backend_fb_simple.o
 .text.fb_screen_w_impl
                0x0000000040089d5c       0x3c obj/aarch64_gfx_backend_fb_simple.o
 .text.fb_flush_impl
                0x0000000040089d98        0x4 obj/aarch64_gfx_backend_fb_simple.o
 .text.fb_draw_pixel_impl
                0x0000000040089d9c       0x10 obj/aarch64_gfx_backend_fb_simple.o
 .text.fb_clear_rgb_impl
                0x0000000040089dac        0x4 obj/aarch64_gfx_backend_fb_simple.o
 .text.fb_clear_impl
                0x0000000040089db0        0x4 obj/aarch64_gfx_backend_fb_simple.o
 .text.fb_set_bg_rgb_impl
                0x0000000040089db4        0x4 obj/aarch64_gfx_backend_fb_simple.o
 .text.fb_set_rgb_impl
                0x0000000040089db8        0x4 obj/aarch64_gfx_backend_fb_simple.o
 .text.fb_write_impl
                0x0000000040089dbc        0x4 obj/aarch64_gfx_backend_fb_simple.o
 .text.fb_putc_impl
                0x0000000040089dc0        0x4 obj/aarch64_gfx_backend_fb_simple.o
 .text.fb_ready_impl
                0x0000000040089dc4        0x4 obj/aarch64_gfx_backend_fb_simple.o
 .text.fb_fill_rect_impl
                0x0000000040089dc8       0x1c obj/aarch64_gfx_backend_fb_simple.o
 .text.out_pad  0x0000000040089de4       0x34 obj/aarch64_printf.o
 .text.out_u64_dec
                0x0000000040089e18       0x60 obj/aarch64_printf.o
 .text.out_u64_hex
                0x0000000040089e78       0x90 obj/aarch64_printf.o
 .text.vsnprintf
                0x0000000040089f08      0x41c obj/aarch64_printf.o
                0x0000000040089f08                vsnprintf
 .text.snprintf
                0x000000004008a324       0x64 obj/aarch64_printf.o
                0x000000004008a324                snprintf
 .text.printf   0x000000004008a388      0x15c obj/aarch64_printf.o
                0x000000004008a388                printf
 .text.memcpy   0x000000004008a4e4       0x2c obj/aarch64_string.o
                0x000000004008a4e4                memcpy
 .text.memset   0x000000004008a510       0x24 obj/aarch64_string.o
                0x000000004008a510                memset
 .text.memmove  0x000000004008a534       0x54 obj/aarch64_string.o
                0x000000004008a534                memmove
 .text.strlen   0x000000004008a588       0x20 obj/aarch64_string.o
                0x000000004008a588                strlen
 .text.strlength
                0x000000004008a5a8       0x30 obj/aarch64_string.o
                0x000000004008a5a8                strlength
 .text.strcpy   0x000000004008a5d8       0x24 obj/aarch64_string.o
                0x000000004008a5d8                strcpy
 .text.strncpy  0x000000004008a5fc       0x44 obj/aarch64_string.o
                0x000000004008a5fc                strncpy
 .text.strcat   0x000000004008a640       0x38 obj/aarch64_string.o
                0x000000004008a640                strcat
 .text.strncat  0x000000004008a678       0x48 obj/aarch64_string.o
                0x000000004008a678                strncat
 .text.strcmp   0x000000004008a6c0       0x38 obj/aarch64_string.o
                0x000000004008a6c0                strcmp
 .text.strncmp  0x000000004008a6f8       0x44 obj/aarch64_string.o
                0x000000004008a6f8                strncmp
 .text.strchr   0x000000004008a73c       0x2c obj/aarch64_string.o
                0x000000004008a73c                strchr
 .text.strrchr  0x000000004008a768       0x30 obj/aarch64_string.o
                0x000000004008a768                strrchr
 .text.strstr   0x000000004008a798       0x74 obj/aarch64_string.o
                0x000000004008a798                strstr
 .text.strtok_r
                0x000000004008a80c       0xa8 obj/aarch64_string.o
                0x000000004008a80c                strtok_r
 .text.atoi     0x000000004008a8b4       0x8c obj/aarch64_string.o
                0x000000004008a8b4                atoi
 .text.str_to_int
                0x000000004008a940       0x10 obj/aarch64_string.o
                0x000000004008a940                str_to_int
 .text.cmdEql   0x000000004008a950       0x30 obj/aarch64_string.o
                0x000000004008a950                cmdEql
 .text.strEql   0x000000004008a980        0x4 obj/aarch64_string.o
                0x000000004008a980                strEql
 .text.validate_file_path
                0x000000004008a984       0x98 obj/aarch64_string.o
                0x000000004008a984                validate_file_path
 .text.get_input_validation_errors
                0x000000004008aa1c        0x8 obj/aarch64_string.o
                0x000000004008aa1c                get_input_validation_errors
 .text.safe_strcpy
                0x000000004008aa24       0x40 obj/aarch64_string.o
                0x000000004008aa24                safe_strcpy
 .text.shell_log_warn
                0x000000004008aa64       0x44 obj/aarch64_shell_log.o
 .text.shell_log_enable
                0x000000004008aaa8       0x18 obj/aarch64_shell_log.o
                0x000000004008aaa8                shell_log_enable
 .text.shell_log_disable
                0x000000004008aac0        0xc obj/aarch64_shell_log.o
                0x000000004008aac0                shell_log_disable
 .text.init_dynamic_log_buffer
                0x000000004008aacc       0x64 obj/aarch64_shell_log.o
                0x000000004008aacc                init_dynamic_log_buffer
 .text.shell_log_flush
                0x000000004008ab30      0x1cc obj/aarch64_shell_log.o
                0x000000004008ab30                shell_log_flush
 .text.shell_log_append
                0x000000004008acfc      0x1c0 obj/aarch64_shell_log.o
                0x000000004008acfc                shell_log_append
 .text.heap_init_default
                0x000000004008aebc       0x48 obj/aarch64_heap.o
 .text.aarch64_heap_init
                0x000000004008af04       0x7c obj/aarch64_heap.o
                0x000000004008af04                aarch64_heap_init
 .text.malloc   0x000000004008af80      0x134 obj/aarch64_heap.o
                0x000000004008af80                malloc
 .text.free     0x000000004008b0b4       0x80 obj/aarch64_heap.o
                0x000000004008b0b4                free
 .text.init_pipeline_system
                0x000000004008b134       0x5c obj/aarch64_pipeline.o
                0x000000004008b134                init_pipeline_system
 .text.is_pipeline_command
                0x000000004008b190       0x44 obj/aarch64_pipeline.o
                0x000000004008b190                is_pipeline_command
 .text.count_pipeline_commands
                0x000000004008b1d4       0x34 obj/aarch64_pipeline.o
                0x000000004008b1d4                count_pipeline_commands
 .text.is_whitespace
                0x000000004008b208       0x20 obj/aarch64_pipeline.o
                0x000000004008b208                is_whitespace
 .text.trim_whitespace
                0x000000004008b228       0x64 obj/aarch64_pipeline.o
                0x000000004008b228                trim_whitespace
 .text.simple_strtok
                0x000000004008b28c       0xd4 obj/aarch64_pipeline.o
                0x000000004008b28c                simple_strtok
 .text.split_command
                0x000000004008b360      0x12c obj/aarch64_pipeline.o
                0x000000004008b360                split_command
 .text.free_args
                0x000000004008b48c       0x54 obj/aarch64_pipeline.o
                0x000000004008b48c                free_args
 .text.parse_redirections
                0x000000004008b4e0      0x320 obj/aarch64_pipeline.o
                0x000000004008b4e0                parse_redirections
 .text.parse_command
                0x000000004008b800      0x1f4 obj/aarch64_pipeline.o
                0x000000004008b800                parse_command
 .text.parse_pipeline
                0x000000004008b9f4       0xe0 obj/aarch64_pipeline.o
                0x000000004008b9f4                parse_pipeline
 .text.free_command
                0x000000004008bad4       0x70 obj/aarch64_pipeline.o
                0x000000004008bad4                free_command
 .text.free_pipeline
                0x000000004008bb44       0x40 obj/aarch64_pipeline.o
                0x000000004008bb44                free_pipeline
 .text.read_file_for_input_redirection
                0x000000004008bb84       0xc8 obj/aarch64_pipeline.o
                0x000000004008bb84                read_file_for_input_redirection
 .text.execute_simple_command.part.0
                0x000000004008bc4c      0x290 obj/aarch64_pipeline.o
 .text.execute_simple_command
                0x000000004008bedc       0x18 obj/aarch64_pipeline.o
                0x000000004008bedc                execute_simple_command
 .text.execute_complex_pipeline
                0x000000004008bef4      0x214 obj/aarch64_pipeline.o
                0x000000004008bef4                execute_complex_pipeline
 .text.add_background_process
                0x000000004008c108       0x90 obj/aarch64_pipeline.o
                0x000000004008c108                add_background_process
 .text.execute_background_command
                0x000000004008c198      0x108 obj/aarch64_pipeline.o
                0x000000004008c198                execute_background_command
 .text.execute_command
                0x000000004008c2a0       0x1c obj/aarch64_pipeline.o
                0x000000004008c2a0                execute_command
 .text.execute_pipeline
                0x000000004008c2bc      0x32c obj/aarch64_pipeline.o
                0x000000004008c2bc                execute_pipeline
 .text.shell_command_is_available
                0x000000004008c5e8       0x28 obj/aarch64_shell_caps.o
                0x000000004008c5e8                shell_command_is_available
 .text.shell_unavailable_cmd
                0x000000004008c610       0xb8 obj/aarch64_shell_caps.o
                0x000000004008c610                shell_unavailable_cmd
 .text.serial_write
                0x000000004008c6c8       0x40 obj/aarch64_compat_stubs.o
                0x000000004008c6c8                serial_write
 .text.get_heap_size
                0x000000004008c708        0x8 obj/aarch64_compat_stubs.o
                0x000000004008c708                get_heap_size
 .text.get_heap_used
                0x000000004008c710        0x8 obj/aarch64_compat_stubs.o
                0x000000004008c710                get_heap_used
 .text.get_total_ram
                0x000000004008c718        0x8 obj/aarch64_compat_stubs.o
                0x000000004008c718                get_total_ram
 .text.sched_get_idle_hlt_count
                0x000000004008c720        0x8 obj/aarch64_compat_stubs.o
                0x000000004008c720                sched_get_idle_hlt_count
 .text.fb_flush_full
                0x000000004008c728       0x20 obj/aarch64_vga.o
 .text.fb_query.constprop.0
                0x000000004008c748       0x70 obj/aarch64_vga.o
 .text.vga_text_cell_w
                0x000000004008c7b8        0x8 obj/aarch64_vga.o
                0x000000004008c7b8                vga_text_cell_w
 .text.vga_text_cell_h
                0x000000004008c7c0        0x8 obj/aarch64_vga.o
                0x000000004008c7c0                vga_text_cell_h
 .text.vga_system_font_set
                0x000000004008c7c8        0x8 obj/aarch64_vga.o
                0x000000004008c7c8                vga_system_font_set
 .text.drawPixel
                0x000000004008c7d0      0x108 obj/aarch64_vga.o
                0x000000004008c7d0                drawPixel
 .text.vga_drawPixel_fb
                0x000000004008c8d8        0x4 obj/aarch64_vga.o
                0x000000004008c8d8                vga_drawPixel_fb
 .text.vga_drawPixel_bb
                0x000000004008c8dc        0x4 obj/aarch64_vga.o
                0x000000004008c8dc                vga_drawPixel_bb
 .text.vga_blendPixel_bb
                0x000000004008c8e0       0x10 obj/aarch64_vga.o
                0x000000004008c8e0                vga_blendPixel_bb
 .text.drawRect
                0x000000004008c8f0       0x8c obj/aarch64_vga.o
                0x000000004008c8f0                drawRect
 .text.vga_fillRect_fb
                0x000000004008c97c        0x4 obj/aarch64_vga.o
                0x000000004008c97c                vga_fillRect_fb
 .text.drawCharAt_font
                0x000000004008c980       0x54 obj/aarch64_vga.o
                0x000000004008c980                drawCharAt_font
 .text.drawCharAt
                0x000000004008c9d4       0x20 obj/aarch64_vga.o
                0x000000004008c9d4                drawCharAt
 .text.drawTextAt
                0x000000004008c9f4       0x78 obj/aarch64_vga.o
                0x000000004008c9f4                drawTextAt
 .text.shell_register_redirect_icon
                0x000000004008ca6c       0x80 obj/aarch64_vga.o
                0x000000004008ca6c                shell_register_redirect_icon
 .text.start_shell_redirect
                0x000000004008caec       0x28 obj/aarch64_vga.o
                0x000000004008caec                start_shell_redirect
 .text.stop_shell_redirect
                0x000000004008cb14       0x40 obj/aarch64_vga.o
                0x000000004008cb14                stop_shell_redirect
 .text.vga_init_double_buffer
                0x000000004008cb54        0x4 obj/aarch64_vga.o
                0x000000004008cb54                vga_init_double_buffer
 .text.vga_mark_dirty_rect
                0x000000004008cb58        0x4 obj/aarch64_vga.o
                0x000000004008cb58                vga_mark_dirty_rect
 .text.vga_begin_frame
                0x000000004008cb5c        0x4 obj/aarch64_vga.o
                0x000000004008cb5c                vga_begin_frame
 .text.vga_set_swap_exclude
                0x000000004008cb60        0x4 obj/aarch64_vga.o
                0x000000004008cb60                vga_set_swap_exclude
 .text.vga_clear_swap_exclude
                0x000000004008cb64        0x4 obj/aarch64_vga.o
                0x000000004008cb64                vga_clear_swap_exclude
 .text.vga_blit_backbuffer_region_to_fb
                0x000000004008cb68        0x4 obj/aarch64_vga.o
                0x000000004008cb68                vga_blit_backbuffer_region_to_fb
 .text.vga_swap_buffers
                0x000000004008cb6c        0x4 obj/aarch64_vga.o
                0x000000004008cb6c                vga_swap_buffers
 .text.vga_blit_rgb565_bb
                0x000000004008cb70       0xcc obj/aarch64_vga.o
                0x000000004008cb70                vga_blit_rgb565_bb
 .text.vga_blit_rgb565_scaled_bb
                0x000000004008cc3c      0x108 obj/aarch64_vga.o
                0x000000004008cc3c                vga_blit_rgb565_scaled_bb
 .text.vga_darkenRect_bb
                0x000000004008cd44        0x4 obj/aarch64_vga.o
                0x000000004008cd44                vga_darkenRect_bb
 .text.vga_get_fb_bpp_bytes
                0x000000004008cd48        0x8 obj/aarch64_vga.o
                0x000000004008cd48                vga_get_fb_bpp_bytes
 .text.vga_capture_fb_region
                0x000000004008cd50      0x138 obj/aarch64_vga.o
                0x000000004008cd50                vga_capture_fb_region
 .text.vga_wait_vblank
                0x000000004008ce88        0x4 obj/aarch64_vga.o
                0x000000004008ce88                vga_wait_vblank
 .text.vga_set_vsync_enabled
                0x000000004008ce8c       0x14 obj/aarch64_vga.o
                0x000000004008ce8c                vga_set_vsync_enabled
 .text.vga_get_vsync_enabled
                0x000000004008cea0        0xc obj/aarch64_vga.o
                0x000000004008cea0                vga_get_vsync_enabled
 .text.vga_set_dirty_strategy
                0x000000004008ceac        0xc obj/aarch64_vga.o
                0x000000004008ceac                vga_set_dirty_strategy
 .text.aarch64_multiboot_compat_init_from_fb
                0x000000004008ceb8      0x104 obj/aarch64_multiboot_compat.o
                0x000000004008ceb8                aarch64_multiboot_compat_init_from_fb
 .text.clamp_pos
                0x000000004008cfbc       0x6c obj/aarch64_mouse.o
 .text.mouse_init
                0x000000004008d028       0xb4 obj/aarch64_mouse.o
                0x000000004008d028                mouse_init
 .text.mouse_read_event
                0x000000004008d0dc       0x64 obj/aarch64_mouse.o
                0x000000004008d0dc                mouse_read_event
 .text.mouse_get_position
                0x000000004008d140       0x28 obj/aarch64_mouse.o
                0x000000004008d140                mouse_get_position
 .text.mouse_set_bounds
                0x000000004008d168       0x24 obj/aarch64_mouse.o
                0x000000004008d168                mouse_set_bounds
 .text.mouse_poll
                0x000000004008d18c        0x8 obj/aarch64_mouse.o
                0x000000004008d18c                mouse_poll
 .text.watchdog_kick
                0x000000004008d194        0x4 obj/aarch64_watchdog_stub.o
                0x000000004008d194                watchdog_kick
 .text.tui_refresh
                0x000000004008d198        0x4 obj/aarch64_tui.o
                0x000000004008d198                tui_refresh
 .text.tui_read_key
                0x000000004008d19c       0x2c obj/aarch64_tui.o
                0x000000004008d19c                tui_read_key
 .text.vterm_clear_line_icons
                0x000000004008d1c8       0x58 obj/aarch64_terminals.o
 .text.vterm_render_input
                0x000000004008d220      0x154 obj/aarch64_terminals.o
 .text.vterm_init_all
                0x000000004008d374      0x144 obj/aarch64_terminals.o
                0x000000004008d374                vterm_init_all
 .text.vterm_set_scroll
                0x000000004008d4b8       0x64 obj/aarch64_terminals.o
                0x000000004008d4b8                vterm_set_scroll
 .text.vterm_get_scroll
                0x000000004008d51c       0x34 obj/aarch64_terminals.o
                0x000000004008d51c                vterm_get_scroll
 .text.vterm_write_char
                0x000000004008d550      0x32c obj/aarch64_terminals.o
                0x000000004008d550                vterm_write_char
 .text.vterm_print_prompt
                0x000000004008d87c      0x1a4 obj/aarch64_terminals.o
                0x000000004008d87c                vterm_print_prompt
 .text.vterm_get_line
                0x000000004008da20       0x68 obj/aarch64_terminals.o
                0x000000004008da20                vterm_get_line
 .text.vterm_get_line_icon_count
                0x000000004008da88       0x60 obj/aarch64_terminals.o
                0x000000004008da88                vterm_get_line_icon_count
 .text.vterm_get_line_icon_key_n
                0x000000004008dae8       0xd8 obj/aarch64_terminals.o
                0x000000004008dae8                vterm_get_line_icon_key_n
 .text.vterm_clear
                0x000000004008dbc0       0xe8 obj/aarch64_terminals.o
                0x000000004008dbc0                vterm_clear
 .text.vterm_handle_key
                0x000000004008dca8      0xbd0 obj/aarch64_terminals.o
                0x000000004008dca8                vterm_handle_key
 .text.vterm_get_version
                0x000000004008e878       0x34 obj/aarch64_terminals.o
                0x000000004008e878                vterm_get_version
 .text.vterm_set_active
                0x000000004008e8ac       0x2c obj/aarch64_terminals.o
                0x000000004008e8ac                vterm_set_active
 .text.vterm_get_cursor_row
                0x000000004008e8d8       0x34 obj/aarch64_terminals.o
                0x000000004008e8d8                vterm_get_cursor_row
 .text.vterm_get_char_color_abs
                0x000000004008e90c      0x100 obj/aarch64_terminals.o
                0x000000004008e90c                vterm_get_char_color_abs
 .text.vterm_get_cursor_col
                0x000000004008ea0c       0x34 obj/aarch64_terminals.o
                0x000000004008ea0c                vterm_get_cursor_col
 .text.vterm_is_selected
                0x000000004008ea40       0x88 obj/aarch64_terminals.o
                0x000000004008ea40                vterm_is_selected
 .text.rects_intersect
                0x000000004008eac8       0x4c obj/aarch64_tiling_manager.o
 .text.point_in_rect
                0x000000004008eb14       0x34 obj/aarch64_tiling_manager.o
 .text.wm_hit_test
                0x000000004008eb48       0xa4 obj/aarch64_tiling_manager.o
 .text.tile_index_at
                0x000000004008ebec       0xd0 obj/aarch64_tiling_manager.o
 .text.layout_tiles
                0x000000004008ecbc      0x130 obj/aarch64_tiling_manager.o
 .text.status_bar_height_px
                0x000000004008edec       0x24 obj/aarch64_tiling_manager.o
 .text.wm_draw_icon_into_button
                0x000000004008ee10      0x36c obj/aarch64_tiling_manager.o
 .text.load_icon_for_ext_mode
                0x000000004008f17c      0x298 obj/aarch64_tiling_manager.o
 .text.status_overlay_visible
                0x000000004008f414       0x30 obj/aarch64_tiling_manager.o
 .text.cursor_img_loaded_for_kind
                0x000000004008f444       0x34 obj/aarch64_tiling_manager.o
 .text.cursor_img_for_kind
                0x000000004008f478       0x64 obj/aarch64_tiling_manager.o
 .text.apply_darken
                0x000000004008f4dc       0x44 obj/aarch64_tiling_manager.o
 .text.tile_split_hit_test_mode
                0x000000004008f520       0xa4 obj/aarch64_tiling_manager.o
 .text.get_title_height
                0x000000004008f5c4       0x58 obj/aarch64_tiling_manager.o
 .text.handle_bg_modal_key
                0x000000004008f61c      0x1f4 obj/aarch64_tiling_manager.o
 .text.draw_decorations.part.0
                0x000000004008f810      0x4a0 obj/aarch64_tiling_manager.o
 .text.tile_close.part.0
                0x000000004008fcb0      0x1d8 obj/aarch64_tiling_manager.o
 .text.load_cursor_variant_try_paths.constprop.0
                0x000000004008fe88      0x148 obj/aarch64_tiling_manager.o
 .text.load_close_icon_try_paths.constprop.0
                0x000000004008ffd0      0x15c obj/aarch64_tiling_manager.o
 .text.load_min_icon_try_paths.constprop.0
                0x000000004009012c      0x15c obj/aarch64_tiling_manager.o
 .text.load_max_icon_try_paths.constprop.0
                0x0000000040090288      0x15c obj/aarch64_tiling_manager.o
 .text.load_close_icon_unf_try_paths.constprop.0
                0x00000000400903e4      0x15c obj/aarch64_tiling_manager.o
 .text.load_min_icon_unf_try_paths.constprop.0
                0x0000000040090540      0x15c obj/aarch64_tiling_manager.o
 .text.load_max_icon_unf_try_paths.constprop.0
                0x000000004009069c      0x15c obj/aarch64_tiling_manager.o
 .text.maybe_update_icon_mode.constprop.0
                0x00000000400907f8      0x1a0 obj/aarch64_tiling_manager.o
 .text.cursor_get_dims.constprop.0
                0x0000000040090998       0x70 obj/aarch64_tiling_manager.o
 .text.draw_status_overlay_text.constprop.0
                0x0000000040090a08      0x3a8 obj/aarch64_tiling_manager.o
 .text.draw_tile_status_overlay
                0x0000000040090db0       0xe8 obj/aarch64_tiling_manager.o
 .text.win_title_height.isra.0
                0x0000000040090e98       0x24 obj/aarch64_tiling_manager.o
 .text.wm_get_close_rect
                0x0000000040090ebc       0xd0 obj/aarch64_tiling_manager.o
 .text.wm_get_max_rect
                0x0000000040090f8c       0xd4 obj/aarch64_tiling_manager.o
 .text.wm_resize_hit_test_edges
                0x0000000040091060      0x1a8 obj/aarch64_tiling_manager.o
 .text.wm_draw_decor
                0x0000000040091208      0x660 obj/aarch64_tiling_manager.o
 .text.draw_static_tile.part.0
                0x0000000040091868       0x74 obj/aarch64_tiling_manager.o
 .text.draw_tile_content.part.0
                0x00000000400918dc      0xef4 obj/aarch64_tiling_manager.o
 .text.wm_theme_get
                0x00000000400927d0       0x20 obj/aarch64_tiling_manager.o
                0x00000000400927d0                wm_theme_get
 .text.wm_theme_set
                0x00000000400927f0       0x2c obj/aarch64_tiling_manager.o
                0x00000000400927f0                wm_theme_set
 .text.wm_theme_reset_defaults
                0x000000004009281c       0x34 obj/aarch64_tiling_manager.o
                0x000000004009281c                wm_theme_reset_defaults
 .text.wm_create_window
                0x0000000040092850      0x14c obj/aarch64_tiling_manager.o
                0x0000000040092850                wm_create_window
 .text.wm_register_gui_client2
                0x000000004009299c       0x3c obj/aarch64_tiling_manager.o
                0x000000004009299c                wm_register_gui_client2
 .text.wm_set_title_status
                0x00000000400929d8       0x48 obj/aarch64_tiling_manager.o
                0x00000000400929d8                wm_set_title_status
 .text.wm_invalidate_window
                0x0000000040092a20       0x34 obj/aarch64_tiling_manager.o
                0x0000000040092a20                wm_invalidate_window
 .text.wm_set_continuous_redraw
                0x0000000040092a54       0x44 obj/aarch64_tiling_manager.o
                0x0000000040092a54                wm_set_continuous_redraw
 .text.wm_close_window
                0x0000000040092a98       0xbc obj/aarch64_tiling_manager.o
                0x0000000040092a98                wm_close_window
 .text.tile_set_title_status
                0x0000000040092b54       0x4c obj/aarch64_tiling_manager.o
                0x0000000040092b54                tile_set_title_status
 .text.tile_close
                0x0000000040092ba0       0x88 obj/aarch64_tiling_manager.o
                0x0000000040092ba0                tile_close
 .text.tile_get_focused
                0x0000000040092c28        0xc obj/aarch64_tiling_manager.o
                0x0000000040092c28                tile_get_focused
 .text.tile_register_gui_client2
                0x0000000040092c34       0x88 obj/aarch64_tiling_manager.o
                0x0000000040092c34                tile_register_gui_client2
 .text.tile_create_gui_tile
                0x0000000040092cbc       0xa8 obj/aarch64_tiling_manager.o
                0x0000000040092cbc                tile_create_gui_tile
 .text.tile_unregister_gui_client
                0x0000000040092d64       0xc4 obj/aarch64_tiling_manager.o
                0x0000000040092d64                tile_unregister_gui_client
 .text.tile_invalidate_gui
                0x0000000040092e28       0x3c obj/aarch64_tiling_manager.o
                0x0000000040092e28                tile_invalidate_gui
 .text.tile_set_gui_continuous_redraw
                0x0000000040092e64       0x58 obj/aarch64_tiling_manager.o
                0x0000000040092e64                tile_set_gui_continuous_redraw
 .text.start_tiling_manager
                0x0000000040092ebc     0x31a8 obj/aarch64_tiling_manager.o
                0x0000000040092ebc                start_tiling_manager
 .text.ui_prefs_get_font_path
                0x0000000040096064        0xc obj/aarch64_ui_prefs.o
                0x0000000040096064                ui_prefs_get_font_path
 .text.ui_prefs_set_font_path
                0x0000000040096070       0x44 obj/aarch64_ui_prefs.o
                0x0000000040096070                ui_prefs_set_font_path
 .text.ui_prefs_get_status_bar_mode
                0x00000000400960b4       0x14 obj/aarch64_ui_prefs.o
                0x00000000400960b4                ui_prefs_get_status_bar_mode
 .text.ui_prefs_set_status_bar_mode
                0x00000000400960c8       0x14 obj/aarch64_ui_prefs.o
                0x00000000400960c8                ui_prefs_set_status_bar_mode
 .text.ui_prefs_save
                0x00000000400960dc      0x13c obj/aarch64_ui_prefs.o
                0x00000000400960dc                ui_prefs_save
 .text.tiling_cmd
                0x0000000040096218        0x4 obj/aarch64_tiling_cmd.o
                0x0000000040096218                tiling_cmd
 .text.theme_gui_mouse
                0x000000004009621c        0x4 obj/aarch64_theme_cmd.o
 .text.font_list_cb
                0x0000000040096220       0xdc obj/aarch64_theme_cmd.o
 .text.theme_gui_draw
                0x00000000400962fc      0x42c obj/aarch64_theme_cmd.o
 .text.theme_gui_apply_font.constprop.0
                0x0000000040096728       0xd8 obj/aarch64_theme_cmd.o
 .text.theme_cmd
                0x0000000040096800      0x178 obj/aarch64_theme_cmd.o
 .text.theme_gui_adjust_selected.constprop.0
                0x0000000040096978      0x134 obj/aarch64_theme_cmd.o
 .text.theme_gui_key
                0x0000000040096aac      0x2d4 obj/aarch64_theme_cmd.o
 .text.draw_put_pixel
                0x0000000040096d80       0xd8 obj/aarch64_draw_gui.o
 .text.draw_gui_mouse
                0x0000000040096e58      0x480 obj/aarch64_draw_gui.o
 .text.draw_gui_key
                0x00000000400972d8      0x2f0 obj/aarch64_draw_gui.o
 .text.draw_gui_draw
                0x00000000400975c8      0x68c obj/aarch64_draw_gui.o
 .text.draw_cmd
                0x0000000040097c54      0x220 obj/aarch64_draw_gui.o
                0x0000000040097c54                draw_cmd
 .text.reiv_prefetch_reset
                0x0000000040097e74       0x2c obj/aarch64_image_viewer_gui.o
 .text.viewer_gui_mouse
                0x0000000040097ea0      0x204 obj/aarch64_image_viewer_gui.o
 .text.reiv_eynfs_read_exact
                0x00000000400980a4       0xb4 obj/aarch64_image_viewer_gui.o
 .text.reiv_prefetch_start
                0x0000000040098158      0x170 obj/aarch64_image_viewer_gui.o
 .text.viewer_free_resources
                0x00000000400982c8       0xc8 obj/aarch64_image_viewer_gui.o
 .text.viewer_gui_key
                0x0000000040098390      0x204 obj/aarch64_image_viewer_gui.o
 .text.reiv_decode_packbits.constprop.0
                0x0000000040098594      0x160 obj/aarch64_image_viewer_gui.o
 .text.load_reiv_stream
                0x00000000400986f4      0x47c obj/aarch64_image_viewer_gui.o
 .text.view_cmd
                0x0000000040098b70      0x374 obj/aarch64_image_viewer_gui.o
                0x0000000040098b70                view_cmd
 .text.reiv_prefetch_step
                0x0000000040098ee4      0x2c0 obj/aarch64_image_viewer_gui.o
 .text.viewer_gui_draw
                0x00000000400991a4      0x934 obj/aarch64_image_viewer_gui.o
 .text.vieww_cmd
                0x0000000040099ad8      0x3a4 obj/aarch64_image_viewer_gui.o
                0x0000000040099ad8                vieww_cmd
 .text.stats_sample_disk
                0x0000000040099e7c      0x110 obj/aarch64_stats_gui.o
 .text.stats_gui_key
                0x0000000040099f8c       0x20 obj/aarch64_stats_gui.o
 .text.stats_sample_memory
                0x0000000040099fac       0x6c obj/aarch64_stats_gui.o
 .text.stats_cmd
                0x000000004009a018       0xa0 obj/aarch64_stats_gui.o
 .text.draw_pie.constprop.0
                0x000000004009a0b8      0x178 obj/aarch64_stats_gui.o
 .text.format_size_smart.constprop.0
                0x000000004009a230       0x64 obj/aarch64_stats_gui.o
 .text.stats_gui_mouse
                0x000000004009a294       0x9c obj/aarch64_stats_gui.o
 .text.format_pct_str.constprop.0
                0x000000004009a330       0x2c obj/aarch64_stats_gui.o
 .text.format_pct_plain_str.constprop.0
                0x000000004009a35c       0x2c obj/aarch64_stats_gui.o
 .text.stats_gui_draw
                0x000000004009a388      0x584 obj/aarch64_stats_gui.o
 .text.test_mouse
                0x000000004009a90c        0x4 obj/aarch64_window_test.o
 .text.win_test_cmd
                0x000000004009a910       0x88 obj/aarch64_window_test.o
                0x000000004009a910                win_test_cmd
 .text.test_draw
                0x000000004009a998       0xac obj/aarch64_window_test.o
 .text.test_key
                0x000000004009aa44       0x48 obj/aarch64_window_test.o
 .text.rei_read_header
                0x000000004009aa8c       0x40 obj/aarch64_rei.o
                0x000000004009aa8c                rei_read_header
 .text.rei_validate_header
                0x000000004009aacc       0x6c obj/aarch64_rei.o
                0x000000004009aacc                rei_validate_header
 .text.rei_calculate_data_size
                0x000000004009ab38       0x24 obj/aarch64_rei.o
                0x000000004009ab38                rei_calculate_data_size
 .text.rei_parse_image
                0x000000004009ab5c      0x1d0 obj/aarch64_rei.o
                0x000000004009ab5c                rei_parse_image
 .text.rei_free_image
                0x000000004009ad2c       0x34 obj/aarch64_rei.o
                0x000000004009ad2c                rei_free_image
 .text.rei_get_pixel_offset
                0x000000004009ad60       0x40 obj/aarch64_rei.o
                0x000000004009ad60                rei_get_pixel_offset
 .text.rei_set_pixel_color
                0x000000004009ada0       0x94 obj/aarch64_rei.o
                0x000000004009ada0                rei_set_pixel_color
 .text.reiv_read_header
                0x000000004009ae34       0x40 obj/aarch64_reiv.o
                0x000000004009ae34                reiv_read_header
 .text.reiv_validate_header
                0x000000004009ae74       0x88 obj/aarch64_reiv.o
                0x000000004009ae74                reiv_validate_header
 .text.reiv_frame_size_bytes
                0x000000004009aefc       0x2c obj/aarch64_reiv.o
                0x000000004009aefc                reiv_frame_size_bytes
 .text.reiv_frame_offset_bytes
                0x000000004009af28       0x3c obj/aarch64_reiv.o
                0x000000004009af28                reiv_frame_offset_bytes
 .text.reiv_index_size_bytes
                0x000000004009af64       0x30 obj/aarch64_reiv.o
                0x000000004009af64                reiv_index_size_bytes
 .text.reiv_data_offset_bytes
                0x000000004009af94       0x4c obj/aarch64_reiv.o
                0x000000004009af94                reiv_data_offset_bytes
 .text.alias_name_valid
                0x000000004009afe0       0x64 obj/aarch64_alias.o
 .text.trim_left
                0x000000004009b044       0x28 obj/aarch64_alias.o
 .text.contains_meta_chars
                0x000000004009b06c       0x40 obj/aarch64_alias.o
 .text.alias_find_mut
                0x000000004009b0ac       0x70 obj/aarch64_alias.o
 .text.trim_right
                0x000000004009b11c       0x60 obj/aarch64_alias.o
 .text.alias_load_if_needed
                0x000000004009b17c      0x1f0 obj/aarch64_alias.o
 .text.shell_alias_expand_line
                0x000000004009b36c      0x318 obj/aarch64_alias.o
                0x000000004009b36c                shell_alias_expand_line
 .text.math_get_current_equation
                0x000000004009b684      0x2f0 obj/aarch64_math.o
                0x000000004009b684                math_get_current_equation
 .text.rand_next
                0x000000004009b974       0x24 obj/aarch64_math.o
                0x000000004009b974                rand_next
 .text.rand_range
                0x000000004009b998       0x3c obj/aarch64_math.o
                0x000000004009b998                rand_range
 .text.partition_strings
                0x000000004009b9d4       0xa4 obj/aarch64_math.o
                0x000000004009b9d4                partition_strings
 .text.quicksort_strings
                0x000000004009ba78       0x5c obj/aarch64_math.o
                0x000000004009ba78                quicksort_strings
 .text.build_bad_char_table
                0x000000004009bad4       0x3c obj/aarch64_math.o
                0x000000004009bad4                build_bad_char_table
 .text.build_good_suffix_table
                0x000000004009bb10       0xdc obj/aarch64_math.o
                0x000000004009bb10                build_good_suffix_table
 .text.boyer_moore_search
                0x000000004009bbec      0x108 obj/aarch64_math.o
                0x000000004009bbec                boyer_moore_search
 .text.to_fat32_83
                0x000000004009bcf4       0xd8 obj/aarch64_fat32.o
                0x000000004009bcf4                to_fat32_83
 .text.fat32_read_bpb_sector
                0x000000004009bdcc       0x54 obj/aarch64_fat32.o
                0x000000004009bdcc                fat32_read_bpb_sector
 .text.fat32_next_cluster_sector
                0x000000004009be20       0x74 obj/aarch64_fat32.o
                0x000000004009be20                fat32_next_cluster_sector
 .text.fat32_get_partition_lba_start
                0x000000004009be94       0xbc obj/aarch64_fat32.o
                0x000000004009be94                fat32_get_partition_lba_start
 .text.fat32_find_entry_sector
                0x000000004009bf50      0x1a8 obj/aarch64_fat32.o
                0x000000004009bf50                fat32_find_entry_sector
 .text.eynfs_cache_invalidate_block
                0x000000004009c0f8       0x38 obj/aarch64_eynfs.o
 .text.eynfs_load_u32
                0x000000004009c130       0x24 obj/aarch64_eynfs.o
 .text.eynfs_store_u32
                0x000000004009c154       0x20 obj/aarch64_eynfs.o
 .text.eynfs_write_dir_block
                0x000000004009c174       0x80 obj/aarch64_eynfs.o
 .text.eynfs_cache_flush
                0x000000004009c1f4       0x64 obj/aarch64_eynfs.o
 .text.eynfs_dir_cache_invalidate
                0x000000004009c258       0x60 obj/aarch64_eynfs.o
 .text.eynfs_cache_write_block
                0x000000004009c2b8       0x8c obj/aarch64_eynfs.o
 .text.eynfs_alloc_block_optimized
                0x000000004009c344      0x178 obj/aarch64_eynfs.o
 .text.eynfs_bitmap_set_used
                0x000000004009c4bc       0xd4 obj/aarch64_eynfs.o
 .text.eynfs_cache_get_block
                0x000000004009c590      0x19c obj/aarch64_eynfs.o
                0x000000004009c590                eynfs_cache_get_block
 .text.eynfs_read_superblock
                0x000000004009c72c       0xb8 obj/aarch64_eynfs.o
                0x000000004009c72c                eynfs_read_superblock
 .text.eynfs_read_dir_table
                0x000000004009c7e4       0xe0 obj/aarch64_eynfs.o
                0x000000004009c7e4                eynfs_read_dir_table
 .text.eynfs_count_dir_entries
                0x000000004009c8c4       0x9c obj/aarch64_eynfs.o
                0x000000004009c8c4                eynfs_count_dir_entries
 .text.eynfs_alloc_block
                0x000000004009c960       0x60 obj/aarch64_eynfs.o
                0x000000004009c960                eynfs_alloc_block
 .text.eynfs_write_dir_table
                0x000000004009c9c0      0x210 obj/aarch64_eynfs.o
                0x000000004009c9c0                eynfs_write_dir_table
 .text.eynfs_free_block
                0x000000004009cbd0       0x48 obj/aarch64_eynfs.o
                0x000000004009cbd0                eynfs_free_block
 .text.eynfs_find_in_dir
                0x000000004009cc18      0x1c0 obj/aarch64_eynfs.o
                0x000000004009cc18                eynfs_find_in_dir
 .text.eynfs_traverse_path
                0x000000004009cdd8      0x168 obj/aarch64_eynfs.o
                0x000000004009cdd8                eynfs_traverse_path
 .text.eynfs_create_entry
                0x000000004009cf40      0x2fc obj/aarch64_eynfs.o
                0x000000004009cf40                eynfs_create_entry
 .text.eynfs_read_file
                0x000000004009d23c      0x178 obj/aarch64_eynfs.o
                0x000000004009d23c                eynfs_read_file
 .text.eynfs_write_file
                0x000000004009d3b4      0x2dc obj/aarch64_eynfs.o
                0x000000004009d3b4                eynfs_write_file
 .text.eynfs_cache_clear
                0x000000004009d690       0x80 obj/aarch64_eynfs.o
                0x000000004009d690                eynfs_cache_clear
 .text.eynfs_delete_entry
                0x000000004009d710      0x15c obj/aarch64_eynfs.o
                0x000000004009d710                eynfs_delete_entry
 .text.fat32_path_to_entry
                0x000000004009d86c      0x154 obj/aarch64_vfs.o
 .text.fat32_read_fat_entry
                0x000000004009d9c0       0x80 obj/aarch64_vfs.o
 .text.fat32_write_fat_entry_all
                0x000000004009da40       0xf0 obj/aarch64_vfs.o
 .text.vfs_split_path.constprop.0
                0x000000004009db30       0xec obj/aarch64_vfs.o
 .text.fat32_free_chain_sector_all.isra.0
                0x000000004009dc1c       0x94 obj/aarch64_vfs.o
 .text.fat32_allocate_chain_sector_all.constprop.0
                0x000000004009dcb0      0x14c obj/aarch64_vfs.o
 .text.vfs_get_file_size
                0x000000004009ddfc      0x100 obj/aarch64_vfs.o
                0x000000004009ddfc                vfs_get_file_size
 .text.vfs_read_file
                0x000000004009defc      0x21c obj/aarch64_vfs.o
                0x000000004009defc                vfs_read_file
 .text.vfs_read_file_at
                0x000000004009e118      0x2c0 obj/aarch64_vfs.o
                0x000000004009e118                vfs_read_file_at
 .text.vfs_stat
                0x000000004009e3d8      0x12c obj/aarch64_vfs.o
                0x000000004009e3d8                vfs_stat
 .text.vfs_listdir
                0x000000004009e504      0x400 obj/aarch64_vfs.o
                0x000000004009e504                vfs_listdir
 .text.vfs_write_file
                0x000000004009e904      0x62c obj/aarch64_vfs.o
                0x000000004009e904                vfs_write_file
 .text.vfs_mkdir
                0x000000004009ef30      0x42c obj/aarch64_vfs.o
                0x000000004009ef30                vfs_mkdir
 .text.vfs_rmdir
                0x000000004009f35c      0x438 obj/aarch64_vfs.o
                0x000000004009f35c                vfs_rmdir
 .text.vfs_unlink
                0x000000004009f794      0x3ac obj/aarch64_vfs.o
                0x000000004009f794                vfs_unlink
 .text.hal_console_putc
                0x000000004009fb40       0x84 obj/aarch64_hal_console.o
                0x000000004009fb40                hal_console_putc
 .text.hal_console_write
                0x000000004009fbc4       0x38 obj/aarch64_hal_console.o
                0x000000004009fbc4                hal_console_write
 .text.hal_console_write_len
                0x000000004009fbfc       0x4c obj/aarch64_hal_console.o
                0x000000004009fbfc                hal_console_write_len
 .text.hal_kbd_read_key_nonblock
                0x000000004009fc48      0x2e8 obj/aarch64_hal_keyboard.o
                0x000000004009fc48                hal_kbd_read_key_nonblock
 .text.hal_kbd_modifiers
                0x000000004009ff30        0xc obj/aarch64_hal_keyboard.o
                0x000000004009ff30                hal_kbd_modifiers
 .text.cmd_gfxdemo
                0x000000004009ff3c      0x13c obj/aarch64_gfx_cmd.o
                0x000000004009ff3c                cmd_gfxdemo
 .text.hal_time_ticks
                0x00000000400a0078       0x10 obj/aarch64_hal_time.o
                0x00000000400a0078                hal_time_ticks
 .text.hal_time_tick_hz
                0x00000000400a0088        0x4 obj/aarch64_hal_time.o
                0x00000000400a0088                hal_time_tick_hz
 .text.hal_sleep_us
                0x00000000400a008c       0x74 obj/aarch64_hal_time.o
                0x00000000400a008c                hal_sleep_us

.iplt           0x00000000400a0100        0x0
 .iplt          0x00000000400a0100        0x0 obj/aarch64_start.o

.rodata         0x00000000400a0100     0x5f78
 *(.rodata .rodata.*)
 .rodata.fb_write_hex64.str1.1
                0x00000000400a0100     0x4869 obj/aarch64_kernel_full.o
                                         0x14 (size before relaxing)
 .rodata.kernel_main.str1.1
                0x00000000400a4969        0x0 obj/aarch64_kernel_full.o
                                        0x14a (size before relaxing)
 .rodata.handler_exit.str1.1
                0x00000000400a4969        0x0 obj/aarch64_shell.o
                                          0xc (size before relaxing)
 .rodata.handle_shell_command.str1.1
                0x00000000400a4969        0x0 obj/aarch64_shell.o
                                         0x60 (size before relaxing)
 .rodata.launch_shell.str1.1
                0x00000000400a4969        0x0 obj/aarch64_shell.o
                                         0x3f (size before relaxing)
 .rodata.line_move_left.str1.1
                0x00000000400a4969        0x0 obj/aarch64_history.o
                                          0x2 (size before relaxing)
 .rodata.line_set.constprop.0.str1.1
                0x00000000400a4969        0x0 obj/aarch64_history.o
                                          0x5 (size before relaxing)
 .rodata.readStr_with_history.str1.1
                0x00000000400a4969        0x0 obj/aarch64_history.o
                                          0xb (size before relaxing)
 .rodata.putchar.str1.1
                0x00000000400a4969        0x0 obj/aarch64_putchar.o
                                          0x3 (size before relaxing)
 .rodata.sort_cmd.str1.1
                0x00000000400a4969        0x0 obj/aarch64_shell_commands.o
                                         0x9a (size before relaxing)
 .rodata.help_cmd.str1.1
                0x00000000400a4969        0x0 obj/aarch64_shell_commands.o
                                         0x2a (size before relaxing)
 .rodata.draw_cmd_handler.str1.1
                0x00000000400a4969        0x0 obj/aarch64_shell_commands.o
                                         0xb9 (size before relaxing)
 .rodata.drive_cmd.str1.1
                0x00000000400a4969        0x0 obj/aarch64_shell_commands.o
                                         0x64 (size before relaxing)
 .rodata.log_cmd.str1.1
                0x00000000400a4969        0x0 obj/aarch64_shell_commands.o
                                         0x43 (size before relaxing)
 .rodata.validate_cmd.str1.1
                0x00000000400a4969        0x0 obj/aarch64_shell_commands.o
                                        0x31d (size before relaxing)
 .rodata.init_cmd.str1.1
                0x00000000400a4969        0x0 obj/aarch64_shell_commands.o
                                         0x8e (size before relaxing)
 .rodata.random_cmd.str1.1
                0x00000000400a4969        0x0 obj/aarch64_shell_commands.o
                                        0x119 (size before relaxing)
 .rodata.history_cmd.str1.1
                0x00000000400a4969        0x0 obj/aarch64_shell_commands.o
                                         0x90 (size before relaxing)
 .rodata.search_recursive.str1.1
                0x00000000400a4969        0x0 obj/aarch64_shell_commands.o
                                         0x34 (size before relaxing)
 .rodata.search_cmd.str1.1
                0x00000000400a4969        0x0 obj/aarch64_shell_commands.o
                                        0x361 (size before relaxing)
 .rodata.echo.str1.1
                0x00000000400a4969        0x0 obj/aarch64_shell_commands.o
                                          0x4 (size before relaxing)
 .rodata.joke_spam.str1.1
                0x00000000400a4969        0x0 obj/aarch64_shell_commands.o
                                          0xb (size before relaxing)
 .rodata.ver.str1.1
                0x00000000400a4969        0x0 obj/aarch64_shell_commands.o
                                         0x20 (size before relaxing)
 .rodata.e1000_cmd.str1.1
                0x00000000400a4969        0x0 obj/aarch64_shell_commands.o
                                        0xb9b (size before relaxing)
 .rodata.calc.str1.1
                0x00000000400a4969        0x0 obj/aarch64_shell_commands.o
                                         0x54 (size before relaxing)
 .rodata.lsata.str1.1
                0x00000000400a4969        0x0 obj/aarch64_shell_commands.o
                                        0x1a0 (size before relaxing)
 .rodata.size.str1.1
                0x00000000400a4969        0x0 obj/aarch64_shell_commands.o
                                         0x6e (size before relaxing)
 .rodata.str1.1
                0x00000000400a4969        0x0 obj/aarch64_shell_commands.o
                                        0xe85 (size before relaxing)
 .rodata.resolve_path.str1.1
                0x00000000400a4969        0x0 obj/aarch64_fs_commands.o
                                          0x7 (size before relaxing)
 .rodata.cd.str1.1
                0x00000000400a4969        0x0 obj/aarch64_fs_commands.o
                                         0x34 (size before relaxing)
 .rodata.read_cmd.str1.1
                0x00000000400a4969        0x0 obj/aarch64_fs_commands.o
                                         0x3a (size before relaxing)
 .rodata.cat_cmd.str1.1
                0x00000000400a4969        0x0 obj/aarch64_fs_commands.o
                                         0x19 (size before relaxing)
 .rodata.del.str1.1
                0x00000000400a4969        0x0 obj/aarch64_fs_commands.o
                                         0xa4 (size before relaxing)
 .rodata.fatfix_cmd.str1.1
                0x00000000400a4969        0x0 obj/aarch64_fs_commands.o
                                         0x77 (size before relaxing)
 .rodata.makedir.str1.1
                0x00000000400a4969        0x0 obj/aarch64_fs_commands.o
                                         0x9c (size before relaxing)
 .rodata.deldir.str1.1
                0x00000000400a4969        0x0 obj/aarch64_fs_commands.o
                                         0x9d (size before relaxing)
 .rodata.copy_cmd.str1.1
                0x00000000400a4969        0x0 obj/aarch64_fs_commands.o
                                        0x1b1 (size before relaxing)
 .rodata.move_cmd.str1.1
                0x00000000400a4969        0x0 obj/aarch64_fs_commands.o
                                         0xae (size before relaxing)
 .rodata.ls.str1.1
                0x00000000400a4969        0x0 obj/aarch64_fs_commands.o
                                         0xc2 (size before relaxing)
 .rodata.check_filesystem_integrity.str1.1
                0x00000000400a4969        0x0 obj/aarch64_fs_commands.o
                                        0x17e (size before relaxing)
 .rodata.fscheck.str1.1
                0x00000000400a4969        0x0 obj/aarch64_fs_commands.o
                                         0xa7 (size before relaxing)
 .rodata.str1.1
                0x00000000400a4969        0x0 obj/aarch64_fs_commands.o
                                        0x3ea (size before relaxing)
 .rodata.write_output_to_file.str1.1
                0x00000000400a4969        0x0 obj/aarch64_fs_io_helpers.o
                                          0x1 (size before relaxing)
 .rodata.uart_pl011_write_hex64.str1.1
                0x00000000400a4969        0x0 obj/aarch64_uart_pl011.o
                                         0x11 (size before relaxing)
 *fill*         0x00000000400a4969        0x3 
 .rodata.map_keycode
                0x00000000400a496c       0xdc obj/aarch64_virtio_input.o
 .rodata.virtio_input_getkey_nonblock
                0x00000000400a4a48        0xa obj/aarch64_virtio_input.o
 .rodata.virtio_input_init.str1.1
                0x00000000400a4a52        0x0 obj/aarch64_virtio_input.o
                                         0xb4 (size before relaxing)
 .rodata.ata_init_drives.str1.1
                0x00000000400a4a52        0x0 obj/aarch64_ata_virtio.o
                                          0xb (size before relaxing)
 .rodata.fdt_parse_memory.str1.1
                0x00000000400a4a52        0x0 obj/aarch64_fdt.o
                                         0x32 (size before relaxing)
 .rodata.fdt_parse_gicv2.str1.1
                0x00000000400a4a52        0x0 obj/aarch64_fdt.o
                                         0x57 (size before relaxing)
 .rodata.fdt_parse_armv8_timer_virtual_irq.str1.1
                0x00000000400a4a52        0x0 obj/aarch64_fdt.o
                                         0x2f (size before relaxing)
 .rodata.fdt_parse_cpus_mpidr.str1.1
                0x00000000400a4a52        0x0 obj/aarch64_fdt.o
                                         0x13 (size before relaxing)
 .rodata.fdt_parse_psci_method.str1.1
                0x00000000400a4a52        0x0 obj/aarch64_fdt.o
                                         0x21 (size before relaxing)
 .rodata.fdt_parse_simple_framebuffer.str1.1
                0x00000000400a4a52        0x0 obj/aarch64_fdt.o
                                         0x2e (size before relaxing)
 .rodata.fdt_parse_virtio_mmio.str1.1
                0x00000000400a4a52        0x0 obj/aarch64_fdt.o
                                          0xc (size before relaxing)
 .rodata.fdt_parse_qemu_fw_cfg_mmio.str1.1
                0x00000000400a4a52        0x0 obj/aarch64_fdt.o
                                         0x11 (size before relaxing)
 .rodata.aarch64_sync_dispatch.str1.1
                0x00000000400a4a52        0x0 obj/aarch64_exception.o
                                         0x4d (size before relaxing)
 .rodata.append_hex64.str1.1
                0x00000000400a4a52        0x0 obj/aarch64_smp.o
                                         0x11 (size before relaxing)
 .rodata.aarch64_smp_boot.str1.1
                0x00000000400a4a52        0x0 obj/aarch64_smp.o
                                         0xa4 (size before relaxing)
 .rodata.aarch64_secondary_entry.str1.1
                0x00000000400a4a52        0x0 obj/aarch64_smp.o
                                          0xe (size before relaxing)
 .rodata.fb_simple_init.str1.1
                0x00000000400a4a52        0x0 obj/aarch64_fb_simple.o
                                          0xa (size before relaxing)
 .rodata.g_font8x8
                0x00000000400a4a52      0x809 obj/aarch64_fb_simple.o
 .rodata.str1.1
                0x00000000400a525b        0x0 obj/aarch64_gfx_backend_fb_simple.o
                                          0xa (size before relaxing)
 *fill*         0x00000000400a525b        0x5 
 .rodata.g_gfx_backend_fb_simple
                0x00000000400a5260       0x68 obj/aarch64_gfx_backend_fb_simple.o
                0x00000000400a5260                g_gfx_backend_fb_simple
 .rodata.out_u64_hex.str1.1
                0x00000000400a52c8        0x0 obj/aarch64_printf.o
                                         0x22 (size before relaxing)
 .rodata.vsnprintf.str1.1
                0x00000000400a52c8        0x0 obj/aarch64_printf.o
                                          0x7 (size before relaxing)
 .rodata.validate_file_path.str1.1
                0x00000000400a52c8        0x0 obj/aarch64_string.o
                                          0x8 (size before relaxing)
 .rodata.shell_log_warn.str1.1
                0x00000000400a52c8        0x0 obj/aarch64_shell_log.o
                                          0xf (size before relaxing)
 .rodata.shell_log_flush.str1.1
                0x00000000400a52c8        0x0 obj/aarch64_shell_log.o
                                         0x69 (size before relaxing)
 .rodata.split_command.str1.1
                0x00000000400a52c8        0x0 obj/aarch64_pipeline.o
                                          0x5 (size before relaxing)
 .rodata.parse_redirections.str1.1
                0x00000000400a52c8        0x0 obj/aarch64_pipeline.o
                                          0xc (size before relaxing)
 .rodata.parse_command.str1.1
                0x00000000400a52c8        0x0 obj/aarch64_pipeline.o
                                          0x2 (size before relaxing)
 .rodata.parse_pipeline.str1.1
                0x00000000400a52c8        0x0 obj/aarch64_pipeline.o
                                          0x2 (size before relaxing)
 .rodata.read_file_for_input_redirection.str1.1
                0x00000000400a52c8        0x0 obj/aarch64_pipeline.o
                                         0x6a (size before relaxing)
 .rodata.execute_simple_command.part.0.str1.1
                0x00000000400a52c8        0x0 obj/aarch64_pipeline.o
                                         0x73 (size before relaxing)
 .rodata.execute_complex_pipeline.str1.1
                0x00000000400a52c8        0x0 obj/aarch64_pipeline.o
                                         0x11 (size before relaxing)
 .rodata.execute_background_command.str1.1
                0x00000000400a52c8        0x0 obj/aarch64_pipeline.o
                                         0x4b (size before relaxing)
 .rodata.shell_unavailable_cmd.str1.1
                0x00000000400a52c8        0x0 obj/aarch64_shell_caps.o
                                         0x5c (size before relaxing)
 .rodata.drawPixel.str1.1
                0x00000000400a52c8        0x0 obj/aarch64_vga.o
                                          0xa (size before relaxing)
 .rodata.aarch64_multiboot_compat_init_from_fb.str1.1
                0x00000000400a52c8        0x0 obj/aarch64_multiboot_compat.o
                                          0xa (size before relaxing)
 .rodata.vterm_get_cwd.str1.1
                0x00000000400a52c8        0x0 obj/aarch64_terminals.o
                                          0x2 (size before relaxing)
 .rodata.vterm_print_prompt.str1.1
                0x00000000400a52c8        0x0 obj/aarch64_terminals.o
                                          0x8 (size before relaxing)
 .rodata.vterm_get_line.str1.1
                0x00000000400a52c8        0x0 obj/aarch64_terminals.o
                                          0x1 (size before relaxing)
 .rodata.vterm_handle_key.str1.1
                0x00000000400a52c8        0x0 obj/aarch64_terminals.o
                                          0x6 (size before relaxing)
 .rodata.load_icon_for_ext_mode.str1.1
                0x00000000400a52c8        0x0 obj/aarch64_tiling_manager.o
                                         0x17 (size before relaxing)
 .rodata.tile_close.part.0.str1.1
                0x00000000400a52c8        0x0 obj/aarch64_tiling_manager.o
                                          0x1 (size before relaxing)
 .rodata.load_cursor_variant_try_paths.constprop.0.str1.1
                0x00000000400a52c8        0x0 obj/aarch64_tiling_manager.o
                                          0x5 (size before relaxing)
 .rodata.maybe_update_icon_mode.constprop.0.str1.1
                0x00000000400a52c8        0x0 obj/aarch64_tiling_manager.o
                                          0xc (size before relaxing)
 .rodata.draw_tile_status_overlay.str1.1
                0x00000000400a52c8        0x0 obj/aarch64_tiling_manager.o
                                         0x46 (size before relaxing)
 .rodata.draw_tile_content.part.0.str1.1
                0x00000000400a52c8        0x0 obj/aarch64_tiling_manager.o
                                          0xa (size before relaxing)
 .rodata.tile_unregister_gui_client.str1.1
                0x00000000400a52c8        0x0 obj/aarch64_tiling_manager.o
                                          0xd (size before relaxing)
 .rodata.tile_pump_input_once.str1.1
                0x00000000400a52c8        0x0 obj/aarch64_tiling_manager.o
                                         0x1b (size before relaxing)
 .rodata.start_tiling_manager.str1.1
                0x00000000400a52c8        0x0 obj/aarch64_tiling_manager.o
                                        0x11c (size before relaxing)
 .rodata.str1.1
                0x00000000400a52c8        0x0 obj/aarch64_tiling_manager.o
                                        0x59a (size before relaxing)
 *fill*         0x00000000400a52c8        0x8 
 .rodata.opts_all.2
                0x00000000400a52d0       0x18 obj/aarch64_tiling_manager.o
 *fill*         0x00000000400a52e8        0x8 
 .rodata.paths.3
                0x00000000400a52f0       0x18 obj/aarch64_tiling_manager.o
 *fill*         0x00000000400a5308        0x8 
 .rodata.paths.4
                0x00000000400a5310       0x20 obj/aarch64_tiling_manager.o
 .rodata.patterns8.15
                0x00000000400a5330       0x28 obj/aarch64_tiling_manager.o
 *fill*         0x00000000400a5358        0x8 
 .rodata.patterns16.16
                0x00000000400a5360       0x28 obj/aarch64_tiling_manager.o
 *fill*         0x00000000400a5388        0x8 
 .rodata.paths8.17
                0x00000000400a5390       0x38 obj/aarch64_tiling_manager.o
 *fill*         0x00000000400a53c8        0x8 
 .rodata.paths16.18
                0x00000000400a53d0       0x28 obj/aarch64_tiling_manager.o
 *fill*         0x00000000400a53f8        0x8 
 .rodata.paths8.19
                0x00000000400a5400       0x38 obj/aarch64_tiling_manager.o
 *fill*         0x00000000400a5438        0x8 
 .rodata.paths16.20
                0x00000000400a5440       0x28 obj/aarch64_tiling_manager.o
 *fill*         0x00000000400a5468        0x8 
 .rodata.paths8.21
                0x00000000400a5470       0x28 obj/aarch64_tiling_manager.o
 *fill*         0x00000000400a5498        0x8 
 .rodata.paths16.22
                0x00000000400a54a0       0x18 obj/aarch64_tiling_manager.o
 *fill*         0x00000000400a54b8        0x8 
 .rodata.paths8.23
                0x00000000400a54c0       0x38 obj/aarch64_tiling_manager.o
 *fill*         0x00000000400a54f8        0x8 
 .rodata.paths16.24
                0x00000000400a5500       0x28 obj/aarch64_tiling_manager.o
 *fill*         0x00000000400a5528        0x8 
 .rodata.paths8.25
                0x00000000400a5530       0x38 obj/aarch64_tiling_manager.o
 *fill*         0x00000000400a5568        0x8 
 .rodata.paths16.26
                0x00000000400a5570       0x28 obj/aarch64_tiling_manager.o
 *fill*         0x00000000400a5598        0x8 
 .rodata.paths8.27
                0x00000000400a55a0       0x28 obj/aarch64_tiling_manager.o
 *fill*         0x00000000400a55c8        0x8 
 .rodata.paths16.28
                0x00000000400a55d0       0x18 obj/aarch64_tiling_manager.o
 .rodata.ui_prefs_load_apply.str1.1
                0x00000000400a55e8        0x0 obj/aarch64_ui_prefs.o
                                         0x5d (size before relaxing)
 .rodata.ui_prefs_save.str1.1
                0x00000000400a55e8        0x0 obj/aarch64_ui_prefs.o
                                         0x91 (size before relaxing)
 .rodata.str1.1
                0x00000000400a55e8        0x0 obj/aarch64_tiling_cmd.o
                                         0x2c (size before relaxing)
 .rodata.font_list_cb.str1.1
                0x00000000400a55e8        0x0 obj/aarch64_theme_cmd.o
                                          0xa (size before relaxing)
 .rodata.theme_gui_draw.str1.1
                0x00000000400a55e8        0x0 obj/aarch64_theme_cmd.o
                                         0x80 (size before relaxing)
 .rodata.theme_gui_apply_font.constprop.0.str1.1
                0x00000000400a55e8        0x0 obj/aarch64_theme_cmd.o
                                         0x83 (size before relaxing)
 .rodata.theme_cmd.str1.1
                0x00000000400a55e8        0x0 obj/aarch64_theme_cmd.o
                                          0x7 (size before relaxing)
 .rodata.theme_gui_key.str1.1
                0x00000000400a55e8        0x0 obj/aarch64_theme_cmd.o
                                         0x1b (size before relaxing)
 .rodata.str1.1
                0x00000000400a55e8        0x0 obj/aarch64_theme_cmd.o
                                         0x49 (size before relaxing)
 .rodata        0x00000000400a55e8       0x40 obj/aarch64_theme_cmd.o
 .rodata.draw_gui_mouse.str1.1
                0x00000000400a5628        0x0 obj/aarch64_draw_gui.o
                                         0x19 (size before relaxing)
 .rodata.draw_gui_draw.str1.1
                0x00000000400a5628        0x0 obj/aarch64_draw_gui.o
                                         0x49 (size before relaxing)
 .rodata.draw_cmd.str1.1
                0x00000000400a5628        0x0 obj/aarch64_draw_gui.o
                                         0x21 (size before relaxing)
 .rodata.str1.1
                0x00000000400a5628        0x0 obj/aarch64_draw_gui.o
                                         0x50 (size before relaxing)
 .rodata        0x00000000400a5628       0x18 obj/aarch64_draw_gui.o
 .rodata.reiv_eynfs_read_exact.str1.1
                0x00000000400a5640        0x0 obj/aarch64_image_viewer_gui.o
                                          0x8 (size before relaxing)
 .rodata.viewer_gui_key.str1.1
                0x00000000400a5640        0x0 obj/aarch64_image_viewer_gui.o
                                         0x22 (size before relaxing)
 .rodata.reiv_decode_packbits.constprop.0.str1.1
                0x00000000400a5640        0x0 obj/aarch64_image_viewer_gui.o
                                          0xc (size before relaxing)
 .rodata.load_reiv_stream.str1.1
                0x00000000400a5640        0x0 obj/aarch64_image_viewer_gui.o
                                         0xed (size before relaxing)
 .rodata.view_cmd.str1.1
                0x00000000400a5640        0x0 obj/aarch64_image_viewer_gui.o
                                         0x97 (size before relaxing)
 .rodata.viewer_gui_draw.str1.1
                0x00000000400a5640        0x0 obj/aarch64_image_viewer_gui.o
                                         0xbf (size before relaxing)
 .rodata.vieww_cmd.str1.1
                0x00000000400a5640        0x0 obj/aarch64_image_viewer_gui.o
                                         0x1b (size before relaxing)
 .rodata.str1.1
                0x00000000400a5640        0x0 obj/aarch64_image_viewer_gui.o
                                         0xa2 (size before relaxing)
 .rodata.stats_cmd.str1.1
                0x00000000400a5640        0x0 obj/aarch64_stats_gui.o
                                         0x13 (size before relaxing)
 .rodata.format_size_smart.constprop.0.str1.1
                0x00000000400a5640        0x0 obj/aarch64_stats_gui.o
                                         0x12 (size before relaxing)
 .rodata.format_pct_str.constprop.0.str1.1
                0x00000000400a5640        0x0 obj/aarch64_stats_gui.o
                                          0x5 (size before relaxing)
 .rodata.format_pct_plain_str.constprop.0.str1.1
                0x00000000400a5640        0x0 obj/aarch64_stats_gui.o
                                          0x3 (size before relaxing)
 .rodata.stats_gui_draw.str1.1
                0x00000000400a5640        0x0 obj/aarch64_stats_gui.o
                                         0x58 (size before relaxing)
 .rodata.str1.1
                0x00000000400a5640        0x0 obj/aarch64_stats_gui.o
                                         0x54 (size before relaxing)
 .rodata.win_test_cmd.str1.1
                0x00000000400a5640        0x0 obj/aarch64_window_test.o
                                          0xc (size before relaxing)
 .rodata.str1.1
                0x00000000400a5640        0x0 obj/aarch64_window_test.o
                                         0x47 (size before relaxing)
 .rodata.alias_load_if_needed.str1.1
                0x00000000400a5640        0x0 obj/aarch64_alias.o
                                         0x14 (size before relaxing)
 .rodata.eynfs_cache_get_block.str1.1
                0x00000000400a5640        0x0 obj/aarch64_eynfs.o
                                         0x2f (size before relaxing)
 .rodata.eynfs_count_dir_entries.str1.1
                0x00000000400a5640        0x0 obj/aarch64_eynfs.o
                                         0x43 (size before relaxing)
 .rodata.eynfs_traverse_path.str1.1
                0x00000000400a5640        0x0 obj/aarch64_eynfs.o
                                          0x2 (size before relaxing)
 .rodata.eynfs_write_file.str1.1
                0x00000000400a5640        0x0 obj/aarch64_eynfs.o
                                        0x12f (size before relaxing)
 .rodata.vfs_split_path.constprop.0.str1.1
                0x00000000400a5640        0x0 obj/aarch64_vfs.o
                                          0x2 (size before relaxing)
 .rodata.vfs_listdir.str1.1
                0x00000000400a5640        0x0 obj/aarch64_vfs.o
                                          0x2 (size before relaxing)
 .rodata.hal_kbd_read_key_nonblock
                0x00000000400a5640       0x18 obj/aarch64_hal_keyboard.o
 .rodata.cmd_gfxdemo.str1.1
                0x00000000400a5658        0x0 obj/aarch64_gfx_cmd.o
                                         0x92 (size before relaxing)
 .rodata.str1.1
                0x00000000400a5658        0x0 obj/aarch64_gfx_cmd.o
                                         0x28 (size before relaxing)
                0x00000000400a5658                . = ALIGN (0x8)
                0x00000000400a5658                __start_shellcmds = .
 *(.shellcmds)
 .shellcmds     0x00000000400a5658      0x660 obj/aarch64_shell_commands.o
                0x00000000400a5658                shell_cmd_info_userrun_cmd_info
                0x00000000400a5688                shell_cmd_info_ring3_cmd_info
                0x00000000400a56b8                shell_cmd_info_pf_cmd_info
                0x00000000400a56e8                shell_cmd_info_pagingguards_cmd_info
                0x00000000400a5718                shell_cmd_info_serialtest_cmd_info
                0x00000000400a5748                shell_cmd_info_assertfail_cmd_info
                0x00000000400a5778                shell_cmd_info_panic_cmd_info
                0x00000000400a57a8                shell_cmd_info_netcfg_cmd_info
                0x00000000400a57d8                shell_cmd_info_netstat_cmd_info
                0x00000000400a5808                shell_cmd_info_ping_cmd_info
                0x00000000400a5838                shell_cmd_info_e1000_cmd_info
                0x00000000400a5868                shell_cmd_info_e1000probe_cmd_info
                0x00000000400a5898                shell_cmd_info_pciscan_cmd_info
                0x00000000400a58c8                shell_cmd_info_init
                0x00000000400a58f8                shell_cmd_info_portable
                0x00000000400a5928                shell_cmd_info_validate
                0x00000000400a5958                shell_cmd_info_error
                0x00000000400a5988                shell_cmd_info_search
                0x00000000400a59b8                shell_cmd_info_sort
                0x00000000400a59e8                shell_cmd_info_random
                0x00000000400a5a18                shell_cmd_info_lsram
                0x00000000400a5a48                shell_cmd_info_catram
                0x00000000400a5a78                shell_cmd_info_clear
                0x00000000400a5aa8                shell_cmd_info_exit
                0x00000000400a5ad8                shell_cmd_info_lsata
                0x00000000400a5b08                shell_cmd_info_log
                0x00000000400a5b38                shell_cmd_info_memory
                0x00000000400a5b68                shell_cmd_info_drive
                0x00000000400a5b98                shell_cmd_info_rect
                0x00000000400a5bc8                shell_cmd_info_spam
                0x00000000400a5bf8                shell_cmd_info_calc
                0x00000000400a5c28                shell_cmd_info_ver
                0x00000000400a5c58                shell_cmd_info_echo
                0x00000000400a5c88                shell_cmd_info_help
 .shellcmds     0x00000000400a5cb8      0x240 obj/aarch64_fs_commands.o
                0x00000000400a5cb8                shell_cmd_info_fatfix_cmd
                0x00000000400a5ce8                shell_cmd_info_move_cmd
                0x00000000400a5d18                shell_cmd_info_copy_cmd
                0x00000000400a5d48                shell_cmd_info_fscheck
                0x00000000400a5d78                shell_cmd_info_deldir