
Merging program properties


Discarded input sections

 .text          0x0000000000000000        0x0 obj/aarch64_start.o
 .data          0x0000000000000000        0x0 obj/aarch64_start.o
 .bss           0x0000000000000000        0x0 obj/aarch64_start.o
 .text          0x0000000000000000        0x0 obj/aarch64_kernel.o
 .data          0x0000000000000000        0x0 obj/aarch64_kernel.o
 .bss           0x0000000000000000        0x0 obj/aarch64_kernel.o
 .eh_frame      0x0000000000000000       0x60 obj/aarch64_kernel.o
 .text          0x0000000000000000        0x0 obj/aarch64_uart_pl011.o
 .data          0x0000000000000000        0x0 obj/aarch64_uart_pl011.o
 .bss           0x0000000000000000        0x0 obj/aarch64_uart_pl011.o
 .text.uart_pl011_putc
                0x0000000000000000       0x34 obj/aarch64_uart_pl011.o
 .text.uart_pl011_getc_nonblock
                0x0000000000000000       0x38 obj/aarch64_uart_pl011.o
 .eh_frame      0x0000000000000000       0xd0 obj/aarch64_uart_pl011.o
 .text          0x0000000000000000        0x0 obj/aarch64_arch.o
 .data          0x0000000000000000        0x0 obj/aarch64_arch.o
 .bss           0x0000000000000000        0x0 obj/aarch64_arch.o
 .text.arch_irq_save
                0x0000000000000000        0xc obj/aarch64_arch.o
 .text.arch_irq_restore
                0x0000000000000000        0x8 obj/aarch64_arch.o
 .text.arch_halt
                0x0000000000000000        0x8 obj/aarch64_arch.o
 .text.arch_relax
                0x0000000000000000        0x8 obj/aarch64_arch.o
 .text.arch_halt_forever
                0x0000000000000000        0xc obj/aarch64_arch.o
 .eh_frame      0x0000000000000000       0xa0 obj/aarch64_arch.o
 .text          0x0000000000000000        0x0 obj/aarch64_fdt.o
 .data          0x0000000000000000        0x0 obj/aarch64_fdt.o
 .bss           0x0000000000000000        0x0 obj/aarch64_fdt.o
 .rodata.fdt_parse_virtio_mmio.str1.1
                0x0000000000000000        0xc obj/aarch64_fdt.o
 .text.fdt_parse_virtio_mmio
                0x0000000000000000      0x2f0 obj/aarch64_fdt.o
 .eh_frame      0x0000000000000000      0x268 obj/aarch64_fdt.o
 .data          0x0000000000000000        0x0 obj/aarch64_vectors.o
 .bss           0x0000000000000000        0x0 obj/aarch64_vectors.o
 .text          0x0000000000000000        0x0 obj/aarch64_gicv2.o
 .data          0x0000000000000000        0x0 obj/aarch64_gicv2.o
 .bss           0x0000000000000000        0x0 obj/aarch64_gicv2.o
 .text.gicv2_init
                0x0000000000000000       0x28 obj/aarch64_gicv2.o
 .text.gicv2_disable_irq
                0x0000000000000000       0x24 obj/aarch64_gicv2.o
 .eh_frame      0x0000000000000000       0xb0 obj/aarch64_gicv2.o
 .text          0x0000000000000000        0x0 obj/aarch64_timer.o
 .data          0x0000000000000000        0x0 obj/aarch64_timer.o
 .bss           0x0000000000000000        0x0 obj/aarch64_timer.o
 .text.aarch64_timer_get_freq_hz
                0x0000000000000000        0x8 obj/aarch64_timer.o
 .text.aarch64_timer_get_tick_hz
                0x0000000000000000       0x18 obj/aarch64_timer.o
 .eh_frame      0x0000000000000000       0x68 obj/aarch64_timer.o
 .text          0x0000000000000000        0x0 obj/aarch64_irq.o
 .data          0x0000000000000000        0x0 obj/aarch64_irq.o
 .bss           0x0000000000000000        0x0 obj/aarch64_irq.o
 .text.aarch64_irq_register_handler
                0x0000000000000000       0x34 obj/aarch64_irq.o
 .text.aarch64_irq_enable_id
                0x0000000000000000       0x10 obj/aarch64_irq.o
 .text.aarch64_irq_disable_id
                0x0000000000000000       0x10 obj/aarch64_irq.o
 .text.aarch64_irq_set_tick_handler
                0x0000000000000000       0x14 obj/aarch64_irq.o
 .eh_frame      0x0000000000000000       0xe0 obj/aarch64_irq.o
 .text          0x0000000000000000        0x0 obj/aarch64_timer_tick.o
 .data          0x0000000000000000        0x0 obj/aarch64_timer_tick.o
 .bss           0x0000000000000000        0x0 obj/aarch64_timer_tick.o
 .eh_frame      0x0000000000000000       0x28 obj/aarch64_timer_tick.o
 .text          0x0000000000000000        0x0 obj/aarch64_exception.o
 .data          0x0000000000000000        0x0 obj/aarch64_exception.o
 .bss           0x0000000000000000        0x0 obj/aarch64_exception.o
 .eh_frame      0x0000000000000000       0x38 obj/aarch64_exception.o
 .text          0x0000000000000000        0x0 obj/aarch64_psci.o
 .data          0x0000000000000000        0x0 obj/aarch64_psci.o
 .bss           0x0000000000000000        0x0 obj/aarch64_psci.o
 .text.psci_system_off
                0x0000000000000000       0x28 obj/aarch64_psci.o
 .text.psci_system_reset
                0x0000000000000000       0x28 obj/aarch64_psci.o
 .eh_frame      0x0000000000000000       0x90 obj/aarch64_psci.o
 .text          0x0000000000000000        0x0 obj/aarch64_smp.o
 .data          0x0000000000000000        0x0 obj/aarch64_smp.o
 .bss           0x0000000000000000        0x0 obj/aarch64_smp.o
 .eh_frame      0x0000000000000000       0xa0 obj/aarch64_smp.o
 .text          0x0000000000000000        0x0 obj/aarch64_fb_simple.o
 .data          0x0000000000000000        0x0 obj/aarch64_fb_simple.o
 .bss           0x0000000000000000        0x0 obj/aarch64_fb_simple.o
 .text.fb_color
                0x0000000000000000       0x34 obj/aarch64_fb_simple.o
 .text.fb_simple_clear
                0x0000000000000000       0x14 obj/aarch64_fb_simple.o
 .text.fb_simple_set_rgb
                0x0000000000000000       0x2c obj/aarch64_fb_simple.o
 .text.fb_simple_set_bg_rgb
                0x0000000000000000       0x2c obj/aarch64_fb_simple.o
 .text.fb_simple_clear_rgb
                0x0000000000000000       0x70 obj/aarch64_fb_simple.o
 .text.fb_simple_draw_pixel
                0x0000000000000000       0x78 obj/aarch64_fb_simple.o
 .text.fb_simple_fill_rect
                0x0000000000000000       0xb4 obj/aarch64_fb_simple.o
 .text.fb_simple_flush
                0x0000000000000000       0x2c obj/aarch64_fb_simple.o
 .eh_frame      0x0000000000000000      0x298 obj/aarch64_fb_simple.o
 .text          0x0000000000000000        0x0 obj/aarch64_gfx.o
 .data          0x0000000000000000        0x0 obj/aarch64_gfx.o
 .bss           0x0000000000000000        0x0 obj/aarch64_gfx.o
 .text.gfx_set_backend
                0x0000000000000000        0xc obj/aarch64_gfx.o
 .text.gfx_get_backend
                0x0000000000000000        0xc obj/aarch64_gfx.o
 .text.gfx_init_default
                0x0000000000000000       0x1c obj/aarch64_gfx.o
 .text.gfx_b    0x0000000000000000       0x2c obj/aarch64_gfx.o
 .text.gfx_ready
                0x0000000000000000       0x30 obj/aarch64_gfx.o
 .text.gfx_putc
                0x0000000000000000       0x34 obj/aarch64_gfx.o
 .text.gfx_write
                0x0000000000000000       0x6c obj/aarch64_gfx.o
 .text.gfx_write_len
                0x0000000000000000       0x64 obj/aarch64_gfx.o
 .text.gfx_set_rgb
                0x0000000000000000       0x44 obj/aarch64_gfx.o
 .text.gfx_set_bg_rgb
                0x0000000000000000       0x44 obj/aarch64_gfx.o
 .text.gfx_clear
                0x0000000000000000       0x2c obj/aarch64_gfx.o
 .text.gfx_clear_rgb
                0x0000000000000000       0x44 obj/aarch64_gfx.o
 .text.gfx_draw_pixel
                0x0000000000000000       0x44 obj/aarch64_gfx.o
 .text.gfx_fill_rect
                0x0000000000000000       0x44 obj/aarch64_gfx.o
 .text.gfx_flush
                0x0000000000000000       0x2c obj/aarch64_gfx.o
 .text.gfx_screen_width
                0x0000000000000000       0x30 obj/aarch64_gfx.o
 .text.gfx_screen_height
                0x0000000000000000       0x30 obj/aarch64_gfx.o
 .bss.g_backend
                0x0000000000000000        0x8 obj/aarch64_gfx.o
 .comment       0x0000000000000000       0x23 obj/aarch64_gfx.o
 .note.GNU-stack
                0x0000000000000000        0x0 obj/aarch64_gfx.o
 .eh_frame      0x0000000000000000      0x298 obj/aarch64_gfx.o
 .text          0x0000000000000000        0x0 obj/aarch64_gfx_backend_fb_simple.o
 .data          0x0000000000000000        0x0 obj/aarch64_gfx_backend_fb_simple.o
 .bss           0x0000000000000000        0x0 obj/aarch64_gfx_backend_fb_simple.o
 .text.fb_screen_h_impl
                0x0000000000000000       0x3c obj/aarch64_gfx_backend_fb_simple.o
 .text.fb_screen_w_impl
                0x0000000000000000       0x3c obj/aarch64_gfx_backend_fb_simple.o
 .text.fb_flush_impl
                0x0000000000000000        0x4 obj/aarch64_gfx_backend_fb_simple.o
 .text.fb_draw_pixel_impl
                0x0000000000000000       0x10 obj/aarch64_gfx_backend_fb_simple.o
 .text.fb_clear_rgb_impl
                0x0000000000000000        0x4 obj/aarch64_gfx_backend_fb_simple.o
 .text.fb_clear_impl
                0x0000000000000000        0x4 obj/aarch64_gfx_backend_fb_simple.o
 .text.fb_set_bg_rgb_impl
                0x0000000000000000        0x4 obj/aarch64_gfx_backend_fb_simple.o
 .text.fb_set_rgb_impl
                0x0000000000000000        0x4 obj/aarch64_gfx_backend_fb_simple.o
 .text.fb_write_impl
                0x0000000000000000        0x4 obj/aarch64_gfx_backend_fb_simple.o
 .text.fb_putc_impl
                0x0000000000000000        0x4 obj/aarch64_gfx_backend_fb_simple.o
 .text.fb_ready_impl
                0x0000000000000000        0x4 obj/aarch64_gfx_backend_fb_simple.o
 .text.fb_fill_rect_impl
                0x0000000000000000       0x1c obj/aarch64_gfx_backend_fb_simple.o
 .rodata.str1.1
                0x0000000000000000        0xa obj/aarch64_gfx_backend_fb_simple.o
 .rodata.g_gfx_backend_fb_simple
                0x0000000000000000       0x68 obj/aarch64_gfx_backend_fb_simple.o
 .comment       0x0000000000000000       0x23 obj/aarch64_gfx_backend_fb_simple.o
 .note.GNU-stack
                0x0000000000000000        0x0 obj/aarch64_gfx_backend_fb_simple.o
 .eh_frame      0x0000000000000000      0x120 obj/aarch64_gfx_backend_fb_simple.o
 .text          0x0000000000000000        0x0 obj/aarch64_printf.o
 .data          0x0000000000000000        0x0 obj/aarch64_printf.o
 .bss           0x0000000000000000        0x0 obj/aarch64_printf.o
 .text.out_pad  0x0000000000000000       0x34 obj/aarch64_printf.o
 .text.out_u64_dec
                0x0000000000000000       0x60 obj/aarch64_printf.o
 .rodata.out_u64_hex.str1.1
                0x0000000000000000       0x22 obj/aarch64_printf.o
 .text.out_u64_hex
                0x0000000000000000       0x90 obj/aarch64_printf.o
 .rodata.vsnprintf.str1.1
                0x0000000000000000        0x7 obj/aarch64_printf.o
 .text.vsnprintf
                0x0000000000000000      0x41c obj/aarch64_printf.o
 .text.snprintf
                0x0000000000000000       0x64 obj/aarch64_printf.o
 .text.printf   0x0000000000000000      0x15c obj/aarch64_printf.o
 .comment       0x0000000000000000       0x23 obj/aarch64_printf.o
 .note.GNU-stack
                0x0000000000000000        0x0 obj/aarch64_printf.o
 .eh_frame      0x0000000000000000       0xd8 obj/aarch64_printf.o
 .text          0x0000000000000000        0x0 obj/aarch64_string.o
 .data          0x0000000000000000        0x0 obj/aarch64_string.o
 .bss           0x0000000000000000        0x0 obj/aarch64_string.o
 .text.memcpy   0x0000000000000000       0x2c obj/aarch64_string.o
 .text.memset   0x0000000000000000       0x24 obj/aarch64_string.o
 .text.memmove  0x0000000000000000       0x54 obj/aarch64_string.o
 .text.memcmp   0x0000000000000000       0x40 obj/aarch64_string.o
 .text.strlen   0x0000000000000000       0x20 obj/aarch64_string.o
 .text.strlength
                0x0000000000000000       0x30 obj/aarch64_string.o
 .text.strcpy   0x0000000000000000       0x24 obj/aarch64_string.o
 .text.strncpy  0x0000000000000000       0x44 obj/aarch64_string.o
 .text.strcat   0x0000000000000000       0x38 obj/aarch64_string.o
 .text.strncat  0x0000000000000000       0x48 obj/aarch64_string.o
 .text.strcmp   0x0000000000000000       0x38 obj/aarch64_string.o
 .text.strncmp  0x0000000000000000       0x44 obj/aarch64_string.o
 .text.strchr   0x0000000000000000       0x2c obj/aarch64_string.o
 .text.strrchr  0x0000000000000000       0x30 obj/aarch64_string.o
 .text.strstr   0x0000000000000000       0x74 obj/aarch64_string.o
 .text.strspn   0x0000000000000000       0x44 obj/aarch64_string.o
 .text.strpbrk  0x0000000000000000       0x3c obj/aarch64_string.o
 .text.strtok_r
                0x0000000000000000       0xa8 obj/aarch64_string.o
 .text.atoi     0x0000000000000000       0x8c obj/aarch64_string.o
 .text.int_to_string
                0x0000000000000000       0xbc obj/aarch64_string.o
 .text.str_to_int
                0x0000000000000000       0x10 obj/aarch64_string.o
 .text.str_to_uint
                0x0000000000000000       0x38 obj/aarch64_string.o
 .text.cmdEql   0x0000000000000000       0x30 obj/aarch64_string.o
 .text.strEql   0x0000000000000000        0x4 obj/aarch64_string.o
 .text.parse_redirection
                0x0000000000000000       0xa4 obj/aarch64_string.o
 .rodata.validate_file_path.str1.1
                0x0000000000000000        0x8 obj/aarch64_string.o
 .text.validate_file_path
                0x0000000000000000       0x98 obj/aarch64_string.o
 .text.get_input_validation_errors
                0x0000000000000000        0x8 obj/aarch64_string.o
 .text.safe_strcpy
                0x0000000000000000       0x40 obj/aarch64_string.o
 .bss.buffer.0  0x0000000000000000       0x20 obj/aarch64_string.o
 .comment       0x0000000000000000       0x23 obj/aarch64_string.o
 .note.GNU-stack
                0x0000000000000000        0x0 obj/aarch64_string.o
 .eh_frame      0x0000000000000000      0x298 obj/aarch64_string.o
 .text          0x0000000000000000        0x0 obj/aarch64_shell_log_stub.o
 .data          0x0000000000000000        0x0 obj/aarch64_shell_log_stub.o
 .bss           0x0000000000000000        0x0 obj/aarch64_shell_log_stub.o
 .text.shell_log_enable
                0x0000000000000000       0x10 obj/aarch64_shell_log_stub.o
 .text.shell_log_disable
                0x0000000000000000        0xc obj/aarch64_shell_log_stub.o
 .text.init_dynamic_log_buffer
                0x0000000000000000        0x4 obj/aarch64_shell_log_stub.o
 .text.shell_log_append
                0x0000000000000000        0x4 obj/aarch64_shell_log_stub.o
 .text.shell_log_flush
                0x0000000000000000        0x4 obj/aarch64_shell_log_stub.o
 .bss.shell_log_active
                0x0000000000000000        0x4 obj/aarch64_shell_log_stub.o
 .bss.shell_log_current_line_start
                0x0000000000000000        0x4 obj/aarch64_shell_log_stub.o
 .bss.shell_log_line_starts
                0x0000000000000000      0xfa4 obj/aarch64_shell_log_stub.o
 .bss.shell_log_line_count
                0x0000000000000000        0x4 obj/aarch64_shell_log_stub.o
 .bss.shell_log_pos
                0x0000000000000000        0x4 obj/aarch64_shell_log_stub.o
 .bss.shell_log_buf_size
                0x0000000000000000        0x4 obj/aarch64_shell_log_stub.o
 .bss.shell_log_buf
                0x0000000000000000        0x8 obj/aarch64_shell_log_stub.o
 .comment       0x0000000000000000       0x23 obj/aarch64_shell_log_stub.o
 .note.GNU-stack
                0x0000000000000000        0x0 obj/aarch64_shell_log_stub.o
 .eh_frame      0x0000000000000000       0x78 obj/aarch64_shell_log_stub.o
 .text          0x0000000000000000        0x0 obj/aarch64_heap.o
 .data          0x0000000000000000        0x0 obj/aarch64_heap.o
 .bss           0x0000000000000000        0x0 obj/aarch64_heap.o
 .text.heap_init_default
                0x0000000000000000       0x48 obj/aarch64_heap.o
 .text.aarch64_heap_init
                0x0000000000000000       0x7c obj/aarch64_heap.o
 .text.malloc   0x0000000000000000      0x134 obj/aarch64_heap.o
 .text.free     0x0000000000000000       0x80 obj/aarch64_heap.o
 .text.calloc   0x0000000000000000       0x5c obj/aarch64_heap.o
 .text.realloc  0x0000000000000000       0x94 obj/aarch64_heap.o
 .bss.g_heap_ready
                0x0000000000000000        0x4 obj/aarch64_heap.o
 .bss.g_heap_first
                0x0000000000000000        0x8 obj/aarch64_heap.o
 .comment       0x0000000000000000       0x23 obj/aarch64_heap.o
 .note.GNU-stack
                0x0000000000000000        0x0 obj/aarch64_heap.o
 .eh_frame      0x0000000000000000       0xc8 obj/aarch64_heap.o
 .text          0x0000000000000000        0x0 obj/aarch64_hal_console.o
 .data          0x0000000000000000        0x0 obj/aarch64_hal_console.o
 .bss           0x0000000000000000        0x0 obj/aarch64_hal_console.o
 .text.hal_console_putc
                0x0000000000000000       0x84 obj/aarch64_hal_console.o
 .text.hal_console_write
                0x0000000000000000       0x38 obj/aarch64_hal_console.o
 .text.hal_console_write_len
                0x0000000000000000       0x4c obj/aarch64_hal_console.o
 .text.hal_console_set_rgb
                0x0000000000000000        0x4 obj/aarch64_hal_console.o
 .comment       0x0000000000000000       0x23 obj/aarch64_hal_console.o
 .note.GNU-stack
                0x0000000000000000        0x0 obj/aarch64_hal_console.o
 .eh_frame      0x0000000000000000       0xb8 obj/aarch64_hal_console.o
 .text          0x0000000000000000        0x0 obj/aarch64_hal_time.o
 .data          0x0000000000000000        0x0 obj/aarch64_hal_time.o
 .bss           0x0000000000000000        0x0 obj/aarch64_hal_time.o
 .text.hal_time_ticks
                0x0000000000000000       0x10 obj/aarch64_hal_time.o
 .text.hal_time_tick_hz
                0x0000000000000000        0x4 obj/aarch64_hal_time.o
 .text.hal_sleep_us
                0x0000000000000000       0x74 obj/aarch64_hal_time.o
 .text.hal_time_register_tick_handler
                0x0000000000000000       0x18 obj/aarch64_hal_time.o
 .comment       0x0000000000000000       0x23 obj/aarch64_hal_time.o
 .note.GNU-stack
                0x0000000000000000        0x0 obj/aarch64_hal_time.o
 .eh_frame      0x0000000000000000       0x88 obj/aarch64_hal_time.o
 .text          0x0000000000000000        0x0 obj/aarch64_hal_irq.o
 .data          0x0000000000000000        0x0 obj/aarch64_hal_irq.o
 .bss           0x0000000000000000        0x0 obj/aarch64_hal_irq.o
 .text.hal_irq_register
                0x0000000000000000        0x4 obj/aarch64_hal_irq.o
 .text.hal_irq_enable
                0x0000000000000000        0x4 obj/aarch64_hal_irq.o
 .text.hal_irq_disable
                0x0000000000000000        0x4 obj/aarch64_hal_irq.o
 .comment       0x0000000000000000       0x23 obj/aarch64_hal_irq.o
 .note.GNU-stack
                0x0000000000000000        0x0 obj/aarch64_hal_irq.o
 .eh_frame      0x0000000000000000       0x50 obj/aarch64_hal_irq.o
 .text          0x0000000000000000        0x0 obj/aarch64_shell_state.o
 .data          0x0000000000000000        0x0 obj/aarch64_shell_state.o
 .bss           0x0000000000000000        0x0 obj/aarch64_shell_state.o
 .data.shell_current_path
                0x0000000000000000       0x80 obj/aarch64_shell_state.o
 .bss.g_current_drive
                0x0000000000000000        0x1 obj/aarch64_shell_state.o
 .comment       0x0000000000000000       0x23 obj/aarch64_shell_state.o
 .note.GNU-stack
                0x0000000000000000        0x0 obj/aarch64_shell_state.o
 .text          0x0000000000000000        0x0 obj/aarch64_util_globals.o
 .data          0x0000000000000000        0x0 obj/aarch64_util_globals.o
 .bss           0x0000000000000000        0x0 obj/aarch64_util_globals.o
 .bss.g_user_stack_page
                0x0000000000000000        0x4 obj/aarch64_util_globals.o
 .bss.g_user_code_pages
                0x0000000000000000        0x4 obj/aarch64_util_globals.o
 .bss.g_user_code_base
                0x0000000000000000        0x4 obj/aarch64_util_globals.o
 .bss.g_user_task_ui_dirty
                0x0000000000000000        0x4 obj/aarch64_util_globals.o
 .data.g_user_task_term
                0x0000000000000000        0x4 obj/aarch64_util_globals.o
 .bss.g_abort_to_shell
                0x0000000000000000        0x4 obj/aarch64_util_globals.o
 .bss.g_user_task_active
                0x0000000000000000        0x4 obj/aarch64_util_globals.o
 .bss.g_user_interrupt
                0x0000000000000000        0x4 obj/aarch64_util_globals.o
 .comment       0x0000000000000000       0x23 obj/aarch64_util_globals.o
 .note.GNU-stack
                0x0000000000000000        0x0 obj/aarch64_util_globals.o
 .note.gnu.property
                0x0000000000000000        0x0 obj/aarch64_virt_dtb.o

Memory Configuration

Name             Origin             Length             Attributes
*default*        0x0000000000000000 0xffffffffffffffff

Linker script and memory map

                0x0000000040080000                . = 0x40080000
                0x0000000040080000                __kernel_start = .

.text           0x0000000040080000     0x3720
 *(.text._start)
 .text._start   0x0000000040080000       0x90 obj/aarch64_start.o
                0x0000000040080000                _start
                0x0000000040080050                aarch64_secondary_start
 *(.text .text.*)
 .text.fb_write_hex64
                0x0000000040080090       0x58 obj/aarch64_kernel.o
 .text.kernel_main
                0x00000000400800e8      0x3a0 obj/aarch64_kernel.o
                0x00000000400800e8                kernel_main
 .text.uart_tx_lock
                0x0000000040080488       0x28 obj/aarch64_uart_pl011.o
 .text.uart_pl011_putc_unlocked
                0x00000000400804b0       0x28 obj/aarch64_uart_pl011.o
 .text.uart_pl011_init_115200
                0x00000000400804d8       0x40 obj/aarch64_uart_pl011.o
                0x00000000400804d8                uart_pl011_init_115200
 .text.uart_pl011_write
                0x0000000040080518       0x58 obj/aarch64_uart_pl011.o
                0x0000000040080518                uart_pl011_write
 .text.uart_pl011_write_hex64
                0x0000000040080570       0x64 obj/aarch64_uart_pl011.o
                0x0000000040080570                uart_pl011_write_hex64
 .text.arch_disable_interrupts
                0x00000000400805d4        0x8 obj/aarch64_arch.o
                0x00000000400805d4                arch_disable_interrupts
 .text.arch_enable_interrupts
                0x00000000400805dc        0x8 obj/aarch64_arch.o
                0x00000000400805dc                arch_enable_interrupts
 .text.streq    0x00000000400805e4       0x3c obj/aarch64_fdt.o
 .text.mem_has_exact_str
                0x0000000040080620       0x98 obj/aarch64_fdt.o
 .text.read_cells_as_u64
                0x00000000400806b8       0x38 obj/aarch64_fdt.o
 .text.fdt_parse_memory
                0x00000000400806f0      0x2b4 obj/aarch64_fdt.o
                0x00000000400806f0                fdt_parse_memory
 .text.fdt_parse_gicv2
                0x00000000400809a4      0x310 obj/aarch64_fdt.o
                0x00000000400809a4                fdt_parse_gicv2
 .text.fdt_parse_armv8_timer_virtual_irq
                0x0000000040080cb4      0x250 obj/aarch64_fdt.o
                0x0000000040080cb4                fdt_parse_armv8_timer_virtual_irq
 .text.fdt_parse_cpus_mpidr
                0x0000000040080f04      0x3c4 obj/aarch64_fdt.o
                0x0000000040080f04                fdt_parse_cpus_mpidr
 .text.fdt_parse_psci_method
                0x00000000400812c8      0x288 obj/aarch64_fdt.o
                0x00000000400812c8                fdt_parse_psci_method
 .text.fdt_parse_simple_framebuffer
                0x0000000040081550      0x3f0 obj/aarch64_fdt.o
                0x0000000040081550                fdt_parse_simple_framebuffer
 .text.fdt_parse_qemu_fw_cfg_mmio
                0x0000000040081940      0x2f8 obj/aarch64_fdt.o
                0x0000000040081940                fdt_parse_qemu_fw_cfg_mmio
 .text          0x0000000040081c38       0x60 obj/aarch64_vectors.o
 *fill*         0x0000000040081c98      0x368 
 .text.vectors  0x0000000040082000      0x800 obj/aarch64_vectors.o
                0x0000000040082000                aarch64_vectors
 .text.gicv2_dist_init
                0x0000000040082800       0x14 obj/aarch64_gicv2.o
                0x0000000040082800                gicv2_dist_init
 .text.gicv2_cpu_init
                0x0000000040082814       0x1c obj/aarch64_gicv2.o
                0x0000000040082814                gicv2_cpu_init
 .text.gicv2_enable_irq
                0x0000000040082830       0x24 obj/aarch64_gicv2.o
                0x0000000040082830                gicv2_enable_irq
 .text.gicv2_ack_irq
                0x0000000040082854        0xc obj/aarch64_gicv2.o
                0x0000000040082854                gicv2_ack_irq
 .text.gicv2_eoi_irq
                0x0000000040082860        0xc obj/aarch64_gicv2.o
                0x0000000040082860                gicv2_eoi_irq
 .text.aarch64_timer_init_tick_hz
                0x000000004008286c       0x44 obj/aarch64_timer.o
                0x000000004008286c                aarch64_timer_init_tick_hz
 .text.aarch64_timer_rearm
                0x00000000400828b0       0x34 obj/aarch64_timer.o
                0x00000000400828b0                aarch64_timer_rearm
 .text.aarch64_irq_cpu_init
                0x00000000400828e4       0x38 obj/aarch64_irq.o
                0x00000000400828e4                aarch64_irq_cpu_init
 .text.aarch64_irq_init
                0x000000004008291c       0x64 obj/aarch64_irq.o
                0x000000004008291c                aarch64_irq_init
 .text.aarch64_irq_dispatch
                0x0000000040082980       0xe0 obj/aarch64_irq.o
                0x0000000040082980                aarch64_irq_dispatch
 .text.aarch64_timer_on_tick
                0x0000000040082a60        0x4 obj/aarch64_timer_tick.o
                0x0000000040082a60                aarch64_timer_on_tick
 .text.aarch64_sync_dispatch
                0x0000000040082a64       0xc0 obj/aarch64_exception.o
                0x0000000040082a64                aarch64_sync_dispatch
 .text.smc_call
                0x0000000040082b24       0x1c obj/aarch64_psci.o
 .text.psci_set_conduit
                0x0000000040082b40       0x14 obj/aarch64_psci.o
                0x0000000040082b40                psci_set_conduit
 .text.psci_cpu_on
                0x0000000040082b54       0x28 obj/aarch64_psci.o
                0x0000000040082b54                psci_cpu_on
 .text.append_str
                0x0000000040082b7c       0x20 obj/aarch64_smp.o
 .text.append_hex64
                0x0000000040082b9c       0x50 obj/aarch64_smp.o
 .text.aarch64_cpu_id
                0x0000000040082bec        0xc obj/aarch64_smp.o
                0x0000000040082bec                aarch64_cpu_id
 .text.aarch64_smp_boot
                0x0000000040082bf8      0x18c obj/aarch64_smp.o
                0x0000000040082bf8                aarch64_smp_boot
 .text.aarch64_secondary_entry
                0x0000000040082d84       0x74 obj/aarch64_smp.o
                0x0000000040082d84                aarch64_secondary_entry
 .text.bswap32  0x0000000040082df8        0x8 obj/aarch64_fb_simple.o
 .text.fw_cfg_read_u32_be
                0x0000000040082e00       0x2c obj/aarch64_fb_simple.o
 .text.fb_put_pixel
                0x0000000040082e2c       0x50 obj/aarch64_fb_simple.o
 .text.fb_fill_rect
                0x0000000040082e7c       0x74 obj/aarch64_fb_simple.o
 .text.aarch64_dcache_clean_poc_range.part.0
                0x0000000040082ef0       0x44 obj/aarch64_fb_simple.o
 .text.fb_flush_rect
                0x0000000040082f34       0xc0 obj/aarch64_fb_simple.o
 .text.fb_draw_glyph
                0x0000000040082ff4       0x84 obj/aarch64_fb_simple.o
 .text.fb_clear_screen
                0x0000000040083078       0x68 obj/aarch64_fb_simple.o
 .text.fb_newline
                0x00000000400830e0       0x34 obj/aarch64_fb_simple.o
 .text.fb_simple_init
                0x0000000040083114      0x440 obj/aarch64_fb_simple.o
                0x0000000040083114                fb_simple_init
 .text.fb_simple_ready
                0x0000000040083554       0x14 obj/aarch64_fb_simple.o
                0x0000000040083554                fb_simple_ready
 .text.fb_simple_putc
                0x0000000040083568       0xfc obj/aarch64_fb_simple.o
                0x0000000040083568                fb_simple_putc
 .text.fb_simple_write
                0x0000000040083664       0x38 obj/aarch64_fb_simple.o
                0x0000000040083664                fb_simple_write
 .text.fb_simple_get_info
                0x000000004008369c       0x78 obj/aarch64_fb_simple.o
                0x000000004008369c                fb_simple_get_info
 .text.fb_simple_last_error
                0x0000000040083714        0xc obj/aarch64_fb_simple.o
                0x0000000040083714                fb_simple_last_error

.iplt           0x0000000040083720        0x0
 .iplt          0x0000000040083720        0x0 obj/aarch64_start.o

.rodata         0x0000000040083720      0xb10
 *(.rodata .rodata.*)
 .rodata.fb_write_hex64.str1.1
                0x0000000040083720      0x305 obj/aarch64_kernel.o
                                         0x14 (size before relaxing)
 .rodata.kernel_main.str1.1
                0x0000000040083a25        0x0 obj/aarch64_kernel.o
                                         0xe3 (size before relaxing)
 .rodata.uart_pl011_write_hex64.str1.1
                0x0000000040083a25        0x0 obj/aarch64_uart_pl011.o
                                         0x11 (size before relaxing)
 .rodata.fdt_parse_memory.str1.1
                0x0000000040083a25        0x0 obj/aarch64_fdt.o
                                         0x32 (size before relaxing)
 .rodata.fdt_parse_gicv2.str1.1
                0x0000000040083a25        0x0 obj/aarch64_fdt.o
                                         0x57 (size before relaxing)
 .rodata.fdt_parse_armv8_timer_virtual_irq.str1.1
                0x0000000040083a25        0x0 obj/aarch64_fdt.o
                                         0x2f (size before relaxing)
 .rodata.fdt_parse_cpus_mpidr.str1.1
                0x0000000040083a25        0x0 obj/aarch64_fdt.o
                                         0x13 (size before relaxing)
 .rodata.fdt_parse_psci_method.str1.1
                0x0000000040083a25        0x0 obj/aarch64_fdt.o
                                         0x21 (size before relaxing)
 .rodata.fdt_parse_simple_framebuffer.str1.1
                0x0000000040083a25        0x0 obj/aarch64_fdt.o
                                         0x2e (size before relaxing)
 .rodata.fdt_parse_qemu_fw_cfg_mmio.str1.1
                0x0000000040083a25        0x0 obj/aarch64_fdt.o
                                         0x11 (size before relaxing)
 .rodata.aarch64_sync_dispatch.str1.1
                0x0000000040083a25        0x0 obj/aarch64_exception.o
                                         0x4d (size before relaxing)
 .rodata.append_hex64.str1.1
                0x0000000040083a25        0x0 obj/aarch64_smp.o
                                         0x11 (size before relaxing)
 .rodata.aarch64_smp_boot.str1.1
                0x0000000040083a25        0x0 obj/aarch64_smp.o
                                         0xa4 (size before relaxing)
 .rodata.aarch64_secondary_entry.str1.1
                0x0000000040083a25        0x0 obj/aarch64_smp.o
                                          0xe (size before relaxing)
 .rodata.fb_simple_init.str1.1
                0x0000000040083a25        0x0 obj/aarch64_fb_simple.o
                                          0xa (size before relaxing)
 .rodata.g_font8x8
                0x0000000040083a25      0x809 obj/aarch64_fb_simple.o
                0x0000000040084230                . = ALIGN (0x8)
 *fill*         0x000000004008422e        0x2 
                0x0000000040084230                __start_shellcmds = .
 *(.shellcmds)
                0x0000000040084230                __stop_shellcmds = .

.rela.dyn       0x0000000040084230        0x0
 .rela.iplt     0x0000000040084230        0x0 obj/aarch64_start.o
 .rela.text._start
                0x0000000040084230        0x0 obj/aarch64_start.o

.data           0x0000000040084230   0x100008
 *(.data .data.*)
 .data.g_fb_bpp
                0x0000000040084230        0x4 obj/aarch64_fb_simple.o
 .data.g_fb_fmt
                0x0000000040084234        0x4 obj/aarch64_fb_simple.o
 .data          0x0000000040084238   0x100000 obj/aarch64_virt_dtb.o
                0x0000000040084238                _binary_virt_dtb_start
                0x0000000040184238                _binary_virt_dtb_end

.igot.plt       0x0000000040184238        0x0
 .igot.plt      0x0000000040184238        0x0 obj/aarch64_start.o

.bss            0x0000000040184240     0x80b0
                0x0000000040184240                __bss_start = .
 *(.bss .bss.*)
 .bss.g_uart_tx_lock
                0x0000000040184240        0x4 obj/aarch64_uart_pl011.o
 .bss.g_tick_hz
                0x0000000040184244        0x4 obj/aarch64_timer.o
 .bss.g_cntv_interval
                0x0000000040184248        0x4 obj/aarch64_timer.o
 *fill*         0x000000004018424c        0x4 
 .bss.g_tick_user
                0x0000000040184250        0x8 obj/aarch64_irq.o
 .bss.g_tick_handler
                0x0000000040184258        0x8 obj/aarch64_irq.o
 .bss.g_irq_users
                0x0000000040184260     0x2000 obj/aarch64_irq.o
 .bss.g_irq_handlers
                0x0000000040186260     0x2000 obj/aarch64_irq.o
 .bss.g_timer_irq_id
                0x0000000040188260        0x4 obj/aarch64_irq.o
 *fill*         0x0000000040188264        0x4 
 .bss.g_gic     0x0000000040188268       0x10 obj/aarch64_irq.o
 .bss.g_aarch64_ticks
                0x0000000040188278        0x4 obj/aarch64_irq.o
                0x0000000040188278                g_aarch64_ticks
 .bss.g_psci_use_hvc
                0x000000004018827c        0x4 obj/aarch64_psci.o
 .bss.aarch64_cpu_ticks
                0x0000000040188280       0x10 obj/aarch64_smp.o
                0x0000000040188280                aarch64_cpu_ticks
 .bss.aarch64_cpu_online
                0x0000000040188290       0x10 obj/aarch64_smp.o
                0x0000000040188290                aarch64_cpu_online
 .bss.aarch64_cpu_stacks
                0x00000000401882a0     0x4000 obj/aarch64_smp.o
                0x00000000401882a0                aarch64_cpu_stacks
 .bss.g_fb_last_error
                0x000000004018c2a0        0x4 obj/aarch64_fb_simple.o
 .bss.g_bg_color
                0x000000004018c2a4        0x4 obj/aarch64_fb_simple.o
 .bss.g_fg_color
                0x000000004018c2a8        0x4 obj/aarch64_fb_simple.o
 .bss.g_cursor_y
                0x000000004018c2ac        0x4 obj/aarch64_fb_simple.o
 .bss.g_cursor_x
                0x000000004018c2b0        0x4 obj/aarch64_fb_simple.o
 *fill*         0x000000004018c2b4        0x4 
 .bss.g_fb_format
                0x000000004018c2b8       0x20 obj/aarch64_fb_simple.o
 .bss.g_fb_stride
                0x000000004018c2d8        0x4 obj/aarch64_fb_simple.o
 .bss.g_fb_height
                0x000000004018c2dc        0x4 obj/aarch64_fb_simple.o
 .bss.g_fb_width
                0x000000004018c2e0        0x4 obj/aarch64_fb_simple.o
 *fill*         0x000000004018c2e4        0x4 
 .bss.g_fb_base
                0x000000004018c2e8        0x8 obj/aarch64_fb_simple.o
 *(COMMON)
                0x000000004018c2f0                __bss_end = .

.ramfb          0x000000004018c2f0   0x1d4c00
 *(.ramfb)
 .ramfb         0x000000004018c2f0   0x1d4c00 obj/aarch64_fb_simple.o
                0x0000000040360ef0                . = ALIGN (0x10)
                0x0000000040360ef0                __stack_bottom = .
                0x0000000040370ef0                . = (. + 0x10000)
                0x0000000040370ef0                __stack_top = .
                0x0000000040370ef0                __kernel_end = .
LOAD obj/aarch64_start.o
LOAD obj/aarch64_kernel.o
LOAD obj/aarch64_uart_pl011.o
LOAD obj/aarch64_arch.o
LOAD obj/aarch64_fdt.o
LOAD obj/aarch64_vectors.o
LOAD obj/aarch64_gicv2.o
LOAD obj/aarch64_timer.o
LOAD obj/aarch64_irq.o
LOAD obj/aarch64_timer_tick.o
LOAD obj/aarch64_exception.o
LOAD obj/aarch64_psci.o
LOAD obj/aarch64_smp.o
LOAD obj/aarch64_fb_simple.o
LOAD obj/aarch64_gfx.o
LOAD obj/aarch64_gfx_backend_fb_simple.o
LOAD obj/aarch64_printf.o
LOAD obj/aarch64_string.o
LOAD obj/aarch64_shell_log_stub.o
LOAD obj/aarch64_heap.o
LOAD obj/aarch64_hal_console.o
LOAD obj/aarch64_hal_time.o
LOAD obj/aarch64_hal_irq.o
LOAD obj/aarch64_shell_state.o
LOAD obj/aarch64_util_globals.o
LOAD obj/aarch64_virt_dtb.o
OUTPUT(tmp_aarch64_user/boot/kernel8.elf elf64-littleaarch64)
LOAD linker stubs

.comment        0x0000000000000000       0x22
 .comment       0x0000000000000000       0x22 obj/aarch64_kernel.o
                                         0x23 (size before relaxing)
 .comment       0x0000000000000022        0x0 obj/aarch64_uart_pl011.o
                                         0x23 (size before relaxing)
 .comment       0x0000000000000022        0x0 obj/aarch64_arch.o
                                         0x23 (size before relaxing)
 .comment       0x0000000000000022        0x0 obj/aarch64_fdt.o
                                         0x23 (size before relaxing)
 .comment       0x0000000000000022        0x0 obj/aarch64_gicv2.o
                                         0x23 (size before relaxing)
 .comment       0x0000000000000022        0x0 obj/aarch64_timer.o
                                         0x23 (size before relaxing)
 .comment       0x0000000000000022        0x0 obj/aarch64_irq.o
                                         0x23 (size before relaxing)
 .comment       0x0000000000000022        0x0 obj/aarch64_timer_tick.o
                                         0x23 (size before relaxing)
 .comment       0x0000000000000022        0x0 obj/aarch64_exception.o
                                         0x23 (size before relaxing)
 .comment       0x0000000000000022        0x0 obj/aarch64_psci.o
                                         0x23 (size before relaxing)
 .comment       0x0000000000000022        0x0 obj/aarch64_smp.o
                                         0x23 (size before relaxing)
 .comment       0x0000000000000022        0x0 obj/aarch64_fb_simple.o
                                         0x23 (size before relaxing)

.note.GNU-stack
                0x0000000000000000        0x0
 .note.GNU-stack
                0x0000000000000000        0x0 obj/aarch64_kernel.o
 .note.GNU-stack
                0x0000000000000000        0x0 obj/aarch64_uart_pl011.o
 .note.GNU-stack
                0x0000000000000000        0x0 obj/aarch64_arch.o
 .note.GNU-stack
                0x0000000000000000        0x0 obj/aarch64_fdt.o
 .note.GNU-stack
                0x0000000000000000        0x0 obj/aarch64_gicv2.o
 .note.GNU-stack
                0x0000000000000000        0x0 obj/aarch64_timer.o
 .note.GNU-stack
                0x0000000000000000        0x0 obj/aarch64_irq.o
 .note.GNU-stack
                0x0000000000000000        0x0 obj/aarch64_timer_tick.o
 .note.GNU-stack
                0x0000000000000000        0x0 obj/aarch64_exception.o
 .note.GNU-stack
                0x0000000000000000        0x0 obj/aarch64_psci.o
 .note.GNU-stack
                0x0000000000000000        0x0 obj/aarch64_smp.o
 .note.GNU-stack
                0x0000000000000000        0x0 obj/aarch64_fb_simple.o
