
Merging program properties

Removed property 0xc0000000 to merge obj/aarch64_kernel_full.o (0x7) and obj/aarch64_start.o (not found)
Removed property 0xc0000000 to merge obj/aarch64_kernel_full.o (not found) and obj/aarch64_shell_meminfo.o (0x7)
Removed property 0xc0000000 to merge obj/aarch64_kernel_full.o (not found) and obj/aarch64_shell.o (0x7)
Removed property 0xc0000000 to merge obj/aarch64_kernel_full.o (not found) and obj/aarch64_history.o (0x7)
Removed property 0xc0000000 to merge obj/aarch64_kernel_full.o (not found) and obj/aarch64_putchar.o (0x7)
Removed property 0xc0000000 to merge obj/aarch64_kernel_full.o (not found) and obj/aarch64_cmd_registry_portable.o (0x7)
Removed property 0xc0000000 to merge obj/aarch64_kernel_full.o (not found) and obj/aarch64_shell_commands.o (0x7)
Removed property 0xc0000000 to merge obj/aarch64_kernel_full.o (not found) and obj/aarch64_fs_commands.o (0x7)
Removed property 0xc0000000 to merge obj/aarch64_kernel_full.o (not found) and obj/aarch64_fs_io_helpers.o (0x7)
Removed property 0xc0000000 to merge obj/aarch64_kernel_full.o (not found) and obj/aarch64_uart_pl011.o (0x7)
Removed property 0xc0000000 to merge obj/aarch64_kernel_full.o (not found) and obj/aarch64_virtio_input.o (0x7)
Removed property 0xc0000000 to merge obj/aarch64_kernel_full.o (not found) and obj/aarch64_virtio_blk.o (0x7)
Removed property 0xc0000000 to merge obj/aarch64_kernel_full.o (not found) and obj/aarch64_ata_virtio.o (0x7)
Removed property 0xc0000000 to merge obj/aarch64_kernel_full.o (not found) and obj/aarch64_arch.o (0x7)
Removed property 0xc0000000 to merge obj/aarch64_kernel_full.o (not found) and obj/aarch64_fdt.o (0x7)
Removed property 0xc0000000 to merge obj/aarch64_kernel_full.o (not found) and obj/aarch64_gicv2.o (0x7)
Removed property 0xc0000000 to merge obj/aarch64_kernel_full.o (not found) and obj/aarch64_timer.o (0x7)
Removed property 0xc0000000 to merge obj/aarch64_kernel_full.o (not found) and obj/aarch64_irq.o (0x7)
Removed property 0xc0000000 to merge obj/aarch64_kernel_full.o (not found) and obj/aarch64_timer_tick.o (0x7)
Removed property 0xc0000000 to merge obj/aarch64_kernel_full.o (not found) and obj/aarch64_exception.o (0x7)
Removed property 0xc0000000 to merge obj/aarch64_kernel_full.o (not found) and obj/aarch64_psci.o (0x7)
Removed property 0xc0000000 to merge obj/aarch64_kernel_full.o (not found) and obj/aarch64_smp.o (0x7)
Removed property 0xc0000000 to merge obj/aarch64_kernel_full.o (not found) and obj/aarch64_fb_simple.o (0x7)
Removed property 0xc0000000 to merge obj/aarch64_kernel_full.o (not found) and obj/aarch64_gfx.o (0x7)
Removed property 0xc0000000 to merge obj/aarch64_kernel_full.o (not found) and obj/aarch64_gfx_backend_fb_simple.o (0x7)
Removed property 0xc0000000 to merge obj/aarch64_kernel_full.o (not found) and obj/aarch64_printf.o (0x7)
Removed property 0xc0000000 to merge obj/aarch64_kernel_full.o (not found) and obj/aarch64_string.o (0x7)
Removed property 0xc0000000 to merge obj/aarch64_kernel_full.o (not found) and obj/aarch64_shell_log.o (0x7)
Removed property 0xc0000000 to merge obj/aarch64_kernel_full.o (not found) and obj/aarch64_heap.o (0x7)
Removed property 0xc0000000 to merge obj/aarch64_kernel_full.o (not found) and obj/aarch64_pipeline.o (0x7)
Removed property 0xc0000000 to merge obj/aarch64_kernel_full.o (not found) and obj/aarch64_vga_redirect.o (0x7)
Removed property 0xc0000000 to merge obj/aarch64_kernel_full.o (not found) and obj/aarch64_fs_stubs.o (0x7)
Removed property 0xc0000000 to merge obj/aarch64_kernel_full.o (not found) and obj/aarch64_alias.o (0x7)
Removed property 0xc0000000 to merge obj/aarch64_kernel_full.o (not found) and obj/aarch64_math.o (0x7)
Removed property 0xc0000000 to merge obj/aarch64_kernel_full.o (not found) and obj/aarch64_fat32.o (0x7)
Removed property 0xc0000000 to merge obj/aarch64_kernel_full.o (not found) and obj/aarch64_eynfs.o (0x7)
Removed property 0xc0000000 to merge obj/aarch64_kernel_full.o (not found) and obj/aarch64_vfs.o (0x7)
Removed property 0xc0000000 to merge obj/aarch64_kernel_full.o (not found) and obj/aarch64_hal_console.o (0x7)
Removed property 0xc0000000 to merge obj/aarch64_kernel_full.o (not found) and obj/aarch64_hal_keyboard.o (0x7)
Removed property 0xc0000000 to merge obj/aarch64_kernel_full.o (not found) and obj/aarch64_gfx_cmd.o (0x7)
Removed property 0xc0000000 to merge obj/aarch64_kernel_full.o (not found) and obj/aarch64_shell_state.o (0x7)
Removed property 0xc0000000 to merge obj/aarch64_kernel_full.o (not found) and obj/aarch64_util_globals.o (0x7)

Discarded input sections

 .text          0x0000000000000000        0x0 obj/aarch64_start.o
 .data          0x0000000000000000        0x0 obj/aarch64_start.o
 .bss           0x0000000000000000        0x0 obj/aarch64_start.o
 .text          0x0000000000000000        0x0 obj/aarch64_kernel_full.o
 .data          0x0000000000000000        0x0 obj/aarch64_kernel_full.o
[...]
Memory Configuration

Name             Origin             Length             Attributes
*default*        0x0000000000000000 0xffffffffffffffff

Linker script and memory map

                0x0000000040080000                . = 0x40080000
                0x0000000040080000                __kernel_start = .

.text           0x0000000040080000     0xf958
 *(.text._start)
 .text._start   0x0000000040080000       0x90 obj/aarch64_start.o
                0x0000000040080000                _start
                0x0000000040080050                aarch64_secondary_start
 *(.text .text.*)
 .text.fb_write_hex64
                0x0000000040080090       0x60 obj/aarch64_kernel_full.o
 .text.kernel_main
                0x00000000400800f0      0x3cc obj/aarch64_kernel_full.o
                0x00000000400800f0                kernel_main
 .text.aarch64_shell_set_meminfo
                0x00000000400804bc       0x18 obj/aarch64_shell_meminfo.o
                0x00000000400804bc                aarch64_shell_set_meminfo
 .text.ls_cmd   0x00000000400804d4        0x8 obj/aarch64_shell.o
                0x00000000400804d4                ls_cmd
 .text.clear_cmd
                0x00000000400804dc        0x8 obj/aarch64_shell.o
                0x00000000400804dc                clear_cmd
 .text.echo_cmd
                0x00000000400804e4        0x8 obj/aarch64_shell.o
                0x00000000400804e4                echo_cmd
 .text.ver_cmd  0x00000000400804ec        0x8 obj/aarch64_shell.o
                0x00000000400804ec                ver_cmd
 .text.calc_cmd
                0x00000000400804f4        0x8 obj/aarch64_shell.o
                0x00000000400804f4                calc_cmd
 .text.find_command
                0x00000000400804fc      0x29c obj/aarch64_shell.o
                0x00000000400804fc                find_command
 .text.handler_exit
                0x0000000040080798       0x2c obj/aarch64_shell.o
                0x0000000040080798                handler_exit
 .text.handle_shell_command
                0x00000000400807c4      0x188 obj/aarch64_shell.o
                0x00000000400807c4                handle_shell_command
 .text.launch_shell
                0x000000004008094c      0x1a4 obj/aarch64_shell.o
                0x000000004008094c                launch_shell
 .text.line_move_left
                0x0000000040080af0       0x44 obj/aarch64_history.o
 .text.line_set.constprop.0
                0x0000000040080b34       0xac obj/aarch64_history.o
 .text.add_to_history
                0x0000000040080be0       0xd0 obj/aarch64_history.o
                0x0000000040080be0                add_to_history
 .text.clear_history
                0x0000000040080cb0       0x2c obj/aarch64_history.o
                0x0000000040080cb0                clear_history
 .text.show_history
                0x0000000040080cdc       0x98 obj/aarch64_history.o
                0x0000000040080cdc                show_history
 .text.readStr_with_history
                0x0000000040080d74      0x3a0 obj/aarch64_history.o
                0x0000000040080d74                readStr_with_history
 .text.putchar  0x0000000040081114       0x14 obj/aarch64_putchar.o
                0x0000000040081114                putchar
 .text.random_cmd
                0x0000000040081128      0x374 obj/aarch64_shell_commands.o
                0x0000000040081128                random_cmd
 .text.history_cmd
                0x000000004008149c      0x124 obj/aarch64_shell_commands.o
                0x000000004008149c                history_cmd
 .text.sort_cmd
                0x00000000400815c0      0x268 obj/aarch64_shell_commands.o
                0x00000000400815c0                sort_cmd
 .text.search_recursive
                0x0000000040081828      0x254 obj/aarch64_shell_commands.o
                0x0000000040081828                search_recursive
 .text.search_cmd
                0x0000000040081a7c      0x68c obj/aarch64_shell_commands.o
                0x0000000040081a7c                search_cmd
 .text.echo     0x0000000040082108       0x70 obj/aarch64_shell_commands.o
                0x0000000040082108                echo
 .text.ver      0x0000000040082178       0x2c obj/aarch64_shell_commands.o
                0x0000000040082178                ver
 .text.help_cmd
                0x00000000400821a4       0x7c obj/aarch64_shell_commands.o
                0x00000000400821a4                help_cmd
 .text.calc     0x0000000040082220      0x14c obj/aarch64_shell_commands.o
                0x0000000040082220                calc
 .text.log_cmd  0x000000004008236c      0x118 obj/aarch64_shell_commands.o
                0x000000004008236c                log_cmd
 .text.hexdump_cmd
                0x0000000040082484      0x220 obj/aarch64_shell_commands.o
                0x0000000040082484                hexdump_cmd
 .text.ls_any_cb
                0x00000000400826a4       0x10 obj/aarch64_fs_commands.o
 .text.vfs_ls_collect_cb
                0x00000000400826b4       0xbc obj/aarch64_fs_commands.o
 .text.ls_print_spaces
                0x0000000040082770       0x40 obj/aarch64_fs_commands.o
 .text.resolve_path
                0x00000000400827b0      0x1f8 obj/aarch64_fs_commands.o
                0x00000000400827b0                resolve_path
 .text.cd       0x00000000400829a8      0x158 obj/aarch64_fs_commands.o
                0x00000000400829a8                cd
 .text.ls       0x0000000040082b00      0x684 obj/aarch64_fs_commands.o
                0x0000000040082b00                ls
 .text.read_cmd
                0x0000000040083184      0x194 obj/aarch64_fs_commands.o
                0x0000000040083184                read_cmd
 .text.cat_cmd  0x0000000040083318      0x194 obj/aarch64_fs_commands.o
                0x0000000040083318                cat_cmd
 .text.del      0x00000000400834ac      0x170 obj/aarch64_fs_commands.o
                0x00000000400834ac                del
 .text.write_output_to_file
                0x000000004008361c       0x80 obj/aarch64_fs_io_helpers.o
                0x000000004008361c                write_output_to_file
 .text.append_output_to_file
                0x000000004008369c      0x128 obj/aarch64_fs_io_helpers.o
                0x000000004008369c                append_output_to_file
 .text.uart_tx_lock
                0x00000000400837c4       0x28 obj/aarch64_uart_pl011.o
 .text.uart_pl011_putc_unlocked
                0x00000000400837ec       0x28 obj/aarch64_uart_pl011.o
 .text.uart_pl011_init_115200
                0x0000000040083814       0x44 obj/aarch64_uart_pl011.o
                0x0000000040083814                uart_pl011_init_115200
 .text.uart_pl011_putc
                0x0000000040083858       0x3c obj/aarch64_uart_pl011.o
                0x0000000040083858                uart_pl011_putc
 .text.uart_pl011_write
                0x0000000040083894       0x64 obj/aarch64_uart_pl011.o
                0x0000000040083894                uart_pl011_write
 .text.uart_pl011_write_hex64
                0x00000000400838f8       0x6c obj/aarch64_uart_pl011.o
                0x00000000400838f8                uart_pl011_write_hex64
 .text.uart_pl011_getc_nonblock
                0x0000000040083964       0x3c obj/aarch64_uart_pl011.o
                0x0000000040083964                uart_pl011_getc_nonblock
 .text.map_keycode
                0x00000000400839a0      0x420 obj/aarch64_virtio_input.o
 .text.virtio_mods_to_hal
                0x0000000040083dc0       0x54 obj/aarch64_virtio_input.o
 .text.aarch64_dcache_clean_invalidate_poc_range
                0x0000000040083e14       0x44 obj/aarch64_virtio_input.o
 .text.aarch64_dcache_clean_poc_range.part.0
                0x0000000040083e58       0x44 obj/aarch64_virtio_input.o
 .text.aarch64_dcache_clean_poc_range
                0x0000000040083e9c        0xc obj/aarch64_virtio_input.o
 .text.virtio_input_base
                0x0000000040083ea8       0x10 obj/aarch64_virtio_input.o
                0x0000000040083ea8                virtio_input_base
 .text.virtio_input_getkey_nonblock
                0x0000000040083eb8      0x3a0 obj/aarch64_virtio_input.o
                0x0000000040083eb8                virtio_input_getkey_nonblock
 .text.virtio_input_init
                0x0000000040084258      0x3dc obj/aarch64_virtio_input.o
                0x0000000040084258                virtio_input_init
 .text.aarch64_dcache_clean_invalidate_poc_range.part.0
                0x0000000040084634       0x44 obj/aarch64_virtio_blk.o
 .text.aarch64_dcache_clean_invalidate_poc_range
                0x0000000040084678        0xc obj/aarch64_virtio_blk.o
 .text.aarch64_dcache_clean_poc_range.part.0
                0x0000000040084684       0x44 obj/aarch64_virtio_blk.o
 .text.virtio_blk_submit
                0x00000000400846c8      0x1e4 obj/aarch64_virtio_blk.o
 .text.virtio_blk_init
                0x00000000400848ac      0x28c obj/aarch64_virtio_blk.o
                0x00000000400848ac                virtio_blk_init
 .text.virtio_blk_read_sector
                0x0000000040084b38       0x14 obj/aarch64_virtio_blk.o
                0x0000000040084b38                virtio_blk_read_sector
 .text.virtio_blk_write_sector
                0x0000000040084b4c       0x14 obj/aarch64_virtio_blk.o
                0x0000000040084b4c                virtio_blk_write_sector
 .text.ensure_ready
                0x0000000040084b60       0x28 obj/aarch64_ata_virtio.o
 .text.ata_init_drives
                0x0000000040084b88       0x8c obj/aarch64_ata_virtio.o
                0x0000000040084b88                ata_init_drives
 .text.ata_read_sector
                0x0000000040084c14       0x54 obj/aarch64_ata_virtio.o
                0x0000000040084c14                ata_read_sector
 .text.ata_write_sector
                0x0000000040084c68       0x54 obj/aarch64_ata_virtio.o
                0x0000000040084c68                ata_write_sector
 .text.ata_physical_to_logical
                0x0000000040084cbc        0x8 obj/aarch64_ata_virtio.o
                0x0000000040084cbc                ata_physical_to_logical
 .text.arch_disable_interrupts
                0x0000000040084cc4        0xc obj/aarch64_arch.o
                0x0000000040084cc4                arch_disable_interrupts
 .text.arch_enable_interrupts
                0x0000000040084cd0        0xc obj/aarch64_arch.o
                0x0000000040084cd0                arch_enable_interrupts
 .text.streq    0x0000000040084cdc       0x3c obj/aarch64_fdt.o
 .text.mem_has_exact_str
                0x0000000040084d18       0x98 obj/aarch64_fdt.o
 .text.read_cells_as_u64
                0x0000000040084db0       0x38 obj/aarch64_fdt.o
 .text.fdt_parse_memory
                0x0000000040084de8      0x2c0 obj/aarch64_fdt.o
                0x0000000040084de8                fdt_parse_memory
 .text.fdt_parse_gicv2
                0x00000000400850a8      0x31c obj/aarch64_fdt.o
                0x00000000400850a8                fdt_parse_gicv2
 .text.fdt_parse_armv8_timer_virtual_irq
                0x00000000400853c4      0x25c obj/aarch64_fdt.o
                0x00000000400853c4                fdt_parse_armv8_timer_virtual_irq
 .text.fdt_parse_cpus_mpidr
                0x0000000040085620      0x3d0 obj/aarch64_fdt.o
                0x0000000040085620                fdt_parse_cpus_mpidr
 .text.fdt_parse_psci_method
                0x00000000400859f0      0x294 obj/aarch64_fdt.o
                0x00000000400859f0                fdt_parse_psci_method
 .text.fdt_parse_simple_framebuffer
                0x0000000040085c84      0x3fc obj/aarch64_fdt.o
                0x0000000040085c84                fdt_parse_simple_framebuffer
 .text.fdt_parse_virtio_mmio
                0x0000000040086080      0x2fc obj/aarch64_fdt.o
                0x0000000040086080                fdt_parse_virtio_mmio
 .text.fdt_parse_qemu_fw_cfg_mmio
                0x000000004008637c      0x304 obj/aarch64_fdt.o
                0x000000004008637c                fdt_parse_qemu_fw_cfg_mmio
 .text          0x0000000040086680       0x60 obj/aarch64_vectors.o
 *fill*         0x00000000400866e0      0x120 
 .text.vectors  0x0000000040086800      0x800 obj/aarch64_vectors.o
                0x0000000040086800                aarch64_vectors
 .text.gicv2_dist_init
                0x0000000040087000       0x18 obj/aarch64_gicv2.o
                0x0000000040087000                gicv2_dist_init
 .text.gicv2_cpu_init
                0x0000000040087018       0x20 obj/aarch64_gicv2.o
                0x0000000040087018                gicv2_cpu_init
 .text.gicv2_enable_irq
                0x0000000040087038       0x28 obj/aarch64_gicv2.o
                0x0000000040087038                gicv2_enable_irq
 .text.gicv2_ack_irq
                0x0000000040087060       0x10 obj/aarch64_gicv2.o
                0x0000000040087060                gicv2_ack_irq
 .text.gicv2_eoi_irq
                0x0000000040087070       0x10 obj/aarch64_gicv2.o
                0x0000000040087070                gicv2_eoi_irq
 .text.aarch64_timer_init_tick_hz
                0x0000000040087080       0x40 obj/aarch64_timer.o
                0x0000000040087080                aarch64_timer_init_tick_hz
 .text.aarch64_timer_rearm
                0x00000000400870c0       0x38 obj/aarch64_timer.o
                0x00000000400870c0                aarch64_timer_rearm
 .text.aarch64_irq_cpu_init
                0x00000000400870f8       0x44 obj/aarch64_irq.o
                0x00000000400870f8                aarch64_irq_cpu_init
 .text.aarch64_irq_init
                0x000000004008713c       0x38 obj/aarch64_irq.o
                0x000000004008713c                aarch64_irq_init
 .text.aarch64_irq_dispatch
                0x0000000040087174       0xa4 obj/aarch64_irq.o
                0x0000000040087174                aarch64_irq_dispatch
 .text.aarch64_timer_on_tick
                0x0000000040087218        0x8 obj/aarch64_timer_tick.o
                0x0000000040087218                aarch64_timer_on_tick
 .text.aarch64_sync_dispatch
                0x0000000040087220       0xc4 obj/aarch64_exception.o
                0x0000000040087220                aarch64_sync_dispatch
 .text.smc_call
                0x00000000400872e4       0x1c obj/aarch64_psci.o
 .text.psci_set_conduit
                0x0000000040087300       0x18 obj/aarch64_psci.o
                0x0000000040087300                psci_set_conduit
 .text.psci_cpu_on
                0x0000000040087318       0x30 obj/aarch64_psci.o
                0x0000000040087318                psci_cpu_on
 .text.append_str
                0x0000000040087348       0x20 obj/aarch64_smp.o
 .text.append_hex64
                0x0000000040087368       0x50 obj/aarch64_smp.o
 .text.aarch64_cpu_id
                0x00000000400873b8       0x10 obj/aarch64_smp.o
                0x00000000400873b8                aarch64_cpu_id
 .text.aarch64_smp_boot
                0x00000000400873c8      0x194 obj/aarch64_smp.o
                0x00000000400873c8                aarch64_smp_boot
 .text.aarch64_secondary_entry
                0x000000004008755c       0x78 obj/aarch64_smp.o
                0x000000004008755c                aarch64_secondary_entry
 .text.bswap32  0x00000000400875d4        0x8 obj/aarch64_fb_simple.o
 .text.fw_cfg_read_u32_be
                0x00000000400875dc       0x2c obj/aarch64_fb_simple.o
 .text.fb_color
                0x0000000040087608       0x34 obj/aarch64_fb_simple.o
 .text.fb_put_pixel
                0x000000004008763c       0x50 obj/aarch64_fb_simple.o
 .text.fb_fill_rect
                0x000000004008768c       0x7c obj/aarch64_fb_simple.o
 .text.aarch64_dcache_clean_poc_range.part.0
                0x0000000040087708       0x44 obj/aarch64_fb_simple.o
 .text.fb_flush_rect
                0x000000004008774c       0xc8 obj/aarch64_fb_simple.o
 .text.fb_draw_glyph
                0x0000000040087814       0x8c obj/aarch64_fb_simple.o
 .text.fb_clear_screen
                0x00000000400878a0       0x70 obj/aarch64_fb_simple.o
 .text.fb_newline
                0x0000000040087910       0x34 obj/aarch64_fb_simple.o
 .text.fb_simple_init
                0x0000000040087944      0x448 obj/aarch64_fb_simple.o
                0x0000000040087944                fb_simple_init
 .text.fb_simple_ready
                0x0000000040087d8c       0x18 obj/aarch64_fb_simple.o
                0x0000000040087d8c                fb_simple_ready
 .text.fb_simple_clear
                0x0000000040087da4       0x18 obj/aarch64_fb_simple.o
                0x0000000040087da4                fb_simple_clear
 .text.fb_simple_set_rgb
                0x0000000040087dbc       0x38 obj/aarch64_fb_simple.o
                0x0000000040087dbc                fb_simple_set_rgb
 .text.fb_simple_set_bg_rgb
                0x0000000040087df4       0x38 obj/aarch64_fb_simple.o
                0x0000000040087df4                fb_simple_set_bg_rgb
 .text.fb_simple_clear_rgb
                0x0000000040087e2c       0x7c obj/aarch64_fb_simple.o
                0x0000000040087e2c                fb_simple_clear_rgb
 .text.fb_simple_draw_pixel
                0x0000000040087ea8       0x84 obj/aarch64_fb_simple.o
                0x0000000040087ea8                fb_simple_draw_pixel
 .text.fb_simple_fill_rect
                0x0000000040087f2c       0xc0 obj/aarch64_fb_simple.o
                0x0000000040087f2c                fb_simple_fill_rect
 .text.fb_simple_flush
                0x0000000040087fec       0x30 obj/aarch64_fb_simple.o
                0x0000000040087fec                fb_simple_flush
 .text.fb_simple_putc
                0x000000004008801c      0x108 obj/aarch64_fb_simple.o
                0x000000004008801c                fb_simple_putc
 .text.fb_simple_write
                0x0000000040088124       0x44 obj/aarch64_fb_simple.o
                0x0000000040088124                fb_simple_write
 .text.fb_simple_get_info
                0x0000000040088168       0x7c obj/aarch64_fb_simple.o
                0x0000000040088168                fb_simple_get_info
 .text.fb_simple_last_error
                0x00000000400881e4       0x10 obj/aarch64_fb_simple.o
                0x00000000400881e4                fb_simple_last_error
 .text.gfx_init_default
                0x00000000400881f4       0x20 obj/aarch64_gfx.o
                0x00000000400881f4                gfx_init_default
 .text.gfx_b    0x0000000040088214       0x34 obj/aarch64_gfx.o
 .text.gfx_ready
                0x0000000040088248       0x3c obj/aarch64_gfx.o
                0x0000000040088248                gfx_ready
 .text.gfx_putc
                0x0000000040088284       0x40 obj/aarch64_gfx.o
                0x0000000040088284                gfx_putc
 .text.gfx_write
                0x00000000400882c4       0x7c obj/aarch64_gfx.o
                0x00000000400882c4                gfx_write
 .text.gfx_set_rgb
                0x0000000040088340       0x50 obj/aarch64_gfx.o
                0x0000000040088340                gfx_set_rgb
 .text.gfx_set_bg_rgb
                0x0000000040088390       0x50 obj/aarch64_gfx.o
                0x0000000040088390                gfx_set_bg_rgb
 .text.gfx_clear
                0x00000000400883e0       0x38 obj/aarch64_gfx.o
                0x00000000400883e0                gfx_clear
 .text.gfx_clear_rgb
                0x0000000040088418       0x50 obj/aarch64_gfx.o
                0x0000000040088418                gfx_clear_rgb
 .text.gfx_fill_rect
                0x0000000040088468       0x50 obj/aarch64_gfx.o
                0x0000000040088468                gfx_fill_rect
 .text.gfx_flush
                0x00000000400884b8       0x38 obj/aarch64_gfx.o
                0x00000000400884b8                gfx_flush
 .text.gfx_screen_width
                0x00000000400884f0       0x3c obj/aarch64_gfx.o
                0x00000000400884f0                gfx_screen_width
 .text.gfx_screen_height
                0x000000004008852c       0x3c obj/aarch64_gfx.o
                0x000000004008852c                gfx_screen_height
 .text.fb_screen_h_impl
                0x0000000040088568       0x44 obj/aarch64_gfx_backend_fb_simple.o
 .text.fb_screen_w_impl
                0x00000000400885ac       0x44 obj/aarch64_gfx_backend_fb_simple.o
 .text.fb_flush_impl
                0x00000000400885f0        0x8 obj/aarch64_gfx_backend_fb_simple.o
 .text.fb_draw_pixel_impl
                0x00000000400885f8       0x14 obj/aarch64_gfx_backend_fb_simple.o
 .text.fb_clear_rgb_impl
                0x000000004008860c        0x8 obj/aarch64_gfx_backend_fb_simple.o
 .text.fb_clear_impl
                0x0000000040088614        0x8 obj/aarch64_gfx_backend_fb_simple.o
 .text.fb_set_bg_rgb_impl
                0x000000004008861c        0x8 obj/aarch64_gfx_backend_fb_simple.o
 .text.fb_set_rgb_impl
                0x0000000040088624        0x8 obj/aarch64_gfx_backend_fb_simple.o
 .text.fb_write_impl
                0x000000004008862c        0x8 obj/aarch64_gfx_backend_fb_simple.o
 .text.fb_putc_impl
                0x0000000040088634        0x8 obj/aarch64_gfx_backend_fb_simple.o
 .text.fb_ready_impl
                0x000000004008863c        0x8 obj/aarch64_gfx_backend_fb_simple.o
 .text.fb_fill_rect_impl
                0x0000000040088644       0x20 obj/aarch64_gfx_backend_fb_simple.o
 .text.out_pad  0x0000000040088664       0x34 obj/aarch64_printf.o
 .text.out_u64_dec
                0x0000000040088698       0x68 obj/aarch64_printf.o
 .text.out_u64_hex
                0x0000000040088700       0x98 obj/aarch64_printf.o
 .text.vsnprintf
                0x0000000040088798      0x428 obj/aarch64_printf.o
                0x0000000040088798                vsnprintf
 .text.snprintf
                0x0000000040088bc0       0x6c obj/aarch64_printf.o
                0x0000000040088bc0                snprintf
 .text.printf   0x0000000040088c2c      0x138 obj/aarch64_printf.o
                0x0000000040088c2c                printf
 .text.memcpy   0x0000000040088d64       0x30 obj/aarch64_string.o
                0x0000000040088d64                memcpy
 .text.memset   0x0000000040088d94       0x28 obj/aarch64_string.o
                0x0000000040088d94                memset
 .text.memmove  0x0000000040088dbc       0x58 obj/aarch64_string.o
                0x0000000040088dbc                memmove
 .text.strlen   0x0000000040088e14       0x24 obj/aarch64_string.o
                0x0000000040088e14                strlen
 .text.strlength
                0x0000000040088e38       0x3c obj/aarch64_string.o
                0x0000000040088e38                strlength
 .text.strcpy   0x0000000040088e74       0x28 obj/aarch64_string.o
                0x0000000040088e74                strcpy
 .text.strncpy  0x0000000040088e9c       0x48 obj/aarch64_string.o
                0x0000000040088e9c                strncpy
 .text.strcat   0x0000000040088ee4       0x3c obj/aarch64_string.o
                0x0000000040088ee4                strcat
 .text.strncat  0x0000000040088f20       0x4c obj/aarch64_string.o
                0x0000000040088f20                strncat
 .text.strcmp   0x0000000040088f6c       0x3c obj/aarch64_string.o
                0x0000000040088f6c                strcmp
 .text.strncmp  0x0000000040088fa8       0x48 obj/aarch64_string.o
                0x0000000040088fa8                strncmp
 .text.strchr   0x0000000040088ff0       0x30 obj/aarch64_string.o
                0x0000000040088ff0                strchr
 .text.strrchr  0x0000000040089020       0x34 obj/aarch64_string.o
                0x0000000040089020                strrchr
 .text.strstr   0x0000000040089054       0x80 obj/aarch64_string.o
                0x0000000040089054                strstr
 .text.strtok_r
                0x00000000400890d4       0xb4 obj/aarch64_string.o
                0x00000000400890d4                strtok_r
 .text.atoi     0x0000000040089188       0x90 obj/aarch64_string.o
                0x0000000040089188                atoi
 .text.cmdEql   0x0000000040089218       0x3c obj/aarch64_string.o
                0x0000000040089218                cmdEql
 .text.strEql   0x0000000040089254        0x8 obj/aarch64_string.o
                0x0000000040089254                strEql
 .text.safe_strcpy
                0x000000004008925c       0x44 obj/aarch64_string.o
                0x000000004008925c                safe_strcpy
 .text.shell_log_warn
                0x00000000400892a0       0x4c obj/aarch64_shell_log.o
 .text.shell_log_enable
                0x00000000400892ec       0x1c obj/aarch64_shell_log.o
                0x00000000400892ec                shell_log_enable
 .text.shell_log_disable
                0x0000000040089308       0x10 obj/aarch64_shell_log.o
                0x0000000040089308                shell_log_disable
 .text.init_dynamic_log_buffer
                0x0000000040089318       0x6c obj/aarch64_shell_log.o
                0x0000000040089318                init_dynamic_log_buffer
 .text.shell_log_flush
                0x0000000040089384      0x1d4 obj/aarch64_shell_log.o
                0x0000000040089384                shell_log_flush
 .text.shell_log_append
                0x0000000040089558      0x1cc obj/aarch64_shell_log.o
                0x0000000040089558                shell_log_append
 .text.heap_init_default
                0x0000000040089724       0x48 obj/aarch64_heap.o
 .text.aarch64_heap_init
                0x000000004008976c       0x80 obj/aarch64_heap.o
                0x000000004008976c                aarch64_heap_init
 .text.malloc   0x00000000400897ec      0x140 obj/aarch64_heap.o
                0x00000000400897ec                malloc
 .text.free     0x000000004008992c       0x84 obj/aarch64_heap.o
                0x000000004008992c                free
 .text.init_pipeline_system
                0x00000000400899b0       0x60 obj/aarch64_pipeline.o
                0x00000000400899b0                init_pipeline_system
 .text.is_pipeline_command
                0x0000000040089a10       0x48 obj/aarch64_pipeline.o
                0x0000000040089a10                is_pipeline_command
 .text.count_pipeline_commands
                0x0000000040089a58       0x38 obj/aarch64_pipeline.o
                0x0000000040089a58                count_pipeline_commands
 .text.is_whitespace
                0x0000000040089a90       0x24 obj/aarch64_pipeline.o
                0x0000000040089a90                is_whitespace
 .text.trim_whitespace
                0x0000000040089ab4       0x6c obj/aarch64_pipeline.o
                0x0000000040089ab4                trim_whitespace
 .text.simple_strtok
                0x0000000040089b20       0xdc obj/aarch64_pipeline.o
                0x0000000040089b20                simple_strtok
 .text.split_command
                0x0000000040089bfc      0x134 obj/aarch64_pipeline.o
                0x0000000040089bfc                split_command
 .text.free_args
                0x0000000040089d30       0x60 obj/aarch64_pipeline.o
                0x0000000040089d30                free_args
 .text.parse_redirections
                0x0000000040089d90      0x32c obj/aarch64_pipeline.o
                0x0000000040089d90                parse_redirections
 .text.parse_command
                0x000000004008a0bc      0x1fc obj/aarch64_pipeline.o
                0x000000004008a0bc                parse_command
 .text.parse_pipeline
                0x000000004008a2b8       0xe8 obj/aarch64_pipeline.o
                0x000000004008a2b8                parse_pipeline
 .text.free_command
                0x000000004008a3a0       0x7c obj/aarch64_pipeline.o
                0x000000004008a3a0                free_command
 .text.free_pipeline
                0x000000004008a41c       0x4c obj/aarch64_pipeline.o
                0x000000004008a41c                free_pipeline
 .text.read_file_for_input_redirection
                0x000000004008a468       0xd4 obj/aarch64_pipeline.o
                0x000000004008a468                read_file_for_input_redirection
 .text.execute_simple_command.part.0
                0x000000004008a53c      0x298 obj/aarch64_pipeline.o
 .text.execute_simple_command
                0x000000004008a7d4       0x1c obj/aarch64_pipeline.o
                0x000000004008a7d4                execute_simple_command
 .text.execute_complex_pipeline
                0x000000004008a7f0      0x220 obj/aarch64_pipeline.o
                0x000000004008a7f0                execute_complex_pipeline
 .text.add_background_process
                0x000000004008aa10       0x98 obj/aarch64_pipeline.o
                0x000000004008aa10                add_background_process
 .text.execute_background_command
                0x000000004008aaa8      0x114 obj/aarch64_pipeline.o
                0x000000004008aaa8                execute_background_command
 .text.execute_command
                0x000000004008abbc       0x20 obj/aarch64_pipeline.o
                0x000000004008abbc                execute_command
 .text.execute_pipeline
                0x000000004008abdc      0x340 obj/aarch64_pipeline.o
                0x000000004008abdc                execute_pipeline
 .text.start_shell_redirect
                0x000000004008af1c       0x24 obj/aarch64_vga_redirect.o
                0x000000004008af1c                start_shell_redirect
 .text.stop_shell_redirect
                0x000000004008af40       0x10 obj/aarch64_vga_redirect.o
                0x000000004008af40                stop_shell_redirect
 .text.vga_text_cell_w
                0x000000004008af50        0xc obj/aarch64_vga_redirect.o
                0x000000004008af50                vga_text_cell_w
 .text.vga_text_cell_h
                0x000000004008af5c        0xc obj/aarch64_vga_redirect.o
                0x000000004008af5c                vga_text_cell_h
 .text.shell_register_redirect_icon
                0x000000004008af68        0x8 obj/aarch64_vga_redirect.o
                0x000000004008af68                shell_register_redirect_icon
 .text.alias_name_valid
                0x000000004008af70       0x64 obj/aarch64_alias.o
 .text.trim_left
                0x000000004008afd4       0x28 obj/aarch64_alias.o
 .text.contains_meta_chars
                0x000000004008affc       0x40 obj/aarch64_alias.o
 .text.alias_find_mut
                0x000000004008b03c       0x78 obj/aarch64_alias.o
 .text.trim_right
                0x000000004008b0b4       0x68 obj/aarch64_alias.o
 .text.alias_load_if_needed
                0x000000004008b11c      0x1f8 obj/aarch64_alias.o
 .text.shell_alias_expand_line
                0x000000004008b314      0x320 obj/aarch64_alias.o
                0x000000004008b314                shell_alias_expand_line
 .text.math_get_current_equation
                0x000000004008b634      0x2fc obj/aarch64_math.o
                0x000000004008b634                math_get_current_equation
 .text.rand_next
                0x000000004008b930       0x28 obj/aarch64_math.o
                0x000000004008b930                rand_next
 .text.rand_range
                0x000000004008b958       0x48 obj/aarch64_math.o
                0x000000004008b958                rand_range
 .text.partition_strings
                0x000000004008b9a0       0xac obj/aarch64_math.o
                0x000000004008b9a0                partition_strings
 .text.quicksort_strings
                0x000000004008ba4c       0x64 obj/aarch64_math.o
                0x000000004008ba4c                quicksort_strings
 .text.build_bad_char_table
                0x000000004008bab0       0x40 obj/aarch64_math.o
                0x000000004008bab0                build_bad_char_table
 .text.build_good_suffix_table
                0x000000004008baf0       0xe0 obj/aarch64_math.o
                0x000000004008baf0                build_good_suffix_table
 .text.boyer_moore_search
                0x000000004008bbd0      0x110 obj/aarch64_math.o
                0x000000004008bbd0                boyer_moore_search
 .text.to_fat32_83
                0x000000004008bce0       0xdc obj/aarch64_fat32.o
                0x000000004008bce0                to_fat32_83
 .text.fat32_read_bpb_sector
                0x000000004008bdbc       0x5c obj/aarch64_fat32.o
                0x000000004008bdbc                fat32_read_bpb_sector
 .text.fat32_next_cluster_sector
                0x000000004008be18       0x7c obj/aarch64_fat32.o
                0x000000004008be18                fat32_next_cluster_sector
 .text.fat32_get_partition_lba_start
                0x000000004008be94       0xc4 obj/aarch64_fat32.o
                0x000000004008be94                fat32_get_partition_lba_start
 .text.fat32_find_entry_sector
                0x000000004008bf58      0x1b4 obj/aarch64_fat32.o
                0x000000004008bf58                fat32_find_entry_sector
 .text.eynfs_cache_invalidate_block
                0x000000004008c10c       0x38 obj/aarch64_eynfs.o
 .text.eynfs_load_u32
                0x000000004008c144       0x2c obj/aarch64_eynfs.o
 .text.eynfs_store_u32
                0x000000004008c170       0x28 obj/aarch64_eynfs.o
 .text.eynfs_write_dir_block
                0x000000004008c198       0x88 obj/aarch64_eynfs.o
 .text.eynfs_cache_flush
                0x000000004008c220       0x6c obj/aarch64_eynfs.o
 .text.eynfs_dir_cache_invalidate
                0x000000004008c28c       0x68 obj/aarch64_eynfs.o
 .text.eynfs_cache_write_block
                0x000000004008c2f4       0x98 obj/aarch64_eynfs.o
 .text.eynfs_alloc_block_optimized
                0x000000004008c38c      0x180 obj/aarch64_eynfs.o
 .text.eynfs_bitmap_set_used
                0x000000004008c50c       0xdc obj/aarch64_eynfs.o
 .text.eynfs_cache_get_block
                0x000000004008c5e8      0x1a4 obj/aarch64_eynfs.o
                0x000000004008c5e8                eynfs_cache_get_block
 .text.eynfs_read_superblock
                0x000000004008c78c       0xc0 obj/aarch64_eynfs.o
                0x000000004008c78c                eynfs_read_superblock
 .text.eynfs_read_dir_table
                0x000000004008c84c       0xe4 obj/aarch64_eynfs.o
                0x000000004008c84c                eynfs_read_dir_table
 .text.eynfs_count_dir_entries
                0x000000004008c930       0xa4 obj/aarch64_eynfs.o
                0x000000004008c930                eynfs_count_dir_entries
 .text.eynfs_alloc_block
                0x000000004008c9d4       0x68 obj/aarch64_eynfs.o
                0x000000004008c9d4                eynfs_alloc_block
 .text.eynfs_write_dir_table
                0x000000004008ca3c      0x218 obj/aarch64_eynfs.o
                0x000000004008ca3c                eynfs_write_dir_table
 .text.eynfs_free_block
                0x000000004008cc54       0x54 obj/aarch64_eynfs.o
                0x000000004008cc54                eynfs_free_block
 .text.eynfs_find_in_dir
                0x000000004008cca8      0x1c8 obj/aarch64_eynfs.o
                0x000000004008cca8                eynfs_find_in_dir
 .text.eynfs_traverse_path
                0x000000004008ce70      0x174 obj/aarch64_eynfs.o
                0x000000004008ce70                eynfs_traverse_path
 .text.eynfs_create_entry
                0x000000004008cfe4      0x304 obj/aarch64_eynfs.o
                0x000000004008cfe4                eynfs_create_entry
 .text.eynfs_read_file
                0x000000004008d2e8      0x184 obj/aarch64_eynfs.o
                0x000000004008d2e8                eynfs_read_file
 .text.eynfs_write_file
                0x000000004008d46c      0x2e8 obj/aarch64_eynfs.o
                0x000000004008d46c                eynfs_write_file
 .text.eynfs_cache_clear
                0x000000004008d754       0x88 obj/aarch64_eynfs.o
                0x000000004008d754                eynfs_cache_clear
 .text.eynfs_delete_entry
                0x000000004008d7dc      0x164 obj/aarch64_eynfs.o
                0x000000004008d7dc                eynfs_delete_entry
 .text.fat32_path_to_entry
                0x000000004008d940      0x15c obj/aarch64_vfs.o
 .text.fat32_read_fat_entry
                0x000000004008da9c       0x88 obj/aarch64_vfs.o
 .text.fat32_write_fat_entry_all
                0x000000004008db24       0xf8 obj/aarch64_vfs.o
 .text.vfs_split_path.constprop.0
                0x000000004008dc1c       0xf8 obj/aarch64_vfs.o
 .text.fat32_free_chain_sector_all.isra.0
                0x000000004008dd14       0x9c obj/aarch64_vfs.o
 .text.fat32_allocate_chain_sector_all.constprop.0
                0x000000004008ddb0      0x154 obj/aarch64_vfs.o
 .text.vfs_get_file_size
                0x000000004008df04      0x10c obj/aarch64_vfs.o
                0x000000004008df04                vfs_get_file_size
 .text.vfs_read_file
                0x000000004008e010      0x228 obj/aarch64_vfs.o
                0x000000004008e010                vfs_read_file
 .text.vfs_read_file_at
                0x000000004008e238      0x2c8 obj/aarch64_vfs.o
                0x000000004008e238                vfs_read_file_at
 .text.vfs_stat
                0x000000004008e500      0x134 obj/aarch64_vfs.o
                0x000000004008e500                vfs_stat
 .text.vfs_listdir
                0x000000004008e634      0x408 obj/aarch64_vfs.o
                0x000000004008e634                vfs_listdir
 .text.vfs_write_file
                0x000000004008ea3c      0x638 obj/aarch64_vfs.o
                0x000000004008ea3c                vfs_write_file
 .text.vfs_unlink
                0x000000004008f074      0x3b4 obj/aarch64_vfs.o
                0x000000004008f074                vfs_unlink
 .text.hal_console_putc
                0x000000004008f428       0x90 obj/aarch64_hal_console.o
                0x000000004008f428                hal_console_putc
 .text.hal_console_write
                0x000000004008f4b8       0x44 obj/aarch64_hal_console.o
                0x000000004008f4b8                hal_console_write
 .text.hal_kbd_read_key_nonblock
                0x000000004008f4fc      0x314 obj/aarch64_hal_keyboard.o
                0x000000004008f4fc                hal_kbd_read_key_nonblock
 .text.cmd_gfxdemo
                0x000000004008f810      0x148 obj/aarch64_gfx_cmd.o
                0x000000004008f810                cmd_gfxdemo

.iplt           0x000000004008f958        0x0
 .iplt          0x000000004008f958        0x0 obj/aarch64_start.o

.rodata         0x000000004008f960     0x2110
 *(.rodata .rodata.*)
 .rodata.fb_write_hex64.str1.1
                0x000000004008f960     0x14ce obj/aarch64_kernel_full.o
                                         0x14 (size before relaxing)
 .rodata.kernel_main.str1.1
                0x0000000040090e2e        0x0 obj/aarch64_kernel_full.o
                                        0x14a (size before relaxing)
 .rodata.handler_exit.str1.1
                0x0000000040090e2e        0x0 obj/aarch64_shell.o
                                          0xc (size before relaxing)
 .rodata.handle_shell_command.str1.1
                0x0000000040090e2e        0x0 obj/aarch64_shell.o
                                         0x60 (size before relaxing)
 .rodata.launch_shell.str1.1
                0x0000000040090e2e        0x0 obj/aarch64_shell.o
                                         0x3f (size before relaxing)
 .rodata.line_move_left.str1.1
                0x0000000040090e2e        0x0 obj/aarch64_history.o
                                          0x2 (size before relaxing)
 .rodata.line_set.constprop.0.str1.1
                0x0000000040090e2e        0x0 obj/aarch64_history.o
                                          0x5 (size before relaxing)
 .rodata.show_history.str1.1
                0x0000000040090e2e        0x0 obj/aarch64_history.o
                                         0x2b (size before relaxing)
 .rodata.readStr_with_history.str1.1
                0x0000000040090e2e        0x0 obj/aarch64_history.o
                                          0xb (size before relaxing)
 .rodata.putchar.str1.1
                0x0000000040090e2e        0x0 obj/aarch64_putchar.o
                                          0x3 (size before relaxing)
 .rodata.str1.1
                0x0000000040090e2e        0x0 obj/aarch64_cmd_registry_portable.o
                                        0x2d0 (size before relaxing)
 .rodata.random_cmd.str1.1
                0x0000000040090e2e        0x0 obj/aarch64_shell_commands.o
                                        0x119 (size before relaxing)
 .rodata.history_cmd.str1.1
                0x0000000040090e2e        0x0 obj/aarch64_shell_commands.o
                                         0x90 (size before relaxing)
 .rodata.sort_cmd.str1.1
                0x0000000040090e2e        0x0 obj/aarch64_shell_commands.o
                                         0x9a (size before relaxing)
 .rodata.search_recursive.str1.1
                0x0000000040090e2e        0x0 obj/aarch64_shell_commands.o
                                         0x34 (size before relaxing)
 .rodata.search_cmd.str1.1
                0x0000000040090e2e        0x0 obj/aarch64_shell_commands.o
                                        0x361 (size before relaxing)
 .rodata.echo.str1.1
                0x0000000040090e2e        0x0 obj/aarch64_shell_commands.o
                                          0x4 (size before relaxing)
 .rodata.ver.str1.1
                0x0000000040090e2e        0x0 obj/aarch64_shell_commands.o
                                         0x20 (size before relaxing)
 .rodata.help_cmd.str1.1
                0x0000000040090e2e        0x0 obj/aarch64_shell_commands.o
                                         0x16 (size before relaxing)
 .rodata.calc.str1.1
                0x0000000040090e2e        0x0 obj/aarch64_shell_commands.o
                                         0x54 (size before relaxing)
 .rodata.log_cmd.str1.1
                0x0000000040090e2e        0x0 obj/aarch64_shell_commands.o
                                         0x43 (size before relaxing)
 .rodata.hexdump_cmd.str1.1
                0x0000000040090e2e        0x0 obj/aarch64_shell_commands.o
                                         0xc8 (size before relaxing)
 .rodata.resolve_path.str1.1
                0x0000000040090e2e        0x0 obj/aarch64_fs_commands.o
                                          0x7 (size before relaxing)
 .rodata.cd.str1.1
                0x0000000040090e2e        0x0 obj/aarch64_fs_commands.o
                                         0x34 (size before relaxing)
 .rodata.ls.str1.1
                0x0000000040090e2e        0x0 obj/aarch64_fs_commands.o
                                         0xc3 (size before relaxing)
 .rodata.read_cmd.str1.1
                0x0000000040090e2e        0x0 obj/aarch64_fs_commands.o
                                         0x3a (size before relaxing)
 .rodata.cat_cmd.str1.1
                0x0000000040090e2e        0x0 obj/aarch64_fs_commands.o
                                         0x19 (size before relaxing)
 .rodata.del.str1.1
                0x0000000040090e2e        0x0 obj/aarch64_fs_commands.o
                                         0xa4 (size before relaxing)
 .rodata.write_output_to_file.str1.1
                0x0000000040090e2e        0x0 obj/aarch64_fs_io_helpers.o
                                          0x1 (size before relaxing)
 .rodata.uart_pl011_write_hex64.str1.1
                0x0000000040090e2e        0x0 obj/aarch64_uart_pl011.o
                                         0x11 (size before relaxing)
 *fill*         0x0000000040090e2e        0x2 
 .rodata.map_keycode
                0x0000000040090e30       0xdc obj/aarch64_virtio_input.o
 .rodata.virtio_input_getkey_nonblock
                0x0000000040090f0c        0xa obj/aarch64_virtio_input.o
 .rodata.virtio_input_init.str1.1
                0x0000000040090f16        0x0 obj/aarch64_virtio_input.o
                                         0xb4 (size before relaxing)
 .rodata.ata_init_drives.str1.1
                0x0000000040090f16        0x0 obj/aarch64_ata_virtio.o
                                          0xb (size before relaxing)
 .rodata.fdt_parse_memory.str1.1
                0x0000000040090f16        0x0 obj/aarch64_fdt.o
                                         0x32 (size before relaxing)
 .rodata.fdt_parse_gicv2.str1.1
                0x0000000040090f16        0x0 obj/aarch64_fdt.o
                                         0x57 (size before relaxing)
 .rodata.fdt_parse_armv8_timer_virtual_irq.str1.1
                0x0000000040090f16        0x0 obj/aarch64_fdt.o
                                         0x2f (size before relaxing)
 .rodata.fdt_parse_cpus_mpidr.str1.1
                0x0000000040090f16        0x0 obj/aarch64_fdt.o
                                         0x13 (size before relaxing)
 .rodata.fdt_parse_psci_method.str1.1
                0x0000000040090f16        0x0 obj/aarch64_fdt.o
                                         0x21 (size before relaxing)
 .rodata.fdt_parse_simple_framebuffer.str1.1
                0x0000000040090f16        0x0 obj/aarch64_fdt.o
                                         0x2e (size before relaxing)
 .rodata.fdt_parse_virtio_mmio.str1.1
                0x0000000040090f16        0x0 obj/aarch64_fdt.o
                                          0xc (size before relaxing)
 .rodata.fdt_parse_qemu_fw_cfg_mmio.str1.1
                0x0000000040090f16        0x0 obj/aarch64_fdt.o
                                         0x11 (size before relaxing)
 .rodata.aarch64_sync_dispatch.str1.1
                0x0000000040090f16        0x0 obj/aarch64_exception.o
                                         0x4d (size before relaxing)
 .rodata.append_hex64.str1.1
                0x0000000040090f16        0x0 obj/aarch64_smp.o
                                         0x11 (size before relaxing)
 .rodata.aarch64_smp_boot.str1.1
                0x0000000040090f16        0x0 obj/aarch64_smp.o
                                         0xa4 (size before relaxing)
 .rodata.aarch64_secondary_entry.str1.1
                0x0000000040090f16        0x0 obj/aarch64_smp.o
                                          0xe (size before relaxing)
 .rodata.fb_simple_init.str1.1
                0x0000000040090f16        0x0 obj/aarch64_fb_simple.o
                                          0xa (size before relaxing)
 .rodata.g_font8x8
                0x0000000040090f16      0x809 obj/aarch64_fb_simple.o
 .rodata.str1.1
                0x000000004009171f        0x0 obj/aarch64_gfx_backend_fb_simple.o
                                          0xa (size before relaxing)
 *fill*         0x000000004009171f        0x1 
 .rodata.g_gfx_backend_fb_simple
                0x0000000040091720       0x68 obj/aarch64_gfx_backend_fb_simple.o
                0x0000000040091720                g_gfx_backend_fb_simple
 .rodata.out_u64_hex.str1.1
                0x0000000040091788        0x0 obj/aarch64_printf.o
                                         0x22 (size before relaxing)
 .rodata.vsnprintf.str1.1
                0x0000000040091788        0x0 obj/aarch64_printf.o
                                          0x7 (size before relaxing)
 .rodata.shell_log_warn.str1.1
                0x0000000040091788        0x0 obj/aarch64_shell_log.o
                                          0xf (size before relaxing)
 .rodata.shell_log_flush.str1.1
                0x0000000040091788        0x0 obj/aarch64_shell_log.o
                                         0x69 (size before relaxing)
 .rodata.split_command.str1.1
                0x0000000040091788        0x0 obj/aarch64_pipeline.o
                                          0x5 (size before relaxing)
 .rodata.parse_redirections.str1.1
                0x0000000040091788        0x0 obj/aarch64_pipeline.o
                                          0xc (size before relaxing)
 .rodata.parse_command.str1.1
                0x0000000040091788        0x0 obj/aarch64_pipeline.o
                                          0x2 (size before relaxing)
 .rodata.parse_pipeline.str1.1
                0x0000000040091788        0x0 obj/aarch64_pipeline.o
                                          0x2 (size before relaxing)
 .rodata.read_file_for_input_redirection.str1.1
                0x0000000040091788        0x0 obj/aarch64_pipeline.o
                                         0x6a (size before relaxing)
 .rodata.execute_simple_command.part.0.str1.1
                0x0000000040091788        0x0 obj/aarch64_pipeline.o
                                         0x73 (size before relaxing)
 .rodata.execute_complex_pipeline.str1.1
                0x0000000040091788        0x0 obj/aarch64_pipeline.o
                                         0x11 (size before relaxing)
 .rodata.execute_background_command.str1.1
                0x0000000040091788        0x0 obj/aarch64_pipeline.o
                                         0x4b (size before relaxing)
 .rodata.alias_load_if_needed.str1.1
                0x0000000040091788        0x0 obj/aarch64_alias.o
                                         0x14 (size before relaxing)
 .rodata.eynfs_cache_get_block.str1.1
                0x0000000040091788        0x0 obj/aarch64_eynfs.o
                                         0x2f (size before relaxing)
 .rodata.eynfs_count_dir_entries.str1.1
                0x0000000040091788        0x0 obj/aarch64_eynfs.o
                                         0x43 (size before relaxing)
 .rodata.eynfs_traverse_path.str1.1
                0x0000000040091788        0x0 obj/aarch64_eynfs.o
                                          0x2 (size before relaxing)
 .rodata.eynfs_write_file.str1.1
                0x0000000040091788        0x0 obj/aarch64_eynfs.o
                                        0x12f (size before relaxing)
 .rodata.vfs_split_path.constprop.0.str1.1
                0x0000000040091788        0x0 obj/aarch64_vfs.o
                                          0x2 (size before relaxing)
 .rodata.vfs_listdir.str1.1
                0x0000000040091788        0x0 obj/aarch64_vfs.o
                                          0x2 (size before relaxing)
 .rodata.hal_kbd_read_key_nonblock
                0x0000000040091788       0x18 obj/aarch64_hal_keyboard.o
 .rodata.cmd_gfxdemo.str1.1
                0x00000000400917a0        0x0 obj/aarch64_gfx_cmd.o
                                         0x92 (size before relaxing)
                0x00000000400917a0                . = ALIGN (0x8)
                0x00000000400917a0                __start_shellcmds = .
 *(.shellcmds)
 .shellcmds     0x00000000400917a0      0x2d0 obj/aarch64_cmd_registry_portable.o
                0x00000000400917a0                shell_cmd_info_gfxdemo
                0x00000000400917c8                shell_cmd_info_del
                0x00000000400917f0                shell_cmd_info_cat
                0x0000000040091818                shell_cmd_info_read
                0x0000000040091840                shell_cmd_info_cd
                0x0000000040091868                shell_cmd_info_ls
                0x0000000040091890                shell_cmd_info_log
                0x00000000400918b8                shell_cmd_info_hexdump
                0x00000000400918e0                shell_cmd_info_search
                0x0000000040091908                shell_cmd_info_history
                0x0000000040091930                shell_cmd_info_exit
                0x0000000040091958                shell_cmd_info_clear
                0x0000000040091980                shell_cmd_info_sort
                0x00000000400919a8                shell_cmd_info_random
                0x00000000400919d0                shell_cmd_info_calc
                0x00000000400919f8                shell_cmd_info_ver
                0x0000000040091a20                shell_cmd_info_echo
                0x0000000040091a48                shell_cmd_info_help
                0x0000000040091a70                __stop_shellcmds = .

.rela.dyn       0x0000000040091a70        0x0
 .rela.iplt     0x0000000040091a70        0x0 obj/aarch64_start.o
 .rela.text._start
                0x0000000040091a70        0x0 obj/aarch64_start.o
 .rela.text.find_command
                0x0000000040091a70        0x0 obj/aarch64_start.o
 .rela.text.help_cmd
                0x0000000040091a70        0x0 obj/aarch64_start.o
 .rela.text.heap_init_default
                0x0000000040091a70        0x0 obj/aarch64_start.o
 .rela.text.aarch64_heap_init
                0x0000000040091a70        0x0 obj/aarch64_start.o

.data           0x0000000040091a70   0x10008c
 *(.data .data.*)
 .data.g_fb_bpp
                0x0000000040091a70        0x4 obj/aarch64_fb_simple.o
 .data.g_fb_fmt
                0x0000000040091a74        0x4 obj/aarch64_fb_simple.o
 .data.rand_state
                0x0000000040091a78        0x4 obj/aarch64_math.o
 .data.shell_current_path
                0x0000000040091a7c       0x80 obj/aarch64_shell_state.o
                0x0000000040091a7c                shell_current_path
 .data          0x0000000040091afc   0x100000 obj/aarch64_virt_dtb.o
                0x0000000040091afc                _binary_virt_dtb_start
                0x0000000040191afc                _binary_virt_dtb_end

.igot.plt       0x0000000040191b00        0x0
 .igot.plt      0x0000000040191b00        0x0 obj/aarch64_start.o

.bss            0x0000000040192000    0x1ce78
                0x0000000040192000                __bss_start = .
 *(.bss .bss.*)
 .bss.g_ram_size
                0x0000000040192000        0x8 obj/aarch64_shell_meminfo.o
 .bss.g_ram_base
                0x0000000040192008        0x8 obj/aarch64_shell_meminfo.o
 .bss.command_execution_errors
                0x0000000040192010        0x4 obj/aarch64_shell.o
 .bss.g_command_hash_disabled
                0x0000000040192014        0x4 obj/aarch64_shell.o
 .bss.g_command_hash_initialized
                0x0000000040192018        0x4 obj/aarch64_shell.o
 *fill*         0x000000004019201c        0x4 
 .bss.g_command_hash_table
                0x0000000040192020     0x1000 obj/aarch64_shell.o
 .bss.buffstr.0
                0x0000000040193020       0xc8 obj/aarch64_history.o
 .bss.g_command_history
                0x00000000401930e8     0x2718 obj/aarch64_history.o
                0x00000000401930e8                g_command_history
 .bss.col.0     0x0000000040195800     0x2290 obj/aarch64_fs_commands.o
 .bss.tmp.0     0x0000000040197a90     0x1400 obj/aarch64_fs_io_helpers.o
 .bss.g_uart_tx_lock
                0x0000000040198e90        0x4 obj/aarch64_uart_pl011.o
 *fill*         0x0000000040198e94      0x16c 
 .bss.g_legacy_ring_q0
                0x0000000040199000     0x2000 obj/aarch64_virtio_input.o
 .bss.g_events  0x000000004019b000       0x80 obj/aarch64_virtio_input.o
 *fill*         0x000000004019b080      0xf80 
 .bss.g_used    0x000000004019c000       0x90 obj/aarch64_virtio_input.o
 *fill*         0x000000004019c090      0xf70 
 .bss.g_avail   0x000000004019d000       0x30 obj/aarch64_virtio_input.o
 *fill*         0x000000004019d030      0xfd0 
 .bss.g_desc    0x000000004019e000      0x100 obj/aarch64_virtio_input.o
 .bss.g_used_p  0x000000004019e100        0x8 obj/aarch64_virtio_input.o
 .bss.g_avail_p
                0x000000004019e108        0x8 obj/aarch64_virtio_input.o
 .bss.g_caps    0x000000004019e110        0x4 obj/aarch64_virtio_input.o
 .bss.g_super   0x000000004019e114        0x4 obj/aarch64_virtio_input.o
 .bss.g_alt     0x000000004019e118        0x4 obj/aarch64_virtio_input.o
 .bss.g_ctrl    0x000000004019e11c        0x4 obj/aarch64_virtio_input.o
 .bss.g_shift   0x000000004019e120        0x4 obj/aarch64_virtio_input.o
 .bss.g_avail_idx
                0x000000004019e124        0x2 obj/aarch64_virtio_input.o
 .bss.g_last_used_idx
                0x000000004019e126        0x2 obj/aarch64_virtio_input.o
 .bss.g_ready   0x000000004019e128        0x4 obj/aarch64_virtio_input.o
 *fill*         0x000000004019e12c        0x4 
 .bss.g_input_base
                0x000000004019e130        0x8 obj/aarch64_virtio_input.o
 *fill*         0x000000004019e138        0x8 
 .bss.g_bounce  0x000000004019e140      0x200 obj/aarch64_virtio_blk.o
 .bss.g_req_status
                0x000000004019e340        0x1 obj/aarch64_virtio_blk.o
 *fill*         0x000000004019e341       0x3f 
 .bss.g_req_hdr
                0x000000004019e380       0x10 obj/aarch64_virtio_blk.o
 *fill*         0x000000004019e390      0xc70 
 .bss.g_legacy_ring_q0
                0x000000004019f000     0x2000 obj/aarch64_virtio_blk.o
 .bss.g_used    0x00000000401a1000       0x50 obj/aarch64_virtio_blk.o
 *fill*         0x00000000401a1050      0xfb0 
 .bss.g_avail   0x00000000401a2000       0x20 obj/aarch64_virtio_blk.o
 *fill*         0x00000000401a2020      0xfe0 
 .bss.g_desc    0x00000000401a3000       0x80 obj/aarch64_virtio_blk.o
 .bss.g_last_used_idx
                0x00000000401a3080        0x2 obj/aarch64_virtio_blk.o
 .bss.g_avail_idx
                0x00000000401a3082        0x2 obj/aarch64_virtio_blk.o
 *fill*         0x00000000401a3084        0x4 
 .bss.g_used_p  0x00000000401a3088        0x8 obj/aarch64_virtio_blk.o
 .bss.g_avail_p
                0x00000000401a3090        0x8 obj/aarch64_virtio_blk.o
 .bss.g_desc_p  0x00000000401a3098        0x8 obj/aarch64_virtio_blk.o
 .bss.g_ready   0x00000000401a30a0        0x4 obj/aarch64_virtio_blk.o
 *fill*         0x00000000401a30a4        0x4 
 .bss.g_blk_base
                0x00000000401a30a8        0x8 obj/aarch64_virtio_blk.o
 .bss.g_present
                0x00000000401a30b0        0x4 obj/aarch64_ata_virtio.o
 .bss.g_inited  0x00000000401a30b4        0x4 obj/aarch64_ata_virtio.o
 .bss.g_drive0  0x00000000401a30b8       0x34 obj/aarch64_ata_virtio.o
 .bss.g_cntv_interval
                0x00000000401a30ec        0x4 obj/aarch64_timer.o
 .bss.g_timer_irq_id
                0x00000000401a30f0        0x4 obj/aarch64_irq.o
 *fill*         0x00000000401a30f4        0x4 
 .bss.g_gic     0x00000000401a30f8       0x10 obj/aarch64_irq.o
 .bss.g_aarch64_ticks
                0x00000000401a3108        0x4 obj/aarch64_irq.o
                0x00000000401a3108                g_aarch64_ticks
 .bss.g_psci_use_hvc
                0x00000000401a310c        0x4 obj/aarch64_psci.o
 .bss.aarch64_cpu_ticks
                0x00000000401a3110       0x10 obj/aarch64_smp.o
                0x00000000401a3110                aarch64_cpu_ticks
 .bss.aarch64_cpu_online
                0x00000000401a3120       0x10 obj/aarch64_smp.o
                0x00000000401a3120                aarch64_cpu_online
 .bss.aarch64_cpu_stacks
                0x00000000401a3130     0x4000 obj/aarch64_smp.o
                0x00000000401a3130                aarch64_cpu_stacks
 .bss.g_fb_last_error
                0x00000000401a7130        0x4 obj/aarch64_fb_simple.o
 .bss.g_bg_color
                0x00000000401a7134        0x4 obj/aarch64_fb_simple.o
 .bss.g_fg_color
                0x00000000401a7138        0x4 obj/aarch64_fb_simple.o
 .bss.g_cursor_y
                0x00000000401a713c        0x4 obj/aarch64_fb_simple.o
 .bss.g_cursor_x
                0x00000000401a7140        0x4 obj/aarch64_fb_simple.o
 *fill*         0x00000000401a7144        0x4 
 .bss.g_fb_format
                0x00000000401a7148       0x20 obj/aarch64_fb_simple.o
 .bss.g_fb_stride
                0x00000000401a7168        0x4 obj/aarch64_fb_simple.o
 .bss.g_fb_height
                0x00000000401a716c        0x4 obj/aarch64_fb_simple.o
 .bss.g_fb_width
                0x00000000401a7170        0x4 obj/aarch64_fb_simple.o
 *fill*         0x00000000401a7174        0x4 
 .bss.g_fb_base
                0x00000000401a7178        0x8 obj/aarch64_fb_simple.o
 .bss.g_backend
                0x00000000401a7180        0x8 obj/aarch64_gfx.o
 .bss.g_shell_log_write_failed
                0x00000000401a7188        0x4 obj/aarch64_shell_log.o
 .bss.g_shell_log_in_flush
                0x00000000401a718c        0x4 obj/aarch64_shell_log.o
 .bss.shell_log_active
                0x00000000401a7190        0x4 obj/aarch64_shell_log.o
                0x00000000401a7190                shell_log_active
 .bss.shell_log_current_line_start
                0x00000000401a7194        0x4 obj/aarch64_shell_log.o
                0x00000000401a7194                shell_log_current_line_start
 .bss.shell_log_line_starts
                0x00000000401a7198      0xfa4 obj/aarch64_shell_log.o
                0x00000000401a7198                shell_log_line_starts
 .bss.shell_log_line_count
                0x00000000401a813c        0x4 obj/aarch64_shell_log.o
                0x00000000401a813c                shell_log_line_count
 .bss.shell_log_pos
                0x00000000401a8140        0x4 obj/aarch64_shell_log.o
                0x00000000401a8140                shell_log_pos
 .bss.shell_log_buf_size
                0x00000000401a8144        0x4 obj/aarch64_shell_log.o
                0x00000000401a8144                shell_log_buf_size
 .bss.shell_log_buf
                0x00000000401a8148        0x8 obj/aarch64_shell_log.o
                0x00000000401a8148                shell_log_buf
 .bss.g_heap_ready
                0x00000000401a8150        0x4 obj/aarch64_heap.o
 *fill*         0x00000000401a8154        0x4 
 .bss.g_heap_first
                0x00000000401a8158        0x8 obj/aarch64_heap.o
 .bss.current_pos.0
                0x00000000401a8160        0x8 obj/aarch64_pipeline.o
 .bss.last_str.1
                0x00000000401a8168        0x8 obj/aarch64_pipeline.o
 .bss.g_pipeline_input_data
                0x00000000401a8170        0x8 obj/aarch64_pipeline.o
                0x00000000401a8170                g_pipeline_input_data
 .bss.g_background_processes
                0x00000000401a8178      0x180 obj/aarch64_pipeline.o
                0x00000000401a8178                g_background_processes
 .bss.g_file_descriptors
                0x00000000401a82f8     0x1800 obj/aarch64_pipeline.o
                0x00000000401a82f8                g_file_descriptors
 .bss.shell_redirect_buf
                0x00000000401a9af8      0x400 obj/aarch64_vga_redirect.o
                0x00000000401a9af8                shell_redirect_buf
 .bss.shell_redirect_pos
                0x00000000401a9ef8        0x4 obj/aarch64_vga_redirect.o
                0x00000000401a9ef8                shell_redirect_pos
 .bss.shell_redirect_active
                0x00000000401a9efc        0x4 obj/aarch64_vga_redirect.o
                0x00000000401a9efc                shell_redirect_active
 .bss.buf.1     0x00000000401a9f00     0x1000 obj/aarch64_alias.o
 .bss.g_alias_loaded
                0x00000000401aaf00        0x4 obj/aarch64_alias.o
 .bss.g_alias_count
                0x00000000401aaf04        0x4 obj/aarch64_alias.o
 .bss.g_aliases
                0x00000000401aaf08     0x1d00 obj/aarch64_alias.o
 .bss.caches_initialized.0
                0x00000000401acc08        0x4 obj/aarch64_eynfs.o
 .bss.g_eynfs_read_fail_printed.1
                0x00000000401acc0c        0x4 obj/aarch64_eynfs.o
 .bss.dir_cache
                0x00000000401acc10       0xc0 obj/aarch64_eynfs.o
 .bss.free_block_cache_valid
                0x00000000401accd0        0x1 obj/aarch64_eynfs.o
 *fill*         0x00000000401accd1        0x3 
 .bss.free_block_cache_count
                0x00000000401accd4        0x4 obj/aarch64_eynfs.o
 .bss.free_block_cache
                0x00000000401accd8      0x100 obj/aarch64_eynfs.o
 .bss.cache_misses
                0x00000000401acdd8        0x4 obj/aarch64_eynfs.o
 .bss.cache_hits
                0x00000000401acddc        0x4 obj/aarch64_eynfs.o
 .bss.block_cache
                0x00000000401acde0     0x2080 obj/aarch64_eynfs.o
 .bss.g_uart_csi_len
                0x00000000401aee60        0x1 obj/aarch64_hal_keyboard.o
 .bss.g_uart_csi_buf
                0x00000000401aee61        0x8 obj/aarch64_hal_keyboard.o
 .bss.g_uart_esc_state
                0x00000000401aee69        0x1 obj/aarch64_hal_keyboard.o
 *fill*         0x00000000401aee6a        0x2 
 .bss.g_mods    0x00000000401aee6c        0x4 obj/aarch64_hal_keyboard.o
 .bss.g_current_drive
                0x00000000401aee70        0x1 obj/aarch64_shell_state.o
                0x00000000401aee70                g_current_drive
 *fill*         0x00000000401aee71        0x3 
 .bss.g_user_interrupt
                0x00000000401aee74        0x4 obj/aarch64_util_globals.o
                0x00000000401aee74                g_user_interrupt
 *(COMMON)
                0x00000000401aee78                __bss_end = .

.ramfb          0x00000000401aee80   0x1d4c00
 *(.ramfb)
 .ramfb         0x00000000401aee80   0x1d4c00 obj/aarch64_fb_simple.o
                0x0000000040383a80                . = ALIGN (0x10)
                0x0000000040383a80                __stack_bottom = .
                0x0000000040393a80                . = (. + 0x10000)
                0x0000000040393a80                __stack_top = .
                0x0000000040393a80                __kernel_end = .
LOAD obj/aarch64_start.o
LOAD obj/aarch64_kernel_full.o
LOAD obj/aarch64_shell_meminfo.o
LOAD obj/aarch64_shell.o
LOAD obj/aarch64_history.o
LOAD obj/aarch64_putchar.o
LOAD obj/aarch64_cmd_registry_portable.o
LOAD obj/aarch64_shell_commands.o
LOAD obj/aarch64_fs_commands.o
LOAD obj/aarch64_fs_io_helpers.o
LOAD obj/aarch64_uart_pl011.o
LOAD obj/aarch64_virtio_input.o
LOAD obj/aarch64_virtio_blk.o
LOAD obj/aarch64_ata_virtio.o
LOAD obj/aarch64_arch.o
LOAD obj/aarch64_fdt.o
LOAD obj/aarch64_vectors.o
LOAD obj/aarch64_gicv2.o
LOAD obj/aarch64_timer.o
LOAD obj/aarch64_irq.o
LOAD obj/aarch64_timer_tick.o
LOAD obj/aarch64_exception.o
LOAD obj/aarch64_psci.o
LOAD obj/aarch64_smp.o
LOAD obj/aarch64_fb_simple.o
LOAD obj/aarch64_gfx.o
LOAD obj/aarch64_gfx_backend_fb_simple.o
LOAD obj/aarch64_printf.o
LOAD obj/aarch64_string.o
LOAD obj/aarch64_shell_log.o
LOAD obj/aarch64_heap.o
LOAD obj/aarch64_pipeline.o
LOAD obj/aarch64_vga_redirect.o
LOAD obj/aarch64_fs_stubs.o
LOAD obj/aarch64_alias.o
LOAD obj/aarch64_math.o
LOAD obj/aarch64_fat32.o
LOAD obj/aarch64_eynfs.o
LOAD obj/aarch64_vfs.o
LOAD obj/aarch64_hal_console.o
LOAD obj/aarch64_hal_keyboard.o
LOAD obj/aarch64_gfx_cmd.o
LOAD obj/aarch64_shell_state.o
LOAD obj/aarch64_util_globals.o
LOAD obj/aarch64_virt_dtb.o
OUTPUT(tmp_aarch64_user/boot/kernel8_full.elf elf64-littleaarch64)
LOAD linker stubs

.comment        0x0000000000000000       0x34
 .comment       0x0000000000000000       0x34 obj/aarch64_kernel_full.o
                                         0x35 (size before relaxing)
 .comment       0x0000000000000034        0x0 obj/aarch64_shell_meminfo.o
                                         0x35 (size before relaxing)
 .comment       0x0000000000000034        0x0 obj/aarch64_shell.o
                                         0x35 (size before relaxing)
 .comment       0x0000000000000034        0x0 obj/aarch64_history.o
                                         0x35 (size before relaxing)
 .comment       0x0000000000000034        0x0 obj/aarch64_putchar.o
                                         0x35 (size before relaxing)
 .comment       0x0000000000000034        0x0 obj/aarch64_cmd_registry_portable.o
                                         0x35 (size before relaxing)
 .comment       0x0000000000000034        0x0 obj/aarch64_shell_commands.o
                                         0x35 (size before relaxing)
 .comment       0x0000000000000034        0x0 obj/aarch64_fs_commands.o
                                         0x35 (size before relaxing)
 .comment       0x0000000000000034        0x0 obj/aarch64_fs_io_helpers.o
                                         0x35 (size before relaxing)
 .comment       0x0000000000000034        0x0 obj/aarch64_uart_pl011.o
                                         0x35 (size before relaxing)
 .comment       0x0000000000000034        0x0 obj/aarch64_virtio_input.o
                                         0x35 (size before relaxing)
 .comment       0x0000000000000034        0x0 obj/aarch64_virtio_blk.o
                                         0x35 (size before relaxing)
 .comment       0x0000000000000034        0x0 obj/aarch64_ata_virtio.o
                                         0x35 (size before relaxing)
 .comment       0x0000000000000034        0x0 obj/aarch64_arch.o
                                         0x35 (size before relaxing)
 .comment       0x0000000000000034        0x0 obj/aarch64_fdt.o
                                         0x35 (size before relaxing)
 .comment       0x0000000000000034        0x0 obj/aarch64_gicv2.o
                                         0x35 (size before relaxing)
 .comment       0x0000000000000034        0x0 obj/aarch64_timer.o
                                         0x35 (size before relaxing)
 .comment       0x0000000000000034        0x0 obj/aarch64_irq.o
                                         0x35 (size before relaxing)
 .comment       0x0000000000000034        0x0 obj/aarch64_timer_tick.o
                                         0x35 (size before relaxing)
 .comment       0x0000000000000034        0x0 obj/aarch64_exception.o
                                         0x35 (size before relaxing)
 .comment       0x0000000000000034        0x0 obj/aarch64_psci.o
                                         0x35 (size before relaxing)
 .comment       0x0000000000000034        0x0 obj/aarch64_smp.o
                                         0x35 (size before relaxing)
 .comment       0x0000000000000034        0x0 obj/aarch64_fb_simple.o
                                         0x35 (size before relaxing)
 .comment       0x0000000000000034        0x0 obj/aarch64_gfx.o
                                         0x35 (size before relaxing)
 .comment       0x0000000000000034        0x0 obj/aarch64_gfx_backend_fb_simple.o
                                         0x35 (size before relaxing)
 .comment       0x0000000000000034        0x0 obj/aarch64_printf.o
                                         0x35 (size before relaxing)
 .comment       0x0000000000000034        0x0 obj/aarch64_string.o
                                         0x35 (size before relaxing)
 .comment       0x0000000000000034        0x0 obj/aarch64_shell_log.o
                                         0x35 (size before relaxing)
 .comment       0x0000000000000034        0x0 obj/aarch64_heap.o
                                         0x35 (size before relaxing)
 .comment       0x0000000000000034        0x0 obj/aarch64_pipeline.o
                                         0x35 (size before relaxing)
 .comment       0x0000000000000034        0x0 obj/aarch64_vga_redirect.o
                                         0x35 (size before relaxing)
 .comment       0x0000000000000034        0x0 obj/aarch64_alias.o
                                         0x35 (size before relaxing)
 .comment       0x0000000000000034        0x0 obj/aarch64_math.o
                                         0x35 (size before relaxing)
 .comment       0x0000000000000034        0x0 obj/aarch64_fat32.o
                                         0x35 (size before relaxing)
 .comment       0x0000000000000034        0x0 obj/aarch64_eynfs.o
                                         0x35 (size before relaxing)
 .comment       0x0000000000000034        0x0 obj/aarch64_vfs.o
                                         0x35 (size before relaxing)
 .comment       0x0000000000000034        0x0 obj/aarch64_hal_console.o
                                         0x35 (size before relaxing)
 .comment       0x0000000000000034        0x0 obj/aarch64_hal_keyboard.o
                                         0x35 (size before relaxing)
 .comment       0x0000000000000034        0x0 obj/aarch64_gfx_cmd.o
                                         0x35 (size before relaxing)
 .comment       0x0000000000000034        0x0 obj/aarch64_shell_state.o
                                         0x35 (size before relaxing)
 .comment       0x0000000000000034        0x0 obj/aarch64_util_globals.o
                                         0x35 (size before relaxing)

.note.GNU-stack
                0x0000000000000000        0x0
 .note.GNU-stack
                0x0000000000000000        0x0 obj/aarch64_kernel_full.o
 .note.GNU-stack
                0x0000000000000000        0x0 obj/aarch64_shell_meminfo.o
 .note.GNU-stack
                0x0000000000000000        0x0 obj/aarch64_shell.o
 .note.GNU-stack
                0x0000000000000000        0x0 obj/aarch64_history.o
 .note.GNU-stack
                0x0000000000000000        0x0 obj/aarch64_putchar.o
 .note.GNU-stack
                0x0000000000000000        0x0 obj/aarch64_cmd_registry_portable.o
 .note.GNU-stack
                0x0000000000000000        0x0 obj/aarch64_shell_commands.o
 .note.GNU-stack
                0x0000000000000000        0x0 obj/aarch64_fs_commands.o
 .note.GNU-stack
                0x0000000000000000        0x0 obj/aarch64_fs_io_helpers.o
 .note.GNU-stack
                0x0000000000000000        0x0 obj/aarch64_uart_pl011.o
 .note.GNU-stack
                0x0000000000000000        0x0 obj/aarch64_virtio_input.o
 .note.GNU-stack
                0x0000000000000000        0x0 obj/aarch64_virtio_blk.o
 .note.GNU-stack
                0x0000000000000000        0x0 obj/aarch64_ata_virtio.o
 .note.GNU-stack
                0x0000000000000000        0x0 obj/aarch64_arch.o
 .note.GNU-stack
                0x0000000000000000        0x0 obj/aarch64_fdt.o
 .note.GNU-stack
                0x0000000000000000        0x0 obj/aarch64_gicv2.o
 .note.GNU-stack
                0x0000000000000000        0x0 obj/aarch64_timer.o
 .note.GNU-stack
                0x0000000000000000        0x0 obj/aarch64_irq.o
 .note.GNU-stack
                0x0000000000000000        0x0 obj/aarch64_timer_tick.o
 .note.GNU-stack
                0x0000000000000000        0x0 obj/aarch64_exception.o
 .note.GNU-stack
                0x0000000000000000        0x0 obj/aarch64_psci.o
 .note.GNU-stack
                0x0000000000000000        0x0 obj/aarch64_smp.o
 .note.GNU-stack
                0x0000000000000000        0x0 obj/aarch64_fb_simple.o
 .note.GNU-stack
                0x0000000000000000        0x0 obj/aarch64_gfx.o
 .note.GNU-stack
                0x0000000000000000        0x0 obj/aarch64_gfx_backend_fb_simple.o
 .note.GNU-stack
                0x0000000000000000        0x0 obj/aarch64_printf.o
 .note.GNU-stack
                0x0000000000000000        0x0 obj/aarch64_string.o
 .note.GNU-stack
                0x0000000000000000        0x0 obj/aarch64_shell_log.o
 .note.GNU-stack
                0x0000000000000000        0x0 obj/aarch64_heap.o
 .note.GNU-stack
                0x0000000000000000        0x0 obj/aarch64_pipeline.o
 .note.GNU-stack
                0x0000000000000000        0x0 obj/aarch64_vga_redirect.o
 .note.GNU-stack
                0x0000000000000000        0x0 obj/aarch64_alias.o
 .note.GNU-stack
                0x0000000000000000        0x0 obj/aarch64_math.o
 .note.GNU-stack
                0x0000000000000000        0x0 obj/aarch64_fat32.o
 .note.GNU-stack
                0x0000000000000000        0x0 obj/aarch64_eynfs.o
 .note.GNU-stack
                0x0000000000000000        0x0 obj/aarch64_vfs.o
 .note.GNU-stack
                0x0000000000000000        0x0 obj/aarch64_hal_console.o
 .note.GNU-stack
                0x0000000000000000        0x0 obj/aarch64_hal_keyboard.o
 .note.GNU-stack
                0x0000000000000000        0x0 obj/aarch64_gfx_cmd.o
 .note.GNU-stack
                0x0000000000000000        0x0 obj/aarch64_shell_state.o
 .note.GNU-stack
                0x0000000000000000        0x0 obj/aarch64_util_globals.o
