
Merging program properties

Removed property 0xc0000000 to merge obj/aarch64_kernel.o (0x7) and obj/aarch64_start.o (not found)
Removed property 0xc0000000 to merge obj/aarch64_kernel.o (not found) and obj/aarch64_uart_pl011.o (0x7)
Removed property 0xc0000000 to merge obj/aarch64_kernel.o (not found) and obj/aarch64_arch.o (0x7)
Removed property 0xc0000000 to merge obj/aarch64_kernel.o (not found) and obj/aarch64_fdt.o (0x7)
Removed property 0xc0000000 to merge obj/aarch64_kernel.o (not found) and obj/aarch64_gicv2.o (0x7)
Removed property 0xc0000000 to merge obj/aarch64_kernel.o (not found) and obj/aarch64_timer.o (0x7)
Removed property 0xc0000000 to merge obj/aarch64_kernel.o (not found) and obj/aarch64_irq.o (0x7)
Removed property 0xc0000000 to merge obj/aarch64_kernel.o (not found) and obj/aarch64_timer_tick.o (0x7)
Removed property 0xc0000000 to merge obj/aarch64_kernel.o (not found) and obj/aarch64_exception.o (0x7)
Removed property 0xc0000000 to merge obj/aarch64_kernel.o (not found) and obj/aarch64_psci.o (0x7)
Removed property 0xc0000000 to merge obj/aarch64_kernel.o (not found) and obj/aarch64_smp.o (0x7)

Discarded input sections

 .text          0x0000000000000000        0x0 obj/aarch64_start.o
 .data          0x0000000000000000        0x0 obj/aarch64_start.o
 .bss           0x0000000000000000        0x0 obj/aarch64_start.o
 .text          0x0000000000000000        0x0 obj/aarch64_kernel.o
 .data          0x0000000000000000        0x0 obj/aarch64_kernel.o
 .bss           0x0000000000000000        0x0 obj/aarch64_kernel.o
 .note.gnu.property
                0x0000000000000000       0x20 obj/aarch64_kernel.o
 .eh_frame      0x0000000000000000       0x68 obj/aarch64_kernel.o
 .text          0x0000000000000000        0x0 obj/aarch64_uart_pl011.o
 .data          0x0000000000000000        0x0 obj/aarch64_uart_pl011.o
 .bss           0x0000000000000000        0x0 obj/aarch64_uart_pl011.o
 .note.gnu.property
                0x0000000000000000       0x20 obj/aarch64_uart_pl011.o
 .eh_frame      0x0000000000000000       0x60 obj/aarch64_uart_pl011.o
 .text          0x0000000000000000        0x0 obj/aarch64_arch.o
 .data          0x0000000000000000        0x0 obj/aarch64_arch.o
 .bss           0x0000000000000000        0x0 obj/aarch64_arch.o
 .text.arch_irq_save
                0x0000000000000000       0x10 obj/aarch64_arch.o
 .text.arch_irq_restore
                0x0000000000000000        0xc obj/aarch64_arch.o
 .text.arch_halt
                0x0000000000000000        0xc obj/aarch64_arch.o
 .text.arch_relax
                0x0000000000000000        0xc obj/aarch64_arch.o
 .text.arch_halt_forever
                0x0000000000000000       0x10 obj/aarch64_arch.o
 .note.gnu.property
                0x0000000000000000       0x20 obj/aarch64_arch.o
 .eh_frame      0x0000000000000000       0xa0 obj/aarch64_arch.o
 .text          0x0000000000000000        0x0 obj/aarch64_fdt.o
 .data          0x0000000000000000        0x0 obj/aarch64_fdt.o
 .bss           0x0000000000000000        0x0 obj/aarch64_fdt.o
 .note.gnu.property
                0x0000000000000000       0x20 obj/aarch64_fdt.o
 .eh_frame      0x0000000000000000      0x1a8 obj/aarch64_fdt.o
 .data          0x0000000000000000        0x0 obj/aarch64_vectors.o
 .bss           0x0000000000000000        0x0 obj/aarch64_vectors.o
 .text          0x0000000000000000        0x0 obj/aarch64_gicv2.o
 .data          0x0000000000000000        0x0 obj/aarch64_gicv2.o
 .bss           0x0000000000000000        0x0 obj/aarch64_gicv2.o
 .note.gnu.property
                0x0000000000000000       0x20 obj/aarch64_gicv2.o
 .eh_frame      0x0000000000000000       0x68 obj/aarch64_gicv2.o
 .text          0x0000000000000000        0x0 obj/aarch64_timer.o
 .data          0x0000000000000000        0x0 obj/aarch64_timer.o
 .bss           0x0000000000000000        0x0 obj/aarch64_timer.o
 .text.aarch64_timer_get_freq_hz
                0x0000000000000000        0xc obj/aarch64_timer.o
 .note.gnu.property
                0x0000000000000000       0x20 obj/aarch64_timer.o
 .eh_frame      0x0000000000000000       0x50 obj/aarch64_timer.o
 .text          0x0000000000000000        0x0 obj/aarch64_irq.o
 .data          0x0000000000000000        0x0 obj/aarch64_irq.o
 .bss           0x0000000000000000        0x0 obj/aarch64_irq.o
 .note.gnu.property
                0x0000000000000000       0x20 obj/aarch64_irq.o
 .eh_frame      0x0000000000000000       0x78 obj/aarch64_irq.o
 .text          0x0000000000000000        0x0 obj/aarch64_timer_tick.o
 .data          0x0000000000000000        0x0 obj/aarch64_timer_tick.o
 .bss           0x0000000000000000        0x0 obj/aarch64_timer_tick.o
 .note.gnu.property
                0x0000000000000000       0x20 obj/aarch64_timer_tick.o
 .eh_frame      0x0000000000000000       0x28 obj/aarch64_timer_tick.o
 .text          0x0000000000000000        0x0 obj/aarch64_exception.o
 .data          0x0000000000000000        0x0 obj/aarch64_exception.o
 .bss           0x0000000000000000        0x0 obj/aarch64_exception.o
 .note.gnu.property
                0x0000000000000000       0x20 obj/aarch64_exception.o
 .eh_frame      0x0000000000000000       0x68 obj/aarch64_exception.o
 .text          0x0000000000000000        0x0 obj/aarch64_psci.o
 .data          0x0000000000000000        0x0 obj/aarch64_psci.o
 .bss           0x0000000000000000        0x0 obj/aarch64_psci.o
 .note.gnu.property
                0x0000000000000000       0x20 obj/aarch64_psci.o
 .eh_frame      0x0000000000000000       0x40 obj/aarch64_psci.o
 .text          0x0000000000000000        0x0 obj/aarch64_smp.o
 .data          0x0000000000000000        0x0 obj/aarch64_smp.o
 .bss           0x0000000000000000        0x0 obj/aarch64_smp.o
 .note.gnu.property
                0x0000000000000000       0x20 obj/aarch64_smp.o
 .eh_frame      0x0000000000000000       0xa0 obj/aarch64_smp.o

Memory Configuration

Name             Origin             Length             Attributes
*default*        0x0000000000000000 0xffffffffffffffff

Linker script and memory map

                0x0000000040080000                . = 0x40080000
                0x0000000040080000                __kernel_start = .

.text           0x0000000040080000     0x255c
 *(.text._start)
 .text._start   0x0000000040080000       0x90 obj/aarch64_start.o
                0x0000000040080000                _start
                0x0000000040080050                aarch64_secondary_start
 *(.text .text.*)
 .text.uart_write_hex64
                0x0000000040080090       0x60 obj/aarch64_kernel.o
 .text.kernel_main
                0x00000000400800f0      0x1cc obj/aarch64_kernel.o
                0x00000000400800f0                kernel_main
 .text.uart_pl011_init_115200
                0x00000000400802bc       0x44 obj/aarch64_uart_pl011.o
                0x00000000400802bc                uart_pl011_init_115200
 .text.uart_pl011_putc
                0x0000000040080300       0x2c obj/aarch64_uart_pl011.o
                0x0000000040080300                uart_pl011_putc
 .text.uart_pl011_write
                0x000000004008032c       0x58 obj/aarch64_uart_pl011.o
                0x000000004008032c                uart_pl011_write
 .text.arch_disable_interrupts
                0x0000000040080384        0xc obj/aarch64_arch.o
                0x0000000040080384                arch_disable_interrupts
 .text.arch_enable_interrupts
                0x0000000040080390        0xc obj/aarch64_arch.o
                0x0000000040080390                arch_enable_interrupts
 .text.streq    0x000000004008039c       0x3c obj/aarch64_fdt.o
 .text.mem_has_exact_str
                0x00000000400803d8       0x98 obj/aarch64_fdt.o
 .text.read_cells_as_u64
                0x0000000040080470       0x38 obj/aarch64_fdt.o
 .text.fdt_parse_memory
                0x00000000400804a8      0x2c0 obj/aarch64_fdt.o
                0x00000000400804a8                fdt_parse_memory
 .text.fdt_parse_gicv2
                0x0000000040080768      0x31c obj/aarch64_fdt.o
                0x0000000040080768                fdt_parse_gicv2
 .text.fdt_parse_armv8_timer_virtual_irq
                0x0000000040080a84      0x25c obj/aarch64_fdt.o
                0x0000000040080a84                fdt_parse_armv8_timer_virtual_irq
 .text.fdt_parse_cpus_mpidr
                0x0000000040080ce0      0x3d0 obj/aarch64_fdt.o
                0x0000000040080ce0                fdt_parse_cpus_mpidr
 .text.fdt_parse_psci_method
                0x00000000400810b0      0x294 obj/aarch64_fdt.o
                0x00000000400810b0                fdt_parse_psci_method
 .text          0x0000000040081344       0x60 obj/aarch64_vectors.o
 *fill*         0x00000000400813a4      0x45c 
 .text.vectors  0x0000000040081800      0x800 obj/aarch64_vectors.o
                0x0000000040081800                aarch64_vectors
 .text.gicv2_init
                0x0000000040082000       0x24 obj/aarch64_gicv2.o
                0x0000000040082000                gicv2_init
 .text.gicv2_enable_irq
                0x0000000040082024       0x28 obj/aarch64_gicv2.o
                0x0000000040082024                gicv2_enable_irq
 .text.gicv2_ack_irq
                0x000000004008204c       0x10 obj/aarch64_gicv2.o
                0x000000004008204c                gicv2_ack_irq
 .text.gicv2_eoi_irq
                0x000000004008205c       0x10 obj/aarch64_gicv2.o
                0x000000004008205c                gicv2_eoi_irq
 .text.aarch64_timer_init_tick_hz
                0x000000004008206c       0x40 obj/aarch64_timer.o
                0x000000004008206c                aarch64_timer_init_tick_hz
 .text.aarch64_timer_rearm
                0x00000000400820ac       0x38 obj/aarch64_timer.o
                0x00000000400820ac                aarch64_timer_rearm
 .text.aarch64_irq_init
                0x00000000400820e4       0x64 obj/aarch64_irq.o
                0x00000000400820e4                aarch64_irq_init
 .text.aarch64_irq_dispatch
                0x0000000040082148       0x80 obj/aarch64_irq.o
                0x0000000040082148                aarch64_irq_dispatch
 .text.aarch64_timer_on_tick
                0x00000000400821c8        0x8 obj/aarch64_timer_tick.o
                0x00000000400821c8                aarch64_timer_on_tick
 .text.uart_write_hex64
                0x00000000400821d0       0x60 obj/aarch64_exception.o
 .text.aarch64_sync_dispatch
                0x0000000040082230       0xc4 obj/aarch64_exception.o
                0x0000000040082230                aarch64_sync_dispatch
 .text.psci_set_conduit
                0x00000000400822f4       0x18 obj/aarch64_psci.o
                0x00000000400822f4                psci_set_conduit
 .text.psci_cpu_on
                0x000000004008230c       0x34 obj/aarch64_psci.o
                0x000000004008230c                psci_cpu_on
 .text.uart_write_hex64
                0x0000000040082340       0x60 obj/aarch64_smp.o
 .text.aarch64_smp_boot
                0x00000000400823a0      0x168 obj/aarch64_smp.o
                0x00000000400823a0                aarch64_smp_boot
 .text.aarch64_secondary_entry
                0x0000000040082508       0x54 obj/aarch64_smp.o
                0x0000000040082508                aarch64_secondary_entry

.iplt           0x000000004008255c        0x0
 .iplt          0x000000004008255c        0x0 obj/aarch64_start.o

.rodata         0x0000000040082560      0x26c
 *(.rodata .rodata.*)
 .rodata.uart_write_hex64.str1.1
                0x0000000040082560      0x26c obj/aarch64_kernel.o
                                         0x14 (size before relaxing)
 .rodata.kernel_main.str1.1
                0x00000000400827cc        0x0 obj/aarch64_kernel.o
                                         0x7a (size before relaxing)
 .rodata.fdt_parse_memory.str1.1
                0x00000000400827cc        0x0 obj/aarch64_fdt.o
                                         0x32 (size before relaxing)
 .rodata.fdt_parse_gicv2.str1.1
                0x00000000400827cc        0x0 obj/aarch64_fdt.o
                                         0x57 (size before relaxing)
 .rodata.fdt_parse_armv8_timer_virtual_irq.str1.1
                0x00000000400827cc        0x0 obj/aarch64_fdt.o
                                         0x2f (size before relaxing)
 .rodata.fdt_parse_cpus_mpidr.str1.1
                0x00000000400827cc        0x0 obj/aarch64_fdt.o
                                         0x13 (size before relaxing)
 .rodata.fdt_parse_psci_method.str1.1
                0x00000000400827cc        0x0 obj/aarch64_fdt.o
                                         0x21 (size before relaxing)
 .rodata.uart_write_hex64.str1.1
                0x00000000400827cc        0x0 obj/aarch64_exception.o
                                         0x14 (size before relaxing)
 .rodata.aarch64_sync_dispatch.str1.1
                0x00000000400827cc        0x0 obj/aarch64_exception.o
                                         0x4d (size before relaxing)
 .rodata.uart_write_hex64.str1.1
                0x00000000400827cc        0x0 obj/aarch64_smp.o
                                         0x14 (size before relaxing)
 .rodata.aarch64_smp_boot.str1.1
                0x00000000400827cc        0x0 obj/aarch64_smp.o
                                         0xa4 (size before relaxing)
 .rodata.aarch64_secondary_entry.str1.1
                0x00000000400827cc        0x0 obj/aarch64_smp.o
                                          0xe (size before relaxing)

.rela.dyn       0x00000000400827d0        0x0
 .rela.iplt     0x00000000400827d0        0x0 obj/aarch64_start.o
 .rela.text._start
                0x00000000400827d0        0x0 obj/aarch64_start.o

.data           0x00000000400827d0   0x100000
 *(.data .data.*)
 .data          0x00000000400827d0   0x100000 obj/aarch64_virt_dtb.o
                0x00000000400827d0                _binary_virt_dtb_start
                0x00000000401827d0                _binary_virt_dtb_end

.igot.plt       0x00000000401827d0        0x0
 .igot.plt      0x00000000401827d0        0x0 obj/aarch64_start.o

.bss            0x00000000401827d0     0x4030
                0x00000000401827d0                __bss_start = .
 *(.bss .bss.*)
 .bss.g_cntv_interval
                0x00000000401827d0        0x4 obj/aarch64_timer.o
 .bss.g_timer_irq_id
                0x00000000401827d4        0x4 obj/aarch64_irq.o
 .bss.g_gic     0x00000000401827d8       0x10 obj/aarch64_irq.o
 .bss.g_aarch64_ticks
                0x00000000401827e8        0x4 obj/aarch64_irq.o
                0x00000000401827e8                g_aarch64_ticks
 .bss.g_psci_use_hvc
                0x00000000401827ec        0x4 obj/aarch64_psci.o
 .bss.aarch64_cpu_online
                0x00000000401827f0       0x10 obj/aarch64_smp.o
                0x00000000401827f0                aarch64_cpu_online
 .bss.aarch64_cpu_stacks
                0x0000000040182800     0x4000 obj/aarch64_smp.o
                0x0000000040182800                aarch64_cpu_stacks
 *(COMMON)
                0x0000000040186800                __bss_end = .
                0x0000000040186800                . = ALIGN (0x10)
                0x0000000040186800                __stack_bottom = .
                0x0000000040196800                . = (. + 0x10000)
                0x0000000040196800                __stack_top = .
                0x0000000040196800                __kernel_end = .
LOAD obj/aarch64_start.o
LOAD obj/aarch64_kernel.o
LOAD obj/aarch64_uart_pl011.o
LOAD obj/aarch64_arch.o
LOAD obj/aarch64_fdt.o
LOAD obj/aarch64_vectors.o
LOAD obj/aarch64_gicv2.o
LOAD obj/aarch64_timer.o
LOAD obj/aarch64_irq.o
LOAD obj/aarch64_timer_tick.o
LOAD obj/aarch64_exception.o
LOAD obj/aarch64_psci.o
LOAD obj/aarch64_smp.o
LOAD obj/aarch64_virt_dtb.o
OUTPUT(tmp_aarch64_user/boot/kernel8.elf elf64-littleaarch64)
LOAD linker stubs

.comment        0x0000000000000000       0x34
 .comment       0x0000000000000000       0x34 obj/aarch64_kernel.o
                                         0x35 (size before relaxing)
 .comment       0x0000000000000034        0x0 obj/aarch64_uart_pl011.o
                                         0x35 (size before relaxing)
 .comment       0x0000000000000034        0x0 obj/aarch64_arch.o
                                         0x35 (size before relaxing)
 .comment       0x0000000000000034        0x0 obj/aarch64_fdt.o
                                         0x35 (size before relaxing)
 .comment       0x0000000000000034        0x0 obj/aarch64_gicv2.o
                                         0x35 (size before relaxing)
 .comment       0x0000000000000034        0x0 obj/aarch64_timer.o
                                         0x35 (size before relaxing)
 .comment       0x0000000000000034        0x0 obj/aarch64_irq.o
                                         0x35 (size before relaxing)
 .comment       0x0000000000000034        0x0 obj/aarch64_timer_tick.o
                                         0x35 (size before relaxing)
 .comment       0x0000000000000034        0x0 obj/aarch64_exception.o
                                         0x35 (size before relaxing)
 .comment       0x0000000000000034        0x0 obj/aarch64_psci.o
                                         0x35 (size before relaxing)
 .comment       0x0000000000000034        0x0 obj/aarch64_smp.o
                                         0x35 (size before relaxing)

.note.GNU-stack
                0x0000000000000000        0x0
 .note.GNU-stack
                0x0000000000000000        0x0 obj/aarch64_kernel.o
 .note.GNU-stack
                0x0000000000000000        0x0 obj/aarch64_uart_pl011.o
 .note.GNU-stack
                0x0000000000000000        0x0 obj/aarch64_arch.o
 .note.GNU-stack
                0x0000000000000000        0x0 obj/aarch64_fdt.o
 .note.GNU-stack
                0x0000000000000000        0x0 obj/aarch64_gicv2.o
 .note.GNU-stack
                0x0000000000000000        0x0 obj/aarch64_timer.o
 .note.GNU-stack
                0x0000000000000000        0x0 obj/aarch64_irq.o
 .note.GNU-stack
                0x0000000000000000        0x0 obj/aarch64_timer_tick.o
 .note.GNU-stack
                0x0000000000000000        0x0 obj/aarch64_exception.o
 .note.GNU-stack
                0x0000000000000000        0x0 obj/aarch64_psci.o
 .note.GNU-stack
                0x0000000000000000        0x0 obj/aarch64_smp.o
