
Merging program properties

Removed property 0xc0000000 to merge obj/aarch64_kernel.o (0x7) and obj/aarch64_start.o (not found)
Removed property 0xc0000000 to merge obj/aarch64_kernel.o (not found) and obj/aarch64_uart_pl011.o (0x7)
Removed property 0xc0000000 to merge obj/aarch64_kernel.o (not found) and obj/aarch64_arch.o (0x7)
Removed property 0xc0000000 to merge obj/aarch64_kernel.o (not found) and obj/aarch64_fdt.o (0x7)
Removed property 0xc0000000 to merge obj/aarch64_kernel.o (not found) and obj/aarch64_gicv2.o (0x7)
Removed property 0xc0000000 to merge obj/aarch64_kernel.o (not found) and obj/aarch64_timer.o (0x7)
Removed property 0xc0000000 to merge obj/aarch64_kernel.o (not found) and obj/aarch64_irq.o (0x7)
Removed property 0xc0000000 to merge obj/aarch64_kernel.o (not found) and obj/aarch64_timer_tick.o (0x7)
Removed property 0xc0000000 to merge obj/aarch64_kernel.o (not found) and obj/aarch64_exception.o (0x7)
Removed property 0xc0000000 to merge obj/aarch64_kernel.o (not found) and obj/aarch64_psci.o (0x7)
Removed property 0xc0000000 to merge obj/aarch64_kernel.o (not found) and obj/aarch64_smp.o (0x7)
Removed property 0xc0000000 to merge obj/aarch64_kernel.o (not found) and obj/aarch64_fb_simple.o (0x7)

Discarded input sections

 .text          0x0000000000000000        0x0 obj/aarch64_start.o
 .data          0x0000000000000000        0x0 obj/aarch64_start.o
 .bss           0x0000000000000000        0x0 obj/aarch64_start.o
 .text          0x0000000000000000        0x0 obj/aarch64_kernel.o
 .data          0x0000000000000000        0x0 obj/aarch64_kernel.o
 .bss           0x0000000000000000        0x0 obj/aarch64_kernel.o
 .note.gnu.property
                0x0000000000000000       0x20 obj/aarch64_kernel.o
 .eh_frame      0x0000000000000000       0x68 obj/aarch64_kernel.o
 .text          0x0000000000000000        0x0 obj/aarch64_uart_pl011.o
 .data          0x0000000000000000        0x0 obj/aarch64_uart_pl011.o
 .bss           0x0000000000000000        0x0 obj/aarch64_uart_pl011.o
 .note.gnu.property
                0x0000000000000000       0x20 obj/aarch64_uart_pl011.o
 .eh_frame      0x0000000000000000       0x60 obj/aarch64_uart_pl011.o
 .text          0x0000000000000000        0x0 obj/aarch64_arch.o
 .data          0x0000000000000000        0x0 obj/aarch64_arch.o
 .bss           0x0000000000000000        0x0 obj/aarch64_arch.o
 .text.arch_irq_save
                0x0000000000000000       0x10 obj/aarch64_arch.o
 .text.arch_irq_restore
                0x0000000000000000        0xc obj/aarch64_arch.o
 .text.arch_halt
                0x0000000000000000        0xc obj/aarch64_arch.o
 .text.arch_relax
                0x0000000000000000        0xc obj/aarch64_arch.o
 .text.arch_halt_forever
                0x0000000000000000       0x10 obj/aarch64_arch.o
 .note.gnu.property
                0x0000000000000000       0x20 obj/aarch64_arch.o
 .eh_frame      0x0000000000000000       0xa0 obj/aarch64_arch.o
 .text          0x0000000000000000        0x0 obj/aarch64_fdt.o
 .data          0x0000000000000000        0x0 obj/aarch64_fdt.o
 .bss           0x0000000000000000        0x0 obj/aarch64_fdt.o
 .note.gnu.property
                0x0000000000000000       0x20 obj/aarch64_fdt.o
 .eh_frame      0x0000000000000000      0x230 obj/aarch64_fdt.o
 .data          0x0000000000000000        0x0 obj/aarch64_vectors.o
 .bss           0x0000000000000000        0x0 obj/aarch64_vectors.o
 .text          0x0000000000000000        0x0 obj/aarch64_gicv2.o
 .data          0x0000000000000000        0x0 obj/aarch64_gicv2.o
 .bss           0x0000000000000000        0x0 obj/aarch64_gicv2.o
 .text.gicv2_init
                0x0000000000000000       0x34 obj/aarch64_gicv2.o
 .note.gnu.property
                0x0000000000000000       0x20 obj/aarch64_gicv2.o
 .eh_frame      0x0000000000000000       0xa0 obj/aarch64_gicv2.o
 .text          0x0000000000000000        0x0 obj/aarch64_timer.o
 .data          0x0000000000000000        0x0 obj/aarch64_timer.o
 .bss           0x0000000000000000        0x0 obj/aarch64_timer.o
 .text.aarch64_timer_get_freq_hz
                0x0000000000000000        0xc obj/aarch64_timer.o
 .note.gnu.property
                0x0000000000000000       0x20 obj/aarch64_timer.o
 .eh_frame      0x0000000000000000       0x50 obj/aarch64_timer.o
 .text          0x0000000000000000        0x0 obj/aarch64_irq.o
 .data          0x0000000000000000        0x0 obj/aarch64_irq.o
 .bss           0x0000000000000000        0x0 obj/aarch64_irq.o
 .note.gnu.property
                0x0000000000000000       0x20 obj/aarch64_irq.o
 .eh_frame      0x0000000000000000       0x98 obj/aarch64_irq.o
 .text          0x0000000000000000        0x0 obj/aarch64_timer_tick.o
 .data          0x0000000000000000        0x0 obj/aarch64_timer_tick.o
 .bss           0x0000000000000000        0x0 obj/aarch64_timer_tick.o
 .note.gnu.property
                0x0000000000000000       0x20 obj/aarch64_timer_tick.o
 .eh_frame      0x0000000000000000       0x28 obj/aarch64_timer_tick.o
 .text          0x0000000000000000        0x0 obj/aarch64_exception.o
 .data          0x0000000000000000        0x0 obj/aarch64_exception.o
 .bss           0x0000000000000000        0x0 obj/aarch64_exception.o
 .note.gnu.property
                0x0000000000000000       0x20 obj/aarch64_exception.o
 .eh_frame      0x0000000000000000       0x68 obj/aarch64_exception.o
 .text          0x0000000000000000        0x0 obj/aarch64_psci.o
 .data          0x0000000000000000        0x0 obj/aarch64_psci.o
 .bss           0x0000000000000000        0x0 obj/aarch64_psci.o
 .note.gnu.property
                0x0000000000000000       0x20 obj/aarch64_psci.o
 .eh_frame      0x0000000000000000       0x40 obj/aarch64_psci.o
 .text          0x0000000000000000        0x0 obj/aarch64_smp.o
 .data          0x0000000000000000        0x0 obj/aarch64_smp.o
 .bss           0x0000000000000000        0x0 obj/aarch64_smp.o
 .note.gnu.property
                0x0000000000000000       0x20 obj/aarch64_smp.o
 .eh_frame      0x0000000000000000       0xb8 obj/aarch64_smp.o
 .text          0x0000000000000000        0x0 obj/aarch64_fb_simple.o
 .data          0x0000000000000000        0x0 obj/aarch64_fb_simple.o
 .bss           0x0000000000000000        0x0 obj/aarch64_fb_simple.o
 .text.fb_simple_clear
                0x0000000000000000       0x18 obj/aarch64_fb_simple.o
 .note.gnu.property
                0x0000000000000000       0x20 obj/aarch64_fb_simple.o
 .eh_frame      0x0000000000000000      0x178 obj/aarch64_fb_simple.o

Memory Configuration

Name             Origin             Length             Attributes
*default*        0x0000000000000000 0xffffffffffffffff

Linker script and memory map

                0x0000000040080000                . = 0x40080000
                0x0000000040080000                __kernel_start = .

.text           0x0000000040080000     0x3564
 *(.text._start)
 .text._start   0x0000000040080000       0x90 obj/aarch64_start.o
                0x0000000040080000                _start
                0x0000000040080050                aarch64_secondary_start
 *(.text .text.*)
 .text.uart_write_hex64
                0x0000000040080090       0x60 obj/aarch64_kernel.o
 .text.kernel_main
                0x00000000400800f0      0x420 obj/aarch64_kernel.o
                0x00000000400800f0                kernel_main
 .text.uart_pl011_init_115200
                0x0000000040080510       0x44 obj/aarch64_uart_pl011.o
                0x0000000040080510                uart_pl011_init_115200
 .text.uart_pl011_putc
                0x0000000040080554       0x2c obj/aarch64_uart_pl011.o
                0x0000000040080554                uart_pl011_putc
 .text.uart_pl011_write
                0x0000000040080580       0x58 obj/aarch64_uart_pl011.o
                0x0000000040080580                uart_pl011_write
 .text.arch_disable_interrupts
                0x00000000400805d8        0xc obj/aarch64_arch.o
                0x00000000400805d8                arch_disable_interrupts
 .text.arch_enable_interrupts
                0x00000000400805e4        0xc obj/aarch64_arch.o
                0x00000000400805e4                arch_enable_interrupts
 .text.streq    0x00000000400805f0       0x3c obj/aarch64_fdt.o
 .text.mem_has_exact_str
                0x000000004008062c       0x98 obj/aarch64_fdt.o
 .text.read_cells_as_u64
                0x00000000400806c4       0x38 obj/aarch64_fdt.o
 .text.fdt_parse_memory
                0x00000000400806fc      0x2c0 obj/aarch64_fdt.o
                0x00000000400806fc                fdt_parse_memory
 .text.fdt_parse_gicv2
                0x00000000400809bc      0x31c obj/aarch64_fdt.o
                0x00000000400809bc                fdt_parse_gicv2
 .text.fdt_parse_armv8_timer_virtual_irq
                0x0000000040080cd8      0x25c obj/aarch64_fdt.o
                0x0000000040080cd8                fdt_parse_armv8_timer_virtual_irq
 .text.fdt_parse_cpus_mpidr
                0x0000000040080f34      0x3d0 obj/aarch64_fdt.o
                0x0000000040080f34                fdt_parse_cpus_mpidr
 .text.fdt_parse_psci_method
                0x0000000040081304      0x294 obj/aarch64_fdt.o
                0x0000000040081304                fdt_parse_psci_method
 .text.fdt_parse_simple_framebuffer
                0x0000000040081598      0x3fc obj/aarch64_fdt.o
                0x0000000040081598                fdt_parse_simple_framebuffer
 .text.fdt_parse_qemu_fw_cfg_mmio
                0x0000000040081994      0x304 obj/aarch64_fdt.o
                0x0000000040081994                fdt_parse_qemu_fw_cfg_mmio
 .text          0x0000000040081c98       0x60 obj/aarch64_vectors.o
 *fill*         0x0000000040081cf8      0x308 
 .text.vectors  0x0000000040082000      0x800 obj/aarch64_vectors.o
                0x0000000040082000                aarch64_vectors
 .text.gicv2_dist_init
                0x0000000040082800       0x18 obj/aarch64_gicv2.o
                0x0000000040082800                gicv2_dist_init
 .text.gicv2_cpu_init
                0x0000000040082818       0x20 obj/aarch64_gicv2.o
                0x0000000040082818                gicv2_cpu_init
 .text.gicv2_enable_irq
                0x0000000040082838       0x28 obj/aarch64_gicv2.o
                0x0000000040082838                gicv2_enable_irq
 .text.gicv2_ack_irq
                0x0000000040082860       0x10 obj/aarch64_gicv2.o
                0x0000000040082860                gicv2_ack_irq
 .text.gicv2_eoi_irq
                0x0000000040082870       0x10 obj/aarch64_gicv2.o
                0x0000000040082870                gicv2_eoi_irq
 .text.aarch64_timer_init_tick_hz
                0x0000000040082880       0x40 obj/aarch64_timer.o
                0x0000000040082880                aarch64_timer_init_tick_hz
 .text.aarch64_timer_rearm
                0x00000000400828c0       0x38 obj/aarch64_timer.o
                0x00000000400828c0                aarch64_timer_rearm
 .text.aarch64_irq_cpu_init
                0x00000000400828f8       0x44 obj/aarch64_irq.o
                0x00000000400828f8                aarch64_irq_cpu_init
 .text.aarch64_irq_init
                0x000000004008293c       0x38 obj/aarch64_irq.o
                0x000000004008293c                aarch64_irq_init
 .text.aarch64_irq_dispatch
                0x0000000040082974       0xa4 obj/aarch64_irq.o
                0x0000000040082974                aarch64_irq_dispatch
 .text.aarch64_timer_on_tick
                0x0000000040082a18        0x8 obj/aarch64_timer_tick.o
                0x0000000040082a18                aarch64_timer_on_tick
 .text.uart_write_hex64
                0x0000000040082a20       0x60 obj/aarch64_exception.o
 .text.aarch64_sync_dispatch
                0x0000000040082a80       0xc4 obj/aarch64_exception.o
                0x0000000040082a80                aarch64_sync_dispatch
 .text.psci_set_conduit
                0x0000000040082b44       0x18 obj/aarch64_psci.o
                0x0000000040082b44                psci_set_conduit
 .text.psci_cpu_on
                0x0000000040082b5c       0x34 obj/aarch64_psci.o
                0x0000000040082b5c                psci_cpu_on
 .text.uart_write_hex64
                0x0000000040082b90       0x60 obj/aarch64_smp.o
 .text.aarch64_cpu_id
                0x0000000040082bf0       0x10 obj/aarch64_smp.o
                0x0000000040082bf0                aarch64_cpu_id
 .text.aarch64_smp_boot
                0x0000000040082c00      0x168 obj/aarch64_smp.o
                0x0000000040082c00                aarch64_smp_boot
 .text.aarch64_secondary_entry
                0x0000000040082d68       0x64 obj/aarch64_smp.o
                0x0000000040082d68                aarch64_secondary_entry
 .text.bswap32  0x0000000040082dcc        0x8 obj/aarch64_fb_simple.o
 .text.fw_cfg_read_u32_be
                0x0000000040082dd4       0x2c obj/aarch64_fb_simple.o
 .text.fb_put_pixel
                0x0000000040082e00       0x50 obj/aarch64_fb_simple.o
 .text.aarch64_dcache_clean_poc_range.part.0
                0x0000000040082e50       0x44 obj/aarch64_fb_simple.o
 .text.fb_clear_screen
                0x0000000040082e94       0x94 obj/aarch64_fb_simple.o
 .text.fb_newline
                0x0000000040082f28       0x34 obj/aarch64_fb_simple.o
 .text.fb_simple_init
                0x0000000040082f5c      0x3cc obj/aarch64_fb_simple.o
                0x0000000040082f5c                fb_simple_init
 .text.fb_simple_ready
                0x0000000040083328       0x18 obj/aarch64_fb_simple.o
                0x0000000040083328                fb_simple_ready
 .text.fb_simple_putc
                0x0000000040083340      0x154 obj/aarch64_fb_simple.o
                0x0000000040083340                fb_simple_putc
 .text.fb_simple_write
                0x0000000040083494       0x44 obj/aarch64_fb_simple.o
                0x0000000040083494                fb_simple_write
 .text.fb_simple_get_info
                0x00000000400834d8       0x7c obj/aarch64_fb_simple.o
                0x00000000400834d8                fb_simple_get_info
 .text.fb_simple_last_error
                0x0000000040083554       0x10 obj/aarch64_fb_simple.o
                0x0000000040083554                fb_simple_last_error

.iplt           0x0000000040083564        0x0
 .iplt          0x0000000040083564        0x0 obj/aarch64_start.o

.rodata         0x0000000040083570      0xb0b
 *(.rodata .rodata.*)
 .rodata.uart_write_hex64.str1.1
                0x0000000040083570      0x302 obj/aarch64_kernel.o
                                         0x14 (size before relaxing)
 .rodata.kernel_main.str1.1
                0x0000000040083872        0x0 obj/aarch64_kernel.o
                                         0xe0 (size before relaxing)
 .rodata.fdt_parse_memory.str1.1
                0x0000000040083872        0x0 obj/aarch64_fdt.o
                                         0x32 (size before relaxing)
 .rodata.fdt_parse_gicv2.str1.1
                0x0000000040083872        0x0 obj/aarch64_fdt.o
                                         0x57 (size before relaxing)
 .rodata.fdt_parse_armv8_timer_virtual_irq.str1.1
                0x0000000040083872        0x0 obj/aarch64_fdt.o
                                         0x2f (size before relaxing)
 .rodata.fdt_parse_cpus_mpidr.str1.1
                0x0000000040083872        0x0 obj/aarch64_fdt.o
                                         0x13 (size before relaxing)
 .rodata.fdt_parse_psci_method.str1.1
                0x0000000040083872        0x0 obj/aarch64_fdt.o
                                         0x21 (size before relaxing)
 .rodata.fdt_parse_simple_framebuffer.str1.1
                0x0000000040083872        0x0 obj/aarch64_fdt.o
                                         0x2e (size before relaxing)
 .rodata.fdt_parse_qemu_fw_cfg_mmio.str1.1
                0x0000000040083872        0x0 obj/aarch64_fdt.o
                                         0x11 (size before relaxing)
 .rodata.uart_write_hex64.str1.1
                0x0000000040083872        0x0 obj/aarch64_exception.o
                                         0x14 (size before relaxing)
 .rodata.aarch64_sync_dispatch.str1.1
                0x0000000040083872        0x0 obj/aarch64_exception.o
                                         0x4d (size before relaxing)
 .rodata.uart_write_hex64.str1.1
                0x0000000040083872        0x0 obj/aarch64_smp.o
                                         0x14 (size before relaxing)
 .rodata.aarch64_smp_boot.str1.1
                0x0000000040083872        0x0 obj/aarch64_smp.o
                                         0xa4 (size before relaxing)
 .rodata.aarch64_secondary_entry.str1.1
                0x0000000040083872        0x0 obj/aarch64_smp.o
                                          0xe (size before relaxing)
 .rodata.fb_simple_init.str1.1
                0x0000000040083872        0x0 obj/aarch64_fb_simple.o
                                          0xa (size before relaxing)
 .rodata.g_font8x8
                0x0000000040083872      0x809 obj/aarch64_fb_simple.o

.rela.dyn       0x0000000040084080        0x0
 .rela.iplt     0x0000000040084080        0x0 obj/aarch64_start.o
 .rela.text._start
                0x0000000040084080        0x0 obj/aarch64_start.o

.data           0x0000000040084080   0x100004
 *(.data .data.*)
 .data.g_fb_bpp
                0x0000000040084080        0x4 obj/aarch64_fb_simple.o
 .data          0x0000000040084084   0x100000 obj/aarch64_virt_dtb.o
                0x0000000040084084                _binary_virt_dtb_start
                0x0000000040184084                _binary_virt_dtb_end

.igot.plt       0x0000000040184088        0x0
 .igot.plt      0x0000000040184088        0x0 obj/aarch64_start.o

.bss            0x0000000040184090   0x1d8c88
                0x0000000040184090                __bss_start = .
 *(.bss .bss.*)
 .bss.g_cntv_interval
                0x0000000040184090        0x4 obj/aarch64_timer.o
 .bss.g_timer_irq_id
                0x0000000040184094        0x4 obj/aarch64_irq.o
 .bss.g_gic     0x0000000040184098       0x10 obj/aarch64_irq.o
 .bss.g_aarch64_ticks
                0x00000000401840a8        0x4 obj/aarch64_irq.o
                0x00000000401840a8                g_aarch64_ticks
 .bss.g_psci_use_hvc
                0x00000000401840ac        0x4 obj/aarch64_psci.o
 .bss.aarch64_cpu_ticks
                0x00000000401840b0       0x10 obj/aarch64_smp.o
                0x00000000401840b0                aarch64_cpu_ticks
 .bss.aarch64_cpu_online
                0x00000000401840c0       0x10 obj/aarch64_smp.o
                0x00000000401840c0                aarch64_cpu_online
 .bss.aarch64_cpu_stacks
                0x00000000401840d0     0x4000 obj/aarch64_smp.o
                0x00000000401840d0                aarch64_cpu_stacks
 .bss.g_ramfb_pixels
                0x00000000401880d0   0x1d4c00 obj/aarch64_fb_simple.o
 .bss.g_fb_last_error
                0x000000004035ccd0        0x4 obj/aarch64_fb_simple.o
 .bss.g_cursor_y
                0x000000004035ccd4        0x4 obj/aarch64_fb_simple.o
 .bss.g_cursor_x
                0x000000004035ccd8        0x4 obj/aarch64_fb_simple.o
 *fill*         0x000000004035ccdc        0x4 
 .bss.g_fb_format
                0x000000004035cce0       0x20 obj/aarch64_fb_simple.o
 .bss.g_fb_stride
                0x000000004035cd00        0x4 obj/aarch64_fb_simple.o
 .bss.g_fb_height
                0x000000004035cd04        0x4 obj/aarch64_fb_simple.o
 .bss.g_fb_width
                0x000000004035cd08        0x4 obj/aarch64_fb_simple.o
 *fill*         0x000000004035cd0c        0x4 
 .bss.g_fb_base
                0x000000004035cd10        0x8 obj/aarch64_fb_simple.o
 *(COMMON)
                0x000000004035cd18                __bss_end = .
                0x000000004035cd20                . = ALIGN (0x10)
                0x000000004035cd20                __stack_bottom = .
                0x000000004036cd20                . = (. + 0x10000)
                0x000000004036cd20                __stack_top = .
                0x000000004036cd20                __kernel_end = .
LOAD obj/aarch64_start.o
LOAD obj/aarch64_kernel.o
LOAD obj/aarch64_uart_pl011.o
LOAD obj/aarch64_arch.o
LOAD obj/aarch64_fdt.o
LOAD obj/aarch64_vectors.o
LOAD obj/aarch64_gicv2.o
LOAD obj/aarch64_timer.o
LOAD obj/aarch64_irq.o
LOAD obj/aarch64_timer_tick.o
LOAD obj/aarch64_exception.o
LOAD obj/aarch64_psci.o
LOAD obj/aarch64_smp.o
LOAD obj/aarch64_fb_simple.o
LOAD obj/aarch64_virt_dtb.o
OUTPUT(tmp_aarch64_user/boot/kernel8.elf elf64-littleaarch64)
LOAD linker stubs

.comment        0x0000000000000000       0x34
 .comment       0x0000000000000000       0x34 obj/aarch64_kernel.o
                                         0x35 (size before relaxing)
 .comment       0x0000000000000034        0x0 obj/aarch64_uart_pl011.o
                                         0x35 (size before relaxing)
 .comment       0x0000000000000034        0x0 obj/aarch64_arch.o
                                         0x35 (size before relaxing)
 .comment       0x0000000000000034        0x0 obj/aarch64_fdt.o
                                         0x35 (size before relaxing)
 .comment       0x0000000000000034        0x0 obj/aarch64_gicv2.o
                                         0x35 (size before relaxing)
 .comment       0x0000000000000034        0x0 obj/aarch64_timer.o
                                         0x35 (size before relaxing)
 .comment       0x0000000000000034        0x0 obj/aarch64_irq.o
                                         0x35 (size before relaxing)
 .comment       0x0000000000000034        0x0 obj/aarch64_timer_tick.o
                                         0x35 (size before relaxing)
 .comment       0x0000000000000034        0x0 obj/aarch64_exception.o
                                         0x35 (size before relaxing)
 .comment       0x0000000000000034        0x0 obj/aarch64_psci.o
                                         0x35 (size before relaxing)
 .comment       0x0000000000000034        0x0 obj/aarch64_smp.o
                                         0x35 (size before relaxing)
 .comment       0x0000000000000034        0x0 obj/aarch64_fb_simple.o
                                         0x35 (size before relaxing)

.note.GNU-stack
                0x0000000000000000        0x0
 .note.GNU-stack
                0x0000000000000000        0x0 obj/aarch64_kernel.o
 .note.GNU-stack
                0x0000000000000000        0x0 obj/aarch64_uart_pl011.o
 .note.GNU-stack
                0x0000000000000000        0x0 obj/aarch64_arch.o
 .note.GNU-stack
                0x0000000000000000        0x0 obj/aarch64_fdt.o
 .note.GNU-stack
                0x0000000000000000        0x0 obj/aarch64_gicv2.o
 .note.GNU-stack
                0x0000000000000000        0x0 obj/aarch64_timer.o
 .note.GNU-stack
                0x0000000000000000        0x0 obj/aarch64_irq.o
 .note.GNU-stack
                0x0000000000000000        0x0 obj/aarch64_timer_tick.o
 .note.GNU-stack
                0x0000000000000000        0x0 obj/aarch64_exception.o
 .note.GNU-stack
                0x0000000000000000        0x0 obj/aarch64_psci.o
 .note.GNU-stack
                0x0000000000000000        0x0 obj/aarch64_smp.o
 .note.GNU-stack
                0x0000000000000000        0x0 obj/aarch64_fb_simple.o
