
Merging program properties

Removed property 0xc0000000 to merge obj/aarch64_kernel_full.o (0x7) and obj/aarch64_start.o (not found)
Removed property 0xc0000000 to merge obj/aarch64_kernel_full.o (not found) and obj/aarch64_shell_meminfo.o (0x7)
Removed property 0xc0000000 to merge obj/aarch64_kernel_full.o (not found) and obj/aarch64_shell.o (0x7)
Removed property 0xc0000000 to merge obj/aarch64_kernel_full.o (not found) and obj/aarch64_history.o (0x7)
Removed property 0xc0000000 to merge obj/aarch64_kernel_full.o (not found) and obj/aarch64_putchar.o (0x7)
Removed property 0xc0000000 to merge obj/aarch64_kernel_full.o (not found) and obj/aarch64_shell_commands.o (0x7)
Removed property 0xc0000000 to merge obj/aarch64_kernel_full.o (not found) and obj/aarch64_fs_commands.o (0x7)
Removed property 0xc0000000 to merge obj/aarch64_kernel_full.o (not found) and obj/aarch64_uart_pl011.o (0x7)
Removed property 0xc0000000 to merge obj/aarch64_kernel_full.o (not found) and obj/aarch64_virtio_input.o (0x7)
Removed property 0xc0000000 to merge obj/aarch64_kernel_full.o (not found) and obj/aarch64_virtio_blk.o (0x7)
Removed property 0xc0000000 to merge obj/aarch64_kernel_full.o (not found) and obj/aarch64_ata_virtio.o (0x7)
Removed property 0xc0000000 to merge obj/aarch64_kernel_full.o (not found) and obj/aarch64_arch.o (0x7)
Removed property 0xc0000000 to merge obj/aarch64_kernel_full.o (not found) and obj/aarch64_fdt.o (0x7)
Removed property 0xc0000000 to merge obj/aarch64_kernel_full.o (not found) and obj/aarch64_gicv2.o (0x7)
Removed property 0xc0000000 to merge obj/aarch64_kernel_full.o (not found) and obj/aarch64_timer.o (0x7)
Removed property 0xc0000000 to merge obj/aarch64_kernel_full.o (not found) and obj/aarch64_irq.o (0x7)
Removed property 0xc0000000 to merge obj/aarch64_kernel_full.o (not found) and obj/aarch64_timer_tick.o (0x7)
Removed property 0xc0000000 to merge obj/aarch64_kernel_full.o (not found) and obj/aarch64_exception.o (0x7)
Removed property 0xc0000000 to merge obj/aarch64_kernel_full.o (not found) and obj/aarch64_psci.o (0x7)
Removed property 0xc0000000 to merge obj/aarch64_kernel_full.o (not found) and obj/aarch64_smp.o (0x7)
Removed property 0xc0000000 to merge obj/aarch64_kernel_full.o (not found) and obj/aarch64_fb_simple.o (0x7)
Removed property 0xc0000000 to merge obj/aarch64_kernel_full.o (not found) and obj/aarch64_gfx.o (0x7)
Removed property 0xc0000000 to merge obj/aarch64_kernel_full.o (not found) and obj/aarch64_gfx_backend_fb_simple.o (0x7)
Removed property 0xc0000000 to merge obj/aarch64_kernel_full.o (not found) and obj/aarch64_printf.o (0x7)
Removed property 0xc0000000 to merge obj/aarch64_kernel_full.o (not found) and obj/aarch64_string.o (0x7)
Removed property 0xc0000000 to merge obj/aarch64_kernel_full.o (not found) and obj/aarch64_heap.o (0x7)
Removed property 0xc0000000 to merge obj/aarch64_kernel_full.o (not found) and obj/aarch64_pipeline.o (0x7)
Removed property 0xc0000000 to merge obj/aarch64_kernel_full.o (not found) and obj/aarch64_vga_redirect.o (0x7)
Removed property 0xc0000000 to merge obj/aarch64_kernel_full.o (not found) and obj/aarch64_fs_stubs.o (0x7)
Removed property 0xc0000000 to merge obj/aarch64_kernel_full.o (not found) and obj/aarch64_alias.o (0x7)
Removed property 0xc0000000 to merge obj/aarch64_kernel_full.o (not found) and obj/aarch64_math.o (0x7)
Removed property 0xc0000000 to merge obj/aarch64_kernel_full.o (not found) and obj/aarch64_fat32.o (0x7)
Removed property 0xc0000000 to merge obj/aarch64_kernel_full.o (not found) and obj/aarch64_eynfs.o (0x7)
Removed property 0xc0000000 to merge obj/aarch64_kernel_full.o (not found) and obj/aarch64_vfs.o (0x7)
Removed property 0xc0000000 to merge obj/aarch64_kernel_full.o (not found) and obj/aarch64_hal_console.o (0x7)
Removed property 0xc0000000 to merge obj/aarch64_kernel_full.o (not found) and obj/aarch64_hal_keyboard.o (0x7)
Removed property 0xc0000000 to merge obj/aarch64_kernel_full.o (not found) and obj/aarch64_gfx_cmd.o (0x7)
Removed property 0xc0000000 to merge obj/aarch64_kernel_full.o (not found) and obj/aarch64_shell_state.o (0x7)
Removed property 0xc0000000 to merge obj/aarch64_kernel_full.o (not found) and obj/aarch64_util_globals.o (0x7)

Discarded input sections

 .text          0x0000000000000000        0x0 obj/aarch64_start.o
 .data          0x0000000000000000        0x0 obj/aarch64_start.o
 .bss           0x0000000000000000        0x0 obj/aarch64_start.o
 .text          0x0000000000000000        0x0 obj/aarch64_kernel_full.o
 .data          0x0000000000000000        0x0 obj/aarch64_kernel_full.o
 .bss           0x0000000000000000        0x0 obj/aarch64_kernel_full.o
 .note.gnu.property
                0x0000000000000000       0x20 obj/aarch64_kernel_full.o
 .eh_frame      0x0000000000000000       0x68 obj/aarch64_kernel_full.o
 .text          0x0000000000000000        0x0 obj/aarch64_shell_meminfo.o
 .data          0x0000000000000000        0x0 obj/aarch64_shell_meminfo.o
[...]
Memory Configuration

Name             Origin             Length             Attributes
*default*        0x0000000000000000 0xffffffffffffffff

Linker script and memory map

                0x0000000040080000                . = 0x40080000
                0x0000000040080000                __kernel_start = .

.text           0x0000000040080000    0x1059c
 *(.text._start)
 .text._start   0x0000000040080000       0x90 obj/aarch64_start.o
                0x0000000040080000                _start
                0x0000000040080050                aarch64_secondary_start
 *(.text .text.*)
 .text.fb_write_hex64
                0x0000000040080090       0x60 obj/aarch64_kernel_full.o
 .text.kernel_main
                0x00000000400800f0      0x2f0 obj/aarch64_kernel_full.o
                0x00000000400800f0                kernel_main
 .text.aarch64_shell_set_meminfo
                0x00000000400803e0       0x18 obj/aarch64_shell_meminfo.o
                0x00000000400803e0                aarch64_shell_set_meminfo
 .text.ls_cmd   0x00000000400803f8        0x8 obj/aarch64_shell.o
                0x00000000400803f8                ls_cmd
 .text.echo_cmd
                0x0000000040080400        0x8 obj/aarch64_shell.o
                0x0000000040080400                echo_cmd
 .text.ver_cmd  0x0000000040080408        0x8 obj/aarch64_shell.o
                0x0000000040080408                ver_cmd
 .text.calc_cmd
                0x0000000040080410        0x8 obj/aarch64_shell.o
                0x0000000040080410                calc_cmd
 .text.find_command
                0x0000000040080418      0x29c obj/aarch64_shell.o
                0x0000000040080418                find_command
 .text.handle_shell_command
                0x00000000400806b4      0x188 obj/aarch64_shell.o
                0x00000000400806b4                handle_shell_command
 .text.launch_shell
                0x000000004008083c      0x154 obj/aarch64_shell.o
                0x000000004008083c                launch_shell
 .text.line_move_left
                0x0000000040080990       0x44 obj/aarch64_history.o
 .text.line_set.constprop.0
                0x00000000400809d4       0xac obj/aarch64_history.o
 .text.add_to_history
                0x0000000040080a80       0xd0 obj/aarch64_history.o
                0x0000000040080a80                add_to_history
 .text.readStr_with_history
                0x0000000040080b50      0x3a0 obj/aarch64_history.o
                0x0000000040080b50                readStr_with_history
 .text.putchar  0x0000000040080ef0       0x14 obj/aarch64_putchar.o
                0x0000000040080ef0                putchar
 .text.help_cmd
                0x0000000040080f04       0x7c obj/aarch64_shell_commands.o
                0x0000000040080f04                help_cmd
 .text.sort_cmd
                0x0000000040080f80      0x268 obj/aarch64_shell_commands.o
                0x0000000040080f80                sort_cmd
 .text.random_cmd
                0x00000000400811e8      0x374 obj/aarch64_shell_commands.o
                0x00000000400811e8                random_cmd
 .text.echo     0x000000004008155c       0x70 obj/aarch64_shell_commands.o
                0x000000004008155c                echo
 .text.ver      0x00000000400815cc       0x2c obj/aarch64_shell_commands.o
                0x00000000400815cc                ver
 .text.calc     0x00000000400815f8      0x14c obj/aarch64_shell_commands.o
                0x00000000400815f8                calc
 .text.size     0x0000000040081744      0x380 obj/aarch64_shell_commands.o
                0x0000000040081744                size
 .text.ls_any_cb
                0x0000000040081ac4       0x10 obj/aarch64_fs_commands.o
 .text.vfs_ls_collect_cb
                0x0000000040081ad4       0xbc obj/aarch64_fs_commands.o
 .text.ls_print_spaces
                0x0000000040081b90       0x40 obj/aarch64_fs_commands.o
 .text.resolve_path
                0x0000000040081bd0      0x1f8 obj/aarch64_fs_commands.o
                0x0000000040081bd0                resolve_path
 .text.cd       0x0000000040081dc8      0x158 obj/aarch64_fs_commands.o
                0x0000000040081dc8                cd
 .text.read_cmd
                0x0000000040081f20      0x194 obj/aarch64_fs_commands.o
                0x0000000040081f20                read_cmd
 .text.cat_cmd  0x00000000400820b4      0x194 obj/aarch64_fs_commands.o
                0x00000000400820b4                cat_cmd
 .text.del      0x0000000040082248      0x170 obj/aarch64_fs_commands.o
                0x0000000040082248                del
 .text.fatfix_cmd
                0x00000000400823b8      0x4a8 obj/aarch64_fs_commands.o
                0x00000000400823b8                fatfix_cmd
 .text.makedir  0x0000000040082860      0x134 obj/aarch64_fs_commands.o
                0x0000000040082860                makedir
 .text.deldir   0x0000000040082994      0x134 obj/aarch64_fs_commands.o
                0x0000000040082994                deldir
 .text.copy_cmd
                0x0000000040082ac8      0x428 obj/aarch64_fs_commands.o
                0x0000000040082ac8                copy_cmd
 .text.move_cmd
                0x0000000040082ef0      0x41c obj/aarch64_fs_commands.o
                0x0000000040082ef0                move_cmd
 .text.ls       0x000000004008330c      0x684 obj/aarch64_fs_commands.o
                0x000000004008330c                ls
 .text.check_filesystem_integrity
                0x0000000040083990      0x128 obj/aarch64_fs_commands.o
                0x0000000040083990                check_filesystem_integrity
 .text.fscheck  0x0000000040083ab8       0x7c obj/aarch64_fs_commands.o
                0x0000000040083ab8                fscheck
 .text.uart_tx_lock
                0x0000000040083b34       0x28 obj/aarch64_uart_pl011.o
 .text.uart_pl011_putc_unlocked
                0x0000000040083b5c       0x28 obj/aarch64_uart_pl011.o
 .text.uart_pl011_init_115200
                0x0000000040083b84       0x44 obj/aarch64_uart_pl011.o
                0x0000000040083b84                uart_pl011_init_115200
 .text.uart_pl011_putc
                0x0000000040083bc8       0x3c obj/aarch64_uart_pl011.o
                0x0000000040083bc8                uart_pl011_putc
 .text.uart_pl011_write
                0x0000000040083c04       0x64 obj/aarch64_uart_pl011.o
                0x0000000040083c04                uart_pl011_write
 .text.uart_pl011_write_hex64
                0x0000000040083c68       0x6c obj/aarch64_uart_pl011.o
                0x0000000040083c68                uart_pl011_write_hex64
 .text.uart_pl011_getc_nonblock
                0x0000000040083cd4       0x3c obj/aarch64_uart_pl011.o
                0x0000000040083cd4                uart_pl011_getc_nonblock
 .text.map_keycode
                0x0000000040083d10      0x420 obj/aarch64_virtio_input.o
 .text.virtio_mods_to_hal
                0x0000000040084130       0x54 obj/aarch64_virtio_input.o
 .text.aarch64_dcache_clean_invalidate_poc_range
                0x0000000040084184       0x44 obj/aarch64_virtio_input.o
 .text.aarch64_dcache_clean_poc_range.part.0
                0x00000000400841c8       0x44 obj/aarch64_virtio_input.o
 .text.aarch64_dcache_clean_poc_range
                0x000000004008420c        0xc obj/aarch64_virtio_input.o
 .text.virtio_input_base
                0x0000000040084218       0x10 obj/aarch64_virtio_input.o
                0x0000000040084218                virtio_input_base
 .text.virtio_input_getkey_nonblock
                0x0000000040084228      0x3a0 obj/aarch64_virtio_input.o
                0x0000000040084228                virtio_input_getkey_nonblock
 .text.virtio_input_init
                0x00000000400845c8      0x3dc obj/aarch64_virtio_input.o
                0x00000000400845c8                virtio_input_init
 .text.aarch64_dcache_clean_invalidate_poc_range.part.0
                0x00000000400849a4       0x44 obj/aarch64_virtio_blk.o
 .text.aarch64_dcache_clean_invalidate_poc_range
                0x00000000400849e8        0xc obj/aarch64_virtio_blk.o
 .text.aarch64_dcache_clean_poc_range.part.0
                0x00000000400849f4       0x44 obj/aarch64_virtio_blk.o
 .text.virtio_blk_submit
                0x0000000040084a38      0x1e4 obj/aarch64_virtio_blk.o
 .text.virtio_blk_init
                0x0000000040084c1c      0x28c obj/aarch64_virtio_blk.o
                0x0000000040084c1c                virtio_blk_init
 .text.virtio_blk_read_sector
                0x0000000040084ea8       0x14 obj/aarch64_virtio_blk.o
                0x0000000040084ea8                virtio_blk_read_sector
 .text.virtio_blk_write_sector
                0x0000000040084ebc       0x14 obj/aarch64_virtio_blk.o
                0x0000000040084ebc                virtio_blk_write_sector
 .text.ensure_ready
                0x0000000040084ed0       0x28 obj/aarch64_ata_virtio.o
 .text.ata_init_drives
                0x0000000040084ef8       0x8c obj/aarch64_ata_virtio.o
                0x0000000040084ef8                ata_init_drives
 .text.ata_read_sector
                0x0000000040084f84       0x54 obj/aarch64_ata_virtio.o
                0x0000000040084f84                ata_read_sector
 .text.ata_write_sector
                0x0000000040084fd8       0x54 obj/aarch64_ata_virtio.o
                0x0000000040084fd8                ata_write_sector
 .text.ata_physical_to_logical
                0x000000004008502c        0x8 obj/aarch64_ata_virtio.o
                0x000000004008502c                ata_physical_to_logical
 .text.arch_disable_interrupts
                0x0000000040085034        0xc obj/aarch64_arch.o
                0x0000000040085034                arch_disable_interrupts
 .text.arch_enable_interrupts
                0x0000000040085040        0xc obj/aarch64_arch.o
                0x0000000040085040                arch_enable_interrupts
 .text.streq    0x000000004008504c       0x3c obj/aarch64_fdt.o
 .text.mem_has_exact_str
                0x0000000040085088       0x98 obj/aarch64_fdt.o
 .text.read_cells_as_u64
                0x0000000040085120       0x38 obj/aarch64_fdt.o
 .text.fdt_parse_memory
                0x0000000040085158      0x2c0 obj/aarch64_fdt.o
                0x0000000040085158                fdt_parse_memory
 .text.fdt_parse_gicv2
                0x0000000040085418      0x31c obj/aarch64_fdt.o
                0x0000000040085418                fdt_parse_gicv2
 .text.fdt_parse_armv8_timer_virtual_irq
                0x0000000040085734      0x25c obj/aarch64_fdt.o
                0x0000000040085734                fdt_parse_armv8_timer_virtual_irq
 .text.fdt_parse_cpus_mpidr
                0x0000000040085990      0x3d0 obj/aarch64_fdt.o
                0x0000000040085990                fdt_parse_cpus_mpidr
 .text.fdt_parse_psci_method
                0x0000000040085d60      0x294 obj/aarch64_fdt.o
                0x0000000040085d60                fdt_parse_psci_method
 .text.fdt_parse_simple_framebuffer
                0x0000000040085ff4      0x3fc obj/aarch64_fdt.o
                0x0000000040085ff4                fdt_parse_simple_framebuffer
 .text.fdt_parse_virtio_mmio
                0x00000000400863f0      0x2fc obj/aarch64_fdt.o
                0x00000000400863f0                fdt_parse_virtio_mmio
 .text.fdt_parse_qemu_fw_cfg_mmio
                0x00000000400866ec      0x304 obj/aarch64_fdt.o
                0x00000000400866ec                fdt_parse_qemu_fw_cfg_mmio
 .text          0x00000000400869f0       0x60 obj/aarch64_vectors.o
 *fill*         0x0000000040086a50      0x5b0 
 .text.vectors  0x0000000040087000      0x800 obj/aarch64_vectors.o
                0x0000000040087000                aarch64_vectors
 .text.gicv2_dist_init
                0x0000000040087800       0x18 obj/aarch64_gicv2.o
                0x0000000040087800                gicv2_dist_init
 .text.gicv2_cpu_init
                0x0000000040087818       0x20 obj/aarch64_gicv2.o
                0x0000000040087818                gicv2_cpu_init
 .text.gicv2_enable_irq
                0x0000000040087838       0x28 obj/aarch64_gicv2.o
                0x0000000040087838                gicv2_enable_irq
 .text.gicv2_ack_irq
                0x0000000040087860       0x10 obj/aarch64_gicv2.o
                0x0000000040087860                gicv2_ack_irq
 .text.gicv2_eoi_irq
                0x0000000040087870       0x10 obj/aarch64_gicv2.o
                0x0000000040087870                gicv2_eoi_irq
 .text.aarch64_timer_init_tick_hz
                0x0000000040087880       0x40 obj/aarch64_timer.o
                0x0000000040087880                aarch64_timer_init_tick_hz
 .text.aarch64_timer_rearm
                0x00000000400878c0       0x38 obj/aarch64_timer.o
                0x00000000400878c0                aarch64_timer_rearm
 .text.aarch64_irq_cpu_init
                0x00000000400878f8       0x44 obj/aarch64_irq.o
                0x00000000400878f8                aarch64_irq_cpu_init
 .text.aarch64_irq_init
                0x000000004008793c       0x38 obj/aarch64_irq.o
                0x000000004008793c                aarch64_irq_init
 .text.aarch64_irq_dispatch
                0x0000000040087974       0xa4 obj/aarch64_irq.o
                0x0000000040087974                aarch64_irq_dispatch
 .text.aarch64_timer_on_tick
                0x0000000040087a18        0x8 obj/aarch64_timer_tick.o
                0x0000000040087a18                aarch64_timer_on_tick
 .text.aarch64_sync_dispatch
                0x0000000040087a20       0xc4 obj/aarch64_exception.o
                0x0000000040087a20                aarch64_sync_dispatch
 .text.smc_call
                0x0000000040087ae4       0x1c obj/aarch64_psci.o
 .text.psci_set_conduit
                0x0000000040087b00       0x18 obj/aarch64_psci.o
                0x0000000040087b00                psci_set_conduit
 .text.psci_cpu_on
                0x0000000040087b18       0x30 obj/aarch64_psci.o
                0x0000000040087b18                psci_cpu_on
 .text.append_str
                0x0000000040087b48       0x20 obj/aarch64_smp.o
 .text.append_hex64
                0x0000000040087b68       0x50 obj/aarch64_smp.o
 .text.aarch64_cpu_id
                0x0000000040087bb8       0x10 obj/aarch64_smp.o
                0x0000000040087bb8                aarch64_cpu_id
 .text.aarch64_smp_boot
                0x0000000040087bc8      0x194 obj/aarch64_smp.o
                0x0000000040087bc8                aarch64_smp_boot
 .text.aarch64_secondary_entry
                0x0000000040087d5c       0x78 obj/aarch64_smp.o
                0x0000000040087d5c                aarch64_secondary_entry
 .text.bswap32  0x0000000040087dd4        0x8 obj/aarch64_fb_simple.o
 .text.fw_cfg_read_u32_be
                0x0000000040087ddc       0x2c obj/aarch64_fb_simple.o
 .text.fb_color
                0x0000000040087e08       0x34 obj/aarch64_fb_simple.o
 .text.fb_put_pixel
                0x0000000040087e3c       0x50 obj/aarch64_fb_simple.o
 .text.fb_fill_rect
                0x0000000040087e8c       0x7c obj/aarch64_fb_simple.o
 .text.aarch64_dcache_clean_poc_range.part.0
                0x0000000040087f08       0x44 obj/aarch64_fb_simple.o
 .text.fb_flush_rect
                0x0000000040087f4c       0xc8 obj/aarch64_fb_simple.o
 .text.fb_draw_glyph
                0x0000000040088014       0x8c obj/aarch64_fb_simple.o
 .text.fb_clear_screen
                0x00000000400880a0       0x70 obj/aarch64_fb_simple.o
 .text.fb_newline
                0x0000000040088110       0x34 obj/aarch64_fb_simple.o
 .text.fb_simple_init
                0x0000000040088144      0x448 obj/aarch64_fb_simple.o
                0x0000000040088144                fb_simple_init
 .text.fb_simple_ready
                0x000000004008858c       0x18 obj/aarch64_fb_simple.o
                0x000000004008858c                fb_simple_ready
 .text.fb_simple_clear
                0x00000000400885a4       0x18 obj/aarch64_fb_simple.o
                0x00000000400885a4                fb_simple_clear
 .text.fb_simple_set_rgb
                0x00000000400885bc       0x38 obj/aarch64_fb_simple.o
                0x00000000400885bc                fb_simple_set_rgb
 .text.fb_simple_set_bg_rgb
                0x00000000400885f4       0x38 obj/aarch64_fb_simple.o
                0x00000000400885f4                fb_simple_set_bg_rgb
 .text.fb_simple_clear_rgb
                0x000000004008862c       0x7c obj/aarch64_fb_simple.o
                0x000000004008862c                fb_simple_clear_rgb
 .text.fb_simple_draw_pixel
                0x00000000400886a8       0x84 obj/aarch64_fb_simple.o
                0x00000000400886a8                fb_simple_draw_pixel
 .text.fb_simple_fill_rect
                0x000000004008872c       0xc0 obj/aarch64_fb_simple.o
                0x000000004008872c                fb_simple_fill_rect
 .text.fb_simple_flush
                0x00000000400887ec       0x30 obj/aarch64_fb_simple.o
                0x00000000400887ec                fb_simple_flush
 .text.fb_simple_putc
                0x000000004008881c      0x108 obj/aarch64_fb_simple.o
                0x000000004008881c                fb_simple_putc
 .text.fb_simple_write
                0x0000000040088924       0x44 obj/aarch64_fb_simple.o
                0x0000000040088924                fb_simple_write
 .text.fb_simple_get_info
                0x0000000040088968       0x7c obj/aarch64_fb_simple.o
                0x0000000040088968                fb_simple_get_info
 .text.fb_simple_last_error
                0x00000000400889e4       0x10 obj/aarch64_fb_simple.o
                0x00000000400889e4                fb_simple_last_error
 .text.gfx_init_default
                0x00000000400889f4       0x20 obj/aarch64_gfx.o
                0x00000000400889f4                gfx_init_default
 .text.gfx_b    0x0000000040088a14       0x34 obj/aarch64_gfx.o
 .text.gfx_ready
                0x0000000040088a48       0x3c obj/aarch64_gfx.o
                0x0000000040088a48                gfx_ready
 .text.gfx_putc
                0x0000000040088a84       0x40 obj/aarch64_gfx.o
                0x0000000040088a84                gfx_putc
 .text.gfx_write
                0x0000000040088ac4       0x7c obj/aarch64_gfx.o
                0x0000000040088ac4                gfx_write
 .text.gfx_set_rgb
                0x0000000040088b40       0x50 obj/aarch64_gfx.o
                0x0000000040088b40                gfx_set_rgb
 .text.gfx_set_bg_rgb
                0x0000000040088b90       0x50 obj/aarch64_gfx.o
                0x0000000040088b90                gfx_set_bg_rgb
 .text.gfx_clear
                0x0000000040088be0       0x38 obj/aarch64_gfx.o
                0x0000000040088be0                gfx_clear
 .text.gfx_clear_rgb
                0x0000000040088c18       0x50 obj/aarch64_gfx.o
                0x0000000040088c18                gfx_clear_rgb
 .text.gfx_fill_rect
                0x0000000040088c68       0x50 obj/aarch64_gfx.o
                0x0000000040088c68                gfx_fill_rect
 .text.gfx_flush
                0x0000000040088cb8       0x38 obj/aarch64_gfx.o
                0x0000000040088cb8                gfx_flush
 .text.gfx_screen_width
                0x0000000040088cf0       0x3c obj/aarch64_gfx.o
                0x0000000040088cf0                gfx_screen_width
 .text.gfx_screen_height
                0x0000000040088d2c       0x3c obj/aarch64_gfx.o
                0x0000000040088d2c                gfx_screen_height
 .text.fb_screen_h_impl
                0x0000000040088d68       0x44 obj/aarch64_gfx_backend_fb_simple.o
 .text.fb_screen_w_impl
                0x0000000040088dac       0x44 obj/aarch64_gfx_backend_fb_simple.o
 .text.fb_flush_impl
                0x0000000040088df0        0x8 obj/aarch64_gfx_backend_fb_simple.o
 .text.fb_draw_pixel_impl
                0x0000000040088df8       0x14 obj/aarch64_gfx_backend_fb_simple.o
 .text.fb_clear_rgb_impl
                0x0000000040088e0c        0x8 obj/aarch64_gfx_backend_fb_simple.o
 .text.fb_clear_impl
                0x0000000040088e14        0x8 obj/aarch64_gfx_backend_fb_simple.o
 .text.fb_set_bg_rgb_impl
                0x0000000040088e1c        0x8 obj/aarch64_gfx_backend_fb_simple.o
 .text.fb_set_rgb_impl
                0x0000000040088e24        0x8 obj/aarch64_gfx_backend_fb_simple.o
 .text.fb_write_impl
                0x0000000040088e2c        0x8 obj/aarch64_gfx_backend_fb_simple.o
 .text.fb_putc_impl
                0x0000000040088e34        0x8 obj/aarch64_gfx_backend_fb_simple.o
 .text.fb_ready_impl
                0x0000000040088e3c        0x8 obj/aarch64_gfx_backend_fb_simple.o
 .text.fb_fill_rect_impl
                0x0000000040088e44       0x20 obj/aarch64_gfx_backend_fb_simple.o
 .text.out_pad  0x0000000040088e64       0x34 obj/aarch64_printf.o
 .text.out_u64_dec
                0x0000000040088e98       0x68 obj/aarch64_printf.o
 .text.out_u64_hex
                0x0000000040088f00       0x98 obj/aarch64_printf.o
 .text.vsnprintf
                0x0000000040088f98      0x428 obj/aarch64_printf.o
                0x0000000040088f98                vsnprintf
 .text.snprintf
                0x00000000400893c0       0x6c obj/aarch64_printf.o
                0x00000000400893c0                snprintf
 .text.printf   0x000000004008942c      0x108 obj/aarch64_printf.o
                0x000000004008942c                printf
 .text.memcpy   0x0000000040089534       0x30 obj/aarch64_string.o
                0x0000000040089534                memcpy
 .text.memset   0x0000000040089564       0x28 obj/aarch64_string.o
                0x0000000040089564                memset
 .text.memmove  0x000000004008958c       0x58 obj/aarch64_string.o
                0x000000004008958c                memmove
 .text.strlen   0x00000000400895e4       0x24 obj/aarch64_string.o
                0x00000000400895e4                strlen
 .text.strlength
                0x0000000040089608       0x3c obj/aarch64_string.o
                0x0000000040089608                strlength
 .text.strcpy   0x0000000040089644       0x28 obj/aarch64_string.o
                0x0000000040089644                strcpy
 .text.strncpy  0x000000004008966c       0x48 obj/aarch64_string.o
                0x000000004008966c                strncpy
 .text.strcat   0x00000000400896b4       0x3c obj/aarch64_string.o
                0x00000000400896b4                strcat
 .text.strncat  0x00000000400896f0       0x4c obj/aarch64_string.o
                0x00000000400896f0                strncat
 .text.strcmp   0x000000004008973c       0x3c obj/aarch64_string.o
                0x000000004008973c                strcmp
 .text.strncmp  0x0000000040089778       0x48 obj/aarch64_string.o
                0x0000000040089778                strncmp
 .text.strchr   0x00000000400897c0       0x30 obj/aarch64_string.o
                0x00000000400897c0                strchr
 .text.strrchr  0x00000000400897f0       0x34 obj/aarch64_string.o
                0x00000000400897f0                strrchr
 .text.strstr   0x0000000040089824       0x80 obj/aarch64_string.o
                0x0000000040089824                strstr
 .text.strtok_r
                0x00000000400898a4       0xb4 obj/aarch64_string.o
                0x00000000400898a4                strtok_r
 .text.safe_strcpy
                0x0000000040089958       0x44 obj/aarch64_string.o
                0x0000000040089958                safe_strcpy
 .text.heap_init_default
                0x000000004008999c       0x48 obj/aarch64_heap.o
 .text.aarch64_heap_init
                0x00000000400899e4       0x80 obj/aarch64_heap.o
                0x00000000400899e4                aarch64_heap_init
 .text.malloc   0x0000000040089a64      0x140 obj/aarch64_heap.o
                0x0000000040089a64                malloc
 .text.free     0x0000000040089ba4       0x84 obj/aarch64_heap.o
                0x0000000040089ba4                free
 .text.init_pipeline_system
                0x0000000040089c28       0x60 obj/aarch64_pipeline.o
                0x0000000040089c28                init_pipeline_system
 .text.is_pipeline_command
                0x0000000040089c88       0x48 obj/aarch64_pipeline.o
                0x0000000040089c88                is_pipeline_command
 .text.count_pipeline_commands
                0x0000000040089cd0       0x38 obj/aarch64_pipeline.o
                0x0000000040089cd0                count_pipeline_commands
 .text.is_whitespace
                0x0000000040089d08       0x24 obj/aarch64_pipeline.o
                0x0000000040089d08                is_whitespace
 .text.trim_whitespace
                0x0000000040089d2c       0x6c obj/aarch64_pipeline.o
                0x0000000040089d2c                trim_whitespace
 .text.simple_strtok
                0x0000000040089d98       0xdc obj/aarch64_pipeline.o
                0x0000000040089d98                simple_strtok
 .text.split_command
                0x0000000040089e74      0x134 obj/aarch64_pipeline.o
                0x0000000040089e74                split_command
 .text.free_args
                0x0000000040089fa8       0x60 obj/aarch64_pipeline.o
                0x0000000040089fa8                free_args
 .text.parse_redirections
                0x000000004008a008      0x32c obj/aarch64_pipeline.o
                0x000000004008a008                parse_redirections
 .text.parse_command
                0x000000004008a334      0x1fc obj/aarch64_pipeline.o
                0x000000004008a334                parse_command
 .text.parse_pipeline
                0x000000004008a530       0xe8 obj/aarch64_pipeline.o
                0x000000004008a530                parse_pipeline
 .text.free_command
                0x000000004008a618       0x7c obj/aarch64_pipeline.o
                0x000000004008a618                free_command
 .text.free_pipeline
                0x000000004008a694       0x4c obj/aarch64_pipeline.o
                0x000000004008a694                free_pipeline
 .text.read_file_for_input_redirection
                0x000000004008a6e0       0xb8 obj/aarch64_pipeline.o
                0x000000004008a6e0                read_file_for_input_redirection
 .text.execute_simple_command.part.0
                0x000000004008a798      0x298 obj/aarch64_pipeline.o
 .text.execute_simple_command
                0x000000004008aa30       0x1c obj/aarch64_pipeline.o
                0x000000004008aa30                execute_simple_command
 .text.execute_complex_pipeline
                0x000000004008aa4c      0x220 obj/aarch64_pipeline.o
                0x000000004008aa4c                execute_complex_pipeline
 .text.add_background_process
                0x000000004008ac6c       0x98 obj/aarch64_pipeline.o
                0x000000004008ac6c                add_background_process
 .text.execute_background_command
                0x000000004008ad04      0x114 obj/aarch64_pipeline.o
                0x000000004008ad04                execute_background_command
 .text.execute_command
                0x000000004008ae18       0x20 obj/aarch64_pipeline.o
                0x000000004008ae18                execute_command
 .text.execute_pipeline
                0x000000004008ae38      0x340 obj/aarch64_pipeline.o
                0x000000004008ae38                execute_pipeline
 .text.start_shell_redirect
                0x000000004008b178       0x24 obj/aarch64_vga_redirect.o
                0x000000004008b178                start_shell_redirect
 .text.stop_shell_redirect
                0x000000004008b19c       0x10 obj/aarch64_vga_redirect.o
                0x000000004008b19c                stop_shell_redirect
 .text.vga_text_cell_w
                0x000000004008b1ac        0xc obj/aarch64_vga_redirect.o
                0x000000004008b1ac                vga_text_cell_w
 .text.vga_text_cell_h
                0x000000004008b1b8        0xc obj/aarch64_vga_redirect.o
                0x000000004008b1b8                vga_text_cell_h
 .text.shell_register_redirect_icon
                0x000000004008b1c4        0x8 obj/aarch64_vga_redirect.o
                0x000000004008b1c4                shell_register_redirect_icon
 .text.open     0x000000004008b1cc      0x118 obj/aarch64_fs_stubs.o
                0x000000004008b1cc                open
 .text.read     0x000000004008b2e4       0xb4 obj/aarch64_fs_stubs.o
                0x000000004008b2e4                read
 .text.close    0x000000004008b398       0x34 obj/aarch64_fs_stubs.o
                0x000000004008b398                close
 .text.write_output_to_file
                0x000000004008b3cc       0x80 obj/aarch64_fs_stubs.o
                0x000000004008b3cc                write_output_to_file
 .text.append_output_to_file
                0x000000004008b44c      0x128 obj/aarch64_fs_stubs.o
                0x000000004008b44c                append_output_to_file
 .text.alias_name_valid
                0x000000004008b574       0x64 obj/aarch64_alias.o
 .text.trim_left
                0x000000004008b5d8       0x28 obj/aarch64_alias.o
 .text.contains_meta_chars
                0x000000004008b600       0x40 obj/aarch64_alias.o
 .text.alias_find_mut
                0x000000004008b640       0x78 obj/aarch64_alias.o
 .text.trim_right
                0x000000004008b6b8       0x68 obj/aarch64_alias.o
 .text.alias_load_if_needed
                0x000000004008b720      0x1f8 obj/aarch64_alias.o
 .text.shell_alias_expand_line
                0x000000004008b918      0x320 obj/aarch64_alias.o
                0x000000004008b918                shell_alias_expand_line
 .text.math_get_current_equation
                0x000000004008bc38      0x2fc obj/aarch64_math.o
                0x000000004008bc38                math_get_current_equation
 .text.rand_next
                0x000000004008bf34       0x28 obj/aarch64_math.o
                0x000000004008bf34                rand_next
 .text.rand_range
                0x000000004008bf5c       0x48 obj/aarch64_math.o
                0x000000004008bf5c                rand_range
 .text.partition_strings
                0x000000004008bfa4       0xac obj/aarch64_math.o
                0x000000004008bfa4                partition_strings
 .text.quicksort_strings
                0x000000004008c050       0x64 obj/aarch64_math.o
                0x000000004008c050                quicksort_strings
 .text.to_fat32_83
                0x000000004008c0b4       0xdc obj/aarch64_fat32.o
                0x000000004008c0b4                to_fat32_83
 .text.fat32_read_bpb_sector
                0x000000004008c190       0x5c obj/aarch64_fat32.o
                0x000000004008c190                fat32_read_bpb_sector
 .text.fat32_next_cluster_sector
                0x000000004008c1ec       0x7c obj/aarch64_fat32.o
                0x000000004008c1ec                fat32_next_cluster_sector
 .text.fat32_get_partition_lba_start
                0x000000004008c268       0xc4 obj/aarch64_fat32.o
                0x000000004008c268                fat32_get_partition_lba_start
 .text.fat32_find_entry_sector
                0x000000004008c32c      0x1b4 obj/aarch64_fat32.o
                0x000000004008c32c                fat32_find_entry_sector
 .text.eynfs_cache_invalidate_block
                0x000000004008c4e0       0x38 obj/aarch64_eynfs.o
 .text.eynfs_load_u32
                0x000000004008c518       0x2c obj/aarch64_eynfs.o
 .text.eynfs_store_u32
                0x000000004008c544       0x28 obj/aarch64_eynfs.o
 .text.eynfs_write_dir_block
                0x000000004008c56c       0x88 obj/aarch64_eynfs.o
 .text.eynfs_cache_flush
                0x000000004008c5f4       0x6c obj/aarch64_eynfs.o
 .text.eynfs_dir_cache_invalidate
                0x000000004008c660       0x68 obj/aarch64_eynfs.o
 .text.eynfs_cache_write_block
                0x000000004008c6c8       0x98 obj/aarch64_eynfs.o
 .text.eynfs_alloc_block_optimized
                0x000000004008c760      0x180 obj/aarch64_eynfs.o
 .text.eynfs_bitmap_set_used
                0x000000004008c8e0       0xdc obj/aarch64_eynfs.o
 .text.eynfs_cache_get_block
                0x000000004008c9bc      0x1a4 obj/aarch64_eynfs.o
                0x000000004008c9bc                eynfs_cache_get_block
 .text.eynfs_read_superblock
                0x000000004008cb60       0xc0 obj/aarch64_eynfs.o
                0x000000004008cb60                eynfs_read_superblock
 .text.eynfs_read_dir_table
                0x000000004008cc20       0xe4 obj/aarch64_eynfs.o
                0x000000004008cc20                eynfs_read_dir_table
 .text.eynfs_count_dir_entries
                0x000000004008cd04       0xa4 obj/aarch64_eynfs.o
                0x000000004008cd04                eynfs_count_dir_entries
 .text.eynfs_alloc_block
                0x000000004008cda8       0x68 obj/aarch64_eynfs.o
                0x000000004008cda8                eynfs_alloc_block
 .text.eynfs_write_dir_table
                0x000000004008ce10      0x218 obj/aarch64_eynfs.o
                0x000000004008ce10                eynfs_write_dir_table
 .text.eynfs_free_block
                0x000000004008d028       0x54 obj/aarch64_eynfs.o
                0x000000004008d028                eynfs_free_block
 .text.eynfs_find_in_dir
                0x000000004008d07c      0x1c8 obj/aarch64_eynfs.o
                0x000000004008d07c                eynfs_find_in_dir
 .text.eynfs_traverse_path
                0x000000004008d244      0x174 obj/aarch64_eynfs.o
                0x000000004008d244                eynfs_traverse_path
 .text.eynfs_create_entry
                0x000000004008d3b8      0x304 obj/aarch64_eynfs.o
                0x000000004008d3b8                eynfs_create_entry
 .text.eynfs_read_file
                0x000000004008d6bc      0x184 obj/aarch64_eynfs.o
                0x000000004008d6bc                eynfs_read_file
 .text.eynfs_write_file
                0x000000004008d840      0x2e8 obj/aarch64_eynfs.o
                0x000000004008d840                eynfs_write_file
 .text.eynfs_cache_clear
                0x000000004008db28       0x88 obj/aarch64_eynfs.o
                0x000000004008db28                eynfs_cache_clear
 .text.eynfs_delete_entry
                0x000000004008dbb0      0x164 obj/aarch64_eynfs.o
                0x000000004008dbb0                eynfs_delete_entry
 .text.fat32_path_to_entry
                0x000000004008dd14      0x15c obj/aarch64_vfs.o
 .text.fat32_read_fat_entry
                0x000000004008de70       0x88 obj/aarch64_vfs.o
 .text.fat32_write_fat_entry_all
                0x000000004008def8       0xf8 obj/aarch64_vfs.o
 .text.vfs_split_path.constprop.0
                0x000000004008dff0       0xf8 obj/aarch64_vfs.o
 .text.fat32_free_chain_sector_all.isra.0
                0x000000004008e0e8       0x9c obj/aarch64_vfs.o
 .text.fat32_allocate_chain_sector_all.constprop.0
                0x000000004008e184      0x154 obj/aarch64_vfs.o
 .text.vfs_get_file_size
                0x000000004008e2d8      0x10c obj/aarch64_vfs.o
                0x000000004008e2d8                vfs_get_file_size
 .text.vfs_read_file
                0x000000004008e3e4      0x228 obj/aarch64_vfs.o
                0x000000004008e3e4                vfs_read_file
 .text.vfs_read_file_at
                0x000000004008e60c      0x2c8 obj/aarch64_vfs.o
                0x000000004008e60c                vfs_read_file_at
 .text.vfs_stat
                0x000000004008e8d4      0x134 obj/aarch64_vfs.o
                0x000000004008e8d4                vfs_stat
 .text.vfs_listdir
                0x000000004008ea08      0x408 obj/aarch64_vfs.o
                0x000000004008ea08                vfs_listdir
 .text.vfs_write_file
                0x000000004008ee10      0x638 obj/aarch64_vfs.o
                0x000000004008ee10                vfs_write_file
 .text.vfs_mkdir
                0x000000004008f448      0x430 obj/aarch64_vfs.o
                0x000000004008f448                vfs_mkdir
 .text.vfs_rmdir
                0x000000004008f878      0x440 obj/aarch64_vfs.o
                0x000000004008f878                vfs_rmdir
 .text.vfs_unlink
                0x000000004008fcb8      0x3b4 obj/aarch64_vfs.o
                0x000000004008fcb8                vfs_unlink
 .text.hal_console_putc
                0x000000004009006c       0x90 obj/aarch64_hal_console.o
                0x000000004009006c                hal_console_putc
 .text.hal_console_write
                0x00000000400900fc       0x44 obj/aarch64_hal_console.o
                0x00000000400900fc                hal_console_write
 .text.hal_kbd_read_key_nonblock
                0x0000000040090140      0x314 obj/aarch64_hal_keyboard.o
                0x0000000040090140                hal_kbd_read_key_nonblock
 .text.cmd_gfxdemo
                0x0000000040090454      0x148 obj/aarch64_gfx_cmd.o

.iplt           0x000000004009059c        0x0
 .iplt          0x000000004009059c        0x0 obj/aarch64_start.o

.rodata         0x00000000400905a0     0x2888
 *(.rodata .rodata.*)
 .rodata.fb_write_hex64.str1.1
                0x00000000400905a0     0x1c1c obj/aarch64_kernel_full.o
                                         0x14 (size before relaxing)
 .rodata.kernel_main.str1.1
                0x00000000400921bc        0x0 obj/aarch64_kernel_full.o
                                        0x107 (size before relaxing)
 .rodata.handle_shell_command.str1.1
                0x00000000400921bc        0x0 obj/aarch64_shell.o
                                         0x60 (size before relaxing)
 .rodata.launch_shell.str1.1
                0x00000000400921bc        0x0 obj/aarch64_shell.o
                                         0x36 (size before relaxing)
 .rodata.line_move_left.str1.1
                0x00000000400921bc        0x0 obj/aarch64_history.o
                                          0x2 (size before relaxing)
 .rodata.line_set.constprop.0.str1.1
                0x00000000400921bc        0x0 obj/aarch64_history.o
                                          0x5 (size before relaxing)
 .rodata.readStr_with_history.str1.1
                0x00000000400921bc        0x0 obj/aarch64_history.o
                                          0xb (size before relaxing)
 .rodata.putchar.str1.1
                0x00000000400921bc        0x0 obj/aarch64_putchar.o
                                          0x3 (size before relaxing)
 .rodata.help_cmd.str1.1
                0x00000000400921bc        0x0 obj/aarch64_shell_commands.o
                                         0x16 (size before relaxing)
 .rodata.sort_cmd.str1.1
                0x00000000400921bc        0x0 obj/aarch64_shell_commands.o
                                         0x9a (size before relaxing)
 .rodata.random_cmd.str1.1
                0x00000000400921bc        0x0 obj/aarch64_shell_commands.o
                                        0x119 (size before relaxing)
 .rodata.search_cmd.str1.1
                0x00000000400921bc        0x0 obj/aarch64_shell_commands.o
                                        0x361 (size before relaxing)
 .rodata.echo.str1.1
                0x00000000400921bc        0x0 obj/aarch64_shell_commands.o
                                          0x4 (size before relaxing)
 .rodata.ver.str1.1
                0x00000000400921bc        0x0 obj/aarch64_shell_commands.o
                                         0x20 (size before relaxing)
 .rodata.calc.str1.1
                0x00000000400921bc        0x0 obj/aarch64_shell_commands.o
                                         0x54 (size before relaxing)
 .rodata.size.str1.1
                0x00000000400921bc        0x0 obj/aarch64_shell_commands.o
                                         0x6e (size before relaxing)
 .rodata.str1.1
                0x00000000400921bc        0x0 obj/aarch64_shell_commands.o
                                        0x25c (size before relaxing)
 .rodata.resolve_path.str1.1
                0x00000000400921bc        0x0 obj/aarch64_fs_commands.o
                                          0x7 (size before relaxing)
 .rodata.cd.str1.1
                0x00000000400921bc        0x0 obj/aarch64_fs_commands.o
                                         0x34 (size before relaxing)
 .rodata.read_cmd.str1.1
                0x00000000400921bc        0x0 obj/aarch64_fs_commands.o
                                         0x3a (size before relaxing)
 .rodata.cat_cmd.str1.1
                0x00000000400921bc        0x0 obj/aarch64_fs_commands.o
                                         0x19 (size before relaxing)
 .rodata.del.str1.1
                0x00000000400921bc        0x0 obj/aarch64_fs_commands.o
                                         0xa4 (size before relaxing)
 .rodata.fatfix_cmd.str1.1
                0x00000000400921bc        0x0 obj/aarch64_fs_commands.o
                                         0x77 (size before relaxing)
 .rodata.makedir.str1.1
                0x00000000400921bc        0x0 obj/aarch64_fs_commands.o
                                         0x9c (size before relaxing)
 .rodata.deldir.str1.1
                0x00000000400921bc        0x0 obj/aarch64_fs_commands.o
                                         0x9d (size before relaxing)
 .rodata.copy_cmd.str1.1
                0x00000000400921bc        0x0 obj/aarch64_fs_commands.o
                                        0x1b1 (size before relaxing)
 .rodata.move_cmd.str1.1
                0x00000000400921bc        0x0 obj/aarch64_fs_commands.o
                                         0xae (size before relaxing)
 .rodata.ls.str1.1
                0x00000000400921bc        0x0 obj/aarch64_fs_commands.o
                                         0xc2 (size before relaxing)
 .rodata.check_filesystem_integrity.str1.1
                0x00000000400921bc        0x0 obj/aarch64_fs_commands.o
                                        0x17e (size before relaxing)
 .rodata.fscheck.str1.1
                0x00000000400921bc        0x0 obj/aarch64_fs_commands.o
                                         0xa7 (size before relaxing)
 .rodata.str1.1
                0x00000000400921bc        0x0 obj/aarch64_fs_commands.o
                                        0x3ea (size before relaxing)
 .rodata.uart_pl011_write_hex64.str1.1
                0x00000000400921bc        0x0 obj/aarch64_uart_pl011.o
                                         0x11 (size before relaxing)
 .rodata.map_keycode
                0x00000000400921bc       0xdc obj/aarch64_virtio_input.o
 .rodata.virtio_input_getkey_nonblock
                0x0000000040092298        0xa obj/aarch64_virtio_input.o
 .rodata.virtio_input_init.str1.1
                0x00000000400922a2        0x0 obj/aarch64_virtio_input.o
                                         0xb4 (size before relaxing)
 .rodata.ata_init_drives.str1.1
                0x00000000400922a2        0x0 obj/aarch64_ata_virtio.o
                                          0xb (size before relaxing)
 .rodata.fdt_parse_memory.str1.1
                0x00000000400922a2        0x0 obj/aarch64_fdt.o
                                         0x32 (size before relaxing)
 .rodata.fdt_parse_gicv2.str1.1
                0x00000000400922a2        0x0 obj/aarch64_fdt.o
                                         0x57 (size before relaxing)
 .rodata.fdt_parse_armv8_timer_virtual_irq.str1.1
                0x00000000400922a2        0x0 obj/aarch64_fdt.o
                                         0x2f (size before relaxing)
 .rodata.fdt_parse_cpus_mpidr.str1.1
                0x00000000400922a2        0x0 obj/aarch64_fdt.o
                                         0x13 (size before relaxing)
 .rodata.fdt_parse_psci_method.str1.1
                0x00000000400922a2        0x0 obj/aarch64_fdt.o
                                         0x21 (size before relaxing)
 .rodata.fdt_parse_simple_framebuffer.str1.1
                0x00000000400922a2        0x0 obj/aarch64_fdt.o
                                         0x2e (size before relaxing)
 .rodata.fdt_parse_virtio_mmio.str1.1
                0x00000000400922a2        0x0 obj/aarch64_fdt.o
                                          0xc (size before relaxing)
 .rodata.fdt_parse_qemu_fw_cfg_mmio.str1.1
                0x00000000400922a2        0x0 obj/aarch64_fdt.o
                                         0x11 (size before relaxing)
 .rodata.aarch64_sync_dispatch.str1.1
                0x00000000400922a2        0x0 obj/aarch64_exception.o
                                         0x4d (size before relaxing)
 .rodata.append_hex64.str1.1
                0x00000000400922a2        0x0 obj/aarch64_smp.o
                                         0x11 (size before relaxing)
 .rodata.aarch64_smp_boot.str1.1
                0x00000000400922a2        0x0 obj/aarch64_smp.o
                                         0xa4 (size before relaxing)
 .rodata.aarch64_secondary_entry.str1.1
                0x00000000400922a2        0x0 obj/aarch64_smp.o
                                          0xe (size before relaxing)
 .rodata.fb_simple_init.str1.1
                0x00000000400922a2        0x0 obj/aarch64_fb_simple.o
                                          0xa (size before relaxing)
 .rodata.g_font8x8
                0x00000000400922a2      0x809 obj/aarch64_fb_simple.o
 .rodata.str1.1
                0x0000000040092aab        0x0 obj/aarch64_gfx_backend_fb_simple.o
                                          0xa (size before relaxing)
 *fill*         0x0000000040092aab        0x5 
 .rodata.g_gfx_backend_fb_simple
                0x0000000040092ab0       0x68 obj/aarch64_gfx_backend_fb_simple.o
                0x0000000040092ab0                g_gfx_backend_fb_simple
 .rodata.out_u64_hex.str1.1
                0x0000000040092b18        0x0 obj/aarch64_printf.o
                                         0x22 (size before relaxing)
 .rodata.vsnprintf.str1.1
                0x0000000040092b18        0x0 obj/aarch64_printf.o
                                          0x7 (size before relaxing)
 .rodata.split_command.str1.1
                0x0000000040092b18        0x0 obj/aarch64_pipeline.o
                                          0x5 (size before relaxing)
 .rodata.parse_redirections.str1.1
                0x0000000040092b18        0x0 obj/aarch64_pipeline.o
                                          0xc (size before relaxing)
 .rodata.parse_command.str1.1
                0x0000000040092b18        0x0 obj/aarch64_pipeline.o
                                          0x2 (size before relaxing)
 .rodata.parse_pipeline.str1.1
                0x0000000040092b18        0x0 obj/aarch64_pipeline.o
                                          0x2 (size before relaxing)
 .rodata.read_file_for_input_redirection.str1.1
                0x0000000040092b18        0x0 obj/aarch64_pipeline.o
                                         0x6a (size before relaxing)
 .rodata.execute_simple_command.part.0.str1.1
                0x0000000040092b18        0x0 obj/aarch64_pipeline.o
                                         0x73 (size before relaxing)
 .rodata.execute_complex_pipeline.str1.1
                0x0000000040092b18        0x0 obj/aarch64_pipeline.o
                                         0x11 (size before relaxing)
 .rodata.execute_background_command.str1.1
                0x0000000040092b18        0x0 obj/aarch64_pipeline.o
                                         0x4b (size before relaxing)
 .rodata.write_output_to_file.str1.1
                0x0000000040092b18        0x0 obj/aarch64_fs_stubs.o
                                          0x1 (size before relaxing)
 .rodata.alias_load_if_needed.str1.1
                0x0000000040092b18        0x0 obj/aarch64_alias.o
                                         0x14 (size before relaxing)
 .rodata.eynfs_cache_get_block.str1.1
                0x0000000040092b18        0x0 obj/aarch64_eynfs.o
                                         0x2f (size before relaxing)
 .rodata.eynfs_count_dir_entries.str1.1
                0x0000000040092b18        0x0 obj/aarch64_eynfs.o
                                         0x43 (size before relaxing)
 .rodata.eynfs_traverse_path.str1.1
                0x0000000040092b18        0x0 obj/aarch64_eynfs.o
                                          0x2 (size before relaxing)
 .rodata.eynfs_write_file.str1.1
                0x0000000040092b18        0x0 obj/aarch64_eynfs.o
                                        0x12f (size before relaxing)
 .rodata.vfs_split_path.constprop.0.str1.1
                0x0000000040092b18        0x0 obj/aarch64_vfs.o
                                          0x2 (size before relaxing)
 .rodata.vfs_listdir.str1.1
                0x0000000040092b18        0x0 obj/aarch64_vfs.o
                                          0x2 (size before relaxing)
 .rodata.hal_kbd_read_key_nonblock
                0x0000000040092b18       0x18 obj/aarch64_hal_keyboard.o
 .rodata.cmd_gfxdemo.str1.1
                0x0000000040092b30        0x0 obj/aarch64_gfx_cmd.o
                                         0x92 (size before relaxing)
 .rodata.str1.1
                0x0000000040092b30        0x0 obj/aarch64_gfx_cmd.o
                                         0x28 (size before relaxing)
                0x0000000040092b30                . = ALIGN (0x8)
                0x0000000040092b30                __start_shellcmds = .
 *(.shellcmds)
 .shellcmds     0x0000000040092b30       0xf0 obj/aarch64_shell_commands.o
                0x0000000040092b30                shell_cmd_info_sort
                0x0000000040092b58                shell_cmd_info_random
                0x0000000040092b80                shell_cmd_info_calc
                0x0000000040092ba8                shell_cmd_info_ver
                0x0000000040092bd0                shell_cmd_info_echo
                0x0000000040092bf8                shell_cmd_info_help
 .shellcmds     0x0000000040092c20      0x1e0 obj/aarch64_fs_commands.o
                0x0000000040092c20                shell_cmd_info_fatfix_cmd
                0x0000000040092c48                shell_cmd_info_move_cmd
                0x0000000040092c70                shell_cmd_info_copy_cmd
                0x0000000040092c98                shell_cmd_info_fscheck
                0x0000000040092cc0                shell_cmd_info_deldir
                0x0000000040092ce8                shell_cmd_info_makedir
                0x0000000040092d10                shell_cmd_info_cd
                0x0000000040092d38                shell_cmd_info_size
                0x0000000040092d60                shell_cmd_info_del
                0x0000000040092d88                shell_cmd_info_cat
                0x0000000040092db0                shell_cmd_info_read
                0x0000000040092dd8                shell_cmd_info_ls
 .shellcmds     0x0000000040092e00       0x28 obj/aarch64_gfx_cmd.o
                0x0000000040092e00                shell_cmd_info_gfxdemo
                0x0000000040092e28                __stop_shellcmds = .

.rela.dyn       0x0000000040092e28        0x0
 .rela.iplt     0x0000000040092e28        0x0 obj/aarch64_start.o
 .rela.text._start
                0x0000000040092e28        0x0 obj/aarch64_start.o
 .rela.text.find_command
                0x0000000040092e28        0x0 obj/aarch64_start.o
 .rela.text.help_cmd
                0x0000000040092e28        0x0 obj/aarch64_start.o
 .rela.text.heap_init_default
                0x0000000040092e28        0x0 obj/aarch64_start.o
 .rela.text.aarch64_heap_init
                0x0000000040092e28        0x0 obj/aarch64_start.o

.data           0x0000000040092e30   0x10008c
 *(.data .data.*)
 .data.g_fb_bpp
                0x0000000040092e30        0x4 obj/aarch64_fb_simple.o
 .data.g_fb_fmt
                0x0000000040092e34        0x4 obj/aarch64_fb_simple.o
 .data.rand_state
                0x0000000040092e38        0x4 obj/aarch64_math.o
 .data.shell_current_path
                0x0000000040092e3c       0x80 obj/aarch64_shell_state.o
                0x0000000040092e3c                shell_current_path
 .data          0x0000000040092ebc   0x100000 obj/aarch64_virt_dtb.o
                0x0000000040092ebc                _binary_virt_dtb_start
                0x0000000040192ebc                _binary_virt_dtb_end

.igot.plt       0x0000000040192ec0        0x0
 .igot.plt      0x0000000040192ec0        0x0 obj/aarch64_start.o

.bss            0x0000000040193000    0x1c730
                0x0000000040193000                __bss_start = .
 *(.bss .bss.*)
 .bss.g_ram_size
                0x0000000040193000        0x8 obj/aarch64_shell_meminfo.o
 .bss.g_ram_base
                0x0000000040193008        0x8 obj/aarch64_shell_meminfo.o
 .bss.command_execution_errors
                0x0000000040193010        0x4 obj/aarch64_shell.o
 .bss.g_command_hash_disabled
                0x0000000040193014        0x4 obj/aarch64_shell.o
 .bss.g_command_hash_initialized
                0x0000000040193018        0x4 obj/aarch64_shell.o
 *fill*         0x000000004019301c        0x4 
 .bss.g_command_hash_table
                0x0000000040193020     0x1000 obj/aarch64_shell.o
 .bss.buffstr.0
                0x0000000040194020       0xc8 obj/aarch64_history.o
 .bss.g_command_history
                0x00000000401940e8     0x2718 obj/aarch64_history.o
                0x00000000401940e8                g_command_history
 .bss.col.0     0x0000000040196800     0x2290 obj/aarch64_fs_commands.o
 .bss.g_uart_tx_lock
                0x0000000040198a90        0x4 obj/aarch64_uart_pl011.o
 *fill*         0x0000000040198a94      0x56c 
 .bss.g_legacy_ring_q0
                0x0000000040199000     0x2000 obj/aarch64_virtio_input.o
 .bss.g_events  0x000000004019b000       0x80 obj/aarch64_virtio_input.o
 *fill*         0x000000004019b080      0xf80 
 .bss.g_used    0x000000004019c000       0x90 obj/aarch64_virtio_input.o
 *fill*         0x000000004019c090      0xf70 
 .bss.g_avail   0x000000004019d000       0x30 obj/aarch64_virtio_input.o
 *fill*         0x000000004019d030      0xfd0 
 .bss.g_desc    0x000000004019e000      0x100 obj/aarch64_virtio_input.o
 .bss.g_used_p  0x000000004019e100        0x8 obj/aarch64_virtio_input.o
 .bss.g_avail_p
                0x000000004019e108        0x8 obj/aarch64_virtio_input.o
 .bss.g_caps    0x000000004019e110        0x4 obj/aarch64_virtio_input.o
 .bss.g_super   0x000000004019e114        0x4 obj/aarch64_virtio_input.o
 .bss.g_alt     0x000000004019e118        0x4 obj/aarch64_virtio_input.o
 .bss.g_ctrl    0x000000004019e11c        0x4 obj/aarch64_virtio_input.o
 .bss.g_shift   0x000000004019e120        0x4 obj/aarch64_virtio_input.o
 .bss.g_avail_idx
                0x000000004019e124        0x2 obj/aarch64_virtio_input.o
 .bss.g_last_used_idx
                0x000000004019e126        0x2 obj/aarch64_virtio_input.o
 .bss.g_ready   0x000000004019e128        0x4 obj/aarch64_virtio_input.o
 *fill*         0x000000004019e12c        0x4 
 .bss.g_input_base
                0x000000004019e130        0x8 obj/aarch64_virtio_input.o
 *fill*         0x000000004019e138        0x8 
 .bss.g_bounce  0x000000004019e140      0x200 obj/aarch64_virtio_blk.o
 .bss.g_req_status
                0x000000004019e340        0x1 obj/aarch64_virtio_blk.o
 *fill*         0x000000004019e341       0x3f 
 .bss.g_req_hdr
                0x000000004019e380       0x10 obj/aarch64_virtio_blk.o
 *fill*         0x000000004019e390      0xc70 
 .bss.g_legacy_ring_q0
                0x000000004019f000     0x2000 obj/aarch64_virtio_blk.o
 .bss.g_used    0x00000000401a1000       0x50 obj/aarch64_virtio_blk.o
 *fill*         0x00000000401a1050      0xfb0 
 .bss.g_avail   0x00000000401a2000       0x20 obj/aarch64_virtio_blk.o
 *fill*         0x00000000401a2020      0xfe0 
 .bss.g_desc    0x00000000401a3000       0x80 obj/aarch64_virtio_blk.o
 .bss.g_last_used_idx
                0x00000000401a3080        0x2 obj/aarch64_virtio_blk.o
 .bss.g_avail_idx
                0x00000000401a3082        0x2 obj/aarch64_virtio_blk.o
 *fill*         0x00000000401a3084        0x4 
 .bss.g_used_p  0x00000000401a3088        0x8 obj/aarch64_virtio_blk.o
 .bss.g_avail_p
                0x00000000401a3090        0x8 obj/aarch64_virtio_blk.o
 .bss.g_desc_p  0x00000000401a3098        0x8 obj/aarch64_virtio_blk.o
 .bss.g_ready   0x00000000401a30a0        0x4 obj/aarch64_virtio_blk.o
 *fill*         0x00000000401a30a4        0x4 
 .bss.g_blk_base
                0x00000000401a30a8        0x8 obj/aarch64_virtio_blk.o
 .bss.g_present
                0x00000000401a30b0        0x4 obj/aarch64_ata_virtio.o
 .bss.g_inited  0x00000000401a30b4        0x4 obj/aarch64_ata_virtio.o
 .bss.g_drive0  0x00000000401a30b8       0x34 obj/aarch64_ata_virtio.o
 .bss.g_cntv_interval
                0x00000000401a30ec        0x4 obj/aarch64_timer.o
 .bss.g_timer_irq_id
                0x00000000401a30f0        0x4 obj/aarch64_irq.o
 *fill*         0x00000000401a30f4        0x4 
 .bss.g_gic     0x00000000401a30f8       0x10 obj/aarch64_irq.o
 .bss.g_aarch64_ticks
                0x00000000401a3108        0x4 obj/aarch64_irq.o
                0x00000000401a3108                g_aarch64_ticks
 .bss.g_psci_use_hvc
                0x00000000401a310c        0x4 obj/aarch64_psci.o
 .bss.aarch64_cpu_ticks
                0x00000000401a3110       0x10 obj/aarch64_smp.o
                0x00000000401a3110                aarch64_cpu_ticks
 .bss.aarch64_cpu_online
                0x00000000401a3120       0x10 obj/aarch64_smp.o
                0x00000000401a3120                aarch64_cpu_online
 .bss.aarch64_cpu_stacks
                0x00000000401a3130     0x4000 obj/aarch64_smp.o
                0x00000000401a3130                aarch64_cpu_stacks
 .bss.g_fb_last_error
                0x00000000401a7130        0x4 obj/aarch64_fb_simple.o
 .bss.g_bg_color
                0x00000000401a7134        0x4 obj/aarch64_fb_simple.o
 .bss.g_fg_color
                0x00000000401a7138        0x4 obj/aarch64_fb_simple.o
 .bss.g_cursor_y
                0x00000000401a713c        0x4 obj/aarch64_fb_simple.o
 .bss.g_cursor_x
                0x00000000401a7140        0x4 obj/aarch64_fb_simple.o
 *fill*         0x00000000401a7144        0x4 
 .bss.g_fb_format
                0x00000000401a7148       0x20 obj/aarch64_fb_simple.o
 .bss.g_fb_stride
                0x00000000401a7168        0x4 obj/aarch64_fb_simple.o
 .bss.g_fb_height
                0x00000000401a716c        0x4 obj/aarch64_fb_simple.o
 .bss.g_fb_width
                0x00000000401a7170        0x4 obj/aarch64_fb_simple.o
 *fill*         0x00000000401a7174        0x4 
 .bss.g_fb_base
                0x00000000401a7178        0x8 obj/aarch64_fb_simple.o
 .bss.g_backend
                0x00000000401a7180        0x8 obj/aarch64_gfx.o
 .bss.g_heap_ready
                0x00000000401a7188        0x4 obj/aarch64_heap.o
 *fill*         0x00000000401a718c        0x4 
 .bss.g_heap_first
                0x00000000401a7190        0x8 obj/aarch64_heap.o
 .bss.current_pos.0
                0x00000000401a7198        0x8 obj/aarch64_pipeline.o
 .bss.last_str.1
                0x00000000401a71a0        0x8 obj/aarch64_pipeline.o
 .bss.g_pipeline_input_data
                0x00000000401a71a8        0x8 obj/aarch64_pipeline.o
                0x00000000401a71a8                g_pipeline_input_data
 .bss.g_background_processes
                0x00000000401a71b0      0x180 obj/aarch64_pipeline.o
                0x00000000401a71b0                g_background_processes
 .bss.g_file_descriptors
                0x00000000401a7330     0x1800 obj/aarch64_pipeline.o
                0x00000000401a7330                g_file_descriptors
 .bss.shell_redirect_buf
                0x00000000401a8b30      0x400 obj/aarch64_vga_redirect.o
                0x00000000401a8b30                shell_redirect_buf
 .bss.shell_redirect_pos
                0x00000000401a8f30        0x4 obj/aarch64_vga_redirect.o
                0x00000000401a8f30                shell_redirect_pos
 .bss.shell_redirect_active
                0x00000000401a8f34        0x4 obj/aarch64_vga_redirect.o
                0x00000000401a8f34                shell_redirect_active
 .bss.tmp.0     0x00000000401a8f38     0x1400 obj/aarch64_fs_stubs.o
 .bss.g_fds     0x00000000401aa338      0x480 obj/aarch64_fs_stubs.o
 .bss.buf.1     0x00000000401aa7b8     0x1000 obj/aarch64_alias.o
 .bss.g_alias_loaded
                0x00000000401ab7b8        0x4 obj/aarch64_alias.o
 .bss.g_alias_count
                0x00000000401ab7bc        0x4 obj/aarch64_alias.o
 .bss.g_aliases
                0x00000000401ab7c0     0x1d00 obj/aarch64_alias.o
 .bss.caches_initialized.0
                0x00000000401ad4c0        0x4 obj/aarch64_eynfs.o
 .bss.g_eynfs_read_fail_printed.1
                0x00000000401ad4c4        0x4 obj/aarch64_eynfs.o
 .bss.dir_cache
                0x00000000401ad4c8       0xc0 obj/aarch64_eynfs.o
 .bss.free_block_cache_valid
                0x00000000401ad588        0x1 obj/aarch64_eynfs.o
 *fill*         0x00000000401ad589        0x3 
 .bss.free_block_cache_count
                0x00000000401ad58c        0x4 obj/aarch64_eynfs.o
 .bss.free_block_cache
                0x00000000401ad590      0x100 obj/aarch64_eynfs.o
 .bss.cache_misses
                0x00000000401ad690        0x4 obj/aarch64_eynfs.o
 .bss.cache_hits
                0x00000000401ad694        0x4 obj/aarch64_eynfs.o
 .bss.block_cache
                0x00000000401ad698     0x2080 obj/aarch64_eynfs.o
 .bss.g_uart_csi_len
                0x00000000401af718        0x1 obj/aarch64_hal_keyboard.o
 .bss.g_uart_csi_buf
                0x00000000401af719        0x8 obj/aarch64_hal_keyboard.o
 .bss.g_uart_esc_state
                0x00000000401af721        0x1 obj/aarch64_hal_keyboard.o
 *fill*         0x00000000401af722        0x2 
 .bss.g_mods    0x00000000401af724        0x4 obj/aarch64_hal_keyboard.o
 .bss.g_current_drive
                0x00000000401af728        0x1 obj/aarch64_shell_state.o
                0x00000000401af728                g_current_drive
 *fill*         0x00000000401af729        0x3 
 .bss.g_user_interrupt
                0x00000000401af72c        0x4 obj/aarch64_util_globals.o
                0x00000000401af72c                g_user_interrupt
 *(COMMON)
                0x00000000401af730                __bss_end = .

.ramfb          0x00000000401af730   0x1d4c00
 *(.ramfb)
 .ramfb         0x00000000401af730   0x1d4c00 obj/aarch64_fb_simple.o
                0x0000000040384330                . = ALIGN (0x10)
                0x0000000040384330                __stack_bottom = .
                0x0000000040394330                . = (. + 0x10000)
                0x0000000040394330                __stack_top = .
                0x0000000040394330                __kernel_end = .
LOAD obj/aarch64_start.o
LOAD obj/aarch64_kernel_full.o
LOAD obj/aarch64_shell_meminfo.o
LOAD obj/aarch64_shell.o
LOAD obj/aarch64_history.o
LOAD obj/aarch64_putchar.o
LOAD obj/aarch64_shell_commands.o
LOAD obj/aarch64_fs_commands.o
LOAD obj/aarch64_uart_pl011.o
LOAD obj/aarch64_virtio_input.o
LOAD obj/aarch64_virtio_blk.o
LOAD obj/aarch64_ata_virtio.o
LOAD obj/aarch64_arch.o
LOAD obj/aarch64_fdt.o
LOAD obj/aarch64_vectors.o
LOAD obj/aarch64_gicv2.o
LOAD obj/aarch64_timer.o
LOAD obj/aarch64_irq.o
LOAD obj/aarch64_timer_tick.o
LOAD obj/aarch64_exception.o
LOAD obj/aarch64_psci.o
LOAD obj/aarch64_smp.o
LOAD obj/aarch64_fb_simple.o
LOAD obj/aarch64_gfx.o
LOAD obj/aarch64_gfx_backend_fb_simple.o
LOAD obj/aarch64_printf.o
LOAD obj/aarch64_string.o
LOAD obj/aarch64_heap.o
LOAD obj/aarch64_pipeline.o
LOAD obj/aarch64_vga_redirect.o
LOAD obj/aarch64_fs_stubs.o
LOAD obj/aarch64_alias.o
LOAD obj/aarch64_math.o
LOAD obj/aarch64_fat32.o
LOAD obj/aarch64_eynfs.o
LOAD obj/aarch64_vfs.o
LOAD obj/aarch64_hal_console.o
LOAD obj/aarch64_hal_keyboard.o
LOAD obj/aarch64_gfx_cmd.o
LOAD obj/aarch64_shell_state.o
LOAD obj/aarch64_util_globals.o
LOAD obj/aarch64_virt_dtb.o
OUTPUT(tmp_aarch64_user/boot/kernel8_full.elf elf64-littleaarch64)
LOAD linker stubs

.comment        0x0000000000000000       0x34
 .comment       0x0000000000000000       0x34 obj/aarch64_kernel_full.o
                                         0x35 (size before relaxing)
 .comment       0x0000000000000034        0x0 obj/aarch64_shell_meminfo.o
                                         0x35 (size before relaxing)
 .comment       0x0000000000000034        0x0 obj/aarch64_shell.o
                                         0x35 (size before relaxing)
 .comment       0x0000000000000034        0x0 obj/aarch64_history.o
                                         0x35 (size before relaxing)
 .comment       0x0000000000000034        0x0 obj/aarch64_putchar.o
                                         0x35 (size before relaxing)
 .comment       0x0000000000000034        0x0 obj/aarch64_shell_commands.o
                                         0x35 (size before relaxing)
 .comment       0x0000000000000034        0x0 obj/aarch64_fs_commands.o
                                         0x35 (size before relaxing)
 .comment       0x0000000000000034        0x0 obj/aarch64_uart_pl011.o
                                         0x35 (size before relaxing)
 .comment       0x0000000000000034        0x0 obj/aarch64_virtio_input.o
                                         0x35 (size before relaxing)
 .comment       0x0000000000000034        0x0 obj/aarch64_virtio_blk.o
                                         0x35 (size before relaxing)
 .comment       0x0000000000000034        0x0 obj/aarch64_ata_virtio.o
                                         0x35 (size before relaxing)
 .comment       0x0000000000000034        0x0 obj/aarch64_arch.o
                                         0x35 (size before relaxing)
 .comment       0x0000000000000034        0x0 obj/aarch64_fdt.o
                                         0x35 (size before relaxing)
 .comment       0x0000000000000034        0x0 obj/aarch64_gicv2.o
                                         0x35 (size before relaxing)
 .comment       0x0000000000000034        0x0 obj/aarch64_timer.o
                                         0x35 (size before relaxing)
 .comment       0x0000000000000034        0x0 obj/aarch64_irq.o
                                         0x35 (size before relaxing)
 .comment       0x0000000000000034        0x0 obj/aarch64_timer_tick.o
                                         0x35 (size before relaxing)
 .comment       0x0000000000000034        0x0 obj/aarch64_exception.o
                                         0x35 (size before relaxing)
 .comment       0x0000000000000034        0x0 obj/aarch64_psci.o
                                         0x35 (size before relaxing)
 .comment       0x0000000000000034        0x0 obj/aarch64_smp.o
                                         0x35 (size before relaxing)
 .comment       0x0000000000000034        0x0 obj/aarch64_fb_simple.o
                                         0x35 (size before relaxing)
 .comment       0x0000000000000034        0x0 obj/aarch64_gfx.o
                                         0x35 (size before relaxing)
 .comment       0x0000000000000034        0x0 obj/aarch64_gfx_backend_fb_simple.o
                                         0x35 (size before relaxing)
 .comment       0x0000000000000034        0x0 obj/aarch64_printf.o
                                         0x35 (size before relaxing)
 .comment       0x0000000000000034        0x0 obj/aarch64_string.o
                                         0x35 (size before relaxing)
 .comment       0x0000000000000034        0x0 obj/aarch64_heap.o
                                         0x35 (size before relaxing)
 .comment       0x0000000000000034        0x0 obj/aarch64_pipeline.o
                                         0x35 (size before relaxing)
 .comment       0x0000000000000034        0x0 obj/aarch64_vga_redirect.o
                                         0x35 (size before relaxing)
 .comment       0x0000000000000034        0x0 obj/aarch64_fs_stubs.o
                                         0x35 (size before relaxing)
 .comment       0x0000000000000034        0x0 obj/aarch64_alias.o
                                         0x35 (size before relaxing)
 .comment       0x0000000000000034        0x0 obj/aarch64_math.o
                                         0x35 (size before relaxing)
 .comment       0x0000000000000034        0x0 obj/aarch64_fat32.o
                                         0x35 (size before relaxing)
 .comment       0x0000000000000034        0x0 obj/aarch64_eynfs.o
                                         0x35 (size before relaxing)
 .comment       0x0000000000000034        0x0 obj/aarch64_vfs.o
                                         0x35 (size before relaxing)
 .comment       0x0000000000000034        0x0 obj/aarch64_hal_console.o
                                         0x35 (size before relaxing)
 .comment       0x0000000000000034        0x0 obj/aarch64_hal_keyboard.o
                                         0x35 (size before relaxing)
 .comment       0x0000000000000034        0x0 obj/aarch64_gfx_cmd.o
                                         0x35 (size before relaxing)
 .comment       0x0000000000000034        0x0 obj/aarch64_shell_state.o
                                         0x35 (size before relaxing)
 .comment       0x0000000000000034        0x0 obj/aarch64_util_globals.o
                                         0x35 (size before relaxing)

.note.GNU-stack
                0x0000000000000000        0x0
 .note.GNU-stack
                0x0000000000000000        0x0 obj/aarch64_kernel_full.o
 .note.GNU-stack
                0x0000000000000000        0x0 obj/aarch64_shell_meminfo.o
 .note.GNU-stack
                0x0000000000000000        0x0 obj/aarch64_shell.o
 .note.GNU-stack
                0x0000000000000000        0x0 obj/aarch64_history.o
 .note.GNU-stack
                0x0000000000000000        0x0 obj/aarch64_putchar.o
 .note.GNU-stack
                0x0000000000000000        0x0 obj/aarch64_shell_commands.o
 .note.GNU-stack
                0x0000000000000000        0x0 obj/aarch64_fs_commands.o
 .note.GNU-stack
                0x0000000000000000        0x0 obj/aarch64_uart_pl011.o
 .note.GNU-stack
                0x0000000000000000        0x0 obj/aarch64_virtio_input.o
 .note.GNU-stack
                0x0000000000000000        0x0 obj/aarch64_virtio_blk.o
 .note.GNU-stack
                0x0000000000000000        0x0 obj/aarch64_ata_virtio.o
 .note.GNU-stack
                0x0000000000000000        0x0 obj/aarch64_arch.o
 .note.GNU-stack
                0x0000000000000000        0x0 obj/aarch64_fdt.o
 .note.GNU-stack
                0x0000000000000000        0x0 obj/aarch64_gicv2.o
 .note.GNU-stack
                0x0000000000000000        0x0 obj/aarch64_timer.o
 .note.GNU-stack
                0x0000000000000000        0x0 obj/aarch64_irq.o
 .note.GNU-stack
                0x0000000000000000        0x0 obj/aarch64_timer_tick.o
 .note.GNU-stack
                0x0000000000000000        0x0 obj/aarch64_exception.o
 .note.GNU-stack
                0x0000000000000000        0x0 obj/aarch64_psci.o
 .note.GNU-stack
                0x0000000000000000        0x0 obj/aarch64_smp.o
 .note.GNU-stack
                0x0000000000000000        0x0 obj/aarch64_fb_simple.o
 .note.GNU-stack
                0x0000000000000000        0x0 obj/aarch64_gfx.o
 .note.GNU-stack
                0x0000000000000000        0x0 obj/aarch64_gfx_backend_fb_simple.o
 .note.GNU-stack
                0x0000000000000000        0x0 obj/aarch64_printf.o
 .note.GNU-stack
                0x0000000000000000        0x0 obj/aarch64_string.o
 .note.GNU-stack
                0x0000000000000000        0x0 obj/aarch64_heap.o
 .note.GNU-stack
                0x0000000000000000        0x0 obj/aarch64_pipeline.o
 .note.GNU-stack
                0x0000000000000000        0x0 obj/aarch64_vga_redirect.o
 .note.GNU-stack
                0x0000000000000000        0x0 obj/aarch64_fs_stubs.o
 .note.GNU-stack
                0x0000000000000000        0x0 obj/aarch64_alias.o
 .note.GNU-stack
                0x0000000000000000        0x0 obj/aarch64_math.o
 .note.GNU-stack
                0x0000000000000000        0x0 obj/aarch64_fat32.o
 .note.GNU-stack
                0x0000000000000000        0x0 obj/aarch64_eynfs.o
 .note.GNU-stack
                0x0000000000000000        0x0 obj/aarch64_vfs.o
 .note.GNU-stack
                0x0000000000000000        0x0 obj/aarch64_hal_console.o
 .note.GNU-stack
                0x0000000000000000        0x0 obj/aarch64_hal_keyboard.o
 .note.GNU-stack
                0x0000000000000000        0x0 obj/aarch64_gfx_cmd.o
 .note.GNU-stack
                0x0000000000000000        0x0 obj/aarch64_shell_state.o
 .note.GNU-stack
                0x0000000000000000        0x0 obj/aarch64_util_globals.o
